Clock: wclk
Sources: wclk 
Generated: no
Virtual: yes
Propagated: no
Period: 10.000000

===========================================================================
report_clock_properties
============================================================================
Clock                   Period          Waveform
----------------------------------------------------
wclk                 10.000000    0.000000  5.000000

===========================================================================
report_clock_latency
============================================================================
Clock wclk
rise -> rise
    min     max
0.000000 0.000000 source latency
1.060710         network latency _33463_/CLK
        1.282401 network latency _33702_/CLK
---------------
1.060710 1.282401 latency
        0.221691 skew

fall -> fall
    min     max
0.000000 0.000000 source latency
0.908413         network latency _33463_/CLK
        1.111279 network latency _33702_/CLK
---------------
0.908413 1.111279 latency
        0.202866 skew



===========================================================================
report_clock_min_period
============================================================================
wclk period_min = 4.50 fmax = 222.25
Clock: rclk
Sources: rclk 
Generated: no
Virtual: yes
Propagated: no
Period: 25.000000

===========================================================================
report_clock_properties
============================================================================
Clock                   Period          Waveform
----------------------------------------------------
rclk                 25.000000    0.000000 12.500000

===========================================================================
report_clock_latency
============================================================================
Clock rclk
rise -> rise
    min     max
0.000000 0.000000 source latency
0.497230         network latency _33245_/CLK
        0.507391 network latency _31602_/CLK
---------------
0.497230 0.507391 latency
        0.010161 skew

fall -> fall
    min     max
0.000000 0.000000 source latency
0.429182         network latency _33025_/CLK
        0.437419 network latency _31602_/CLK
---------------
0.429182 0.437419 latency
        0.008237 skew



===========================================================================
report_clock_min_period
============================================================================
rclk period_min = 6.42 fmax = 155.66
