
===========================================================================
 report_power
============================================================================
======================= min_tt_025C_1v80 Corner ===================================

Group                    Internal    Switching      Leakage        Total
                            Power        Power        Power        Power (Watts)
------------------------------------------------------------------------
Sequential           5.026573e-02 6.856120e-03 6.949271e-08 5.712192e-02  43.5%
Combinational        2.434545e-02 2.840471e-02 8.751477e-08 5.275025e-02  40.2%
Clock                9.146003e-03 1.219263e-02 1.276179e-07 2.133876e-02  16.3%
Macro                0.000000e+00 0.000000e+00 0.000000e+00 0.000000e+00   0.0%
Pad                  0.000000e+00 0.000000e+00 0.000000e+00 0.000000e+00   0.0%
------------------------------------------------------------------------
Total                8.375724e-02 4.745341e-02 2.846124e-07 1.312109e-01 100.0%
                            63.8%        36.2%         0.0%

