
===========================================================================
report_checks -unconstrained
===========================================================================
======================= nom_ss_100C_1v60 Corner ===================================

Startpoint: wrst_n (input port clocked by wclk)
Endpoint: _33254_ (recovery check against rising-edge clock wclk)
Path Group: asynchronous
Path Type: max

Fanout         Cap        Slew       Delay        Time   Description
---------------------------------------------------------------------------------------------
                                  0.000000    0.000000   clock wclk (rise edge)
                                  0.000000    0.000000   clock network delay (propagated)
                                  2.000000    2.000000 ^ input external delay
     1    0.002786    0.024585    0.005775    2.005775 ^ wrst_n (in)
                                                         wrst_n (net)
                      0.024585    0.000000    2.005775 ^ hold1/A (sky130_fd_sc_hd__dlygate4sd3_1)
     1    0.010005    0.189410    1.112465    3.118240 ^ hold1/X (sky130_fd_sc_hd__dlygate4sd3_1)
                                                         net278 (net)
                      0.189410    0.000308    3.118547 ^ input37/A (sky130_fd_sc_hd__buf_12)
    28    0.227115    0.407522    0.402194    3.520741 ^ input37/X (sky130_fd_sc_hd__buf_12)
                                                         net37 (net)
                      0.466251    0.118015    3.638757 ^ _33254_/RESET_B (sky130_fd_sc_hd__dfrtp_2)
                                              3.638757   data arrival time

                                 10.000000   10.000000   clock wclk (rise edge)
                                  0.000000   10.000000   clock source latency
     2    0.132510    0.311646    0.223491   10.223492 ^ wclk (in)
                                                         wclk (net)
                      0.313787    0.000000   10.223492 ^ clkbuf_0_wclk/A (sky130_fd_sc_hd__clkbuf_16)
     4    0.101952    0.180614    0.420410   10.643901 ^ clkbuf_0_wclk/X (sky130_fd_sc_hd__clkbuf_16)
                                                         clknet_0_wclk (net)
                      0.181499    0.009306   10.653208 ^ clkbuf_2_0_0_wclk/A (sky130_fd_sc_hd__clkbuf_8)
     4    0.088694    0.250171    0.412550   11.065758 ^ clkbuf_2_0_0_wclk/X (sky130_fd_sc_hd__clkbuf_8)
                                                         clknet_2_0_0_wclk (net)
                      0.251236    0.013263   11.079021 ^ clkbuf_4_3_0_wclk/A (sky130_fd_sc_hd__clkbuf_8)
     4    0.079995    0.227446    0.432064   11.511085 ^ clkbuf_4_3_0_wclk/X (sky130_fd_sc_hd__clkbuf_8)
                                                         clknet_4_3_0_wclk (net)
                      0.227560    0.004737   11.515821 ^ clkbuf_6_13__f_wclk/A (sky130_fd_sc_hd__clkbuf_16)
     8    0.068716    0.132518    0.353166   11.868988 ^ clkbuf_6_13__f_wclk/X (sky130_fd_sc_hd__clkbuf_16)
                                                         clknet_6_13__leaf_wclk (net)
                      0.132556    0.002117   11.871105 ^ clkbuf_leaf_474_wclk/A (sky130_fd_sc_hd__clkbuf_8)
    11    0.050713    0.155664    0.325966   12.197071 ^ clkbuf_leaf_474_wclk/X (sky130_fd_sc_hd__clkbuf_8)
                                                         clknet_leaf_474_wclk (net)
                      0.155664    0.000608   12.197679 ^ _33254_/CLK (sky130_fd_sc_hd__dfrtp_2)
                                  0.000000   12.197679   clock reconvergence pessimism
                                  0.304842   12.502522   library recovery time
                                             12.502522   data required time
---------------------------------------------------------------------------------------------
                                             12.502522   data required time
                                             -3.638757   data arrival time
---------------------------------------------------------------------------------------------
                                              8.863764   slack (MET)


Startpoint: _33237_ (rising edge-triggered flip-flop clocked by rclk)
Endpoint: _33025_ (rising edge-triggered flip-flop clocked by rclk)
Path Group: rclk
Path Type: max

Fanout         Cap        Slew       Delay        Time   Description
---------------------------------------------------------------------------------------------
                                  0.000000    0.000000   clock rclk (rise edge)
                                  0.000000    0.000000   clock source latency
     1    0.073680    0.180426    0.129907    0.129907 ^ rclk (in)
                                                         rclk (net)
                      0.182369    0.000000    0.129907 ^ clkbuf_0_rclk/A (sky130_fd_sc_hd__clkbuf_16)
     8    0.154150    0.253868    0.421427    0.551334 ^ clkbuf_0_rclk/X (sky130_fd_sc_hd__clkbuf_16)
                                                         clknet_0_rclk (net)
                      0.254538    0.009787    0.561122 ^ clkbuf_3_5__f_rclk/A (sky130_fd_sc_hd__clkbuf_16)
    12    0.045372    0.101334    0.338893    0.900014 ^ clkbuf_3_5__f_rclk/X (sky130_fd_sc_hd__clkbuf_16)
                                                         clknet_3_5__leaf_rclk (net)
                      0.101371    0.001714    0.901728 ^ _33237_/CLK (sky130_fd_sc_hd__dfrtp_4)
    41    0.273161    1.179587    1.667601    2.569329 ^ _33237_/Q (sky130_fd_sc_hd__dfrtp_4)
                                                         r_addr[0] (net)
                      1.180024    0.002988    2.572317 ^ max_cap214/A (sky130_fd_sc_hd__buf_12)
    53    0.326286    0.571444    0.846834    3.419152 ^ max_cap214/X (sky130_fd_sc_hd__buf_12)
                                                         net214 (net)
                      0.571533    0.006140    3.425292 ^ max_cap213/A (sky130_fd_sc_hd__buf_12)
    47    0.310462    0.545335    0.686321    4.111612 ^ max_cap213/X (sky130_fd_sc_hd__buf_12)
                                                         net213 (net)
                      0.546118    0.017534    4.129147 ^ max_cap189/A (sky130_fd_sc_hd__buf_12)
    44    0.299846    0.529321    0.657245    4.786392 ^ max_cap189/X (sky130_fd_sc_hd__buf_12)
                                                         net189 (net)
                      0.538248    0.055290    4.841682 ^ max_cap183/A (sky130_fd_sc_hd__buf_12)
    41    0.263032    0.466513    0.616461    5.458143 ^ max_cap183/X (sky130_fd_sc_hd__buf_12)
                                                         net183 (net)
                      0.471934    0.040846    5.498989 ^ max_cap182/A (sky130_fd_sc_hd__buf_12)
    48    0.315282    0.553035    0.660453    6.159442 ^ max_cap182/X (sky130_fd_sc_hd__buf_12)
                                                         net182 (net)
                      0.556558    0.036213    6.195655 ^ max_cap181/A (sky130_fd_sc_hd__buf_12)
    48    0.313795    0.551418    0.682744    6.878399 ^ max_cap181/X (sky130_fd_sc_hd__buf_12)
                                                         net181 (net)
                      0.558376    0.050056    6.928455 ^ max_cap180/A (sky130_fd_sc_hd__buf_12)
    47    0.317150    0.557459    0.685552    7.614007 ^ max_cap180/X (sky130_fd_sc_hd__buf_12)
                                                         net180 (net)
                      0.564458    0.050525    7.664531 ^ _21341_/S0 (sky130_fd_sc_hd__mux4_1)
     1    0.004502    0.179077    1.422547    9.087078 v _21341_/X (sky130_fd_sc_hd__mux4_1)
                                                         _10723_ (net)
                      0.179077    0.000112    9.087190 v _21342_/A1 (sky130_fd_sc_hd__mux2_1)
     1    0.004766    0.132055    0.724739    9.811929 v _21342_/X (sky130_fd_sc_hd__mux2_1)
                                                         _10724_ (net)
                      0.132055    0.000178    9.812106 v _21343_/B1 (sky130_fd_sc_hd__o221a_1)
     2    0.024802    0.270381    0.646820   10.458925 v _21343_/X (sky130_fd_sc_hd__o221a_1)
                                                         _10725_ (net)
                      0.270397    0.002268   10.461193 v _21365_/A3 (sky130_fd_sc_hd__o311a_2)
    12    0.074760    0.374179    1.035730   11.496922 v _21365_/X (sky130_fd_sc_hd__o311a_2)
                                                         _10747_ (net)
                      0.375844    0.018332   11.515255 v _21366_/C (sky130_fd_sc_hd__or3_2)
     1    0.037354    0.338462    1.349484   12.864739 v _21366_/X (sky130_fd_sc_hd__or3_2)
                                                         _10748_ (net)
                      0.338558    0.005516   12.870255 v _21367_/A3 (sky130_fd_sc_hd__a32o_1)
     1    0.002411    0.074151    0.567055   13.437310 v _21367_/X (sky130_fd_sc_hd__a32o_1)
                                                         _04659_ (net)
                      0.074151    0.000070   13.437381 v _33025_/D (sky130_fd_sc_hd__dfrtp_4)
                                             13.437381   data arrival time

                                 25.000000   25.000000   clock rclk (rise edge)
                                  0.000000   25.000000   clock source latency
     1    0.073680    0.180426    0.129907   25.129906 ^ rclk (in)
                                                         rclk (net)
                      0.182369    0.000000   25.129906 ^ clkbuf_0_rclk/A (sky130_fd_sc_hd__clkbuf_16)
     8    0.154150    0.253868    0.421428   25.551334 ^ clkbuf_0_rclk/X (sky130_fd_sc_hd__clkbuf_16)
                                                         clknet_0_rclk (net)
                      0.254236    0.006747   25.558081 ^ clkbuf_3_3__f_rclk/A (sky130_fd_sc_hd__clkbuf_16)
     7    0.038233    0.092551    0.330116   25.888197 ^ clkbuf_3_3__f_rclk/X (sky130_fd_sc_hd__clkbuf_16)
                                                         clknet_3_3__leaf_rclk (net)
                      0.092556    0.000835   25.889032 ^ _33025_/CLK (sky130_fd_sc_hd__dfrtp_4)
                                  0.000000   25.889032   clock reconvergence pessimism
                                 -0.270513   25.618519   library setup time
                                             25.618519   data required time
---------------------------------------------------------------------------------------------
                                             25.618519   data required time
                                            -13.437381   data arrival time
---------------------------------------------------------------------------------------------
                                             12.181139   slack (MET)


Startpoint: _33246_ (rising edge-triggered flip-flop clocked by wclk)
Endpoint: w_full (output port clocked by wclk)
Path Group: wclk
Path Type: max

Fanout         Cap        Slew       Delay        Time   Description
---------------------------------------------------------------------------------------------
                                  0.000000    0.000000   clock wclk (rise edge)
                                  0.000000    0.000000   clock source latency
     2    0.132510    0.311646    0.223492    0.223492 ^ wclk (in)
                                                         wclk (net)
                      0.313787    0.000000    0.223492 ^ clkbuf_0_wclk/A (sky130_fd_sc_hd__clkbuf_16)
     4    0.101952    0.180614    0.420409    0.643901 ^ clkbuf_0_wclk/X (sky130_fd_sc_hd__clkbuf_16)
                                                         clknet_0_wclk (net)
                      0.181553    0.009631    0.653532 ^ clkbuf_2_1_0_wclk/A (sky130_fd_sc_hd__clkbuf_8)
     4    0.089024    0.250979    0.413360    1.066892 ^ clkbuf_2_1_0_wclk/X (sky130_fd_sc_hd__clkbuf_8)
                                                         clknet_2_1_0_wclk (net)
                      0.251790    0.011647    1.078540 ^ clkbuf_4_4_0_wclk/A (sky130_fd_sc_hd__clkbuf_8)
     4    0.078116    0.222859    0.428465    1.507005 ^ clkbuf_4_4_0_wclk/X (sky130_fd_sc_hd__clkbuf_8)
                                                         clknet_4_4_0_wclk (net)
                      0.223000    0.005145    1.512150 ^ clkbuf_6_18__f_wclk/A (sky130_fd_sc_hd__clkbuf_16)
    11    0.094985    0.168909    0.379265    1.891414 ^ clkbuf_6_18__f_wclk/X (sky130_fd_sc_hd__clkbuf_16)
                                                         clknet_6_18__leaf_wclk (net)
                      0.169000    0.003613    1.895027 ^ clkbuf_leaf_469_wclk/A (sky130_fd_sc_hd__clkbuf_8)
     9    0.038127    0.125330    0.319597    2.214624 ^ clkbuf_leaf_469_wclk/X (sky130_fd_sc_hd__clkbuf_8)
                                                         clknet_leaf_469_wclk (net)
                      0.125334    0.000859    2.215482 ^ _33246_/CLK (sky130_fd_sc_hd__dfrtp_4)
     4    0.105608    0.489755    1.180335    3.395818 ^ _33246_/Q (sky130_fd_sc_hd__dfrtp_4)
                                                         net71 (net)
                      0.493272    0.033322    3.429140 ^ output71/A (sky130_fd_sc_hd__clkbuf_16)
     1    5.001136    7.305324    5.500664    8.929804 ^ output71/X (sky130_fd_sc_hd__clkbuf_16)
                                                         w_full (net)
                      7.308003    0.117722    9.047525 ^ w_full (out)
                                              9.047525   data arrival time

                                 10.000000   10.000000   clock wclk (rise edge)
                                  0.000000   10.000000   clock network delay (propagated)
                                  0.000000   10.000000   clock reconvergence pessimism
                                 -2.000000    8.000000   output external delay
                                              8.000000   data required time
---------------------------------------------------------------------------------------------
                                              8.000000   data required time
                                             -9.047525   data arrival time
---------------------------------------------------------------------------------------------
                                             -1.047526   slack (VIOLATED)




===========================================================================
report_checks --slack_max -0.01
============================================================================
======================= nom_ss_100C_1v60 Corner ===================================

Startpoint: _33246_ (rising edge-triggered flip-flop clocked by wclk)
Endpoint: w_full (output port clocked by wclk)
Path Group: wclk
Path Type: max

Fanout         Cap        Slew       Delay        Time   Description
---------------------------------------------------------------------------------------------
                                  0.000000    0.000000   clock wclk (rise edge)
                                  0.000000    0.000000   clock source latency
     2    0.132510    0.311646    0.223492    0.223492 ^ wclk (in)
                                                         wclk (net)
                      0.313787    0.000000    0.223492 ^ clkbuf_0_wclk/A (sky130_fd_sc_hd__clkbuf_16)
     4    0.101952    0.180614    0.420409    0.643901 ^ clkbuf_0_wclk/X (sky130_fd_sc_hd__clkbuf_16)
                                                         clknet_0_wclk (net)
                      0.181553    0.009631    0.653532 ^ clkbuf_2_1_0_wclk/A (sky130_fd_sc_hd__clkbuf_8)
     4    0.089024    0.250979    0.413360    1.066892 ^ clkbuf_2_1_0_wclk/X (sky130_fd_sc_hd__clkbuf_8)
                                                         clknet_2_1_0_wclk (net)
                      0.251790    0.011647    1.078540 ^ clkbuf_4_4_0_wclk/A (sky130_fd_sc_hd__clkbuf_8)
     4    0.078116    0.222859    0.428465    1.507005 ^ clkbuf_4_4_0_wclk/X (sky130_fd_sc_hd__clkbuf_8)
                                                         clknet_4_4_0_wclk (net)
                      0.223000    0.005145    1.512150 ^ clkbuf_6_18__f_wclk/A (sky130_fd_sc_hd__clkbuf_16)
    11    0.094985    0.168909    0.379265    1.891414 ^ clkbuf_6_18__f_wclk/X (sky130_fd_sc_hd__clkbuf_16)
                                                         clknet_6_18__leaf_wclk (net)
                      0.169000    0.003613    1.895027 ^ clkbuf_leaf_469_wclk/A (sky130_fd_sc_hd__clkbuf_8)
     9    0.038127    0.125330    0.319597    2.214624 ^ clkbuf_leaf_469_wclk/X (sky130_fd_sc_hd__clkbuf_8)
                                                         clknet_leaf_469_wclk (net)
                      0.125334    0.000859    2.215482 ^ _33246_/CLK (sky130_fd_sc_hd__dfrtp_4)
     4    0.105608    0.489755    1.180335    3.395818 ^ _33246_/Q (sky130_fd_sc_hd__dfrtp_4)
                                                         net71 (net)
                      0.493272    0.033322    3.429140 ^ output71/A (sky130_fd_sc_hd__clkbuf_16)
     1    5.001136    7.305324    5.500664    8.929804 ^ output71/X (sky130_fd_sc_hd__clkbuf_16)
                                                         w_full (net)
                      7.308003    0.117722    9.047525 ^ w_full (out)
                                              9.047525   data arrival time

                                 10.000000   10.000000   clock wclk (rise edge)
                                  0.000000   10.000000   clock network delay (propagated)
                                  0.000000   10.000000   clock reconvergence pessimism
                                 -2.000000    8.000000   output external delay
                                              8.000000   data required time
---------------------------------------------------------------------------------------------
                                              8.000000   data required time
                                             -9.047525   data arrival time
---------------------------------------------------------------------------------------------
                                             -1.047526   slack (VIOLATED)




===========================================================================
 report_check_types -max_slew -max_cap -max_fanout -violators
============================================================================
======================= nom_ss_100C_1v60 Corner ===================================

max slew

Pin                                        Limit        Slew       Slack
------------------------------------------------------------------------
output70/X                              1.502104    7.316024   -5.813920 (VIOLATED)
output71/X                              1.502104    7.305324   -5.803219 (VIOLATED)
output60/X                              1.502104    7.294536   -5.792431 (VIOLATED)
output59/X                              1.502104    7.294166   -5.792062 (VIOLATED)
output41/X                              1.502104    7.293333   -5.791229 (VIOLATED)
output38/X                              1.502104    7.292790   -5.790686 (VIOLATED)
output63/X                              1.502104    7.292590   -5.790486 (VIOLATED)
output39/X                              1.502104    7.292331   -5.790227 (VIOLATED)
output66/X                              1.502104    7.292149   -5.790045 (VIOLATED)
output61/X                              1.502104    7.291667   -5.789563 (VIOLATED)
output54/X                              1.502104    7.291443   -5.789339 (VIOLATED)
output58/X                              1.502104    7.290180   -5.788076 (VIOLATED)
output49/X                              1.502104    7.289678   -5.787573 (VIOLATED)
output44/X                              1.502104    7.289267   -5.787163 (VIOLATED)
output47/X                              1.502104    7.288464   -5.786360 (VIOLATED)
output40/X                              1.502104    7.288121   -5.786017 (VIOLATED)
output67/X                              1.502104    7.286866   -5.784761 (VIOLATED)
output42/X                              1.502104    7.286809   -5.784705 (VIOLATED)
output52/X                              1.502104    7.286724   -5.784620 (VIOLATED)
output64/X                              1.502104    7.286291   -5.784187 (VIOLATED)
output69/X                              1.502104    7.286164   -5.784060 (VIOLATED)
output55/X                              1.502104    7.286126   -5.784021 (VIOLATED)
output57/X                              1.502104    7.285815   -5.783710 (VIOLATED)
output53/X                              1.502104    7.285777   -5.783672 (VIOLATED)
output46/X                              1.502104    7.285662   -5.783558 (VIOLATED)
output50/X                              1.502104    7.285661   -5.783557 (VIOLATED)
output45/X                              1.502104    7.284901   -5.782797 (VIOLATED)
output48/X                              1.502104    7.284599   -5.782495 (VIOLATED)
output68/X                              1.502104    7.284431   -5.782327 (VIOLATED)
output51/X                              1.502104    7.284289   -5.782185 (VIOLATED)
output65/X                              1.502104    7.284134   -5.782030 (VIOLATED)
output62/X                              1.502104    7.283882   -5.781778 (VIOLATED)
output56/X                              1.502104    7.283537   -5.781433 (VIOLATED)
output43/X                              1.502104    7.283094   -5.780990 (VIOLATED)
_25109_/A1                              1.500000    1.838187   -0.338187 (VIOLATED)
_25175_/A1                              1.500000    1.838168   -0.338168 (VIOLATED)
_25076_/A0                              1.500000    1.838139   -0.338139 (VIOLATED)
_24779_/A0                              1.500000    1.838113   -0.338113 (VIOLATED)
_25142_/A1                              1.500000    1.838071   -0.338071 (VIOLATED)
_24713_/A0                              1.500000    1.838012   -0.338012 (VIOLATED)
_24746_/A0                              1.500000    1.837945   -0.337945 (VIOLATED)
_25010_/A1                              1.500000    1.837893   -0.337893 (VIOLATED)
_25274_/A1                              1.500000    1.837416   -0.337416 (VIOLATED)
_25208_/A0                              1.500000    1.837403   -0.337403 (VIOLATED)
_25307_/A1                              1.500000    1.837404   -0.337404 (VIOLATED)
_25241_/A1                              1.500000    1.837305   -0.337305 (VIOLATED)
_25340_/A1                              1.500000    1.836939   -0.336939 (VIOLATED)
_19031_/A1                              1.500000    1.836428   -0.336428 (VIOLATED)
_25439_/A1                              1.500000    1.836124   -0.336124 (VIOLATED)
_25406_/A1                              1.500000    1.835919   -0.335919 (VIOLATED)
_25736_/A0                              1.500000    1.831594   -0.331594 (VIOLATED)
_25835_/A1                              1.500000    1.830799   -0.330799 (VIOLATED)
_25769_/A1                              1.500000    1.830222   -0.330222 (VIOLATED)
_25802_/A1                              1.500000    1.830016   -0.330016 (VIOLATED)
_25868_/A1                              1.500000    1.829966   -0.329966 (VIOLATED)
_25901_/A1                              1.500000    1.828760   -0.328760 (VIOLATED)
_25966_/A1                              1.500000    1.828738   -0.328738 (VIOLATED)
_25934_/A1                              1.500000    1.828515   -0.328515 (VIOLATED)
_25670_/A1                              1.500000    1.827776   -0.327776 (VIOLATED)
_18997_/A1                              1.500000    1.827188   -0.327188 (VIOLATED)
_25505_/A0                              1.500000    1.826506   -0.326506 (VIOLATED)
_25637_/A1                              1.500000    1.825338   -0.325338 (VIOLATED)
_25604_/A0                              1.500000    1.825268   -0.325268 (VIOLATED)
_25472_/A0                              1.500000    1.825202   -0.325202 (VIOLATED)
_25571_/A1                              1.500000    1.824830   -0.324831 (VIOLATED)
_25538_/A0                              1.500000    1.824126   -0.324126 (VIOLATED)
_27682_/A0                              1.500000    1.823247   -0.323247 (VIOLATED)
_28012_/A0                              1.500000    1.823197   -0.323197 (VIOLATED)
_27352_/A0                              1.500000    1.823127   -0.323127 (VIOLATED)
_24944_/A1                              1.500000    1.823123   -0.323123 (VIOLATED)
_15656_/A1                              1.500000    1.823093   -0.323093 (VIOLATED)
_14648_/A0                              1.500000    1.823074   -0.323074 (VIOLATED)
_15325_/A0                              1.500000    1.823063   -0.323063 (VIOLATED)
_14990_/A0                              1.500000    1.822880   -0.322880 (VIOLATED)
_24845_/A1                              1.500000    1.822303   -0.322303 (VIOLATED)
_18830_/A1                              1.500000    1.822255   -0.322255 (VIOLATED)
_16384_/A0                              1.500000    1.822236   -0.322236 (VIOLATED)
_24878_/A1                              1.500000    1.822153   -0.322153 (VIOLATED)
_15986_/A0                              1.500000    1.821762   -0.321762 (VIOLATED)
_17739_/A0                              1.500000    1.821315   -0.321315 (VIOLATED)
_17673_/A0                              1.500000    1.821182   -0.321182 (VIOLATED)
_16451_/A1                              1.500000    1.821073   -0.321073 (VIOLATED)
_17343_/A1                              1.500000    1.820139   -0.320139 (VIOLATED)
_16716_/A1                              1.500000    1.818742   -0.318742 (VIOLATED)
_17310_/A1                              1.500000    1.818577   -0.318577 (VIOLATED)
_17409_/A1                              1.500000    1.817625   -0.317625 (VIOLATED)
_17079_/A0                              1.500000    1.817618   -0.317618 (VIOLATED)
_24812_/A1                              1.500000    1.817585   -0.317585 (VIOLATED)
_17277_/A1                              1.500000    1.817529   -0.317529 (VIOLATED)
_19064_/A1                              1.500000    1.816982   -0.316982 (VIOLATED)
_17442_/A1                              1.500000    1.815950   -0.315950 (VIOLATED)
_17870_/A1                              1.500000    1.815469   -0.315469 (VIOLATED)
_17805_/A0                              1.500000    1.815449   -0.315449 (VIOLATED)
_16418_/A0                              1.500000    1.815399   -0.315399 (VIOLATED)
_17706_/A1                              1.500000    1.815387   -0.315387 (VIOLATED)
_18266_/A0                              1.500000    1.815282   -0.315282 (VIOLATED)
_18299_/A0                              1.500000    1.815255   -0.315255 (VIOLATED)
_18167_/A1                              1.500000    1.815219   -0.315219 (VIOLATED)
_24911_/A1                              1.500000    1.815178   -0.315178 (VIOLATED)
_18365_/A0                              1.500000    1.815173   -0.315173 (VIOLATED)
_18134_/A0                              1.500000    1.815165   -0.315165 (VIOLATED)
_17475_/A0                              1.500000    1.815119   -0.315119 (VIOLATED)
_17508_/A0                              1.500000    1.815105   -0.315105 (VIOLATED)
_18797_/A0                              1.500000    1.814326   -0.314326 (VIOLATED)
_25043_/A1                              1.500000    1.813791   -0.313791 (VIOLATED)
_17640_/A0                              1.500000    1.813480   -0.313480 (VIOLATED)
_17936_/A0                              1.500000    1.811445   -0.311445 (VIOLATED)
_17903_/A1                              1.500000    1.810944   -0.310944 (VIOLATED)
_17244_/A1                              1.500000    1.810389   -0.310389 (VIOLATED)
_17178_/A0                              1.500000    1.809601   -0.309601 (VIOLATED)
_17145_/A0                              1.500000    1.809585   -0.309585 (VIOLATED)
_17541_/A1                              1.500000    1.809554   -0.309554 (VIOLATED)
_17112_/A0                              1.500000    1.809514   -0.309514 (VIOLATED)
_16285_/A1                              1.500000    1.809504   -0.309504 (VIOLATED)
_21976_/C1                              1.500000    1.807123   -0.307123 (VIOLATED)
_20059_/C1                              1.500000    1.807102   -0.307102 (VIOLATED)
_19886_/C1                              1.500000    1.807077   -0.307077 (VIOLATED)
_24414_/C1                              1.500000    1.806989   -0.306989 (VIOLATED)
_18431_/A1                              1.500000    1.806931   -0.306931 (VIOLATED)
_23195_/C1                              1.500000    1.806789   -0.306789 (VIOLATED)
_19540_/C1                              1.500000    1.806760   -0.306760 (VIOLATED)
_19713_/C1                              1.500000    1.806712   -0.306712 (VIOLATED)
_24066_/C1                              1.500000    1.806680   -0.306680 (VIOLATED)
_22499_/C1                              1.500000    1.806673   -0.306673 (VIOLATED)
_22261_/B1                              1.500000    1.806617   -0.306617 (VIOLATED)
_20169_/B1                              1.500000    1.806547   -0.306547 (VIOLATED)
_22609_/B1                              1.500000    1.806432   -0.306432 (VIOLATED)
_21042_/B1                              1.500000    1.806294   -0.306295 (VIOLATED)
_23893_/C1                              1.500000    1.806238   -0.306238 (VIOLATED)
_20757_/C1                              1.500000    1.806237   -0.306237 (VIOLATED)
_23305_/B1                              1.500000    1.806185   -0.306185 (VIOLATED)
_20344_/B1                              1.500000    1.806125   -0.306125 (VIOLATED)
_23480_/B1                              1.500000    1.806086   -0.306086 (VIOLATED)
_24176_/B1                              1.500000    1.805826   -0.305826 (VIOLATED)
_18398_/A1                              1.500000    1.805822   -0.305822 (VIOLATED)
_21738_/B1                              1.500000    1.805671   -0.305671 (VIOLATED)
_18233_/A1                              1.500000    1.804974   -0.304974 (VIOLATED)
_23655_/B1                              1.500000    1.804793   -0.304793 (VIOLATED)
_21390_/B1                              1.500000    1.804787   -0.304787 (VIOLATED)
_24326_/A1                              1.500000    1.804326   -0.304326 (VIOLATED)
_21888_/A1                              1.500000    1.804323   -0.304323 (VIOLATED)
_23455_/A1                              1.500000    1.804315   -0.304315 (VIOLATED)
_20494_/A1                              1.500000    1.804310   -0.304310 (VIOLATED)
_20867_/B1                              1.500000    1.804304   -0.304304 (VIOLATED)
_21192_/A1                              1.500000    1.804300   -0.304300 (VIOLATED)
_16551_/A1                              1.500000    1.804298   -0.304298 (VIOLATED)
_22756_/A1                              1.500000    1.804295   -0.304295 (VIOLATED)
_16518_/A1                              1.500000    1.804283   -0.304283 (VIOLATED)
_16584_/A0                              1.500000    1.804258   -0.304258 (VIOLATED)
_23978_/A1                              1.500000    1.804253   -0.304253 (VIOLATED)
_19622_/A1                              1.500000    1.804242   -0.304242 (VIOLATED)
_22584_/A1                              1.500000    1.804240   -0.304240 (VIOLATED)
_20319_/A1                              1.500000    1.804199   -0.304200 (VIOLATED)
_19097_/A1                              1.500000    1.804192   -0.304192 (VIOLATED)
_21710_/A1                              1.500000    1.804182   -0.304182 (VIOLATED)
_21362_/A1                              1.500000    1.804171   -0.304171 (VIOLATED)
_20144_/A1                              1.500000    1.804076   -0.304076 (VIOLATED)
_19798_/A1                              1.500000    1.803987   -0.303987 (VIOLATED)
_24671_/A1                              1.500000    1.803986   -0.303986 (VIOLATED)
_19971_/A1                              1.500000    1.803947   -0.303947 (VIOLATED)
_24151_/A1                              1.500000    1.803891   -0.303891 (VIOLATED)
_14301_/A0                              1.500000    1.803687   -0.303687 (VIOLATED)
_24680_/A0                              1.500000    1.803687   -0.303687 (VIOLATED)
_24977_/A0                              1.500000    1.803683   -0.303683 (VIOLATED)
_18332_/A0                              1.500000    1.803630   -0.303630 (VIOLATED)
_23280_/A1                              1.500000    1.803619   -0.303619 (VIOLATED)
_16914_/A0                              1.500000    1.803614   -0.303614 (VIOLATED)
_26692_/A1                              1.500000    1.803585   -0.303585 (VIOLATED)
_24499_/A1                              1.500000    1.803584   -0.303584 (VIOLATED)
_22784_/B1                              1.500000    1.803580   -0.303580 (VIOLATED)
_17211_/A1                              1.500000    1.803455   -0.303455 (VIOLATED)
_17969_/A0                              1.500000    1.803402   -0.303402 (VIOLATED)
_16980_/A0                              1.500000    1.803356   -0.303356 (VIOLATED)
_22411_/A1                              1.500000    1.803268   -0.303268 (VIOLATED)
_22061_/A1                              1.500000    1.803265   -0.303265 (VIOLATED)
_16683_/A1                              1.500000    1.803198   -0.303198 (VIOLATED)
_26362_/A1                              1.500000    1.803094   -0.303094 (VIOLATED)
_26032_/A0                              1.500000    1.802881   -0.302882 (VIOLATED)
_17376_/A0                              1.500000    1.802608   -0.302608 (VIOLATED)
_27022_/A1                              1.500000    1.802540   -0.302540 (VIOLATED)
_25373_/A0                              1.500000    1.802510   -0.302510 (VIOLATED)
_14173_/A                               1.500000    1.802336   -0.302336 (VIOLATED)
_14172_/A                               1.500000    1.802327   -0.302327 (VIOLATED)
_14188_/A                               1.500000    1.802325   -0.302326 (VIOLATED)
_14276_/A                               1.500000    1.802313   -0.302313 (VIOLATED)
_16184_/A0                              1.500000    1.802309   -0.302309 (VIOLATED)
_25703_/A1                              1.500000    1.802282   -0.302282 (VIOLATED)
_33242_/Q                               1.501403    1.802267   -0.300864 (VIOLATED)
_16251_/A1                              1.500000    1.800343   -0.300343 (VIOLATED)
_17574_/A0                              1.500000    1.800321   -0.300321 (VIOLATED)
_17772_/A0                              1.500000    1.799603   -0.299603 (VIOLATED)
_16484_/A0                              1.500000    1.798266   -0.298266 (VIOLATED)
_16650_/A1                              1.500000    1.798003   -0.298003 (VIOLATED)
_16617_/A0                              1.500000    1.797759   -0.297759 (VIOLATED)
_17607_/A1                              1.500000    1.797754   -0.297754 (VIOLATED)
_16749_/A1                              1.500000    1.797310   -0.297310 (VIOLATED)
_16218_/A1                              1.500000    1.797256   -0.297256 (VIOLATED)
_28144_/A1                              1.500000    1.796050   -0.296050 (VIOLATED)
_28111_/A1                              1.500000    1.795990   -0.295990 (VIOLATED)
_28276_/A1                              1.500000    1.795972   -0.295972 (VIOLATED)
_28243_/A1                              1.500000    1.795962   -0.295962 (VIOLATED)
_18662_/A1                              1.500000    1.795850   -0.295850 (VIOLATED)
_28210_/A1                              1.500000    1.795816   -0.295816 (VIOLATED)
_28177_/A1                              1.500000    1.795754   -0.295754 (VIOLATED)
_16318_/A1                              1.500000    1.795660   -0.295660 (VIOLATED)
_28308_/A1                              1.500000    1.795621   -0.295621 (VIOLATED)
_18002_/A0                              1.500000    1.795508   -0.295508 (VIOLATED)
_14404_/A1                              1.500000    1.795308   -0.295308 (VIOLATED)
_16815_/A1                              1.500000    1.795303   -0.295303 (VIOLATED)
_14438_/A1                              1.500000    1.795299   -0.295299 (VIOLATED)
_14370_/A1                              1.500000    1.795276   -0.295276 (VIOLATED)
_14336_/A1                              1.500000    1.795226   -0.295226 (VIOLATED)
_14472_/A1                              1.500000    1.794986   -0.294986 (VIOLATED)
_14506_/A1                              1.500000    1.794398   -0.294398 (VIOLATED)
_16881_/A0                              1.500000    1.794069   -0.294069 (VIOLATED)
_14540_/A1                              1.500000    1.793796   -0.293796 (VIOLATED)
_14573_/A1                              1.500000    1.793377   -0.293377 (VIOLATED)
_17013_/A0                              1.500000    1.792524   -0.292525 (VIOLATED)
_16351_/A0                              1.500000    1.791600   -0.291600 (VIOLATED)
_17046_/A0                              1.500000    1.791170   -0.291170 (VIOLATED)
_16947_/A1                              1.500000    1.790711   -0.290711 (VIOLATED)
_18629_/A0                              1.500000    1.790469   -0.290469 (VIOLATED)
ANTENNA_120/DIODE                       1.500000    1.790462   -0.290462 (VIOLATED)
_16782_/A1                              1.500000    1.790264   -0.290264 (VIOLATED)
_16848_/A0                              1.500000    1.789790   -0.289790 (VIOLATED)
_14751_/A0                              1.500000    1.788603   -0.288603 (VIOLATED)
_14786_/A1                              1.500000    1.788357   -0.288357 (VIOLATED)
_18101_/A1                              1.500000    1.788116   -0.288116 (VIOLATED)
_14855_/A1                              1.500000    1.787925   -0.287925 (VIOLATED)
_18200_/A0                              1.500000    1.787355   -0.287355 (VIOLATED)
_14820_/A1                              1.500000    1.786968   -0.286968 (VIOLATED)
_14611_/A0                              1.500000    1.786878   -0.286878 (VIOLATED)
_18068_/A0                              1.500000    1.786794   -0.286794 (VIOLATED)
_18596_/A0                              1.500000    1.786467   -0.286467 (VIOLATED)
_14683_/A0                              1.500000    1.785823   -0.285823 (VIOLATED)
_18035_/A0                              1.500000    1.785802   -0.285802 (VIOLATED)
_14718_/A1                              1.500000    1.785485   -0.285485 (VIOLATED)
_15058_/A1                              1.500000    1.785319   -0.285319 (VIOLATED)
_15024_/A1                              1.500000    1.784882   -0.284882 (VIOLATED)
_14889_/A0                              1.500000    1.783593   -0.283593 (VIOLATED)
_14923_/A1                              1.500000    1.783215   -0.283215 (VIOLATED)
_15125_/A1                              1.500000    1.783021   -0.283021 (VIOLATED)
_15092_/A1                              1.500000    1.783011   -0.283011 (VIOLATED)
_18563_/A1                              1.500000    1.782995   -0.282995 (VIOLATED)
_14957_/A1                              1.500000    1.781975   -0.281975 (VIOLATED)
_15854_/A1                              1.500000    1.779093   -0.279093 (VIOLATED)
_15821_/A0                              1.500000    1.778188   -0.278188 (VIOLATED)
_16085_/A1                              1.500000    1.777393   -0.277393 (VIOLATED)
_15920_/A1                              1.500000    1.777232   -0.277232 (VIOLATED)
_15887_/A1                              1.500000    1.776626   -0.276626 (VIOLATED)
_18464_/A1                              1.500000    1.776199   -0.276199 (VIOLATED)
_15953_/A0                              1.500000    1.775671   -0.275671 (VIOLATED)
_16052_/A1                              1.500000    1.774354   -0.274354 (VIOLATED)
_16019_/A1                              1.500000    1.773457   -0.273457 (VIOLATED)
_15689_/A1                              1.500000    1.772959   -0.272959 (VIOLATED)
_15722_/A0                              1.500000    1.772948   -0.272948 (VIOLATED)
_15755_/A0                              1.500000    1.772920   -0.272920 (VIOLATED)
_15788_/A1                              1.500000    1.772856   -0.272856 (VIOLATED)
_16118_/A1                              1.500000    1.772774   -0.272774 (VIOLATED)
_17837_/A0                              1.500000    1.772626   -0.272626 (VIOLATED)
_16151_/A1                              1.500000    1.772078   -0.272078 (VIOLATED)
_15424_/A0                              1.500000    1.759495   -0.259496 (VIOLATED)
_15457_/A1                              1.500000    1.759276   -0.259276 (VIOLATED)
_15524_/A1                              1.500000    1.758463   -0.258463 (VIOLATED)
_15490_/A1                              1.500000    1.758146   -0.258146 (VIOLATED)
_15590_/A1                              1.500000    1.757311   -0.257311 (VIOLATED)
_15557_/A1                              1.500000    1.757310   -0.257310 (VIOLATED)
_18497_/A1                              1.500000    1.757281   -0.257281 (VIOLATED)
_15623_/A1                              1.500000    1.757238   -0.257238 (VIOLATED)
_15160_/A0                              1.500000    1.756249   -0.256249 (VIOLATED)
_15259_/A1                              1.500000    1.755442   -0.255442 (VIOLATED)
_15193_/A0                              1.500000    1.755434   -0.255434 (VIOLATED)
_15226_/A0                              1.500000    1.754647   -0.254647 (VIOLATED)
_15292_/A0                              1.500000    1.752604   -0.252604 (VIOLATED)
_18530_/A1                              1.500000    1.752580   -0.252581 (VIOLATED)
_15358_/A1                              1.500000    1.752548   -0.252549 (VIOLATED)
_15391_/A1                              1.500000    1.751836   -0.251836 (VIOLATED)
_26296_/A0                              1.500000    1.737846   -0.237846 (VIOLATED)
_26263_/A0                              1.500000    1.733693   -0.233693 (VIOLATED)
_26329_/A0                              1.500000    1.731311   -0.231311 (VIOLATED)
_27946_/A1                              1.500000    1.730158   -0.230158 (VIOLATED)
_18931_/A1                              1.500000    1.729613   -0.229613 (VIOLATED)
_27847_/A0                              1.500000    1.729161   -0.229161 (VIOLATED)
_27913_/A1                              1.500000    1.728822   -0.228822 (VIOLATED)
_27880_/A1                              1.500000    1.728395   -0.228395 (VIOLATED)
_18764_/A1                              1.500000    1.727339   -0.227339 (VIOLATED)
_27979_/A1                              1.500000    1.726543   -0.226543 (VIOLATED)
_26164_/A0                              1.500000    1.725998   -0.225998 (VIOLATED)
_28078_/A1                              1.500000    1.725756   -0.225756 (VIOLATED)
_28045_/A1                              1.500000    1.725754   -0.225754 (VIOLATED)
_26131_/A0                              1.500000    1.724191   -0.224191 (VIOLATED)
_26230_/A1                              1.500000    1.722176   -0.222176 (VIOLATED)
_27616_/A0                              1.500000    1.719859   -0.219859 (VIOLATED)
_27583_/A0                              1.500000    1.719848   -0.219848 (VIOLATED)
_27781_/A1                              1.500000    1.719833   -0.219833 (VIOLATED)
_18731_/A1                              1.500000    1.719819   -0.219820 (VIOLATED)
_27814_/A1                              1.500000    1.719810   -0.219810 (VIOLATED)
_27649_/A0                              1.500000    1.719780   -0.219780 (VIOLATED)
_27715_/A0                              1.500000    1.719688   -0.219688 (VIOLATED)
_26197_/A0                              1.500000    1.719103   -0.219103 (VIOLATED)
_27748_/A1                              1.500000    1.718067   -0.218067 (VIOLATED)
_27319_/A0                              1.500000    1.717226   -0.217226 (VIOLATED)
_18697_/A1                              1.500000    1.716276   -0.216276 (VIOLATED)
_27418_/A1                              1.500000    1.715436   -0.215436 (VIOLATED)
_27385_/A1                              1.500000    1.715424   -0.215424 (VIOLATED)
_26428_/A1                              1.500000    1.714711   -0.214711 (VIOLATED)
_27451_/A1                              1.500000    1.714517   -0.214517 (VIOLATED)
_27484_/A1                              1.500000    1.713828   -0.213828 (VIOLATED)
_25999_/A0                              1.500000    1.713503   -0.213503 (VIOLATED)
_18964_/A0                              1.500000    1.713495   -0.213495 (VIOLATED)
_26098_/A1                              1.500000    1.713489   -0.213489 (VIOLATED)
_26065_/A0                              1.500000    1.713467   -0.213467 (VIOLATED)
_26395_/A0                              1.500000    1.713100   -0.213100 (VIOLATED)
_27550_/A1                              1.500000    1.713016   -0.213016 (VIOLATED)
_27055_/A0                              1.500000    1.712635   -0.212635 (VIOLATED)
_26494_/A1                              1.500000    1.712328   -0.212328 (VIOLATED)
_27517_/A1                              1.500000    1.712103   -0.212103 (VIOLATED)
_26461_/A1                              1.500000    1.711911   -0.211911 (VIOLATED)
_27088_/A0                              1.500000    1.711581   -0.211582 (VIOLATED)
_27253_/A1                              1.500000    1.710630   -0.210630 (VIOLATED)
_27286_/A1                              1.500000    1.710626   -0.210626 (VIOLATED)
_27187_/A0                              1.500000    1.710615   -0.210615 (VIOLATED)
_27121_/A0                              1.500000    1.710608   -0.210608 (VIOLATED)
_27220_/A1                              1.500000    1.710584   -0.210584 (VIOLATED)
_27154_/A1                              1.500000    1.710242   -0.210242 (VIOLATED)
_26758_/A1                              1.500000    1.706851   -0.206851 (VIOLATED)
_26725_/A1                              1.500000    1.706851   -0.206851 (VIOLATED)
_26659_/A0                              1.500000    1.706842   -0.206842 (VIOLATED)
_18897_/A1                              1.500000    1.706824   -0.206824 (VIOLATED)
_26527_/A0                              1.500000    1.706793   -0.206793 (VIOLATED)
_26560_/A0                              1.500000    1.706760   -0.206761 (VIOLATED)
_26626_/A1                              1.500000    1.706713   -0.206713 (VIOLATED)
_26989_/A1                              1.500000    1.706710   -0.206711 (VIOLATED)
_26593_/A0                              1.500000    1.706709   -0.206709 (VIOLATED)
_18864_/A1                              1.500000    1.706709   -0.206709 (VIOLATED)
_26956_/A1                              1.500000    1.706660   -0.206660 (VIOLATED)
_26791_/A0                              1.500000    1.706644   -0.206644 (VIOLATED)
_26923_/A1                              1.500000    1.706622   -0.206622 (VIOLATED)
_26824_/A1                              1.500000    1.706556   -0.206556 (VIOLATED)
_26890_/A1                              1.500000    1.706209   -0.206209 (VIOLATED)
_26857_/A1                              1.500000    1.705970   -0.205970 (VIOLATED)
input29/X                               1.502104    1.703969   -0.201865 (VIOLATED)
_25995_/A                               1.500000    1.685138   -0.185139 (VIOLATED)
ANTENNA_8/DIODE                         1.500000    1.685137   -0.185137 (VIOLATED)
_18196_/A                               1.500000    1.685012   -0.185012 (VIOLATED)
ANTENNA_3/DIODE                         1.500000    1.685010   -0.185010 (VIOLATED)
_17174_/A                               1.500000    1.684933   -0.184934 (VIOLATED)
ANTENNA_7/DIODE                         1.500000    1.684687   -0.184688 (VIOLATED)
_25468_/B                               1.500000    1.684677   -0.184677 (VIOLATED)
_24775_/A                               1.500000    1.683053   -0.183053 (VIOLATED)
ANTENNA_6/DIODE                         1.500000    1.683050   -0.183050 (VIOLATED)
_18793_/A                               1.500000    1.682358   -0.182358 (VIOLATED)
ANTENNA_5/DIODE                         1.500000    1.682355   -0.182355 (VIOLATED)
ANTENNA_4/DIODE                         1.500000    1.682321   -0.182321 (VIOLATED)
_26523_/A                               1.500000    1.681997   -0.181997 (VIOLATED)
ANTENNA_9/DIODE                         1.500000    1.681995   -0.181995 (VIOLATED)
_17998_/A                               1.500000    1.681801   -0.181801 (VIOLATED)
ANTENNA_2/DIODE                         1.500000    1.681793   -0.181793 (VIOLATED)
_27348_/A                               1.500000    1.678846   -0.178846 (VIOLATED)
_14606_/X                               1.499598    1.678261   -0.178663 (VIOLATED)
_27051_/A                               1.500000    1.678619   -0.178619 (VIOLATED)
_27579_/A                               1.500000    1.678571   -0.178571 (VIOLATED)
_24676_/B                               1.500000    1.678436   -0.178436 (VIOLATED)
_15156_/A                               1.500000    1.678410   -0.178410 (VIOLATED)
ANTENNA_190/DIODE                       1.500000    1.678410   -0.178410 (VIOLATED)
_14607_/B                               1.500000    1.678360   -0.178360 (VIOLATED)
_26127_/A                               1.500000    1.598983   -0.098983 (VIOLATED)
ANTENNA_191/DIODE                       1.500000    1.598981   -0.098981 (VIOLATED)
_26655_/A                               1.500000    1.598695   -0.098695 (VIOLATED)
_16877_/A                               1.500000    1.598573   -0.098573 (VIOLATED)
_27183_/A                               1.500000    1.598445   -0.098445 (VIOLATED)
_27711_/A                               1.500000    1.598265   -0.098265 (VIOLATED)
_17009_/A                               1.500000    1.598193   -0.098193 (VIOLATED)
_17932_/A                               1.500000    1.598148   -0.098148 (VIOLATED)
_14643_/X                               1.499598    1.597697   -0.098099 (VIOLATED)
ANTENNA_11/DIODE                        1.500000    1.597999   -0.097999 (VIOLATED)
_25600_/B                               1.500000    1.597999   -0.097999 (VIOLATED)
_15288_/A                               1.500000    1.597976   -0.097977 (VIOLATED)
_25072_/A                               1.500000    1.597963   -0.097963 (VIOLATED)
ANTENNA_10/DIODE                        1.500000    1.597962   -0.097962 (VIOLATED)
_17471_/A                               1.500000    1.597870   -0.097870 (VIOLATED)
_14747_/B                               1.500000    1.597863   -0.097863 (VIOLATED)
_14644_/B                               1.500000    1.597775   -0.097775 (VIOLATED)
_25975_/S                               1.500000    1.594705   -0.094705 (VIOLATED)
_25988_/S                               1.500000    1.594661   -0.094661 (VIOLATED)
_25978_/S                               1.500000    1.594557   -0.094557 (VIOLATED)
_25973_/S                               1.500000    1.594413   -0.094413 (VIOLATED)
_25971_/S                               1.500000    1.594292   -0.094292 (VIOLATED)
_25980_/S                               1.500000    1.594056   -0.094056 (VIOLATED)
_25984_/S                               1.500000    1.593856   -0.093856 (VIOLATED)
_25969_/S                               1.500000    1.593341   -0.093341 (VIOLATED)
_25986_/S                               1.500000    1.593273   -0.093273 (VIOLATED)
_25968_/S                               1.500000    1.593181   -0.093181 (VIOLATED)
_25981_/S                               1.500000    1.593161   -0.093161 (VIOLATED)
_25963_/S                               1.500000    1.592669   -0.092669 (VIOLATED)
_25979_/S                               1.500000    1.592255   -0.092255 (VIOLATED)
_25977_/S                               1.500000    1.592131   -0.092131 (VIOLATED)
_25985_/S                               1.500000    1.592047   -0.092047 (VIOLATED)
_25967_/S                               1.500000    1.591421   -0.091421 (VIOLATED)
_25992_/S                               1.500000    1.590569   -0.090569 (VIOLATED)
_25966_/S                               1.500000    1.590339   -0.090339 (VIOLATED)
_25965_/S                               1.500000    1.590301   -0.090301 (VIOLATED)
_25964_/S                               1.500000    1.589821   -0.089821 (VIOLATED)
_25974_/S                               1.500000    1.589719   -0.089719 (VIOLATED)
_25993_/S                               1.500000    1.588532   -0.088532 (VIOLATED)
_25983_/S                               1.500000    1.588044   -0.088044 (VIOLATED)
_25982_/S                               1.500000    1.588002   -0.088002 (VIOLATED)
_25989_/S                               1.500000    1.587964   -0.087964 (VIOLATED)
_25991_/S                               1.500000    1.587935   -0.087935 (VIOLATED)
_25976_/S                               1.500000    1.587384   -0.087385 (VIOLATED)
_25987_/S                               1.500000    1.585615   -0.085615 (VIOLATED)
_25994_/S                               1.500000    1.584086   -0.084086 (VIOLATED)
_25970_/S                               1.500000    1.583422   -0.083422 (VIOLATED)
_25972_/S                               1.500000    1.582513   -0.082513 (VIOLATED)
_25990_/S                               1.500000    1.581629   -0.081629 (VIOLATED)
_14243_/Y                               1.495733    1.574344   -0.078611 (VIOLATED)
_14244_/B1                              1.500000    1.574351   -0.074351 (VIOLATED)
_18960_/A                               1.500000    1.527871   -0.027872 (VIOLATED)
ANTENNA_187/DIODE                       1.500000    1.527870   -0.027870 (VIOLATED)
ANTENNA_186/DIODE                       1.500000    1.527736   -0.027736 (VIOLATED)
_18064_/A                               1.500000    1.527714   -0.027714 (VIOLATED)
_17141_/A                               1.500000    1.527601   -0.027601 (VIOLATED)
_25501_/B                               1.500000    1.527467   -0.027468 (VIOLATED)
ANTENNA_189/DIODE                       1.500000    1.527464   -0.027464 (VIOLATED)
_24742_/A                               1.500000    1.527074   -0.027074 (VIOLATED)
ANTENNA_188/DIODE                       1.500000    1.527070   -0.027070 (VIOLATED)
_16114_/Y                               1.495733    1.520411   -0.024678 (VIOLATED)
_17801_/A                               1.500000    1.524254   -0.024254 (VIOLATED)
ANTENNA_1/DIODE                         1.500000    1.524097   -0.024097 (VIOLATED)
_26556_/A                               1.500000    1.523288   -0.023288 (VIOLATED)
_18625_/A                               1.500000    1.523108   -0.023108 (VIOLATED)
_16134_/S                               1.500000    1.522319   -0.022319 (VIOLATED)
_16142_/S                               1.500000    1.522311   -0.022311 (VIOLATED)
_16124_/S                               1.500000    1.522279   -0.022279 (VIOLATED)
_16135_/S                               1.500000    1.522245   -0.022245 (VIOLATED)
_16146_/S                               1.500000    1.522171   -0.022171 (VIOLATED)
_16126_/S                               1.500000    1.522143   -0.022143 (VIOLATED)
_16143_/S                               1.500000    1.522138   -0.022138 (VIOLATED)
_16117_/S                               1.500000    1.522121   -0.022122 (VIOLATED)
_16145_/S                               1.500000    1.522049   -0.022049 (VIOLATED)
_16139_/S                               1.500000    1.522037   -0.022037 (VIOLATED)
_16144_/S                               1.500000    1.522016   -0.022017 (VIOLATED)
_16122_/S                               1.500000    1.522006   -0.022006 (VIOLATED)
_16119_/S                               1.500000    1.521980   -0.021980 (VIOLATED)
_16121_/S                               1.500000    1.521952   -0.021952 (VIOLATED)
_16131_/S                               1.500000    1.521951   -0.021951 (VIOLATED)
_16120_/S                               1.500000    1.521940   -0.021940 (VIOLATED)
_16138_/S                               1.500000    1.521936   -0.021936 (VIOLATED)
_16128_/S                               1.500000    1.521893   -0.021893 (VIOLATED)
_16141_/S                               1.500000    1.521661   -0.021661 (VIOLATED)
_16116_/S                               1.500000    1.521580   -0.021580 (VIOLATED)
_16137_/S                               1.500000    1.521579   -0.021579 (VIOLATED)
_16118_/S                               1.500000    1.521468   -0.021468 (VIOLATED)
_16136_/S                               1.500000    1.521236   -0.021236 (VIOLATED)
_16115_/S                               1.500000    1.521219   -0.021219 (VIOLATED)
_16132_/S                               1.500000    1.521083   -0.021083 (VIOLATED)
_16129_/S                               1.500000    1.520939   -0.020939 (VIOLATED)
_16133_/S                               1.500000    1.520551   -0.020551 (VIOLATED)
_16140_/S                               1.500000    1.520546   -0.020546 (VIOLATED)
_16127_/S                               1.500000    1.520538   -0.020538 (VIOLATED)
_16123_/S                               1.500000    1.520528   -0.020528 (VIOLATED)
_16130_/S                               1.500000    1.520520   -0.020520 (VIOLATED)
_16125_/S                               1.500000    1.520492   -0.020492 (VIOLATED)
_14295_/X                               1.499598    1.520050   -0.020452 (VIOLATED)
_27084_/A                               1.500000    1.520265   -0.020265 (VIOLATED)
_27612_/A                               1.500000    1.520239   -0.020239 (VIOLATED)
_15189_/A                               1.500000    1.520232   -0.020232 (VIOLATED)
_27678_/A                               1.500000    1.520208   -0.020208 (VIOLATED)
_18592_/A                               1.500000    1.520178   -0.020178 (VIOLATED)
_27414_/Y                               1.495733    1.515028   -0.019295 (VIOLATED)
_27419_/S                               1.500000    1.516842   -0.016842 (VIOLATED)
_27418_/S                               1.500000    1.516831   -0.016831 (VIOLATED)
_27420_/S                               1.500000    1.516814   -0.016815 (VIOLATED)
_27421_/S                               1.500000    1.516791   -0.016791 (VIOLATED)
_27431_/S                               1.500000    1.516779   -0.016779 (VIOLATED)
_27433_/S                               1.500000    1.516778   -0.016778 (VIOLATED)
_27435_/S                               1.500000    1.516641   -0.016641 (VIOLATED)
_27426_/S                               1.500000    1.516627   -0.016627 (VIOLATED)
_27439_/S                               1.500000    1.516546   -0.016546 (VIOLATED)
_27444_/S                               1.500000    1.516474   -0.016475 (VIOLATED)
_27440_/S                               1.500000    1.516379   -0.016379 (VIOLATED)
_27443_/S                               1.500000    1.516232   -0.016232 (VIOLATED)
_27438_/S                               1.500000    1.516229   -0.016229 (VIOLATED)
_27417_/S                               1.500000    1.516210   -0.016210 (VIOLATED)
_27445_/S                               1.500000    1.516202   -0.016202 (VIOLATED)
_27422_/S                               1.500000    1.516040   -0.016040 (VIOLATED)
_27434_/S                               1.500000    1.515972   -0.015973 (VIOLATED)
_27424_/S                               1.500000    1.515868   -0.015868 (VIOLATED)
_27442_/S                               1.500000    1.515784   -0.015784 (VIOLATED)
_27441_/S                               1.500000    1.515538   -0.015538 (VIOLATED)
_27425_/S                               1.500000    1.515494   -0.015494 (VIOLATED)
_27428_/S                               1.500000    1.515482   -0.015482 (VIOLATED)
_27430_/S                               1.500000    1.515176   -0.015176 (VIOLATED)
_27423_/S                               1.500000    1.515162   -0.015162 (VIOLATED)
_27432_/S                               1.500000    1.515142   -0.015142 (VIOLATED)
_27416_/S                               1.500000    1.515125   -0.015125 (VIOLATED)
_27436_/S                               1.500000    1.515122   -0.015122 (VIOLATED)
_27429_/S                               1.500000    1.515101   -0.015101 (VIOLATED)
_27415_/S                               1.500000    1.515074   -0.015074 (VIOLATED)
_27437_/S                               1.500000    1.515064   -0.015064 (VIOLATED)
_27446_/S                               1.500000    1.515049   -0.015049 (VIOLATED)
_27427_/S                               1.500000    1.515044   -0.015044 (VIOLATED)
_25699_/Y                               1.495733    1.509162   -0.013429 (VIOLATED)
_16447_/Y                               1.495733    1.506464   -0.010731 (VIOLATED)
_25706_/S                               1.500000    1.510177   -0.010177 (VIOLATED)
_25703_/S                               1.500000    1.510170   -0.010170 (VIOLATED)
_25705_/S                               1.500000    1.510170   -0.010170 (VIOLATED)
_25718_/S                               1.500000    1.510134   -0.010134 (VIOLATED)
_25716_/S                               1.500000    1.510069   -0.010069 (VIOLATED)
_25729_/S                               1.500000    1.510040   -0.010040 (VIOLATED)
_25723_/S                               1.500000    1.510039   -0.010039 (VIOLATED)
_25724_/S                               1.500000    1.510028   -0.010028 (VIOLATED)
_25707_/S                               1.500000    1.509986   -0.009986 (VIOLATED)
_25711_/S                               1.500000    1.509950   -0.009950 (VIOLATED)
_25730_/S                               1.500000    1.509928   -0.009928 (VIOLATED)
_25704_/S                               1.500000    1.509902   -0.009902 (VIOLATED)
_25719_/S                               1.500000    1.509875   -0.009875 (VIOLATED)
_25727_/S                               1.500000    1.509851   -0.009851 (VIOLATED)
_25712_/S                               1.500000    1.509813   -0.009813 (VIOLATED)
_25731_/S                               1.500000    1.509715   -0.009715 (VIOLATED)
_25715_/S                               1.500000    1.509655   -0.009655 (VIOLATED)
_25710_/S                               1.500000    1.509642   -0.009642 (VIOLATED)
_25708_/S                               1.500000    1.509623   -0.009623 (VIOLATED)
_25725_/S                               1.500000    1.509600   -0.009600 (VIOLATED)
_25717_/S                               1.500000    1.509574   -0.009574 (VIOLATED)
_25721_/S                               1.500000    1.509563   -0.009563 (VIOLATED)
_25700_/S                               1.500000    1.509528   -0.009528 (VIOLATED)
_25702_/S                               1.500000    1.509522   -0.009522 (VIOLATED)
_25714_/S                               1.500000    1.509522   -0.009522 (VIOLATED)
_25722_/S                               1.500000    1.509484   -0.009484 (VIOLATED)
_25701_/S                               1.500000    1.509456   -0.009456 (VIOLATED)
_25728_/S                               1.500000    1.509376   -0.009376 (VIOLATED)
_25713_/S                               1.500000    1.509313   -0.009313 (VIOLATED)
_25726_/S                               1.500000    1.509258   -0.009258 (VIOLATED)
_25709_/S                               1.500000    1.509220   -0.009220 (VIOLATED)
_25720_/S                               1.500000    1.509200   -0.009200 (VIOLATED)
_16472_/S                               1.500000    1.509076   -0.009076 (VIOLATED)
_16455_/S                               1.500000    1.509071   -0.009071 (VIOLATED)
_16463_/S                               1.500000    1.509059   -0.009059 (VIOLATED)
_16459_/S                               1.500000    1.509030   -0.009030 (VIOLATED)
_16458_/S                               1.500000    1.509015   -0.009015 (VIOLATED)
_16456_/S                               1.500000    1.508993   -0.008993 (VIOLATED)
_16460_/S                               1.500000    1.508963   -0.008963 (VIOLATED)
_16477_/S                               1.500000    1.508785   -0.008785 (VIOLATED)
_16467_/S                               1.500000    1.508775   -0.008775 (VIOLATED)
_16453_/S                               1.500000    1.508757   -0.008757 (VIOLATED)
_16479_/S                               1.500000    1.508718   -0.008718 (VIOLATED)
_16473_/S                               1.500000    1.508693   -0.008693 (VIOLATED)
_16454_/S                               1.500000    1.508661   -0.008661 (VIOLATED)
_16466_/S                               1.500000    1.508509   -0.008509 (VIOLATED)
_16451_/S                               1.500000    1.508506   -0.008506 (VIOLATED)
_16452_/S                               1.500000    1.508486   -0.008486 (VIOLATED)
_16464_/S                               1.500000    1.508372   -0.008372 (VIOLATED)
_16471_/S                               1.500000    1.508355   -0.008355 (VIOLATED)
_16478_/S                               1.500000    1.508227   -0.008227 (VIOLATED)
_16475_/S                               1.500000    1.508080   -0.008080 (VIOLATED)
_16462_/S                               1.500000    1.507615   -0.007615 (VIOLATED)
_16465_/S                               1.500000    1.507613   -0.007613 (VIOLATED)
_16469_/S                               1.500000    1.507601   -0.007601 (VIOLATED)
_16470_/S                               1.500000    1.507580   -0.007580 (VIOLATED)
_16449_/S                               1.500000    1.507522   -0.007522 (VIOLATED)
_16474_/S                               1.500000    1.507482   -0.007482 (VIOLATED)
_16476_/S                               1.500000    1.507457   -0.007457 (VIOLATED)
_16461_/S                               1.500000    1.507402   -0.007402 (VIOLATED)
_16448_/S                               1.500000    1.507191   -0.007191 (VIOLATED)
_16450_/S                               1.500000    1.507095   -0.007095 (VIOLATED)
_16457_/S                               1.500000    1.506952   -0.006952 (VIOLATED)
_16468_/S                               1.500000    1.506950   -0.006950 (VIOLATED)
_18727_/Y                               1.495733    1.501923   -0.006190 (VIOLATED)
_18733_/S                               1.500000    1.505616   -0.005617 (VIOLATED)
_18731_/S                               1.500000    1.505591   -0.005591 (VIOLATED)
_18732_/S                               1.500000    1.505561   -0.005561 (VIOLATED)
_18758_/S                               1.500000    1.505471   -0.005471 (VIOLATED)
_18751_/S                               1.500000    1.505383   -0.005383 (VIOLATED)
_18756_/S                               1.500000    1.505247   -0.005247 (VIOLATED)
_18730_/S                               1.500000    1.505233   -0.005233 (VIOLATED)
_18748_/S                               1.500000    1.505231   -0.005231 (VIOLATED)
_18734_/S                               1.500000    1.505228   -0.005228 (VIOLATED)
_18739_/S                               1.500000    1.505218   -0.005218 (VIOLATED)
_18746_/S                               1.500000    1.505206   -0.005206 (VIOLATED)
_18735_/S                               1.500000    1.505163   -0.005163 (VIOLATED)
_18747_/S                               1.500000    1.505084   -0.005084 (VIOLATED)
_18752_/S                               1.500000    1.505055   -0.005055 (VIOLATED)
_18753_/S                               1.500000    1.504681   -0.004681 (VIOLATED)
_18757_/S                               1.500000    1.504035   -0.004035 (VIOLATED)
_18755_/S                               1.500000    1.503770   -0.003770 (VIOLATED)
_18737_/S                               1.500000    1.503691   -0.003691 (VIOLATED)
_18754_/S                               1.500000    1.503601   -0.003601 (VIOLATED)
_18741_/S                               1.500000    1.503000   -0.003000 (VIOLATED)
_18759_/S                               1.500000    1.502318   -0.002318 (VIOLATED)
_18749_/S                               1.500000    1.502313   -0.002313 (VIOLATED)
_18745_/S                               1.500000    1.502234   -0.002234 (VIOLATED)
_18738_/S                               1.500000    1.502077   -0.002077 (VIOLATED)
_18744_/S                               1.500000    1.501999   -0.001999 (VIOLATED)
_18742_/S                               1.500000    1.501997   -0.001997 (VIOLATED)
_18750_/S                               1.500000    1.501991   -0.001991 (VIOLATED)
_18729_/S                               1.500000    1.501987   -0.001987 (VIOLATED)
_18728_/S                               1.500000    1.501982   -0.001982 (VIOLATED)
_18743_/S                               1.500000    1.501974   -0.001974 (VIOLATED)
_18740_/S                               1.500000    1.501971   -0.001972 (VIOLATED)
_18736_/S                               1.500000    1.501957   -0.001957 (VIOLATED)

max capacitance

Pin                                        Limit         Cap       Slack
------------------------------------------------------------------------
output70/X                              1.017161    5.001678   -3.984517 (VIOLATED)
output71/X                              1.017161    5.001136   -3.983975 (VIOLATED)
output47/X                              1.017161    5.000679   -3.983518 (VIOLATED)
output63/X                              1.017161    5.000680   -3.983519 (VIOLATED)
output61/X                              1.017161    5.000636   -3.983475 (VIOLATED)
output66/X                              1.017161    5.000636   -3.983475 (VIOLATED)
output40/X                              1.017161    5.000627   -3.983466 (VIOLATED)
output54/X                              1.017161    5.000627   -3.983466 (VIOLATED)
output58/X                              1.017161    5.000621   -3.983460 (VIOLATED)
output59/X                              1.017161    5.000625   -3.983464 (VIOLATED)
output42/X                              1.017161    5.000616   -3.983455 (VIOLATED)
output49/X                              1.017161    5.000615   -3.983454 (VIOLATED)
output52/X                              1.017161    5.000610   -3.983449 (VIOLATED)
output44/X                              1.017161    5.000597   -3.983437 (VIOLATED)
output67/X                              1.017161    5.000601   -3.983440 (VIOLATED)
output41/X                              1.017161    5.000587   -3.983426 (VIOLATED)
output60/X                              1.017161    5.000587   -3.983426 (VIOLATED)
output38/X                              1.017161    5.000577   -3.983417 (VIOLATED)
output39/X                              1.017161    5.000577   -3.983417 (VIOLATED)
output55/X                              1.017161    5.000579   -3.983418 (VIOLATED)
output46/X                              1.017161    5.000572   -3.983411 (VIOLATED)
output57/X                              1.017161    5.000564   -3.983403 (VIOLATED)
output45/X                              1.017161    5.000551   -3.983390 (VIOLATED)
output51/X                              1.017161    5.000549   -3.983387 (VIOLATED)
output69/X                              1.017161    5.000544   -3.983383 (VIOLATED)
output53/X                              1.017161    5.000501   -3.983340 (VIOLATED)
output68/X                              1.017161    5.000501   -3.983341 (VIOLATED)
output64/X                              1.017161    5.000495   -3.983335 (VIOLATED)
output50/X                              1.017161    5.000483   -3.983322 (VIOLATED)
output43/X                              1.017161    5.000448   -3.983287 (VIOLATED)
output48/X                              1.017161    5.000443   -3.983282 (VIOLATED)
output56/X                              1.017161    5.000439   -3.983278 (VIOLATED)
output62/X                              1.017161    5.000443   -3.983282 (VIOLATED)
output65/X                              1.017161    5.000444   -3.983283 (VIOLATED)
input29/X                               1.017161    1.145629   -0.128468 (VIOLATED)
_33242_/Q                               0.348826    0.421263   -0.072437 (VIOLATED)
_14606_/X                               0.326853    0.366257   -0.039404 (VIOLATED)
_14643_/X                               0.326853    0.349219   -0.022366 (VIOLATED)
_14243_/Y                               0.270090    0.283858   -0.013768 (VIOLATED)
_16114_/Y                               0.270090    0.278263   -0.008173 (VIOLATED)
_27414_/Y                               0.270090    0.275777   -0.005687 (VIOLATED)
_16447_/Y                               0.270090    0.275546   -0.005456 (VIOLATED)
_25699_/Y                               0.270090    0.274827   -0.004737 (VIOLATED)
_18727_/Y                               0.270090    0.274673   -0.004583 (VIOLATED)
_14295_/X                               0.326853    0.331110   -0.004257 (VIOLATED)
_27744_/Y                               0.270090    0.272586   -0.002496 (VIOLATED)
_16147_/Y                               0.270090    0.271258   -0.001168 (VIOLATED)
_14884_/X                               0.326853    0.326897   -0.000044 (VIOLATED)



===========================================================================
report_parasitic_annotation -report_unannotated
============================================================================
Found 524 unannotated drivers.
 clkload0/X
 clkload1/Y
 clkload10/Y
 clkload100/Y
 clkload101/Y
 clkload102/X
 clkload103/Y
 clkload104/Y
 clkload105/Y
 clkload106/Y
 clkload107/Y
 clkload108/Y
 clkload109/Y
 clkload11/X
 clkload110/Y
 clkload111/Y
 clkload112/Y
 clkload113/Y
 clkload114/Y
 clkload115/Y
 clkload116/X
 clkload117/Y
 clkload118/Y
 clkload119/Y
 clkload12/X
 clkload120/Y
 clkload121/Y
 clkload122/X
 clkload123/X
 clkload124/Y
 clkload125/Y
 clkload126/Y
 clkload127/Y
 clkload128/Y
 clkload129/X
 clkload13/Y
 clkload130/Y
 clkload131/Y
 clkload132/Y
 clkload133/Y
 clkload134/Y
 clkload135/Y
 clkload136/Y
 clkload137/Y
 clkload138/Y
 clkload139/Y
 clkload14/Y
 clkload140/Y
 clkload141/Y
 clkload142/Y
 clkload143/Y
 clkload144/X
 clkload145/Y
 clkload146/Y
 clkload147/Y
 clkload148/Y
 clkload149/Y
 clkload15/Y
 clkload150/Y
 clkload151/Y
 clkload152/Y
 clkload153/Y
 clkload154/Y
 clkload155/Y
 clkload156/Y
 clkload157/Y
 clkload158/Y
 clkload159/Y
 clkload16/X
 clkload160/X
 clkload161/Y
 clkload162/Y
 clkload163/Y
 clkload164/X
 clkload165/Y
 clkload166/Y
 clkload167/X
 clkload168/X
 clkload169/X
 clkload17/X
 clkload170/Y
 clkload171/Y
 clkload172/Y
 clkload173/Y
 clkload174/Y
 clkload175/X
 clkload176/Y
 clkload177/X
 clkload178/X
 clkload179/X
 clkload18/Y
 clkload180/Y
 clkload181/Y
 clkload182/Y
 clkload183/Y
 clkload184/Y
 clkload185/Y
 clkload186/Y
 clkload187/Y
 clkload188/Y
 clkload189/Y
 clkload19/Y
 clkload190/Y
 clkload191/Y
 clkload192/Y
 clkload193/Y
 clkload194/Y
 clkload195/Y
 clkload196/Y
 clkload197/X
 clkload198/Y
 clkload199/Y
 clkload2/X
 clkload20/Y
 clkload200/Y
 clkload201/Y
 clkload202/Y
 clkload203/Y
 clkload204/Y
 clkload205/Y
 clkload206/X
 clkload207/Y
 clkload208/Y
 clkload209/Y
 clkload21/X
 clkload210/Y
 clkload211/Y
 clkload212/Y
 clkload213/Y
 clkload214/Y
 clkload215/X
 clkload216/Y
 clkload217/Y
 clkload218/Y
 clkload219/X
 clkload22/Y
 clkload220/Y
 clkload221/Y
 clkload222/Y
 clkload223/Y
 clkload224/Y
 clkload225/X
 clkload226/Y
 clkload227/Y
 clkload228/Y
 clkload229/Y
 clkload23/Y
 clkload230/Y
 clkload231/Y
 clkload232/Y
 clkload233/Y
 clkload234/Y
 clkload235/Y
 clkload236/X
 clkload237/Y
 clkload238/X
 clkload239/Y
 clkload24/Y
 clkload240/Y
 clkload241/Y
 clkload242/Y
 clkload243/Y
 clkload244/Y
 clkload245/Y
 clkload246/Y
 clkload247/Y
 clkload248/Y
 clkload249/Y
 clkload25/Y
 clkload250/Y
 clkload251/Y
 clkload252/X
 clkload253/Y
 clkload254/Y
 clkload255/Y
 clkload256/Y
 clkload257/Y
 clkload258/Y
 clkload259/Y
 clkload26/X
 clkload260/X
 clkload261/Y
 clkload262/Y
 clkload263/Y
 clkload264/Y
 clkload265/Y
 clkload266/Y
 clkload267/Y
 clkload268/Y
 clkload269/Y
 clkload27/Y
 clkload270/Y
 clkload271/Y
 clkload272/Y
 clkload273/Y
 clkload274/Y
 clkload275/X
 clkload276/Y
 clkload277/Y
 clkload278/Y
 clkload279/Y
 clkload28/X
 clkload280/Y
 clkload281/Y
 clkload282/Y
 clkload283/Y
 clkload284/Y
 clkload285/Y
 clkload286/Y
 clkload287/X
 clkload288/Y
 clkload289/Y
 clkload29/Y
 clkload290/Y
 clkload291/Y
 clkload292/Y
 clkload293/Y
 clkload294/Y
 clkload295/Y
 clkload296/Y
 clkload297/Y
 clkload298/X
 clkload299/Y
 clkload3/Y
 clkload30/Y
 clkload300/Y
 clkload301/Y
 clkload302/Y
 clkload303/Y
 clkload304/Y
 clkload305/X
 clkload306/Y
 clkload307/Y
 clkload308/Y
 clkload309/Y
 clkload31/X
 clkload310/Y
 clkload311/Y
 clkload312/Y
 clkload313/Y
 clkload314/Y
 clkload315/Y
 clkload316/Y
 clkload317/Y
 clkload318/Y
 clkload319/Y
 clkload32/X
 clkload320/Y
 clkload321/X
 clkload322/X
 clkload323/Y
 clkload324/Y
 clkload325/Y
 clkload326/X
 clkload327/Y
 clkload328/Y
 clkload329/Y
 clkload33/Y
 clkload330/Y
 clkload331/Y
 clkload332/Y
 clkload333/X
 clkload334/Y
 clkload335/Y
 clkload336/Y
 clkload337/Y
 clkload338/Y
 clkload339/Y
 clkload34/X
 clkload340/Y
 clkload341/Y
 clkload342/Y
 clkload343/Y
 clkload344/Y
 clkload345/Y
 clkload346/Y
 clkload347/Y
 clkload348/Y
 clkload349/Y
 clkload35/X
 clkload350/Y
 clkload351/Y
 clkload352/Y
 clkload353/X
 clkload354/Y
 clkload355/Y
 clkload356/Y
 clkload357/Y
 clkload358/Y
 clkload359/Y
 clkload36/Y
 clkload360/Y
 clkload361/Y
 clkload362/Y
 clkload363/Y
 clkload364/X
 clkload365/X
 clkload366/Y
 clkload367/Y
 clkload368/X
 clkload369/Y
 clkload37/Y
 clkload370/Y
 clkload371/Y
 clkload372/X
 clkload373/Y
 clkload374/Y
 clkload375/X
 clkload376/Y
 clkload377/X
 clkload378/Y
 clkload379/X
 clkload38/Y
 clkload380/Y
 clkload381/Y
 clkload382/Y
 clkload383/Y
 clkload384/Y
 clkload385/Y
 clkload386/X
 clkload387/Y
 clkload388/Y
 clkload389/Y
 clkload39/Y
 clkload390/Y
 clkload391/Y
 clkload392/Y
 clkload393/X
 clkload394/Y
 clkload395/X
 clkload396/Y
 clkload397/Y
 clkload398/Y
 clkload399/Y
 clkload4/X
 clkload40/Y
 clkload400/Y
 clkload401/Y
 clkload402/X
 clkload403/Y
 clkload404/Y
 clkload405/Y
 clkload406/Y
 clkload407/Y
 clkload408/Y
 clkload409/Y
 clkload41/Y
 clkload410/X
 clkload411/Y
 clkload412/Y
 clkload413/Y
 clkload414/Y
 clkload415/Y
 clkload416/X
 clkload417/Y
 clkload418/Y
 clkload419/Y
 clkload42/Y
 clkload420/Y
 clkload421/Y
 clkload422/Y
 clkload423/Y
 clkload424/Y
 clkload425/Y
 clkload426/Y
 clkload427/Y
 clkload428/Y
 clkload429/X
 clkload43/Y
 clkload430/X
 clkload431/Y
 clkload432/Y
 clkload433/Y
 clkload434/Y
 clkload435/Y
 clkload436/Y
 clkload437/Y
 clkload438/X
 clkload439/Y
 clkload44/Y
 clkload440/Y
 clkload441/Y
 clkload442/Y
 clkload443/Y
 clkload444/Y
 clkload445/Y
 clkload446/Y
 clkload447/Y
 clkload448/Y
 clkload449/Y
 clkload45/Y
 clkload450/Y
 clkload451/Y
 clkload452/Y
 clkload453/Y
 clkload454/Y
 clkload455/Y
 clkload456/Y
 clkload457/Y
 clkload458/Y
 clkload459/Y
 clkload46/Y
 clkload460/Y
 clkload461/Y
 clkload462/Y
 clkload463/X
 clkload464/Y
 clkload465/Y
 clkload466/Y
 clkload467/Y
 clkload468/Y
 clkload469/Y
 clkload47/Y
 clkload470/Y
 clkload471/Y
 clkload472/X
 clkload473/Y
 clkload474/Y
 clkload475/Y
 clkload476/Y
 clkload477/Y
 clkload478/Y
 clkload479/X
 clkload48/Y
 clkload480/Y
 clkload481/Y
 clkload482/X
 clkload483/Y
 clkload484/Y
 clkload485/Y
 clkload486/Y
 clkload487/Y
 clkload488/Y
 clkload489/Y
 clkload49/Y
 clkload490/Y
 clkload491/Y
 clkload492/Y
 clkload493/Y
 clkload494/Y
 clkload495/Y
 clkload496/Y
 clkload497/Y
 clkload498/Y
 clkload499/Y
 clkload5/Y
 clkload50/Y
 clkload500/Y
 clkload501/Y
 clkload502/Y
 clkload503/Y
 clkload504/Y
 clkload505/Y
 clkload506/X
 clkload507/Y
 clkload508/Y
 clkload509/Y
 clkload51/Y
 clkload510/Y
 clkload511/Y
 clkload512/Y
 clkload513/Y
 clkload514/X
 clkload515/Y
 clkload516/Y
 clkload517/Y
 clkload518/Y
 clkload519/Y
 clkload52/X
 clkload520/Y
 clkload521/Y
 clkload522/Y
 clkload523/Y
 clkload53/Y
 clkload54/Y
 clkload55/Y
 clkload56/Y
 clkload57/Y
 clkload58/Y
 clkload59/Y
 clkload6/X
 clkload60/Y
 clkload61/Y
 clkload62/Y
 clkload63/Y
 clkload64/Y
 clkload65/Y
 clkload66/X
 clkload67/Y
 clkload68/Y
 clkload69/Y
 clkload7/X
 clkload70/Y
 clkload71/X
 clkload72/X
 clkload73/Y
 clkload74/Y
 clkload75/Y
 clkload76/Y
 clkload77/Y
 clkload78/Y
 clkload79/Y
 clkload8/Y
 clkload80/Y
 clkload81/Y
 clkload82/X
 clkload83/Y
 clkload84/Y
 clkload85/Y
 clkload86/Y
 clkload87/Y
 clkload88/Y
 clkload89/Y
 clkload9/Y
 clkload90/Y
 clkload91/Y
 clkload92/Y
 clkload93/Y
 clkload94/Y
 clkload95/Y
 clkload96/Y
 clkload97/Y
 clkload98/X
 clkload99/Y
Found 0 partially unannotated drivers.

===========================================================================
max slew violation count 601
max fanout violation count 0
max cap violation count 48
============================================================================

===========================================================================
check_setup -verbose -unconstrained_endpoints -multiple_clock -no_clock -no_input_delay -loops -generated_clocks
===========================================================================
