Clock: wclk
Sources: wclk 
Generated: no
Virtual: yes
Propagated: no
Period: 10.000000

===========================================================================
report_clock_properties
============================================================================
Clock                   Period          Waveform
----------------------------------------------------
wclk                 10.000000    0.000000  5.000000

===========================================================================
report_clock_latency
============================================================================
Clock wclk
rise -> rise
    min     max
0.000000 0.000000 source latency
1.901471         network latency _33463_/CLK
        2.287837 network latency _33702_/CLK
---------------
1.901471 2.287837 latency
        0.386366 skew

fall -> fall
    min     max
0.000000 0.000000 source latency
1.635999         network latency _33463_/CLK
        1.992694 network latency _33702_/CLK
---------------
1.635999 1.992694 latency
        0.356695 skew



===========================================================================
report_clock_min_period
============================================================================
wclk period_min = 9.21 fmax = 108.55
Clock: rclk
Sources: rclk 
Generated: no
Virtual: yes
Propagated: no
Period: 25.000000

===========================================================================
report_clock_properties
============================================================================
Clock                   Period          Waveform
----------------------------------------------------
rclk                 25.000000    0.000000 12.500000

===========================================================================
report_clock_latency
============================================================================
Clock rclk
rise -> rise
    min     max
0.000000 0.000000 source latency
0.884070         network latency _33245_/CLK
        0.905141 network latency _33038_/CLK
---------------
0.884070 0.905141 latency
        0.021071 skew

fall -> fall
    min     max
0.000000 0.000000 source latency
0.768398         network latency _33245_/CLK
        0.785981 network latency _33038_/CLK
---------------
0.768398 0.785981 latency
        0.017583 skew



===========================================================================
report_clock_min_period
============================================================================
rclk period_min = 12.82 fmax = 78.01
