
===========================================================================
 report_power
============================================================================
======================= nom_tt_025C_1v80 Corner ===================================

Group                    Internal    Switching      Leakage        Total
                            Power        Power        Power        Power (Watts)
------------------------------------------------------------------------
Sequential           5.027149e-02 7.145878e-03 6.949271e-08 5.741743e-02  43.2%
Combinational        2.438224e-02 2.944533e-02 8.751477e-08 5.382765e-02  40.5%
Clock                9.151516e-03 1.264059e-02 1.276179e-07 2.179223e-02  16.4%
Macro                0.000000e+00 0.000000e+00 0.000000e+00 0.000000e+00   0.0%
Pad                  0.000000e+00 0.000000e+00 0.000000e+00 0.000000e+00   0.0%
------------------------------------------------------------------------
Total                8.380553e-02 4.923175e-02 2.846124e-07 1.330376e-01 100.0%
                            63.0%        37.0%         0.0%

