127. Printing statistics.

=== async_fifo ===

   Number of wires:              17353
   Number of wire bits:          25453
   Number of public wires:         282
   Number of public wire bits:    8382
   Number of ports:                 11
   Number of port bits:             73
   Number of memories:               0
   Number of memory bits:            0
   Number of processes:              0
   Number of cells:              25387
     $_ANDNOT_                     306
     $_MUX_                      16384
     $_NAND_                         7
     $_NOR_                          1
     $_NOT_                         25
     $_ORNOT_                       13
     $_OR_                         303
     $_XNOR_                         8
     $_XOR_                         60
     sky130_fd_sc_hd__dfrtp_2       87
     sky130_fd_sc_hd__dfstp_2        1
     sky130_fd_sc_hd__dfxtp_2     8192

   Area for cell type $_NOT_ is unknown!
   Area for cell type $_NAND_ is unknown!
   Area for cell type $_OR_ is unknown!
   Area for cell type $_NOR_ is unknown!
   Area for cell type $_XOR_ is unknown!
   Area for cell type $_XNOR_ is unknown!
   Area for cell type $_ANDNOT_ is unknown!
   Area for cell type $_ORNOT_ is unknown!
   Area for cell type $_MUX_ is unknown!

   Chip area for module '\async_fifo': 176559.334400
     of which used for sequential elements: 176559.334400 (100.00%)

