121. Printing statistics.

=== async_fifo ===

   Number of wires:               9129
   Number of wire bits:          17229
   Number of public wires:         282
   Number of public wire bits:    8382
   Number of ports:                 11
   Number of port bits:             73
   Number of memories:               0
   Number of memory bits:            0
   Number of processes:              0
   Number of cells:              17163
     $_ANDNOT_                     306
     $_DFFE_PN0N_                   32
     $_DFFE_PP_                   8192
     $_DFF_PN0_                     55
     $_DFF_PN1_                      1
     $_MUX_                       8160
     $_NAND_                         7
     $_NOR_                          1
     $_NOT_                         25
     $_ORNOT_                       13
     $_OR_                         303
     $_XNOR_                         8
     $_XOR_                         60

   Area for cell type $_NOT_ is unknown!
   Area for cell type $_NAND_ is unknown!
   Area for cell type $_OR_ is unknown!
   Area for cell type $_NOR_ is unknown!
   Area for cell type $_XOR_ is unknown!
   Area for cell type $_XNOR_ is unknown!
   Area for cell type $_ANDNOT_ is unknown!
   Area for cell type $_ORNOT_ is unknown!
   Area for cell type $_MUX_ is unknown!
   Area for cell type $_DFFE_PP_ is unknown!
   Area for cell type $_DFF_PN0_ is unknown!
   Area for cell type $_DFF_PN1_ is unknown!
   Area for cell type $_DFFE_PN0N_ is unknown!

