135. Printing statistics.

=== async_fifo ===

   Number of wires:              22440
   Number of wire bits:          22502
   Number of public wires:        8293
   Number of public wire bits:    8355
   Number of ports:                 11
   Number of port bits:             73
   Number of memories:               0
   Number of memory bits:            0
   Number of processes:              0
   Number of cells:              22463
     sky130_fd_sc_hd__a2111o_2       1
     sky130_fd_sc_hd__a211o_2       33
     sky130_fd_sc_hd__a211oi_2      30
     sky130_fd_sc_hd__a21o_2       522
     sky130_fd_sc_hd__a21oi_2       35
     sky130_fd_sc_hd__a221o_2      191
     sky130_fd_sc_hd__a22o_2         2
     sky130_fd_sc_hd__a2bb2o_2       2
     sky130_fd_sc_hd__a311o_2      115
     sky130_fd_sc_hd__a31o_2         1
     sky130_fd_sc_hd__a32o_2        31
     sky130_fd_sc_hd__and2_2       280
     sky130_fd_sc_hd__and2b_2        1
     sky130_fd_sc_hd__and3_2         3
     sky130_fd_sc_hd__and3b_2       16
     sky130_fd_sc_hd__and4_2         1
     sky130_fd_sc_hd__dfrtp_2       87
     sky130_fd_sc_hd__dfstp_2        1
     sky130_fd_sc_hd__dfxtp_2     8192
     sky130_fd_sc_hd__inv_2         15
     sky130_fd_sc_hd__mux2_1      9433
     sky130_fd_sc_hd__mux4_2      1606
     sky130_fd_sc_hd__nand2_2       43
     sky130_fd_sc_hd__nand2b_2       6
     sky130_fd_sc_hd__nand4_2        1
     sky130_fd_sc_hd__nor2_2       270
     sky130_fd_sc_hd__o211a_2      124
     sky130_fd_sc_hd__o21a_2       282
     sky130_fd_sc_hd__o21ai_2       96
     sky130_fd_sc_hd__o21ba_2        3
     sky130_fd_sc_hd__o221a_2      321
     sky130_fd_sc_hd__o221ai_2       1
     sky130_fd_sc_hd__o22a_2        31
     sky130_fd_sc_hd__o2bb2ai_2      1
     sky130_fd_sc_hd__o311a_2       82
     sky130_fd_sc_hd__o311ai_2       1
     sky130_fd_sc_hd__o31a_2        29
     sky130_fd_sc_hd__or2_2        477
     sky130_fd_sc_hd__or3_2         45
     sky130_fd_sc_hd__or4_2          5
     sky130_fd_sc_hd__or4b_2         2
     sky130_fd_sc_hd__xnor2_2       31
     sky130_fd_sc_hd__xor2_2        14

   Chip area for module '\async_fifo': 346662.476800
     of which used for sequential elements: 176559.334400 (50.93%)

