Clock: wclk
Sources: wclk 
Generated: no
Virtual: yes
Propagated: no
Period: 10.000000

===========================================================================
report_clock_properties
============================================================================
Clock                   Period          Waveform
----------------------------------------------------
wclk                 10.000000    0.000000  5.000000

===========================================================================
report_clock_latency
============================================================================
Clock wclk
rise -> rise
    min     max
0.000000 0.000000 source latency
0.857645         network latency _33463_/CLK
        1.058234 network latency _32936_/CLK
---------------
0.857645 1.058234 latency
        0.200589 skew

fall -> fall
    min     max
0.000000 0.000000 source latency
0.774724         network latency _33463_/CLK
        0.961455 network latency _32936_/CLK
---------------
0.774724 0.961455 latency
        0.186731 skew



===========================================================================
report_clock_min_period
============================================================================
wclk period_min = 4.09 fmax = 244.47
Clock: rclk
Sources: rclk 
Generated: no
Virtual: yes
Propagated: no
Period: 25.000000

===========================================================================
report_clock_properties
============================================================================
Clock                   Period          Waveform
----------------------------------------------------
rclk                 25.000000    0.000000 12.500000

===========================================================================
report_clock_latency
============================================================================
Clock rclk
rise -> rise
    min     max
0.000000 0.000000 source latency
0.413867         network latency _33244_/CLK
        0.420338 network latency _33038_/CLK
---------------
0.413867 0.420338 latency
        0.006472 skew

fall -> fall
    min     max
0.000000 0.000000 source latency
0.377440         network latency _33244_/CLK
        0.382737 network latency _33038_/CLK
---------------
0.377440 0.382737 latency
        0.005297 skew



===========================================================================
report_clock_min_period
============================================================================
rclk period_min = 5.79 fmax = 172.72
