┏━━━━━━━┳━━━━━━━━━┳━━━━━━━━━━┳━━━━━━━━━┳━━━━━━━━━━━━━━━━━┳━━━━━━━┓
┃ P / R ┃ Partial ┃ Required ┃ Net     ┃ Pin             ┃ Layer ┃
┡━━━━━━━╇━━━━━━━━━╇━━━━━━━━━━╇━━━━━━━━━╇━━━━━━━━━━━━━━━━━╇━━━━━━━┩
│ 4.62  │ 1847.83 │ 400.00   │ net244  │ _25114_/A1      │ met1  │
│ 3.67  │ 1467.94 │ 400.00   │ net240  │ _18794_/A0      │ met1  │
│ 3.56  │ 1424.17 │ 400.00   │ net247  │ _27783_/A1      │ met1  │
│ 2.55  │ 1020.71 │ 400.00   │ net29   │ _18629_/A0      │ met1  │
│ 2.51  │ 1004.03 │ 400.00   │ _11785_ │ _22412_/B       │ met2  │
│ 2.13  │ 852.07  │ 400.00   │ _11529_ │ _22153_/B1      │ met3  │
│ 2.13  │ 850.17  │ 400.00   │ net11   │ _26276_/A0      │ met1  │
│ 2.13  │ 850.17  │ 400.00   │ net11   │ _26342_/A0      │ met1  │
│ 2.11  │ 843.28  │ 400.00   │ net253  │ _26686_/A0      │ met1  │
│ 2.11  │ 843.28  │ 400.00   │ net253  │ _26752_/A1      │ met1  │
│ 1.91  │ 765.80  │ 400.00   │ wclk    │ clkbuf_0_wclk/A │ met4  │
│ 1.84  │ 5441.14 │ 2956.40  │ _11265_ │ _21889_/B       │ met4  │
│ 1.77  │ 709.01  │ 400.00   │ net86   │ _21997_/C1      │ met1  │
│ 1.74  │ 694.25  │ 400.00   │ net275  │ _18744_/A1      │ met1  │
│ 1.74  │ 694.25  │ 400.00   │ net275  │ _27629_/A0      │ met1  │
│ 1.68  │ 671.96  │ 400.00   │ net260  │ _17531_/A0      │ met1  │
│ 1.68  │ 671.96  │ 400.00   │ net260  │ _17729_/A1      │ met1  │
│ 1.68  │ 671.96  │ 400.00   │ net260  │ _17828_/A0      │ met1  │
│ 1.64  │ 4564.95 │ 2778.20  │ _12307_ │ _22935_/C       │ met4  │
│ 1.58  │ 632.86  │ 400.00   │ net261  │ _16837_/A1      │ met1  │
│ 1.58  │ 632.86  │ 400.00   │ net261  │ _16903_/A0      │ met1  │
│ 1.55  │ 621.27  │ 400.00   │ _10053_ │ _20670_/B       │ met1  │
│ 1.53  │ 610.34  │ 400.00   │ net59   │ output59/A      │ met3  │
│ 1.52  │ 609.18  │ 400.00   │ _08367_ │ _17504_/A       │ met2  │
│ 1.52  │ 4223.24 │ 2778.20  │ _10747_ │ _21366_/C       │ met4  │
│ 1.45  │ 4039.24 │ 2778.20  │ _08845_ │ _19453_/C       │ met4  │
│ 1.45  │ 4039.24 │ 2778.20  │ _10573_ │ _21193_/B       │ met4  │
│ 1.45  │ 580.26  │ 400.00   │ net235  │ _16990_/A0      │ met1  │
│ 1.45  │ 580.26  │ 400.00   │ net235  │ _18342_/A0      │ met1  │
│ 1.45  │ 580.26  │ 400.00   │ net235  │ _24690_/A0      │ met1  │
│ 1.45  │ 580.26  │ 400.00   │ net235  │ _26702_/A1      │ met1  │
│ 1.44  │ 574.01  │ 400.00   │ _10857_ │ _21538_/A3      │ met1  │
│ 1.39  │ 557.67  │ 400.00   │ _11444_ │ _22077_/C       │ met1  │
│ 1.38  │ 550.64  │ 400.00   │ _08329_ │ _17801_/A       │ met2  │
│ 1.38  │ 550.30  │ 400.00   │ _08352_ │ _18793_/A       │ met2  │
│ 1.36  │ 543.39  │ 400.00   │ net6    │ _14965_/A1      │ met1  │
│ 1.35  │ 538.72  │ 400.00   │ net14   │ _14589_/A1      │ met1  │
│ 1.35  │ 538.72  │ 400.00   │ net14   │ _15108_/A1      │ met1  │
│ 1.33  │ 3688.76 │ 2778.20  │ _12479_ │ _23108_/C       │ met4  │
│ 1.33  │ 530.66  │ 400.00   │ _08673_ │ _19283_/A2      │ met2  │
│ 1.31  │ 522.18  │ 400.00   │ net239  │ _16181_/A0      │ met1  │
│ 1.30  │ 3601.14 │ 2778.20  │ _11093_ │ _21714_/C       │ met4  │
│ 1.28  │ 513.67  │ 400.00   │ net251  │ _17371_/A1      │ met1  │
│ 1.27  │ 506.68  │ 400.00   │ net71   │ output71/A      │ met3  │
│ 1.23  │ 493.72  │ 400.00   │ net70   │ output70/A      │ met3  │
│ 1.23  │ 492.95  │ 400.00   │ _08352_ │ _17998_/A       │ met3  │
│ 1.23  │ 492.95  │ 400.00   │ _08352_ │ _26523_/A       │ met3  │
│ 1.22  │ 487.37  │ 400.00   │ net237  │ _14309_/A0      │ met1  │
│ 1.22  │ 487.37  │ 400.00   │ net237  │ _15664_/A1      │ met1  │
│ 1.18  │ 472.11  │ 400.00   │ _11530_ │ _22154_/B1      │ met2  │
│ 1.18  │ 470.72  │ 400.00   │ _08374_ │ _17075_/A       │ met3  │
│ 1.18  │ 470.72  │ 400.00   │ _08374_ │ _17768_/A       │ met3  │
│ 1.18  │ 470.72  │ 400.00   │ _08374_ │ _25204_/A       │ met3  │
│ 1.18  │ 470.72  │ 400.00   │ _08374_ │ _25732_/B       │ met3  │
│ 1.17  │ 467.78  │ 400.00   │ net270  │ _16582_/A0      │ met1  │
│ 1.17  │ 467.78  │ 400.00   │ net270  │ _17638_/A0      │ met1  │
│ 1.15  │ 459.53  │ 400.00   │ _12587_ │ _23279_/B1      │ met1  │
│ 1.14  │ 455.68  │ 400.00   │ _09830_ │ _20494_/A2      │ met1  │
│ 1.14  │ 454.44  │ 400.00   │ net240  │ _16680_/A1      │ met1  │
│ 1.14  │ 454.44  │ 400.00   │ net240  │ _17999_/A0      │ met1  │
│ 1.13  │ 452.56  │ 400.00   │ net262  │ _14945_/A1      │ met1  │
│ 1.13  │ 452.56  │ 400.00   │ net262  │ _18585_/A1      │ met1  │
│ 1.12  │ 448.36  │ 400.00   │ _08357_ │ _25072_/A       │ met3  │
│ 1.12  │ 448.36  │ 400.00   │ _08357_ │ _25600_/B       │ met3  │
│ 1.11  │ 445.93  │ 400.00   │ _10350_ │ _21014_/A2      │ met1  │
│ 1.11  │ 443.84  │ 400.00   │ _09252_ │ _19887_/B1      │ met1  │
│ 1.10  │ 440.03  │ 400.00   │ net238  │ _16591_/A0      │ met1  │
│ 1.10  │ 440.03  │ 400.00   │ net238  │ _17713_/A1      │ met1  │
│ 1.10  │ 438.48  │ 400.00   │ _10400_ │ _21017_/B1      │ met1  │
│ 1.09  │ 436.78  │ 400.00   │ net30   │ _16152_/A1      │ met1  │
│ 1.04  │ 417.50  │ 400.00   │ _11723_ │ _22410_/B1      │ met1  │
│ 1.04  │ 3075.43 │ 2956.40  │ _11785_ │ _22412_/B       │ met4  │
│ 1.04  │ 414.13  │ 400.00   │ _08360_ │ _17108_/A       │ met1  │
│ 1.03  │ 412.61  │ 400.00   │ net246  │ _14960_/A1      │ met1  │
│ 1.03  │ 412.61  │ 400.00   │ net246  │ _15857_/A1      │ met1  │
│ 1.01  │ 405.28  │ 400.00   │ _11107_ │ _21729_/A_N     │ met1  │
│ 1.00  │ 400.97  │ 400.00   │ net32   │ _17643_/A0      │ met1  │
│ 1.00  │ 400.97  │ 400.00   │ net32   │ _18434_/A1      │ met1  │
└───────┴─────────┴──────────┴─────────┴─────────────────┴───────┘
