
Magic 8.3 revision 489 - Compiled on Thu Aug 22 13:45:15 UTC 2024.
Starting magic under Tcl interpreter
Using the terminal as the console.
Using NULL graphics device.
Processing system .magicrc file
Sourcing design .magicrc for technology sky130A ...
2 Magic internal units = 1 Lambda
Input style sky130(): scaleFactor=2, multiplier=2
The following types are not handled by extraction and will be treated as non-electrical types:
    ubm 
Scaled tech values by 2 / 1 to match internal grid scaling
Loading sky130A Device Generator Menu ...
Loading "/nix/store/h0ldzjka94yryiq8yxbxmwargpnmwhx6-python3-3.11.9-env/lib/python3.11/site-packages/openlane/scripts/magic/wrapper.tcl" from command line.
> lef read /home/jaikrishn/.volare/volare/sky130/versions/0fe599b2afb6708d281543108caf8310912f54af/sky130A/libs.ref/sky130_fd_sc_hd/techlef/sky130_fd_sc_hd__nom.tlef
Reading LEF data from file /home/jaikrishn/.volare/volare/sky130/versions/0fe599b2afb6708d281543108caf8310912f54af/sky130A/libs.ref/sky130_fd_sc_hd/techlef/sky130_fd_sc_hd__nom.tlef.
This action cannot be undone.
LEF read, Line 82 (Message): Unknown keyword "ANTENNAMODEL" in LEF file; ignoring.
LEF read, Line 83 (Message): Unknown keyword "ANTENNADIFFSIDEAREARATIO" in LEF file; ignoring.
LEF read, Line 116 (Message): Unknown keyword "MINENCLOSEDAREA" in LEF file; ignoring.
LEF read, Line 118 (Message): Unknown keyword "ANTENNAMODEL" in LEF file; ignoring.
LEF read, Line 119 (Message): Unknown keyword "ANTENNADIFFSIDEAREARATIO" in LEF file; ignoring.
LEF read, Line 125 (Message): Unknown keyword "MAXIMUMDENSITY" in LEF file; ignoring.
LEF read, Line 126 (Message): Unknown keyword "DENSITYCHECKWINDOW" in LEF file; ignoring.
LEF read, Line 127 (Message): Unknown keyword "DENSITYCHECKSTEP" in LEF file; ignoring.
LEF read, Line 160 (Message): Unknown keyword "MINENCLOSEDAREA" in LEF file; ignoring.
LEF read, Line 168 (Message): Unknown keyword "ANTENNAMODEL" in LEF file; ignoring.
LEF read, Line 169 (Message): Unknown keyword "ANTENNADIFFSIDEAREARATIO" in LEF file; ignoring.
LEF read, Line 171 (Message): Unknown keyword "MAXIMUMDENSITY" in LEF file; ignoring.
LEF read, Line 172 (Message): Unknown keyword "DENSITYCHECKWINDOW" in LEF file; ignoring.
LEF read, Line 173 (Message): Unknown keyword "DENSITYCHECKSTEP" in LEF file; ignoring.
LEF read, Line 210 (Message): Unknown keyword "ANTENNAMODEL" in LEF file; ignoring.
LEF read, Line 211 (Message): Unknown keyword "ANTENNADIFFSIDEAREARATIO" in LEF file; ignoring.
LEF read, Line 213 (Message): Unknown keyword "MAXIMUMDENSITY" in LEF file; ignoring.
LEF read, Line 214 (Message): Unknown keyword "DENSITYCHECKWINDOW" in LEF file; ignoring.
LEF read, Line 215 (Message): Unknown keyword "DENSITYCHECKSTEP" in LEF file; ignoring.
LEF read, Line 252 (Message): Unknown keyword "ANTENNAMODEL" in LEF file; ignoring.
LEF read, Line 253 (Message): Unknown keyword "ANTENNADIFFSIDEAREARATIO" in LEF file; ignoring.
LEF read, Line 255 (Message): Unknown keyword "MAXIMUMDENSITY" in LEF file; ignoring.
LEF read, Line 256 (Message): Unknown keyword "DENSITYCHECKWINDOW" in LEF file; ignoring.
LEF read, Line 257 (Message): Unknown keyword "DENSITYCHECKSTEP" in LEF file; ignoring.
LEF read, Line 294 (Message): Unknown keyword "ANTENNAMODEL" in LEF file; ignoring.
LEF read, Line 295 (Message): Unknown keyword "ANTENNADIFFSIDEAREARATIO" in LEF file; ignoring.
LEF read: Processed 801 lines.
> lef read /home/jaikrishn/.volare/volare/sky130/versions/0fe599b2afb6708d281543108caf8310912f54af/sky130A/libs.ref/sky130_fd_sc_hd/lef/sky130_fd_sc_hd.lef
Reading LEF data from file /home/jaikrishn/.volare/volare/sky130/versions/0fe599b2afb6708d281543108caf8310912f54af/sky130A/libs.ref/sky130_fd_sc_hd/lef/sky130_fd_sc_hd.lef.
This action cannot be undone.
LEF read: Processed 56536 lines.
> lef read /home/jaikrishn/.volare/volare/sky130/versions/0fe599b2afb6708d281543108caf8310912f54af/sky130A/libs.ref/sky130_fd_sc_hd/lef/sky130_ef_sc_hd.lef
Reading LEF data from file /home/jaikrishn/.volare/volare/sky130/versions/0fe599b2afb6708d281543108caf8310912f54af/sky130A/libs.ref/sky130_fd_sc_hd/lef/sky130_ef_sc_hd.lef.
This action cannot be undone.
LEF read: Processed 278 lines.
> def read /home/jaikrishn/Documents/hardware/true_port_BRAM/runs/RUN_2026-08-30_16-22-44/52-odb-cellfrequencytables/async_fifo.def -noblockage -labels
Reading DEF data from file /home/jaikrishn/Documents/hardware/true_port_BRAM/runs/RUN_2026-08-30_16-22-44/52-odb-cellfrequencytables/async_fifo.def.
This action cannot be undone.
  Processed 4 vias total.
  Processed 198820 subcell instances total.
  Processed 75 pins total.
  Processed 2 special nets total.
  Processed 23426 nets total.
DEF read: Processed 636448 lines.
Moving label "_00004_" from metal1 to via1 in cell async_fifo.
Moving label "_00014_" from metal1 to via1 in cell async_fifo.
Moving label "_00015_" from metal1 to via1 in cell async_fifo.
Moving label "_00019_" from metal1 to via1 in cell async_fifo.
Moving label "_00044_" from metal1 to via1 in cell async_fifo.
Moving label "_00050_" from metal1 to via1 in cell async_fifo.
Moving label "_00064_" from metal1 to via1 in cell async_fifo.
Moving label "_00065_" from metal1 to via1 in cell async_fifo.
Moving label "_00068_" from metal1 to via1 in cell async_fifo.
Moving label "_00069_" from metal1 to via1 in cell async_fifo.
Moving label "_00079_" from metal1 to viali in cell async_fifo.
Moving label "_00094_" from metal1 to via1 in cell async_fifo.
Moving label "_00111_" from metal1 to via1 in cell async_fifo.
Moving label "_00128_" from metal1 to via1 in cell async_fifo.
Moving label "_00129_" from metal1 to via1 in cell async_fifo.
Moving label "_00132_" from metal1 to via1 in cell async_fifo.
Moving label "_00164_" from metal1 to via1 in cell async_fifo.
Moving label "_00169_" from metal1 to via1 in cell async_fifo.
Moving label "_00170_" from metal1 to viali in cell async_fifo.
Moving label "_00172_" from metal1 to via1 in cell async_fifo.
Moving label "_00176_" from metal1 to via1 in cell async_fifo.
Moving label "_00186_" from metal1 to via1 in cell async_fifo.
Moving label "_00219_" from metal1 to via1 in cell async_fifo.
Moving label "_00220_" from metal1 to via1 in cell async_fifo.
Moving label "_00221_" from metal1 to via1 in cell async_fifo.
Moving label "_00227_" from metal1 to via1 in cell async_fifo.
Moving label "_00241_" from metal1 to via1 in cell async_fifo.
Moving label "_00251_" from metal1 to via1 in cell async_fifo.
Moving label "_00256_" from metal1 to via1 in cell async_fifo.
Moving label "_00274_" from metal1 to via1 in cell async_fifo.
Moving label "_00283_" from metal1 to via1 in cell async_fifo.
Moving label "_00297_" from metal1 to via1 in cell async_fifo.
Moving label "_00298_" from metal1 to via1 in cell async_fifo.
Moving label "_00299_" from metal1 to via1 in cell async_fifo.
Moving label "_00306_" from metal1 to via1 in cell async_fifo.
Moving label "_00310_" from metal1 to via1 in cell async_fifo.
Moving label "_00311_" from metal1 to via1 in cell async_fifo.
Moving label "_00316_" from metal1 to via1 in cell async_fifo.
Moving label "_00318_" from metal1 to via1 in cell async_fifo.
Moving label "_00328_" from metal1 to via1 in cell async_fifo.
Moving label "_00339_" from metal1 to via1 in cell async_fifo.
Moving label "_00340_" from metal1 to via1 in cell async_fifo.
Moving label "_00350_" from metal1 to via1 in cell async_fifo.
Moving label "_00352_" from metal1 to via1 in cell async_fifo.
Moving label "_00356_" from metal1 to via1 in cell async_fifo.
Moving label "_00359_" from metal1 to via1 in cell async_fifo.
Moving label "_00369_" from metal1 to via1 in cell async_fifo.
Moving label "_00401_" from metal1 to via1 in cell async_fifo.
Moving label "_00444_" from metal1 to via1 in cell async_fifo.
Moving label "_00460_" from metal1 to via1 in cell async_fifo.
Moving label "_00467_" from metal1 to via1 in cell async_fifo.
Moving label "_00470_" from metal1 to via1 in cell async_fifo.
Moving label "_00487_" from metal1 to viali in cell async_fifo.
Moving label "_00489_" from metal1 to viali in cell async_fifo.
Moving label "_00496_" from metal1 to via1 in cell async_fifo.
Moving label "_00500_" from metal1 to via1 in cell async_fifo.
Moving label "_00502_" from metal1 to via1 in cell async_fifo.
Moving label "_00510_" from metal1 to via1 in cell async_fifo.
Moving label "_00517_" from metal1 to via1 in cell async_fifo.
Moving label "_00530_" from metal1 to via1 in cell async_fifo.
Moving label "_00557_" from metal1 to via1 in cell async_fifo.
Moving label "_00559_" from metal1 to via1 in cell async_fifo.
Moving label "_00561_" from metal1 to via1 in cell async_fifo.
Moving label "_00568_" from metal1 to via1 in cell async_fifo.
Moving label "_00572_" from metal1 to via1 in cell async_fifo.
Moving label "_00574_" from metal1 to via1 in cell async_fifo.
Moving label "_00576_" from metal1 to via1 in cell async_fifo.
Moving label "_00581_" from metal1 to viali in cell async_fifo.
Moving label "_00598_" from metal1 to via1 in cell async_fifo.
Moving label "_00630_" from metal1 to via1 in cell async_fifo.
Moving label "_00637_" from metal1 to via1 in cell async_fifo.
Moving label "_00647_" from metal1 to via1 in cell async_fifo.
Moving label "_00655_" from metal1 to via1 in cell async_fifo.
Moving label "_00669_" from metal1 to via1 in cell async_fifo.
Moving label "_00670_" from metal1 to via1 in cell async_fifo.
Moving label "_00697_" from metal1 to via1 in cell async_fifo.
Moving label "_00704_" from metal1 to via1 in cell async_fifo.
Moving label "_00719_" from metal1 to via1 in cell async_fifo.
Moving label "_00722_" from metal1 to via1 in cell async_fifo.
Moving label "_00735_" from metal1 to via1 in cell async_fifo.
Moving label "_00743_" from metal1 to via1 in cell async_fifo.
Moving label "_00769_" from metal1 to viali in cell async_fifo.
Moving label "_00780_" from metal1 to via1 in cell async_fifo.
Moving label "_00786_" from metal1 to via1 in cell async_fifo.
Moving label "_00787_" from metal1 to via1 in cell async_fifo.
Moving label "_00803_" from metal1 to via1 in cell async_fifo.
Moving label "_00807_" from metal1 to via1 in cell async_fifo.
Moving label "_00818_" from metal1 to via1 in cell async_fifo.
Moving label "_00820_" from metal1 to via1 in cell async_fifo.
Moving label "_00829_" from metal1 to viali in cell async_fifo.
Moving label "_00838_" from metal1 to via1 in cell async_fifo.
Moving label "_00840_" from metal1 to via1 in cell async_fifo.
Moving label "_00844_" from metal1 to via1 in cell async_fifo.
Moving label "_00856_" from metal1 to via1 in cell async_fifo.
Moving label "_00875_" from metal1 to via1 in cell async_fifo.
Moving label "_00905_" from metal1 to via1 in cell async_fifo.
Moving label "_00921_" from metal1 to via1 in cell async_fifo.
Moving label "_00924_" from metal1 to via1 in cell async_fifo.
Moving label "_00942_" from metal1 to via1 in cell async_fifo.
Moving label "_00944_" from metal1 to via1 in cell async_fifo.
Moving label "_00945_" from metal1 to via1 in cell async_fifo.
Moving label "_00947_" from metal1 to via1 in cell async_fifo.
Moving label "_00948_" from metal1 to via1 in cell async_fifo.
Moving label "_00949_" from metal1 to via1 in cell async_fifo.
Moving label "_00957_" from metal1 to via1 in cell async_fifo.
Moving label "_00960_" from metal1 to via1 in cell async_fifo.
Moving label "_00972_" from metal1 to via1 in cell async_fifo.
Moving label "_00982_" from metal1 to via1 in cell async_fifo.
Moving label "_00986_" from metal1 to via1 in cell async_fifo.
Moving label "_00994_" from metal1 to via1 in cell async_fifo.
Moving label "_00995_" from metal1 to via1 in cell async_fifo.
Moving label "_01000_" from metal1 to via1 in cell async_fifo.
Moving label "_01001_" from metal1 to via1 in cell async_fifo.
Moving label "_01029_" from metal1 to via1 in cell async_fifo.
Moving label "_01034_" from metal1 to via1 in cell async_fifo.
Moving label "_01044_" from metal1 to via1 in cell async_fifo.
Moving label "_01048_" from metal1 to viali in cell async_fifo.
Moving label "_01063_" from metal1 to via1 in cell async_fifo.
Moving label "_01065_" from metal1 to via1 in cell async_fifo.
Moving label "_01068_" from metal1 to via1 in cell async_fifo.
Moving label "_01071_" from metal1 to via1 in cell async_fifo.
Moving label "_01073_" from metal1 to via1 in cell async_fifo.
Moving label "_01079_" from metal1 to via1 in cell async_fifo.
Moving label "_01087_" from metal1 to via1 in cell async_fifo.
Moving label "_01089_" from metal1 to via1 in cell async_fifo.
Moving label "_01093_" from metal1 to via1 in cell async_fifo.
Moving label "_01110_" from metal1 to via1 in cell async_fifo.
Moving label "_01113_" from metal1 to via1 in cell async_fifo.
Moving label "_01115_" from metal1 to via1 in cell async_fifo.
Moving label "_01116_" from metal1 to via1 in cell async_fifo.
Moving label "_01135_" from metal1 to via1 in cell async_fifo.
Moving label "_01143_" from metal1 to via1 in cell async_fifo.
Moving label "_01155_" from metal1 to via1 in cell async_fifo.
Moving label "_01173_" from metal1 to via1 in cell async_fifo.
Moving label "_01202_" from metal1 to via1 in cell async_fifo.
Moving label "_01205_" from metal1 to via1 in cell async_fifo.
Moving label "_01206_" from metal1 to viali in cell async_fifo.
Moving label "_01212_" from metal1 to via1 in cell async_fifo.
Moving label "_01216_" from metal1 to via1 in cell async_fifo.
Moving label "_01221_" from metal1 to via1 in cell async_fifo.
Moving label "_01222_" from metal1 to via1 in cell async_fifo.
Moving label "_01226_" from metal1 to via1 in cell async_fifo.
Moving label "_01235_" from metal1 to via1 in cell async_fifo.
Moving label "_01236_" from metal1 to via1 in cell async_fifo.
Moving label "_01260_" from metal1 to via1 in cell async_fifo.
Moving label "_01279_" from metal1 to via1 in cell async_fifo.
Moving label "_01287_" from metal1 to via1 in cell async_fifo.
Moving label "_01291_" from metal1 to via1 in cell async_fifo.
Moving label "_01293_" from metal1 to via1 in cell async_fifo.
Moving label "_01331_" from metal1 to via1 in cell async_fifo.
Moving label "_01341_" from metal1 to via1 in cell async_fifo.
Moving label "_01371_" from metal1 to via1 in cell async_fifo.
Moving label "_01372_" from metal1 to via1 in cell async_fifo.
Moving label "_01385_" from metal1 to via1 in cell async_fifo.
Moving label "_01397_" from metal1 to via1 in cell async_fifo.
Moving label "_01411_" from metal1 to via1 in cell async_fifo.
Moving label "_01422_" from metal1 to via1 in cell async_fifo.
Moving label "_01423_" from metal1 to via1 in cell async_fifo.
Moving label "_01440_" from metal1 to via1 in cell async_fifo.
Moving label "_01458_" from metal1 to via1 in cell async_fifo.
Moving label "_01469_" from metal1 to via1 in cell async_fifo.
Moving label "_01475_" from metal1 to via1 in cell async_fifo.
Moving label "_01476_" from metal1 to via1 in cell async_fifo.
Moving label "_01489_" from metal1 to via1 in cell async_fifo.
Moving label "_01492_" from metal1 to via1 in cell async_fifo.
Moving label "_01500_" from metal1 to via1 in cell async_fifo.
Moving label "_01502_" from metal1 to via1 in cell async_fifo.
Moving label "_01506_" from metal1 to via1 in cell async_fifo.
Moving label "_01508_" from metal1 to via1 in cell async_fifo.
Moving label "_01509_" from metal1 to via1 in cell async_fifo.
Moving label "_01538_" from metal1 to via1 in cell async_fifo.
Moving label "_01550_" from metal1 to via1 in cell async_fifo.
Moving label "_01554_" from metal1 to via1 in cell async_fifo.
Moving label "_01568_" from metal1 to via1 in cell async_fifo.
Moving label "_01572_" from metal1 to via1 in cell async_fifo.
Moving label "_01575_" from metal1 to via1 in cell async_fifo.
Moving label "_01577_" from metal1 to via1 in cell async_fifo.
Moving label "_01584_" from metal1 to via1 in cell async_fifo.
Moving label "_01586_" from metal1 to via1 in cell async_fifo.
Moving label "_01588_" from metal1 to via1 in cell async_fifo.
Moving label "_01626_" from metal1 to via1 in cell async_fifo.
Moving label "_01640_" from metal1 to via1 in cell async_fifo.
Moving label "_01641_" from metal1 to via1 in cell async_fifo.
Moving label "_01659_" from metal1 to via1 in cell async_fifo.
Moving label "_01676_" from metal1 to via1 in cell async_fifo.
Moving label "_01692_" from metal1 to via1 in cell async_fifo.
Moving label "_01697_" from metal1 to via1 in cell async_fifo.
Moving label "_01704_" from metal1 to via1 in cell async_fifo.
Moving label "_01706_" from metal1 to via1 in cell async_fifo.
Moving label "_01711_" from metal1 to via1 in cell async_fifo.
Moving label "_01712_" from metal1 to via1 in cell async_fifo.
Moving label "_01713_" from metal1 to via1 in cell async_fifo.
Moving label "_01716_" from metal1 to via1 in cell async_fifo.
Moving label "_01719_" from metal1 to via1 in cell async_fifo.
Moving label "_01722_" from metal1 to via1 in cell async_fifo.
Moving label "_01724_" from metal1 to via1 in cell async_fifo.
Moving label "_01728_" from metal1 to via1 in cell async_fifo.
Moving label "_01729_" from metal1 to via1 in cell async_fifo.
Moving label "_01732_" from metal1 to via1 in cell async_fifo.
Moving label "_01735_" from metal1 to via1 in cell async_fifo.
Moving label "_01749_" from metal1 to via1 in cell async_fifo.
Moving label "_01761_" from metal1 to via1 in cell async_fifo.
Moving label "_01783_" from metal1 to via1 in cell async_fifo.
Moving label "_01795_" from metal1 to via1 in cell async_fifo.
Moving label "_01801_" from metal1 to via1 in cell async_fifo.
Moving label "_01804_" from metal1 to via1 in cell async_fifo.
Moving label "_01808_" from metal1 to via1 in cell async_fifo.
Moving label "_01812_" from metal1 to via1 in cell async_fifo.
Moving label "_01813_" from metal1 to via1 in cell async_fifo.
Moving label "_01816_" from metal1 to via1 in cell async_fifo.
Moving label "_01817_" from metal1 to via1 in cell async_fifo.
Moving label "_01823_" from metal1 to via1 in cell async_fifo.
Moving label "_01872_" from metal1 to via1 in cell async_fifo.
Moving label "_01880_" from metal1 to viali in cell async_fifo.
Moving label "_01882_" from metal1 to via1 in cell async_fifo.
Moving label "_01888_" from metal1 to via1 in cell async_fifo.
Moving label "_01932_" from metal1 to via1 in cell async_fifo.
Moving label "_01942_" from metal1 to via1 in cell async_fifo.
Moving label "_01943_" from metal1 to via1 in cell async_fifo.
Moving label "_01968_" from metal1 to via1 in cell async_fifo.
Moving label "_01976_" from metal1 to via1 in cell async_fifo.
Moving label "_01998_" from metal1 to via1 in cell async_fifo.
Moving label "_02023_" from metal1 to via1 in cell async_fifo.
Moving label "_02026_" from metal1 to via1 in cell async_fifo.
Moving label "_02028_" from metal1 to via1 in cell async_fifo.
Moving label "_02029_" from metal1 to viali in cell async_fifo.
Moving label "_02033_" from metal1 to via1 in cell async_fifo.
Moving label "_02039_" from metal1 to via1 in cell async_fifo.
Moving label "_02049_" from metal1 to via1 in cell async_fifo.
Moving label "_02050_" from metal1 to via1 in cell async_fifo.
Moving label "_02052_" from metal1 to via1 in cell async_fifo.
Moving label "_02064_" from metal1 to viali in cell async_fifo.
Moving label "_02077_" from metal1 to via1 in cell async_fifo.
Moving label "_02099_" from metal1 to via1 in cell async_fifo.
Moving label "_02115_" from metal1 to via1 in cell async_fifo.
Moving label "_02140_" from metal1 to via1 in cell async_fifo.
Moving label "_02146_" from metal1 to via1 in cell async_fifo.
Moving label "_02173_" from metal1 to via1 in cell async_fifo.
Moving label "_02201_" from metal1 to via1 in cell async_fifo.
Moving label "_02210_" from metal1 to via1 in cell async_fifo.
Moving label "_02213_" from metal1 to via1 in cell async_fifo.
Moving label "_02216_" from metal1 to via1 in cell async_fifo.
Moving label "_02219_" from metal1 to via1 in cell async_fifo.
Moving label "_02220_" from metal1 to via1 in cell async_fifo.
Moving label "_02222_" from metal1 to via1 in cell async_fifo.
Moving label "_02236_" from metal1 to via1 in cell async_fifo.
Moving label "_02245_" from metal1 to via1 in cell async_fifo.
Moving label "_02248_" from metal1 to via1 in cell async_fifo.
Moving label "_02251_" from metal1 to via1 in cell async_fifo.
Moving label "_02257_" from metal1 to via1 in cell async_fifo.
Moving label "_02264_" from metal1 to via1 in cell async_fifo.
Moving label "_02265_" from metal1 to via1 in cell async_fifo.
Moving label "_02275_" from metal1 to viali in cell async_fifo.
Moving label "_02292_" from metal1 to via1 in cell async_fifo.
Moving label "_02321_" from metal1 to via1 in cell async_fifo.
Moving label "_02323_" from metal1 to via1 in cell async_fifo.
Moving label "_02327_" from metal1 to via1 in cell async_fifo.
Moving label "_02332_" from metal1 to via1 in cell async_fifo.
Moving label "_02336_" from metal1 to via1 in cell async_fifo.
Moving label "_02338_" from metal1 to via1 in cell async_fifo.
Moving label "_02354_" from metal1 to via1 in cell async_fifo.
Moving label "_02358_" from metal1 to via1 in cell async_fifo.
Moving label "_02365_" from metal1 to via1 in cell async_fifo.
Moving label "_02378_" from metal1 to via1 in cell async_fifo.
Moving label "_02381_" from metal1 to via1 in cell async_fifo.
Moving label "_02389_" from metal1 to via1 in cell async_fifo.
Moving label "_02423_" from metal1 to via1 in cell async_fifo.
Moving label "_02424_" from metal1 to via1 in cell async_fifo.
Moving label "_02433_" from metal1 to via1 in cell async_fifo.
Moving label "_02457_" from metal1 to via1 in cell async_fifo.
Moving label "_02465_" from metal1 to via1 in cell async_fifo.
Moving label "_02468_" from metal1 to via1 in cell async_fifo.
Moving label "_02469_" from metal1 to via1 in cell async_fifo.
Moving label "_02470_" from metal1 to via1 in cell async_fifo.
Moving label "_02480_" from metal1 to via1 in cell async_fifo.
Moving label "_02494_" from metal1 to via1 in cell async_fifo.
Moving label "_02510_" from metal1 to via1 in cell async_fifo.
Moving label "_02524_" from metal1 to via1 in cell async_fifo.
Moving label "_02559_" from metal1 to via1 in cell async_fifo.
Moving label "_02587_" from metal1 to viali in cell async_fifo.
Moving label "_02591_" from metal1 to via1 in cell async_fifo.
Moving label "_02593_" from metal1 to via1 in cell async_fifo.
Moving label "_02598_" from metal1 to via1 in cell async_fifo.
Moving label "_02601_" from metal1 to via1 in cell async_fifo.
Moving label "_02612_" from metal1 to via1 in cell async_fifo.
Moving label "_02626_" from metal1 to via1 in cell async_fifo.
Moving label "_02628_" from metal1 to via1 in cell async_fifo.
Moving label "_02680_" from metal1 to via1 in cell async_fifo.
Moving label "_02707_" from metal1 to via1 in cell async_fifo.
Moving label "_02710_" from metal1 to via1 in cell async_fifo.
Moving label "_02736_" from metal1 to via1 in cell async_fifo.
Moving label "_02743_" from metal1 to via1 in cell async_fifo.
Moving label "_02760_" from metal1 to via1 in cell async_fifo.
Moving label "_02773_" from metal1 to via1 in cell async_fifo.
Moving label "_02780_" from metal1 to via1 in cell async_fifo.
Moving label "_02783_" from metal1 to via1 in cell async_fifo.
Moving label "_02784_" from metal1 to via1 in cell async_fifo.
Moving label "_02790_" from metal1 to via1 in cell async_fifo.
Moving label "_02798_" from metal1 to via1 in cell async_fifo.
Moving label "_02821_" from metal1 to via1 in cell async_fifo.
Moving label "_02848_" from metal1 to via1 in cell async_fifo.
Moving label "_02849_" from metal1 to via1 in cell async_fifo.
Moving label "_02851_" from metal1 to via1 in cell async_fifo.
Moving label "_02871_" from metal1 to via1 in cell async_fifo.
Moving label "_02875_" from metal1 to via1 in cell async_fifo.
Moving label "_02886_" from metal1 to via1 in cell async_fifo.
Moving label "_02887_" from metal1 to via1 in cell async_fifo.
Moving label "_02891_" from metal1 to via1 in cell async_fifo.
Moving label "_02920_" from metal1 to via1 in cell async_fifo.
Moving label "_02929_" from metal1 to via1 in cell async_fifo.
Moving label "_02931_" from metal1 to via1 in cell async_fifo.
Moving label "_02934_" from metal1 to via1 in cell async_fifo.
Moving label "_02951_" from metal1 to via1 in cell async_fifo.
Moving label "_02961_" from metal1 to via1 in cell async_fifo.
Moving label "_02982_" from metal1 to via1 in cell async_fifo.
Moving label "_02985_" from metal1 to via1 in cell async_fifo.
Moving label "_02998_" from metal1 to via1 in cell async_fifo.
Moving label "_03002_" from metal1 to via1 in cell async_fifo.
Moving label "_03005_" from metal1 to via1 in cell async_fifo.
Moving label "_03073_" from metal1 to via1 in cell async_fifo.
Moving label "_03075_" from metal1 to via1 in cell async_fifo.
Moving label "_03081_" from metal1 to via1 in cell async_fifo.
Moving label "_03094_" from metal1 to via1 in cell async_fifo.
Moving label "_03106_" from metal1 to via1 in cell async_fifo.
Moving label "_03108_" from metal1 to via1 in cell async_fifo.
Moving label "_03119_" from metal1 to via1 in cell async_fifo.
Moving label "_03126_" from metal1 to via1 in cell async_fifo.
Moving label "_03131_" from metal1 to via1 in cell async_fifo.
Moving label "_03133_" from metal1 to via1 in cell async_fifo.
Moving label "_03135_" from metal1 to via1 in cell async_fifo.
Moving label "_03136_" from metal1 to via1 in cell async_fifo.
Moving label "_03139_" from metal1 to via1 in cell async_fifo.
Moving label "_03142_" from metal1 to via1 in cell async_fifo.
Moving label "_03143_" from metal1 to via1 in cell async_fifo.
Moving label "_03161_" from metal1 to via1 in cell async_fifo.
Moving label "_03168_" from metal1 to via1 in cell async_fifo.
Moving label "_03175_" from metal1 to via1 in cell async_fifo.
Moving label "_03181_" from metal1 to via1 in cell async_fifo.
Moving label "_03189_" from metal1 to via1 in cell async_fifo.
Moving label "_03194_" from metal1 to via1 in cell async_fifo.
Moving label "_03207_" from metal1 to via1 in cell async_fifo.
Moving label "_03221_" from metal1 to via1 in cell async_fifo.
Moving label "_03226_" from metal1 to via1 in cell async_fifo.
Moving label "_03268_" from metal1 to via1 in cell async_fifo.
Moving label "_03269_" from metal1 to via1 in cell async_fifo.
Moving label "_03271_" from metal1 to via1 in cell async_fifo.
Moving label "_03279_" from metal1 to via1 in cell async_fifo.
Moving label "_03326_" from metal1 to via1 in cell async_fifo.
Moving label "_03339_" from metal1 to via1 in cell async_fifo.
Moving label "_03351_" from metal1 to viali in cell async_fifo.
Moving label "_03353_" from metal1 to via1 in cell async_fifo.
Moving label "_03357_" from metal1 to viali in cell async_fifo.
Moving label "_03358_" from metal1 to via1 in cell async_fifo.
Moving label "_03359_" from metal1 to via1 in cell async_fifo.
Moving label "_03360_" from metal1 to via1 in cell async_fifo.
Moving label "_03361_" from metal1 to via1 in cell async_fifo.
Moving label "_03363_" from metal1 to via1 in cell async_fifo.
Moving label "_03365_" from metal1 to via1 in cell async_fifo.
Moving label "_03381_" from metal1 to via1 in cell async_fifo.
Moving label "_03395_" from metal1 to via1 in cell async_fifo.
Moving label "_03412_" from metal1 to via1 in cell async_fifo.
Moving label "_03422_" from metal1 to via1 in cell async_fifo.
Moving label "_03434_" from metal1 to via1 in cell async_fifo.
Moving label "_03441_" from metal1 to viali in cell async_fifo.
Moving label "_03445_" from metal1 to via1 in cell async_fifo.
Moving label "_03461_" from metal1 to via1 in cell async_fifo.
Moving label "_03468_" from metal1 to via1 in cell async_fifo.
Moving label "_03469_" from metal1 to via1 in cell async_fifo.
Moving label "_03471_" from metal1 to via1 in cell async_fifo.
Moving label "_03473_" from metal1 to via1 in cell async_fifo.
Moving label "_03480_" from metal1 to via1 in cell async_fifo.
Moving label "_03484_" from metal1 to via1 in cell async_fifo.
Moving label "_03489_" from metal1 to via1 in cell async_fifo.
Moving label "_03502_" from metal1 to via1 in cell async_fifo.
Moving label "_03510_" from metal1 to via1 in cell async_fifo.
Moving label "_03511_" from metal1 to via1 in cell async_fifo.
Moving label "_03514_" from metal1 to via1 in cell async_fifo.
Moving label "_03519_" from metal1 to via1 in cell async_fifo.
Moving label "_03529_" from metal1 to via1 in cell async_fifo.
Moving label "_03530_" from metal1 to via1 in cell async_fifo.
Moving label "_03534_" from metal1 to via1 in cell async_fifo.
Moving label "_03540_" from metal1 to via1 in cell async_fifo.
Moving label "_03544_" from metal1 to via1 in cell async_fifo.
Moving label "_03546_" from metal1 to via1 in cell async_fifo.
Moving label "_03548_" from metal1 to via1 in cell async_fifo.
Moving label "_03556_" from metal1 to via1 in cell async_fifo.
Moving label "_03558_" from metal1 to viali in cell async_fifo.
Moving label "_03563_" from metal1 to via1 in cell async_fifo.
Moving label "_03581_" from metal1 to via1 in cell async_fifo.
Moving label "_03585_" from metal1 to via1 in cell async_fifo.
Moving label "_03590_" from metal1 to via1 in cell async_fifo.
Moving label "_03606_" from metal1 to via1 in cell async_fifo.
Moving label "_03652_" from metal1 to via1 in cell async_fifo.
Moving label "_03660_" from metal1 to via1 in cell async_fifo.
Moving label "_03669_" from metal1 to via1 in cell async_fifo.
Moving label "_03683_" from metal1 to viali in cell async_fifo.
Moving label "_03687_" from metal1 to via1 in cell async_fifo.
Moving label "_03707_" from metal1 to via1 in cell async_fifo.
Moving label "_03721_" from metal1 to via1 in cell async_fifo.
Moving label "_03724_" from metal1 to via1 in cell async_fifo.
Moving label "_03739_" from metal1 to via1 in cell async_fifo.
Moving label "_03746_" from metal1 to via1 in cell async_fifo.
Moving label "_03751_" from metal1 to via1 in cell async_fifo.
Moving label "_03753_" from metal1 to via1 in cell async_fifo.
Moving label "_03754_" from metal1 to via1 in cell async_fifo.
Moving label "_03759_" from metal1 to via1 in cell async_fifo.
Moving label "_03768_" from metal1 to via1 in cell async_fifo.
Moving label "_03772_" from metal1 to via1 in cell async_fifo.
Moving label "_03780_" from metal1 to viali in cell async_fifo.
Moving label "_03782_" from metal1 to via1 in cell async_fifo.
Moving label "_03787_" from metal1 to via1 in cell async_fifo.
Moving label "_03790_" from metal1 to via1 in cell async_fifo.
Moving label "_03797_" from metal1 to via1 in cell async_fifo.
Moving label "_03814_" from metal1 to viali in cell async_fifo.
Moving label "_03822_" from metal1 to via1 in cell async_fifo.
Moving label "_03827_" from metal1 to via1 in cell async_fifo.
Moving label "_03828_" from metal1 to via1 in cell async_fifo.
Moving label "_03829_" from metal1 to via1 in cell async_fifo.
Moving label "_03830_" from metal1 to via1 in cell async_fifo.
Moving label "_03832_" from metal1 to via1 in cell async_fifo.
Moving label "_03843_" from metal1 to via1 in cell async_fifo.
Moving label "_03846_" from metal1 to via1 in cell async_fifo.
Moving label "_03868_" from metal1 to via1 in cell async_fifo.
Moving label "_03869_" from metal1 to via1 in cell async_fifo.
Moving label "_03878_" from metal1 to via1 in cell async_fifo.
Moving label "_03879_" from metal1 to via1 in cell async_fifo.
Moving label "_03880_" from metal1 to via1 in cell async_fifo.
Moving label "_03886_" from metal1 to via1 in cell async_fifo.
Moving label "_03908_" from metal1 to via1 in cell async_fifo.
Moving label "_03909_" from metal1 to via1 in cell async_fifo.
Moving label "_03937_" from metal1 to via1 in cell async_fifo.
Moving label "_03953_" from metal1 to via1 in cell async_fifo.
Moving label "_03955_" from metal1 to via1 in cell async_fifo.
Moving label "_03966_" from metal1 to via1 in cell async_fifo.
Moving label "_03975_" from metal1 to via1 in cell async_fifo.
Moving label "_03978_" from metal1 to via1 in cell async_fifo.
Moving label "_03982_" from metal1 to via1 in cell async_fifo.
Moving label "_03986_" from metal1 to via1 in cell async_fifo.
Moving label "_03990_" from metal1 to via1 in cell async_fifo.
Moving label "_03993_" from metal1 to via1 in cell async_fifo.
Moving label "_04000_" from metal1 to via1 in cell async_fifo.
Moving label "_04002_" from metal1 to via1 in cell async_fifo.
Moving label "_04006_" from metal1 to via1 in cell async_fifo.
Moving label "_04014_" from metal1 to via1 in cell async_fifo.
Moving label "_04015_" from metal1 to via1 in cell async_fifo.
Moving label "_04022_" from metal1 to via1 in cell async_fifo.
Moving label "_04037_" from metal1 to via1 in cell async_fifo.
Moving label "_04043_" from metal1 to via1 in cell async_fifo.
Moving label "_04044_" from metal1 to viali in cell async_fifo.
Moving label "_04052_" from metal1 to via1 in cell async_fifo.
Moving label "_04076_" from metal1 to via1 in cell async_fifo.
Moving label "_04089_" from metal1 to via1 in cell async_fifo.
Moving label "_04104_" from metal1 to via1 in cell async_fifo.
Moving label "_04105_" from metal1 to via1 in cell async_fifo.
Moving label "_04114_" from metal1 to via1 in cell async_fifo.
Moving label "_04168_" from metal1 to via1 in cell async_fifo.
Moving label "_04184_" from metal1 to via1 in cell async_fifo.
Moving label "_04200_" from metal1 to via1 in cell async_fifo.
Moving label "_04202_" from metal1 to via1 in cell async_fifo.
Moving label "_04230_" from metal1 to via1 in cell async_fifo.
Moving label "_04236_" from metal1 to via1 in cell async_fifo.
Moving label "_04248_" from metal1 to viali in cell async_fifo.
Moving label "_04254_" from metal1 to via1 in cell async_fifo.
Moving label "_04258_" from metal1 to via1 in cell async_fifo.
Moving label "_04262_" from metal1 to via1 in cell async_fifo.
Moving label "_04283_" from metal1 to via1 in cell async_fifo.
Moving label "_04294_" from metal1 to via1 in cell async_fifo.
Moving label "_04310_" from metal1 to via1 in cell async_fifo.
Moving label "_04313_" from metal1 to via1 in cell async_fifo.
Moving label "_04323_" from metal1 to via1 in cell async_fifo.
Moving label "_04330_" from metal1 to via1 in cell async_fifo.
Moving label "_04335_" from metal1 to via1 in cell async_fifo.
Moving label "_04339_" from metal1 to via1 in cell async_fifo.
Moving label "_04348_" from metal1 to via1 in cell async_fifo.
Moving label "_04354_" from metal1 to via1 in cell async_fifo.
Moving label "_04358_" from metal1 to via1 in cell async_fifo.
Moving label "_04383_" from metal1 to via1 in cell async_fifo.
Moving label "_04440_" from metal1 to via1 in cell async_fifo.
Moving label "_04455_" from metal1 to via1 in cell async_fifo.
Moving label "_04468_" from metal1 to via1 in cell async_fifo.
Moving label "_04487_" from metal1 to via1 in cell async_fifo.
Moving label "_04499_" from metal1 to viali in cell async_fifo.
Moving label "_04541_" from metal1 to via1 in cell async_fifo.
Moving label "_04550_" from metal1 to via1 in cell async_fifo.
Moving label "_04580_" from metal1 to via1 in cell async_fifo.
Moving label "_04588_" from metal1 to via1 in cell async_fifo.
Moving label "_04602_" from metal1 to via1 in cell async_fifo.
Moving label "_04605_" from metal1 to via1 in cell async_fifo.
Moving label "_04609_" from metal1 to via1 in cell async_fifo.
Moving label "_04625_" from metal1 to via1 in cell async_fifo.
Moving label "_04635_" from metal1 to via1 in cell async_fifo.
Moving label "_04639_" from metal1 to via1 in cell async_fifo.
Moving label "_04681_" from metal1 to via1 in cell async_fifo.
Moving label "_04700_" from metal1 to via1 in cell async_fifo.
Moving label "_04701_" from metal1 to via1 in cell async_fifo.
Moving label "_04708_" from metal1 to via1 in cell async_fifo.
Moving label "_04740_" from metal1 to via1 in cell async_fifo.
Moving label "_04746_" from metal1 to viali in cell async_fifo.
Moving label "_04755_" from metal1 to via1 in cell async_fifo.
Moving label "_04758_" from metal1 to via1 in cell async_fifo.
Moving label "_04762_" from metal1 to via1 in cell async_fifo.
Moving label "_04764_" from metal1 to viali in cell async_fifo.
Moving label "_04770_" from metal1 to via1 in cell async_fifo.
Moving label "_04776_" from metal1 to via1 in cell async_fifo.
Moving label "_04792_" from metal1 to via1 in cell async_fifo.
Moving label "_04794_" from metal1 to via1 in cell async_fifo.
Moving label "_04795_" from metal1 to via1 in cell async_fifo.
Moving label "_04798_" from metal1 to via1 in cell async_fifo.
Moving label "_04799_" from metal1 to via1 in cell async_fifo.
Moving label "_04801_" from metal1 to viali in cell async_fifo.
Moving label "_04802_" from metal1 to via1 in cell async_fifo.
Moving label "_04819_" from metal1 to via1 in cell async_fifo.
Moving label "_04822_" from metal1 to via1 in cell async_fifo.
Moving label "_04845_" from metal1 to via1 in cell async_fifo.
Moving label "_04848_" from metal1 to via1 in cell async_fifo.
Moving label "_04903_" from metal1 to via1 in cell async_fifo.
Moving label "_04904_" from metal1 to via1 in cell async_fifo.
Moving label "_04906_" from metal1 to via1 in cell async_fifo.
Moving label "_04911_" from metal1 to via1 in cell async_fifo.
Moving label "_04921_" from metal1 to via1 in cell async_fifo.
Moving label "_04926_" from metal1 to via1 in cell async_fifo.
Moving label "_04929_" from metal1 to via1 in cell async_fifo.
Moving label "_04938_" from metal1 to via1 in cell async_fifo.
Moving label "_04951_" from metal1 to via1 in cell async_fifo.
Moving label "_05006_" from metal1 to via1 in cell async_fifo.
Moving label "_05016_" from metal1 to via1 in cell async_fifo.
Moving label "_05018_" from metal1 to via1 in cell async_fifo.
Moving label "_05031_" from metal1 to via1 in cell async_fifo.
Moving label "_05045_" from metal1 to via1 in cell async_fifo.
Moving label "_05050_" from metal1 to via1 in cell async_fifo.
Moving label "_05051_" from metal1 to via1 in cell async_fifo.
Moving label "_05068_" from metal1 to via1 in cell async_fifo.
Moving label "_05082_" from metal1 to via1 in cell async_fifo.
Moving label "_05083_" from metal1 to via1 in cell async_fifo.
Moving label "_05095_" from metal1 to via1 in cell async_fifo.
Moving label "_05107_" from metal1 to via1 in cell async_fifo.
Moving label "_05108_" from metal1 to via1 in cell async_fifo.
Moving label "_05119_" from metal1 to via1 in cell async_fifo.
Moving label "_05124_" from metal1 to via1 in cell async_fifo.
Moving label "_05133_" from metal1 to via1 in cell async_fifo.
Moving label "_05134_" from metal1 to via1 in cell async_fifo.
Moving label "_05156_" from metal1 to via1 in cell async_fifo.
Moving label "_05172_" from metal1 to via1 in cell async_fifo.
Moving label "_05174_" from metal1 to via1 in cell async_fifo.
Moving label "_05177_" from metal1 to via1 in cell async_fifo.
Moving label "_05187_" from metal1 to via1 in cell async_fifo.
Moving label "_05193_" from metal1 to via1 in cell async_fifo.
Moving label "_05202_" from metal1 to via1 in cell async_fifo.
Moving label "_05215_" from metal1 to via1 in cell async_fifo.
Moving label "_05220_" from metal1 to via1 in cell async_fifo.
Moving label "_05235_" from metal1 to via1 in cell async_fifo.
Moving label "_05237_" from metal1 to via1 in cell async_fifo.
Moving label "_05246_" from metal1 to via1 in cell async_fifo.
Moving label "_05260_" from metal1 to via1 in cell async_fifo.
Moving label "_05261_" from metal1 to via1 in cell async_fifo.
Moving label "_05263_" from metal1 to via1 in cell async_fifo.
Moving label "_05292_" from metal1 to via1 in cell async_fifo.
Moving label "_05295_" from metal1 to via1 in cell async_fifo.
Moving label "_05300_" from metal1 to via1 in cell async_fifo.
Moving label "_05314_" from metal1 to via1 in cell async_fifo.
Moving label "_05317_" from metal1 to via1 in cell async_fifo.
Moving label "_05322_" from metal1 to via1 in cell async_fifo.
Moving label "_05323_" from metal1 to via1 in cell async_fifo.
Moving label "_05335_" from metal1 to via1 in cell async_fifo.
Moving label "_05339_" from metal1 to via1 in cell async_fifo.
Moving label "_05342_" from metal1 to via1 in cell async_fifo.
Moving label "_05343_" from metal1 to via1 in cell async_fifo.
Moving label "_05344_" from metal1 to via1 in cell async_fifo.
Moving label "_05345_" from metal1 to via1 in cell async_fifo.
Moving label "_05351_" from metal1 to via1 in cell async_fifo.
Moving label "_05383_" from metal1 to viali in cell async_fifo.
Moving label "_05394_" from metal1 to via1 in cell async_fifo.
Moving label "_05435_" from metal1 to via1 in cell async_fifo.
Moving label "_05450_" from metal1 to via1 in cell async_fifo.
Moving label "_05461_" from metal1 to via1 in cell async_fifo.
Moving label "_05466_" from metal1 to via1 in cell async_fifo.
Moving label "_05467_" from metal1 to via1 in cell async_fifo.
Moving label "_05468_" from metal1 to via1 in cell async_fifo.
Moving label "_05470_" from metal1 to via1 in cell async_fifo.
Moving label "_05471_" from metal1 to via1 in cell async_fifo.
Moving label "_05472_" from metal1 to via1 in cell async_fifo.
Moving label "_05478_" from metal1 to via1 in cell async_fifo.
Moving label "_05496_" from metal1 to via1 in cell async_fifo.
Moving label "_05501_" from metal1 to via1 in cell async_fifo.
Moving label "_05515_" from metal1 to via1 in cell async_fifo.
Moving label "_05533_" from metal1 to via1 in cell async_fifo.
Moving label "_05538_" from metal1 to via1 in cell async_fifo.
Moving label "_05544_" from metal1 to via1 in cell async_fifo.
Moving label "_05548_" from metal1 to via1 in cell async_fifo.
Moving label "_05554_" from metal1 to via1 in cell async_fifo.
Moving label "_05555_" from metal1 to via1 in cell async_fifo.
Moving label "_05565_" from metal1 to via1 in cell async_fifo.
Moving label "_05572_" from metal1 to via1 in cell async_fifo.
Moving label "_05575_" from metal1 to via1 in cell async_fifo.
Moving label "_05581_" from metal1 to via1 in cell async_fifo.
Moving label "_05586_" from metal1 to via1 in cell async_fifo.
Moving label "_05599_" from metal1 to via1 in cell async_fifo.
Moving label "_05653_" from metal1 to via1 in cell async_fifo.
Moving label "_05658_" from metal1 to via1 in cell async_fifo.
Moving label "_05661_" from metal1 to via1 in cell async_fifo.
Moving label "_05682_" from metal1 to via1 in cell async_fifo.
Moving label "_05702_" from metal1 to viali in cell async_fifo.
Moving label "_05706_" from metal1 to via1 in cell async_fifo.
Moving label "_05708_" from metal1 to via1 in cell async_fifo.
Moving label "_05723_" from metal1 to via1 in cell async_fifo.
Moving label "_05727_" from metal1 to via1 in cell async_fifo.
Moving label "_05749_" from metal1 to via1 in cell async_fifo.
Moving label "_05757_" from metal1 to via1 in cell async_fifo.
Moving label "_05764_" from metal1 to via1 in cell async_fifo.
Moving label "_05777_" from metal1 to via1 in cell async_fifo.
Moving label "_05804_" from metal1 to via1 in cell async_fifo.
Moving label "_05805_" from metal1 to via1 in cell async_fifo.
Moving label "_05814_" from metal1 to viali in cell async_fifo.
Moving label "_05815_" from metal1 to via1 in cell async_fifo.
Moving label "_05835_" from metal1 to via1 in cell async_fifo.
Moving label "_05836_" from metal1 to via1 in cell async_fifo.
Moving label "_05844_" from metal1 to via1 in cell async_fifo.
Moving label "_05849_" from metal1 to via1 in cell async_fifo.
Moving label "_05850_" from metal1 to via1 in cell async_fifo.
Moving label "_05857_" from metal1 to via1 in cell async_fifo.
Moving label "_05867_" from metal1 to via1 in cell async_fifo.
Moving label "_05875_" from metal1 to via1 in cell async_fifo.
Moving label "_05888_" from metal1 to via1 in cell async_fifo.
Moving label "_05938_" from metal1 to via1 in cell async_fifo.
Moving label "_05954_" from metal1 to via1 in cell async_fifo.
Moving label "_05959_" from metal1 to via1 in cell async_fifo.
Moving label "_05962_" from metal1 to via1 in cell async_fifo.
Moving label "_05968_" from metal1 to viali in cell async_fifo.
Moving label "_05970_" from metal1 to via1 in cell async_fifo.
Moving label "_05988_" from metal1 to via1 in cell async_fifo.
Moving label "_05989_" from metal1 to via1 in cell async_fifo.
Moving label "_05990_" from metal1 to via1 in cell async_fifo.
Moving label "_05995_" from metal1 to via1 in cell async_fifo.
Moving label "_05998_" from metal1 to via1 in cell async_fifo.
Moving label "_06001_" from metal1 to viali in cell async_fifo.
Moving label "_06006_" from metal1 to via1 in cell async_fifo.
Moving label "_06016_" from metal1 to via1 in cell async_fifo.
Moving label "_06017_" from metal1 to via1 in cell async_fifo.
Moving label "_06025_" from metal1 to via1 in cell async_fifo.
Moving label "_06048_" from metal1 to via1 in cell async_fifo.
Moving label "_06053_" from metal1 to via1 in cell async_fifo.
Moving label "_06055_" from metal1 to via1 in cell async_fifo.
Moving label "_06056_" from metal1 to via1 in cell async_fifo.
Moving label "_06060_" from metal1 to via1 in cell async_fifo.
Moving label "_06069_" from metal1 to via1 in cell async_fifo.
Moving label "_06078_" from metal1 to via1 in cell async_fifo.
Moving label "_06092_" from metal1 to via1 in cell async_fifo.
Moving label "_06097_" from metal1 to via1 in cell async_fifo.
Moving label "_06098_" from metal1 to via1 in cell async_fifo.
Moving label "_06103_" from metal1 to via1 in cell async_fifo.
Moving label "_06105_" from metal1 to viali in cell async_fifo.
Moving label "_06115_" from metal1 to via1 in cell async_fifo.
Moving label "_06121_" from metal1 to via1 in cell async_fifo.
Moving label "_06128_" from metal1 to via1 in cell async_fifo.
Moving label "_06129_" from metal1 to via1 in cell async_fifo.
Moving label "_06147_" from metal1 to via1 in cell async_fifo.
Moving label "_06159_" from metal1 to via1 in cell async_fifo.
Moving label "_06161_" from metal1 to via1 in cell async_fifo.
Moving label "_06184_" from metal1 to via1 in cell async_fifo.
Moving label "_06185_" from metal1 to via1 in cell async_fifo.
Moving label "_06199_" from metal1 to via1 in cell async_fifo.
Moving label "_06200_" from metal1 to via1 in cell async_fifo.
Moving label "_06224_" from metal1 to via1 in cell async_fifo.
Moving label "_06225_" from metal1 to via1 in cell async_fifo.
Moving label "_06226_" from metal1 to via1 in cell async_fifo.
Moving label "_06232_" from metal1 to via1 in cell async_fifo.
Moving label "_06235_" from metal1 to via1 in cell async_fifo.
Moving label "_06240_" from metal1 to via1 in cell async_fifo.
Moving label "_06243_" from metal1 to viali in cell async_fifo.
Moving label "_06261_" from metal1 to via1 in cell async_fifo.
Moving label "_06269_" from metal1 to via1 in cell async_fifo.
Moving label "_06307_" from metal1 to via1 in cell async_fifo.
Moving label "_06312_" from metal1 to via1 in cell async_fifo.
Moving label "_06323_" from metal1 to via1 in cell async_fifo.
Moving label "_06333_" from metal1 to via1 in cell async_fifo.
Moving label "_06337_" from metal1 to via1 in cell async_fifo.
Moving label "_06339_" from metal1 to via1 in cell async_fifo.
Moving label "_06344_" from metal1 to via1 in cell async_fifo.
Moving label "_06346_" from metal1 to via1 in cell async_fifo.
Moving label "_06348_" from metal1 to via1 in cell async_fifo.
Moving label "_06354_" from metal1 to via1 in cell async_fifo.
Moving label "_06361_" from metal1 to via1 in cell async_fifo.
Moving label "_06394_" from metal1 to via1 in cell async_fifo.
Moving label "_06397_" from metal1 to via1 in cell async_fifo.
Moving label "_06399_" from metal1 to via1 in cell async_fifo.
Moving label "_06407_" from metal1 to via1 in cell async_fifo.
Moving label "_06412_" from metal1 to via1 in cell async_fifo.
Moving label "_06433_" from metal1 to via1 in cell async_fifo.
Moving label "_06434_" from metal1 to via1 in cell async_fifo.
Moving label "_06457_" from metal1 to via1 in cell async_fifo.
Moving label "_06458_" from metal1 to via1 in cell async_fifo.
Moving label "_06474_" from metal1 to via1 in cell async_fifo.
Moving label "_06477_" from metal1 to via1 in cell async_fifo.
Moving label "_06478_" from metal1 to viali in cell async_fifo.
Moving label "_06482_" from metal1 to via1 in cell async_fifo.
Moving label "_06487_" from metal1 to via1 in cell async_fifo.
Moving label "_06495_" from metal1 to via1 in cell async_fifo.
Moving label "_06507_" from metal1 to via1 in cell async_fifo.
Moving label "_06519_" from metal1 to via1 in cell async_fifo.
Moving label "_06563_" from metal1 to via1 in cell async_fifo.
Moving label "_06568_" from metal1 to via1 in cell async_fifo.
Moving label "_06580_" from metal1 to via1 in cell async_fifo.
Moving label "_06584_" from metal1 to via1 in cell async_fifo.
Moving label "_06596_" from metal1 to via1 in cell async_fifo.
Moving label "_06631_" from metal1 to via1 in cell async_fifo.
Moving label "_06633_" from metal1 to via1 in cell async_fifo.
Moving label "_06648_" from metal1 to via1 in cell async_fifo.
Moving label "_06652_" from metal1 to via1 in cell async_fifo.
Moving label "_06662_" from metal1 to via1 in cell async_fifo.
Moving label "_06684_" from metal1 to via1 in cell async_fifo.
Moving label "_06698_" from metal1 to via1 in cell async_fifo.
Moving label "_06703_" from metal1 to via1 in cell async_fifo.
Moving label "_06708_" from metal1 to viali in cell async_fifo.
Moving label "_06709_" from metal1 to via1 in cell async_fifo.
Moving label "_06716_" from metal1 to via1 in cell async_fifo.
Moving label "_06729_" from metal1 to via1 in cell async_fifo.
Moving label "_06730_" from metal1 to via1 in cell async_fifo.
Moving label "_06733_" from metal1 to via1 in cell async_fifo.
Moving label "_06738_" from metal1 to via1 in cell async_fifo.
Moving label "_06739_" from metal1 to via1 in cell async_fifo.
Moving label "_06741_" from metal1 to via1 in cell async_fifo.
Moving label "_06753_" from metal1 to via1 in cell async_fifo.
Moving label "_06786_" from metal1 to via1 in cell async_fifo.
Moving label "_06788_" from metal1 to via1 in cell async_fifo.
Moving label "_06793_" from metal1 to via1 in cell async_fifo.
Moving label "_06798_" from metal1 to via1 in cell async_fifo.
Moving label "_06811_" from metal1 to via1 in cell async_fifo.
Moving label "_06834_" from metal1 to via1 in cell async_fifo.
Moving label "_06849_" from metal1 to via1 in cell async_fifo.
Moving label "_06854_" from metal1 to via1 in cell async_fifo.
Moving label "_06857_" from metal1 to via1 in cell async_fifo.
Moving label "_06881_" from metal1 to via1 in cell async_fifo.
Moving label "_06883_" from metal1 to via1 in cell async_fifo.
Moving label "_06890_" from metal1 to via1 in cell async_fifo.
Moving label "_06900_" from metal1 to via1 in cell async_fifo.
Moving label "_06911_" from metal1 to via1 in cell async_fifo.
Moving label "_06914_" from metal1 to via1 in cell async_fifo.
Moving label "_06923_" from metal1 to via1 in cell async_fifo.
Moving label "_06931_" from metal1 to via1 in cell async_fifo.
Moving label "_06967_" from metal1 to via1 in cell async_fifo.
Moving label "_06968_" from metal1 to viali in cell async_fifo.
Moving label "_06978_" from metal1 to via1 in cell async_fifo.
Moving label "_07003_" from metal1 to via1 in cell async_fifo.
Moving label "_07008_" from metal1 to via1 in cell async_fifo.
Moving label "_07013_" from metal1 to via1 in cell async_fifo.
Moving label "_07024_" from metal1 to via1 in cell async_fifo.
Moving label "_07042_" from metal1 to via1 in cell async_fifo.
Moving label "_07046_" from metal1 to via1 in cell async_fifo.
Moving label "_07064_" from metal1 to via1 in cell async_fifo.
Moving label "_07081_" from metal1 to via1 in cell async_fifo.
Moving label "_07082_" from metal1 to via1 in cell async_fifo.
Moving label "_07105_" from metal1 to via1 in cell async_fifo.
Moving label "_07110_" from metal1 to via1 in cell async_fifo.
Moving label "_07111_" from metal1 to via1 in cell async_fifo.
Moving label "_07112_" from metal1 to via1 in cell async_fifo.
Moving label "_07118_" from metal1 to via1 in cell async_fifo.
Moving label "_07120_" from metal1 to via1 in cell async_fifo.
Moving label "_07129_" from metal1 to via1 in cell async_fifo.
Moving label "_07149_" from metal1 to viali in cell async_fifo.
Moving label "_07180_" from metal1 to via1 in cell async_fifo.
Moving label "_07184_" from metal1 to viali in cell async_fifo.
Moving label "_07219_" from metal1 to via1 in cell async_fifo.
Moving label "_07241_" from metal1 to via1 in cell async_fifo.
Moving label "_07243_" from metal1 to via1 in cell async_fifo.
Moving label "_07244_" from metal1 to viali in cell async_fifo.
Moving label "_07249_" from metal1 to via1 in cell async_fifo.
Moving label "_07254_" from metal1 to via1 in cell async_fifo.
Moving label "_07259_" from metal1 to via1 in cell async_fifo.
Moving label "_07262_" from metal1 to via1 in cell async_fifo.
Moving label "_07272_" from metal1 to via1 in cell async_fifo.
Moving label "_07281_" from metal1 to via1 in cell async_fifo.
Moving label "_07284_" from metal1 to via1 in cell async_fifo.
Moving label "_07294_" from metal1 to via1 in cell async_fifo.
Moving label "_07296_" from metal1 to via1 in cell async_fifo.
Moving label "_07347_" from metal1 to via1 in cell async_fifo.
Moving label "_07356_" from metal1 to via1 in cell async_fifo.
Moving label "_07360_" from metal1 to via1 in cell async_fifo.
Moving label "_07369_" from metal1 to via1 in cell async_fifo.
Moving label "_07374_" from metal1 to via1 in cell async_fifo.
Moving label "_07378_" from metal1 to via1 in cell async_fifo.
Moving label "_07390_" from metal1 to via1 in cell async_fifo.
Moving label "_07400_" from metal1 to via1 in cell async_fifo.
Moving label "_07404_" from metal1 to via1 in cell async_fifo.
Moving label "_07405_" from metal1 to via1 in cell async_fifo.
Moving label "_07407_" from metal1 to via1 in cell async_fifo.
Moving label "_07417_" from metal1 to via1 in cell async_fifo.
Moving label "_07426_" from metal1 to via1 in cell async_fifo.
Moving label "_07431_" from metal1 to via1 in cell async_fifo.
Moving label "_07446_" from metal1 to via1 in cell async_fifo.
Moving label "_07449_" from metal1 to via1 in cell async_fifo.
Moving label "_07454_" from metal1 to via1 in cell async_fifo.
Moving label "_07476_" from metal1 to via1 in cell async_fifo.
Moving label "_07481_" from metal1 to via1 in cell async_fifo.
Moving label "_07491_" from metal1 to via1 in cell async_fifo.
Moving label "_07519_" from metal1 to via1 in cell async_fifo.
Moving label "_07532_" from metal1 to via1 in cell async_fifo.
Moving label "_07535_" from metal1 to via1 in cell async_fifo.
Moving label "_07554_" from metal1 to via1 in cell async_fifo.
Moving label "_07575_" from metal1 to viali in cell async_fifo.
Moving label "_07589_" from metal1 to via1 in cell async_fifo.
Moving label "_07601_" from metal1 to via1 in cell async_fifo.
Moving label "_07602_" from metal1 to via1 in cell async_fifo.
Moving label "_07618_" from metal1 to via1 in cell async_fifo.
Moving label "_07633_" from metal1 to via1 in cell async_fifo.
Moving label "_07646_" from metal1 to via1 in cell async_fifo.
Moving label "_07651_" from metal1 to via1 in cell async_fifo.
Moving label "_07655_" from metal1 to via1 in cell async_fifo.
Moving label "_07695_" from metal1 to via1 in cell async_fifo.
Moving label "_07701_" from metal1 to via1 in cell async_fifo.
Moving label "_07702_" from metal1 to via1 in cell async_fifo.
Moving label "_07708_" from metal1 to via1 in cell async_fifo.
Moving label "_07739_" from metal1 to via1 in cell async_fifo.
Moving label "_07740_" from metal1 to via1 in cell async_fifo.
Moving label "_07749_" from metal1 to via1 in cell async_fifo.
Moving label "_07752_" from metal1 to via1 in cell async_fifo.
Moving label "_07756_" from metal1 to viali in cell async_fifo.
Moving label "_07770_" from metal1 to via1 in cell async_fifo.
Moving label "_07771_" from metal1 to via1 in cell async_fifo.
Moving label "_07784_" from metal1 to via1 in cell async_fifo.
Moving label "_07786_" from metal1 to via1 in cell async_fifo.
Moving label "_07803_" from metal1 to via1 in cell async_fifo.
Moving label "_07809_" from metal1 to via1 in cell async_fifo.
Moving label "_07820_" from metal1 to via1 in cell async_fifo.
Moving label "_07827_" from metal1 to via1 in cell async_fifo.
Moving label "_07837_" from metal1 to via1 in cell async_fifo.
Moving label "_07838_" from metal1 to via1 in cell async_fifo.
Moving label "_07839_" from metal1 to via1 in cell async_fifo.
Moving label "_07875_" from metal1 to via1 in cell async_fifo.
Moving label "_07879_" from metal1 to via1 in cell async_fifo.
Moving label "_07881_" from metal1 to via1 in cell async_fifo.
Moving label "_07891_" from metal1 to via1 in cell async_fifo.
Moving label "_07896_" from metal1 to via1 in cell async_fifo.
Moving label "_07903_" from metal1 to via1 in cell async_fifo.
Moving label "_07909_" from metal1 to via1 in cell async_fifo.
Moving label "_07910_" from metal1 to via1 in cell async_fifo.
Moving label "_07924_" from metal1 to via1 in cell async_fifo.
Moving label "_07944_" from metal1 to via1 in cell async_fifo.
Moving label "_07948_" from metal1 to via1 in cell async_fifo.
Moving label "_07950_" from metal1 to via1 in cell async_fifo.
Moving label "_07956_" from metal1 to via1 in cell async_fifo.
Moving label "_07963_" from metal1 to via1 in cell async_fifo.
Moving label "_07966_" from metal1 to via1 in cell async_fifo.
Moving label "_07974_" from metal1 to via1 in cell async_fifo.
Moving label "_08006_" from metal1 to via1 in cell async_fifo.
Moving label "_08009_" from metal1 to via1 in cell async_fifo.
Moving label "_08016_" from metal1 to via1 in cell async_fifo.
Moving label "_08022_" from metal1 to via1 in cell async_fifo.
Moving label "_08024_" from metal1 to via1 in cell async_fifo.
Moving label "_08028_" from metal1 to via1 in cell async_fifo.
Moving label "_08034_" from metal1 to via1 in cell async_fifo.
Moving label "_08037_" from metal1 to viali in cell async_fifo.
Moving label "_08039_" from metal1 to via1 in cell async_fifo.
Moving label "_08043_" from metal1 to via1 in cell async_fifo.
Moving label "_08044_" from metal1 to via1 in cell async_fifo.
Moving label "_08045_" from metal1 to viali in cell async_fifo.
Moving label "_08054_" from metal1 to via1 in cell async_fifo.
Moving label "_08064_" from metal1 to via1 in cell async_fifo.
Moving label "_08070_" from metal1 to via1 in cell async_fifo.
Moving label "_08111_" from metal1 to via1 in cell async_fifo.
Moving label "_08139_" from metal1 to via1 in cell async_fifo.
Moving label "_08144_" from metal1 to via1 in cell async_fifo.
Moving label "_08148_" from metal1 to via1 in cell async_fifo.
Moving label "_08167_" from metal1 to via1 in cell async_fifo.
Moving label "_08168_" from metal1 to via1 in cell async_fifo.
Moving label "_08175_" from metal1 to via1 in cell async_fifo.
Moving label "_08190_" from metal1 to via1 in cell async_fifo.
Moving label "_08321_" from metal1 to via1 in cell async_fifo.
Moving label "_08359_" from metal3 to via3 in cell async_fifo.
Moving label "_08378_" from metal2 to via2 in cell async_fifo.
Moving label "_08382_" from metal2 to via1 in cell async_fifo.
Moving label "_08441_" from metal1 to via1 in cell async_fifo.
Moving label "_08479_" from metal2 to via2 in cell async_fifo.
Moving label "_08510_" from metal2 to via2 in cell async_fifo.
Moving label "_08523_" from metal2 to via1 in cell async_fifo.
Moving label "_08580_" from metal1 to via1 in cell async_fifo.
Moving label "_08619_" from metal1 to via1 in cell async_fifo.
Moving label "_08675_" from metal2 to via2 in cell async_fifo.
Moving label "_08689_" from metal1 to viali in cell async_fifo.
Moving label "_08736_" from metal2 to via2 in cell async_fifo.
Moving label "_08772_" from metal2 to via2 in cell async_fifo.
Moving label "_08781_" from metal2 to via2 in cell async_fifo.
Moving label "_08792_" from metal1 to via1 in cell async_fifo.
Moving label "_08813_" from metal1 to via1 in cell async_fifo.
Moving label "_08828_" from metal1 to via1 in cell async_fifo.
Moving label "_08858_" from metal1 to via1 in cell async_fifo.
Moving label "_08942_" from metal1 to via1 in cell async_fifo.
Moving label "_08960_" from metal1 to via1 in cell async_fifo.
Moving label "_08985_" from metal1 to via1 in cell async_fifo.
Moving label "_09014_" from metal2 to via2 in cell async_fifo.
Moving label "_09018_" from metal2 to via2 in cell async_fifo.
Moving label "_09026_" from metal1 to viali in cell async_fifo.
Moving label "_09185_" from metal2 to via2 in cell async_fifo.
Moving label "_09186_" from metal2 to via2 in cell async_fifo.
Moving label "_09190_" from metal2 to via2 in cell async_fifo.
Moving label "_09202_" from metal1 to via1 in cell async_fifo.
Moving label "_09284_" from metal1 to viali in cell async_fifo.
Moving label "_09288_" from metal1 to via1 in cell async_fifo.
Moving label "_09329_" from metal1 to via1 in cell async_fifo.
Moving label "_09344_" from metal1 to viali in cell async_fifo.
Moving label "_09361_" from metal2 to via2 in cell async_fifo.
Moving label "_09374_" from metal1 to viali in cell async_fifo.
Moving label "_09404_" from metal3 to via3 in cell async_fifo.
Moving label "_09448_" from metal3 to via3 in cell async_fifo.
Moving label "_09450_" from metal3 to via3 in cell async_fifo.
Moving label "_09460_" from metal1 to via1 in cell async_fifo.
Moving label "_09469_" from metal2 to via2 in cell async_fifo.
Moving label "_09480_" from metal1 to via1 in cell async_fifo.
Moving label "_09522_" from metal1 to viali in cell async_fifo.
Moving label "_09529_" from metal2 to via2 in cell async_fifo.
Moving label "_09599_" from metal2 to via2 in cell async_fifo.
Moving label "_09630_" from metal1 to via1 in cell async_fifo.
Moving label "_09634_" from metal1 to via1 in cell async_fifo.
Moving label "_09642_" from metal1 to via1 in cell async_fifo.
Moving label "_09643_" from metal2 to via2 in cell async_fifo.
Moving label "_09654_" from metal1 to via1 in cell async_fifo.
Moving label "_09663_" from metal2 to via2 in cell async_fifo.
Moving label "_09675_" from metal1 to viali in cell async_fifo.
Moving label "_09773_" from metal2 to via2 in cell async_fifo.
Moving label "_09795_" from metal2 to via2 in cell async_fifo.
Moving label "_09817_" from metal2 to via2 in cell async_fifo.
Moving label "_09820_" from metal2 to via2 in cell async_fifo.
Moving label "_09828_" from metal1 to via1 in cell async_fifo.
Moving label "_09845_" from metal1 to viali in cell async_fifo.
Moving label "_09849_" from metal1 to via1 in cell async_fifo.
Moving label "_09864_" from metal1 to via1 in cell async_fifo.
Moving label "_09882_" from metal1 to viali in cell async_fifo.
Moving label "_09889_" from metal1 to viali in cell async_fifo.
Moving label "_09991_" from metal2 to via2 in cell async_fifo.
Moving label "_10002_" from metal1 to via1 in cell async_fifo.
Moving label "_10019_" from metal1 to viali in cell async_fifo.
Moving label "_10023_" from metal1 to viali in cell async_fifo.
Moving label "_10038_" from metal1 to via1 in cell async_fifo.
Moving label "_10078_" from metal1 to viali in cell async_fifo.
Moving label "_10082_" from metal2 to via1 in cell async_fifo.
Moving label "_10102_" from metal1 to via1 in cell async_fifo.
Moving label "_10130_" from metal2 to via1 in cell async_fifo.
Moving label "_10141_" from metal2 to via2 in cell async_fifo.
Moving label "_10174_" from metal1 to via1 in cell async_fifo.
Moving label "_10195_" from metal1 to via1 in cell async_fifo.
Moving label "_10214_" from metal1 to via1 in cell async_fifo.
Moving label "_10315_" from metal2 to via2 in cell async_fifo.
Moving label "_10316_" from metal2 to via2 in cell async_fifo.
Moving label "_10327_" from metal1 to viali in cell async_fifo.
Moving label "_10337_" from metal2 to via2 in cell async_fifo.
Moving label "_10348_" from metal1 to viali in cell async_fifo.
Moving label "_10365_" from metal1 to via1 in cell async_fifo.
Moving label "_10399_" from metal2 to via2 in cell async_fifo.
Moving label "_10491_" from metal2 to via2 in cell async_fifo.
Moving label "_10498_" from metal1 to viali in cell async_fifo.
Moving label "_10522_" from metal1 to via1 in cell async_fifo.
Moving label "_10558_" from metal1 to viali in cell async_fifo.
Moving label "_10576_" from metal2 to via2 in cell async_fifo.
Moving label "_10618_" from metal3 to via3 in cell async_fifo.
Moving label "_10690_" from metal1 to via1 in cell async_fifo.
Moving label "_10711_" from metal1 to via1 in cell async_fifo.
Moving label "_10870_" from metal2 to via2 in cell async_fifo.
Moving label "_10885_" from metal1 to via1 in cell async_fifo.
Moving label "_10917_" from metal2 to via2 in cell async_fifo.
Moving label "_10920_" from metal2 to via2 in cell async_fifo.
Moving label "_10964_" from metal3 to via3 in cell async_fifo.
Moving label "_10968_" from metal1 to viali in cell async_fifo.
Moving label "_10974_" from metal1 to via1 in cell async_fifo.
Moving label "_11010_" from metal2 to via2 in cell async_fifo.
Moving label "_11036_" from metal1 to viali in cell async_fifo.
Moving label "_11061_" from metal1 to viali in cell async_fifo.
Moving label "_11076_" from metal1 to via1 in cell async_fifo.
Moving label "_11159_" from metal2 to via2 in cell async_fifo.
Moving label "_11181_" from metal2 to via2 in cell async_fifo.
Moving label "_11190_" from metal1 to viali in cell async_fifo.
Moving label "_11194_" from metal1 to via1 in cell async_fifo.
Moving label "_11214_" from metal1 to via1 in cell async_fifo.
Moving label "_11217_" from metal2 to via1 in cell async_fifo.
Moving label "_11231_" from metal1 to via1 in cell async_fifo.
Moving label "_11245_" from metal2 to via2 in cell async_fifo.
Moving label "_11254_" from metal1 to viali in cell async_fifo.
Moving label "_11276_" from metal1 to viali in cell async_fifo.
Moving label "_11362_" from metal1 to via1 in cell async_fifo.
Moving label "_11366_" from metal1 to via1 in cell async_fifo.
Moving label "_11375_" from metal2 to via2 in cell async_fifo.
Moving label "_11407_" from metal1 to via1 in cell async_fifo.
Moving label "_11422_" from metal1 to viali in cell async_fifo.
Moving label "_11426_" from metal1 to via1 in cell async_fifo.
Moving label "_11548_" from metal1 to viali in cell async_fifo.
Moving label "_11560_" from metal1 to viali in cell async_fifo.
Moving label "_11577_" from metal1 to via1 in cell async_fifo.
Moving label "_11609_" from metal2 to via2 in cell async_fifo.
Moving label "_11628_" from metal2 to via2 in cell async_fifo.
Moving label "_11630_" from metal1 to viali in cell async_fifo.
Moving label "_11663_" from metal1 to via1 in cell async_fifo.
Moving label "_11679_" from metal2 to via2 in cell async_fifo.
Moving label "_11734_" from metal1 to via1 in cell async_fifo.
Moving label "_11770_" from metal1 to viali in cell async_fifo.
Moving label "_11800_" from metal1 to viali in cell async_fifo.
Moving label "_11823_" from metal2 to via1 in cell async_fifo.
Moving label "_11834_" from metal1 to viali in cell async_fifo.
Moving label "_11858_" from metal1 to viali in cell async_fifo.
Moving label "_11882_" from metal1 to via1 in cell async_fifo.
Moving label "_11908_" from metal2 to via2 in cell async_fifo.
Moving label "_11946_" from metal1 to via1 in cell async_fifo.
Moving label "_12009_" from metal1 to via1 in cell async_fifo.
Moving label "_12015_" from metal1 to via1 in cell async_fifo.
Moving label "_12025_" from metal2 to via2 in cell async_fifo.
Moving label "_12069_" from metal2 to via2 in cell async_fifo.
Moving label "_12080_" from metal1 to viali in cell async_fifo.
Moving label "_12148_" from metal2 to via2 in cell async_fifo.
Moving label "_12199_" from metal2 to via2 in cell async_fifo.
Moving label "_12224_" from metal2 to via2 in cell async_fifo.
Moving label "_12250_" from metal1 to viali in cell async_fifo.
Moving label "_12254_" from metal1 to via1 in cell async_fifo.
Moving label "_12271_" from metal1 to viali in cell async_fifo.
Moving label "_12316_" from metal1 to viali in cell async_fifo.
Moving label "_12350_" from metal3 to via3 in cell async_fifo.
Moving label "_12360_" from metal1 to via1 in cell async_fifo.
Moving label "_12363_" from metal1 to via1 in cell async_fifo.
Moving label "_12415_" from metal2 to via2 in cell async_fifo.
Moving label "_12421_" from metal2 to via2 in cell async_fifo.
Moving label "_12459_" from metal1 to viali in cell async_fifo.
Moving label "_12462_" from metal1 to via1 in cell async_fifo.
Moving label "_12526_" from metal1 to viali in cell async_fifo.
Moving label "_12590_" from metal3 to via3 in cell async_fifo.
Moving label "_12598_" from metal1 to via1 in cell async_fifo.
Moving label "_12615_" from metal1 to viali in cell async_fifo.
Moving label "_12619_" from metal1 to via1 in cell async_fifo.
Moving label "_12716_" from metal1 to via1 in cell async_fifo.
Moving label "_12717_" from metal2 to via2 in cell async_fifo.
Moving label "_12793_" from metal1 to via1 in cell async_fifo.
Moving label "_12802_" from metal2 to via2 in cell async_fifo.
Moving label "_12803_" from metal2 to via2 in cell async_fifo.
Moving label "_12808_" from metal1 to viali in cell async_fifo.
Moving label "_12812_" from metal1 to via1 in cell async_fifo.
Moving label "_12825_" from metal2 to via2 in cell async_fifo.
Moving label "_12935_" from metal2 to via2 in cell async_fifo.
Moving label "_12942_" from metal1 to via1 in cell async_fifo.
Moving label "_12946_" from metal1 to via1 in cell async_fifo.
Moving label "_12963_" from metal1 to via1 in cell async_fifo.
Moving label "_12967_" from metal1 to viali in cell async_fifo.
Moving label "_12977_" from metal2 to via2 in cell async_fifo.
Moving label "_12995_" from metal2 to via2 in cell async_fifo.
Moving label "_13049_" from metal1 to via1 in cell async_fifo.
Moving label "_13090_" from metal2 to via2 in cell async_fifo.
Moving label "_13160_" from metal1 to via1 in cell async_fifo.
Moving label "_13172_" from metal2 to via2 in cell async_fifo.
Moving label "_13204_" from metal1 to via1 in cell async_fifo.
Moving label "_13220_" from metal1 to via1 in cell async_fifo.
Moving label "_13261_" from metal2 to via2 in cell async_fifo.
Moving label "_13292_" from metal1 to via1 in cell async_fifo.
Moving label "_13305_" from metal2 to via2 in cell async_fifo.
Moving label "_13313_" from metal1 to via1 in cell async_fifo.
Moving label "_13322_" from metal1 to via1 in cell async_fifo.
Moving label "_13354_" from metal1 to via1 in cell async_fifo.
Moving label "_13372_" from metal1 to viali in cell async_fifo.
Moving label "_13440_" from metal1 to via1 in cell async_fifo.
Moving label "_13444_" from metal1 to via1 in cell async_fifo.
Moving label "_13459_" from metal2 to via1 in cell async_fifo.
Moving label "_13474_" from metal2 to via2 in cell async_fifo.
Moving label "_13485_" from metal1 to via1 in cell async_fifo.
Moving label "_13500_" from metal1 to viali in cell async_fifo.
Moving label "_13515_" from metal3 to via3 in cell async_fifo.
Moving label "_13532_" from metal2 to via2 in cell async_fifo.
Moving label "_13583_" from metal2 to via2 in cell async_fifo.
Moving label "_13607_" from metal2 to via2 in cell async_fifo.
Moving label "_13614_" from metal1 to viali in cell async_fifo.
Moving label "_13618_" from metal1 to via1 in cell async_fifo.
Moving label "_13630_" from metal3 to via2 in cell async_fifo.
Moving label "_13640_" from metal2 to via2 in cell async_fifo.
Moving label "_13655_" from metal1 to via1 in cell async_fifo.
Moving label "_13674_" from metal1 to viali in cell async_fifo.
Moving label "_13678_" from metal1 to via1 in cell async_fifo.
Moving label "_13687_" from metal2 to via2 in cell async_fifo.
Moving label "_13689_" from metal3 to via3 in cell async_fifo.
Moving label "_13704_" from metal1 to via1 in cell async_fifo.
Moving label "_13786_" from metal1 to via1 in cell async_fifo.
Moving label "_13790_" from metal1 to viali in cell async_fifo.
Moving label "_13810_" from metal1 to viali in cell async_fifo.
Moving label "_13831_" from metal1 to viali in cell async_fifo.
Moving label "_13841_" from metal2 to via2 in cell async_fifo.
Moving label "_13846_" from metal1 to via1 in cell async_fifo.
Moving label "_13850_" from metal1 to via1 in cell async_fifo.
Moving label "_13919_" from metal2 to via2 in cell async_fifo.
Moving label "_13927_" from metal2 to via2 in cell async_fifo.
Moving label "_13944_" from metal1 to via1 in cell async_fifo.
Moving label "_13948_" from metal1 to via1 in cell async_fifo.
Moving label "_13950_" from metal3 to via2 in cell async_fifo.
Moving label "_13963_" from metal1 to via1 in cell async_fifo.
Moving label "_13985_" from metal2 to via2 in cell async_fifo.
Moving label "_14019_" from metal1 to via1 in cell async_fifo.
Moving label "_14023_" from metal1 to via1 in cell async_fifo.
Moving label "_14078_" from metal2 to via2 in cell async_fifo.
Moving label "clknet_2_0_0_wclk" from metal2 to via2 in cell async_fifo.
Moving label "clknet_4_7_0_wclk" from metal3 to via3 in cell async_fifo.
Moving label "clknet_4_9_0_wclk" from metal2 to via2 in cell async_fifo.
Moving label "clknet_6_24__leaf_wclk" from metal1 to via1 in cell async_fifo.
Moving label "clknet_6_26__leaf_wclk" from metal1 to viali in cell async_fifo.
Moving label "clknet_leaf_301_wclk" from metal2 to via1 in cell async_fifo.
Moving label "clknet_leaf_391_wclk" from metal1 to via1 in cell async_fifo.
Moving label "clknet_leaf_516_wclk" from metal1 to via1 in cell async_fifo.
Moving label "net12" from metal1 to via1 in cell async_fifo.
Moving label "net42" from metal2 to via2 in cell async_fifo.
Moving label "net49" from metal2 to via2 in cell async_fifo.
Moving label "net52" from metal2 to via2 in cell async_fifo.
Moving label "net59" from metal2 to via2 in cell async_fifo.
Moving label "net69" from metal2 to via2 in cell async_fifo.
Moving label "net70" from metal2 to via2 in cell async_fifo.
Moving label "net76" from metal2 to via2 in cell async_fifo.
Moving label "net78" from metal3 to via3 in cell async_fifo.
Moving label "net79" from metal2 to via2 in cell async_fifo.
Moving label "net88" from metal2 to via2 in cell async_fifo.
Moving label "net93" from metal1 to via1 in cell async_fifo.
Moving label "u_bram.bram\[0\]\[23\]" from metal1 to via1 in cell async_fifo.
Moving label "u_bram.bram\[102\]\[17\]" from metal1 to via1 in cell async_fifo.
Moving label "u_bram.bram\[102\]\[4\]" from metal1 to via1 in cell async_fifo.
Moving label "u_bram.bram\[104\]\[16\]" from metal1 to via1 in cell async_fifo.
Moving label "u_bram.bram\[106\]\[0\]" from metal1 to via1 in cell async_fifo.
Moving label "u_bram.bram\[106\]\[2\]" from metal1 to via1 in cell async_fifo.
Moving label "u_bram.bram\[106\]\[30\]" from metal1 to via1 in cell async_fifo.
Moving label "u_bram.bram\[107\]\[24\]" from metal2 to via1 in cell async_fifo.
Moving label "u_bram.bram\[110\]\[30\]" from metal1 to via1 in cell async_fifo.
Moving label "u_bram.bram\[111\]\[19\]" from metal1 to via1 in cell async_fifo.
Moving label "u_bram.bram\[111\]\[20\]" from metal2 to via1 in cell async_fifo.
Moving label "u_bram.bram\[111\]\[5\]" from metal2 to via1 in cell async_fifo.
Moving label "u_bram.bram\[114\]\[22\]" from metal1 to via1 in cell async_fifo.
Moving label "u_bram.bram\[114\]\[24\]" from metal1 to via1 in cell async_fifo.
Moving label "u_bram.bram\[114\]\[26\]" from metal1 to via1 in cell async_fifo.
Moving label "u_bram.bram\[114\]\[29\]" from metal1 to via1 in cell async_fifo.
Moving label "u_bram.bram\[116\]\[29\]" from metal1 to via1 in cell async_fifo.
Moving label "u_bram.bram\[11\]\[11\]" from metal2 to via2 in cell async_fifo.
Moving label "u_bram.bram\[11\]\[14\]" from metal2 to via1 in cell async_fifo.
Moving label "u_bram.bram\[121\]\[9\]" from metal1 to via1 in cell async_fifo.
Moving label "u_bram.bram\[122\]\[0\]" from metal1 to via1 in cell async_fifo.
Moving label "u_bram.bram\[122\]\[10\]" from metal1 to via1 in cell async_fifo.
Moving label "u_bram.bram\[125\]\[10\]" from metal1 to via1 in cell async_fifo.
Moving label "u_bram.bram\[125\]\[11\]" from metal1 to via1 in cell async_fifo.
Moving label "u_bram.bram\[125\]\[8\]" from metal2 to via1 in cell async_fifo.
Moving label "u_bram.bram\[126\]\[0\]" from metal1 to via1 in cell async_fifo.
Moving label "u_bram.bram\[129\]\[8\]" from metal1 to via1 in cell async_fifo.
Moving label "u_bram.bram\[132\]\[4\]" from metal1 to via1 in cell async_fifo.
Moving label "u_bram.bram\[133\]\[3\]" from metal1 to via1 in cell async_fifo.
Moving label "u_bram.bram\[138\]\[16\]" from metal1 to via1 in cell async_fifo.
Moving label "u_bram.bram\[138\]\[28\]" from metal1 to via1 in cell async_fifo.
Moving label "u_bram.bram\[139\]\[31\]" from metal1 to via1 in cell async_fifo.
Moving label "u_bram.bram\[13\]\[2\]" from metal1 to via1 in cell async_fifo.
Moving label "u_bram.bram\[141\]\[22\]" from metal1 to via1 in cell async_fifo.
Moving label "u_bram.bram\[143\]\[24\]" from metal2 to via1 in cell async_fifo.
Moving label "u_bram.bram\[143\]\[5\]" from metal2 to via1 in cell async_fifo.
Moving label "u_bram.bram\[145\]\[15\]" from metal1 to via1 in cell async_fifo.
Moving label "u_bram.bram\[145\]\[1\]" from metal1 to via1 in cell async_fifo.
Moving label "u_bram.bram\[149\]\[1\]" from metal2 to via1 in cell async_fifo.
Moving label "u_bram.bram\[14\]\[17\]" from metal1 to via1 in cell async_fifo.
Moving label "u_bram.bram\[152\]\[26\]" from metal1 to via1 in cell async_fifo.
Moving label "u_bram.bram\[158\]\[6\]" from metal1 to via1 in cell async_fifo.
Moving label "u_bram.bram\[15\]\[12\]" from metal2 to via1 in cell async_fifo.
Moving label "u_bram.bram\[162\]\[31\]" from metal1 to via1 in cell async_fifo.
Moving label "u_bram.bram\[163\]\[4\]" from metal2 to via2 in cell async_fifo.
Moving label "u_bram.bram\[166\]\[22\]" from metal1 to via1 in cell async_fifo.
Moving label "u_bram.bram\[166\]\[6\]" from metal2 to via1 in cell async_fifo.
Moving label "u_bram.bram\[168\]\[7\]" from metal1 to via1 in cell async_fifo.
Moving label "u_bram.bram\[170\]\[16\]" from metal2 to via2 in cell async_fifo.
Moving label "u_bram.bram\[170\]\[8\]" from metal1 to viali in cell async_fifo.
Moving label "u_bram.bram\[171\]\[19\]" from metal2 to via2 in cell async_fifo.
Moving label "u_bram.bram\[171\]\[26\]" from metal2 to via1 in cell async_fifo.
Moving label "u_bram.bram\[174\]\[11\]" from metal2 to via2 in cell async_fifo.
Moving label "u_bram.bram\[175\]\[22\]" from metal2 to via1 in cell async_fifo.
Moving label "u_bram.bram\[175\]\[8\]" from metal2 to via2 in cell async_fifo.
Moving label "u_bram.bram\[178\]\[20\]" from metal1 to via1 in cell async_fifo.
Moving label "u_bram.bram\[179\]\[16\]" from metal1 to via1 in cell async_fifo.
Moving label "u_bram.bram\[181\]\[5\]" from metal1 to via1 in cell async_fifo.
Moving label "u_bram.bram\[186\]\[29\]" from metal2 to via2 in cell async_fifo.
Moving label "u_bram.bram\[187\]\[9\]" from metal2 to via1 in cell async_fifo.
Moving label "u_bram.bram\[189\]\[1\]" from metal2 to via1 in cell async_fifo.
Moving label "u_bram.bram\[190\]\[17\]" from metal1 to via1 in cell async_fifo.
Moving label "u_bram.bram\[190\]\[20\]" from metal1 to via1 in cell async_fifo.
Moving label "u_bram.bram\[190\]\[21\]" from metal1 to via1 in cell async_fifo.
Moving label "u_bram.bram\[190\]\[6\]" from metal1 to via1 in cell async_fifo.
Moving label "u_bram.bram\[194\]\[20\]" from metal1 to via1 in cell async_fifo.
Moving label "u_bram.bram\[199\]\[1\]" from metal2 to via1 in cell async_fifo.
Moving label "u_bram.bram\[19\]\[22\]" from metal2 to via1 in cell async_fifo.
Moving label "u_bram.bram\[19\]\[26\]" from metal1 to via1 in cell async_fifo.
Moving label "u_bram.bram\[1\]\[18\]" from metal2 to via1 in cell async_fifo.
Moving label "u_bram.bram\[203\]\[22\]" from metal2 to via2 in cell async_fifo.
Moving label "u_bram.bram\[206\]\[20\]" from metal1 to via1 in cell async_fifo.
Moving label "u_bram.bram\[206\]\[29\]" from metal1 to via1 in cell async_fifo.
Moving label "u_bram.bram\[206\]\[4\]" from metal1 to via1 in cell async_fifo.
Moving label "u_bram.bram\[206\]\[7\]" from metal1 to via1 in cell async_fifo.
Moving label "u_bram.bram\[207\]\[30\]" from metal1 to via1 in cell async_fifo.
Moving label "u_bram.bram\[20\]\[15\]" from metal1 to via1 in cell async_fifo.
Moving label "u_bram.bram\[210\]\[31\]" from metal2 to via1 in cell async_fifo.
Moving label "u_bram.bram\[210\]\[3\]" from metal1 to via1 in cell async_fifo.
Moving label "u_bram.bram\[211\]\[14\]" from metal2 to via1 in cell async_fifo.
Moving label "u_bram.bram\[215\]\[2\]" from metal2 to via1 in cell async_fifo.
Moving label "u_bram.bram\[216\]\[3\]" from metal1 to via1 in cell async_fifo.
Moving label "u_bram.bram\[217\]\[25\]" from metal1 to via1 in cell async_fifo.
Moving label "u_bram.bram\[217\]\[28\]" from metal1 to via1 in cell async_fifo.
Moving label "u_bram.bram\[218\]\[12\]" from metal1 to via1 in cell async_fifo.
Moving label "u_bram.bram\[218\]\[25\]" from metal1 to via1 in cell async_fifo.
Moving label "u_bram.bram\[218\]\[5\]" from metal2 to via2 in cell async_fifo.
Moving label "u_bram.bram\[21\]\[21\]" from metal1 to via1 in cell async_fifo.
Moving label "u_bram.bram\[221\]\[31\]" from metal1 to via1 in cell async_fifo.
Moving label "u_bram.bram\[223\]\[29\]" from metal1 to via1 in cell async_fifo.
Moving label "u_bram.bram\[224\]\[1\]" from metal2 to via2 in cell async_fifo.
Moving label "u_bram.bram\[224\]\[28\]" from metal1 to via1 in cell async_fifo.
Moving label "u_bram.bram\[225\]\[11\]" from metal1 to via1 in cell async_fifo.
Moving label "u_bram.bram\[226\]\[27\]" from metal1 to via1 in cell async_fifo.
Moving label "u_bram.bram\[226\]\[3\]" from metal1 to via1 in cell async_fifo.
Moving label "u_bram.bram\[226\]\[7\]" from metal1 to via1 in cell async_fifo.
Moving label "u_bram.bram\[22\]\[19\]" from metal1 to via1 in cell async_fifo.
Moving label "u_bram.bram\[230\]\[0\]" from metal1 to via1 in cell async_fifo.
Moving label "u_bram.bram\[231\]\[27\]" from metal1 to via1 in cell async_fifo.
Moving label "u_bram.bram\[231\]\[6\]" from metal1 to via1 in cell async_fifo.
Moving label "u_bram.bram\[233\]\[25\]" from metal1 to via1 in cell async_fifo.
Moving label "u_bram.bram\[234\]\[11\]" from metal1 to via1 in cell async_fifo.
Moving label "u_bram.bram\[234\]\[26\]" from metal2 to via2 in cell async_fifo.
Moving label "u_bram.bram\[235\]\[13\]" from metal2 to via1 in cell async_fifo.
Moving label "u_bram.bram\[235\]\[8\]" from metal2 to via2 in cell async_fifo.
Moving label "u_bram.bram\[238\]\[18\]" from metal2 to via1 in cell async_fifo.
Moving label "u_bram.bram\[238\]\[30\]" from metal1 to via1 in cell async_fifo.
Moving label "u_bram.bram\[239\]\[1\]" from metal1 to via1 in cell async_fifo.
Moving label "u_bram.bram\[23\]\[29\]" from metal1 to via1 in cell async_fifo.
Moving label "u_bram.bram\[242\]\[12\]" from metal1 to via1 in cell async_fifo.
Moving label "u_bram.bram\[244\]\[1\]" from metal1 to via1 in cell async_fifo.
Moving label "u_bram.bram\[250\]\[17\]" from metal1 to via1 in cell async_fifo.
Moving label "u_bram.bram\[253\]\[4\]" from metal1 to via1 in cell async_fifo.
Moving label "u_bram.bram\[254\]\[20\]" from metal1 to via1 in cell async_fifo.
Moving label "u_bram.bram\[27\]\[29\]" from metal1 to via1 in cell async_fifo.
Moving label "u_bram.bram\[29\]\[12\]" from metal1 to via1 in cell async_fifo.
Moving label "u_bram.bram\[2\]\[15\]" from metal2 to via2 in cell async_fifo.
Moving label "u_bram.bram\[32\]\[19\]" from metal1 to via1 in cell async_fifo.
Moving label "u_bram.bram\[34\]\[10\]" from metal1 to via1 in cell async_fifo.
Moving label "u_bram.bram\[34\]\[2\]" from metal1 to via1 in cell async_fifo.
Moving label "u_bram.bram\[35\]\[12\]" from metal2 to via1 in cell async_fifo.
Moving label "u_bram.bram\[35\]\[13\]" from metal2 to via2 in cell async_fifo.
Moving label "u_bram.bram\[37\]\[24\]" from metal1 to via1 in cell async_fifo.
Moving label "u_bram.bram\[37\]\[3\]" from metal1 to via1 in cell async_fifo.
Moving label "u_bram.bram\[38\]\[4\]" from metal1 to via1 in cell async_fifo.
Moving label "u_bram.bram\[38\]\[8\]" from metal1 to via1 in cell async_fifo.
Moving label "u_bram.bram\[39\]\[1\]" from metal2 to via1 in cell async_fifo.
Moving label "u_bram.bram\[3\]\[8\]" from metal1 to via1 in cell async_fifo.
Moving label "u_bram.bram\[41\]\[23\]" from metal1 to via1 in cell async_fifo.
Moving label "u_bram.bram\[43\]\[14\]" from metal2 to via2 in cell async_fifo.
Moving label "u_bram.bram\[43\]\[19\]" from metal2 to via1 in cell async_fifo.
Moving label "u_bram.bram\[43\]\[31\]" from metal2 to via1 in cell async_fifo.
Moving label "u_bram.bram\[43\]\[8\]" from metal2 to via1 in cell async_fifo.
Moving label "u_bram.bram\[44\]\[23\]" from metal1 to via1 in cell async_fifo.
Moving label "u_bram.bram\[44\]\[24\]" from metal1 to via1 in cell async_fifo.
Moving label "u_bram.bram\[47\]\[15\]" from metal2 to via2 in cell async_fifo.
Moving label "u_bram.bram\[48\]\[5\]" from metal1 to via1 in cell async_fifo.
Moving label "u_bram.bram\[50\]\[24\]" from metal1 to via1 in cell async_fifo.
Moving label "u_bram.bram\[51\]\[3\]" from metal2 to via1 in cell async_fifo.
Moving label "u_bram.bram\[53\]\[30\]" from metal1 to via1 in cell async_fifo.
Moving label "u_bram.bram\[56\]\[22\]" from metal1 to via1 in cell async_fifo.
Moving label "u_bram.bram\[56\]\[8\]" from metal1 to via1 in cell async_fifo.
Moving label "u_bram.bram\[58\]\[21\]" from metal2 to via2 in cell async_fifo.
Moving label "u_bram.bram\[60\]\[11\]" from metal2 to via1 in cell async_fifo.
Moving label "u_bram.bram\[63\]\[20\]" from metal1 to via1 in cell async_fifo.
Moving label "u_bram.bram\[69\]\[12\]" from metal1 to via1 in cell async_fifo.
Moving label "u_bram.bram\[70\]\[16\]" from metal1 to via1 in cell async_fifo.
Moving label "u_bram.bram\[70\]\[24\]" from metal2 to via2 in cell async_fifo.
Moving label "u_bram.bram\[71\]\[0\]" from metal1 to via1 in cell async_fifo.
Moving label "u_bram.bram\[71\]\[22\]" from metal2 to via1 in cell async_fifo.
Moving label "u_bram.bram\[71\]\[24\]" from metal2 to via1 in cell async_fifo.
Moving label "u_bram.bram\[72\]\[26\]" from metal2 to via1 in cell async_fifo.
Moving label "u_bram.bram\[74\]\[14\]" from metal1 to via1 in cell async_fifo.
Moving label "u_bram.bram\[75\]\[26\]" from metal1 to via1 in cell async_fifo.
Moving label "u_bram.bram\[76\]\[10\]" from metal1 to via1 in cell async_fifo.
Moving label "u_bram.bram\[76\]\[11\]" from metal2 to via1 in cell async_fifo.
Moving label "u_bram.bram\[77\]\[30\]" from metal1 to via1 in cell async_fifo.
Moving label "u_bram.bram\[78\]\[12\]" from metal1 to viali in cell async_fifo.
Moving label "u_bram.bram\[7\]\[6\]" from metal1 to via1 in cell async_fifo.
Moving label "u_bram.bram\[82\]\[19\]" from metal1 to via1 in cell async_fifo.
Moving label "u_bram.bram\[82\]\[30\]" from metal1 to via1 in cell async_fifo.
Moving label "u_bram.bram\[82\]\[3\]" from metal1 to via1 in cell async_fifo.
Moving label "u_bram.bram\[82\]\[6\]" from metal2 to via2 in cell async_fifo.
Moving label "u_bram.bram\[83\]\[12\]" from metal2 to via1 in cell async_fifo.
Moving label "u_bram.bram\[83\]\[23\]" from metal2 to via1 in cell async_fifo.
Moving label "u_bram.bram\[83\]\[30\]" from metal1 to via1 in cell async_fifo.
Moving label "u_bram.bram\[84\]\[5\]" from metal2 to via1 in cell async_fifo.
Moving label "u_bram.bram\[86\]\[18\]" from metal1 to via1 in cell async_fifo.
Moving label "u_bram.bram\[86\]\[20\]" from metal1 to via1 in cell async_fifo.
Moving label "u_bram.bram\[87\]\[26\]" from metal2 to via1 in cell async_fifo.
Moving label "u_bram.bram\[87\]\[3\]" from metal1 to via1 in cell async_fifo.
Moving label "u_bram.bram\[87\]\[5\]" from metal1 to via1 in cell async_fifo.
Moving label "u_bram.bram\[8\]\[27\]" from metal2 to via1 in cell async_fifo.
Moving label "u_bram.bram\[8\]\[5\]" from metal1 to via1 in cell async_fifo.
Moving label "u_bram.bram\[90\]\[6\]" from metal2 to via1 in cell async_fifo.
Moving label "u_bram.bram\[94\]\[9\]" from metal1 to via1 in cell async_fifo.
Moving label "u_bram.bram\[95\]\[4\]" from metal2 to via1 in cell async_fifo.
Moving label "u_bram.bram\[98\]\[11\]" from metal1 to via1 in cell async_fifo.
Moving label "u_bram.bram\[98\]\[29\]" from metal1 to via1 in cell async_fifo.
Moving label "u_bram.bram\[98\]\[4\]" from metal1 to via1 in cell async_fifo.
Moving label "u_bram.bram\[9\]\[0\]" from metal1 to via1 in cell async_fifo.
Moving label "u_bram.w_addr\[2\]" from metal2 to via2 in cell async_fifo.
Moving label "u_bram.w_addr\[7\]" from metal2 to via1 in cell async_fifo.
Processing async_fifo
Extracting sky130_ef_sc_hd__decap_12 into sky130_ef_sc_hd__decap_12.ext:
Extracting sky130_fd_sc_hd__decap_3 into sky130_fd_sc_hd__decap_3.ext:
Extracting sky130_fd_sc_hd__fill_1 into sky130_fd_sc_hd__fill_1.ext:
Extracting sky130_fd_sc_hd__tapvpwrvgnd_1 into sky130_fd_sc_hd__tapvpwrvgnd_1.ext:
Extracting sky130_fd_sc_hd__decap_4 into sky130_fd_sc_hd__decap_4.ext:
Extracting sky130_fd_sc_hd__decap_6 into sky130_fd_sc_hd__decap_6.ext:
Extracting sky130_fd_sc_hd__decap_8 into sky130_fd_sc_hd__decap_8.ext:
Extracting sky130_fd_sc_hd__clkbuf_16 into sky130_fd_sc_hd__clkbuf_16.ext:
Extracting sky130_fd_sc_hd__fill_2 into sky130_fd_sc_hd__fill_2.ext:
Extracting sky130_fd_sc_hd__buf_12 into sky130_fd_sc_hd__buf_12.ext:
Extracting sky130_fd_sc_hd__diode_2 into sky130_fd_sc_hd__diode_2.ext:
Extracting sky130_fd_sc_hd__clkbuf_8 into sky130_fd_sc_hd__clkbuf_8.ext:
Extracting sky130_fd_sc_hd__dlygate4sd3_1 into sky130_fd_sc_hd__dlygate4sd3_1.ext:
Extracting sky130_fd_sc_hd__mux2_1 into sky130_fd_sc_hd__mux2_1.ext:
Extracting sky130_fd_sc_hd__dfxtp_1 into sky130_fd_sc_hd__dfxtp_1.ext:
Extracting sky130_fd_sc_hd__nor2_1 into sky130_fd_sc_hd__nor2_1.ext:
Extracting sky130_fd_sc_hd__inv_12 into sky130_fd_sc_hd__inv_12.ext:
Extracting sky130_fd_sc_hd__or2_1 into sky130_fd_sc_hd__or2_1.ext:
Extracting sky130_fd_sc_hd__clkbuf_4 into sky130_fd_sc_hd__clkbuf_4.ext:
Extracting sky130_fd_sc_hd__o21a_1 into sky130_fd_sc_hd__o21a_1.ext:
Extracting sky130_fd_sc_hd__mux4_1 into sky130_fd_sc_hd__mux4_1.ext:
Extracting sky130_fd_sc_hd__a221o_1 into sky130_fd_sc_hd__a221o_1.ext:
Extracting sky130_fd_sc_hd__inv_6 into sky130_fd_sc_hd__inv_6.ext:
Extracting sky130_fd_sc_hd__o221a_1 into sky130_fd_sc_hd__o221a_1.ext:
Extracting sky130_fd_sc_hd__o21ai_1 into sky130_fd_sc_hd__o21ai_1.ext:
Extracting sky130_fd_sc_hd__clkinvlp_4 into sky130_fd_sc_hd__clkinvlp_4.ext:
Extracting sky130_fd_sc_hd__inv_8 into sky130_fd_sc_hd__inv_8.ext:
Extracting sky130_fd_sc_hd__and2_1 into sky130_fd_sc_hd__and2_1.ext:
Extracting sky130_fd_sc_hd__inv_16 into sky130_fd_sc_hd__inv_16.ext:
Extracting sky130_fd_sc_hd__clkinv_8 into sky130_fd_sc_hd__clkinv_8.ext:
Extracting sky130_fd_sc_hd__a21o_1 into sky130_fd_sc_hd__a21o_1.ext:
Extracting sky130_fd_sc_hd__nand2_1 into sky130_fd_sc_hd__nand2_1.ext:
Extracting sky130_fd_sc_hd__o221a_2 into sky130_fd_sc_hd__o221a_2.ext:
Extracting sky130_fd_sc_hd__o311a_4 into sky130_fd_sc_hd__o311a_4.ext:
Extracting sky130_fd_sc_hd__a211oi_2 into sky130_fd_sc_hd__a211oi_2.ext:
Extracting sky130_fd_sc_hd__a211oi_1 into sky130_fd_sc_hd__a211oi_1.ext:
Extracting sky130_fd_sc_hd__a311o_2 into sky130_fd_sc_hd__a311o_2.ext:
Extracting sky130_fd_sc_hd__a311o_4 into sky130_fd_sc_hd__a311o_4.ext:
Extracting sky130_fd_sc_hd__a211oi_4 into sky130_fd_sc_hd__a211oi_4.ext:
Extracting sky130_fd_sc_hd__a21oi_1 into sky130_fd_sc_hd__a21oi_1.ext:
Extracting sky130_fd_sc_hd__a221o_2 into sky130_fd_sc_hd__a221o_2.ext:
Extracting sky130_fd_sc_hd__o311ai_4 into sky130_fd_sc_hd__o311ai_4.ext:
Extracting sky130_fd_sc_hd__bufinv_16 into sky130_fd_sc_hd__bufinv_16.ext:
Extracting sky130_fd_sc_hd__a311o_1 into sky130_fd_sc_hd__a311o_1.ext:
Extracting sky130_fd_sc_hd__clkinv_2 into sky130_fd_sc_hd__clkinv_2.ext:
Extracting sky130_fd_sc_hd__clkinv_4 into sky130_fd_sc_hd__clkinv_4.ext:
Extracting sky130_fd_sc_hd__o311a_2 into sky130_fd_sc_hd__o311a_2.ext:
Extracting sky130_fd_sc_hd__buf_6 into sky130_fd_sc_hd__buf_6.ext:
Extracting sky130_fd_sc_hd__o211a_1 into sky130_fd_sc_hd__o211a_1.ext:
Extracting sky130_fd_sc_hd__or3_2 into sky130_fd_sc_hd__or3_2.ext:
Extracting sky130_fd_sc_hd__or2_4 into sky130_fd_sc_hd__or2_4.ext:
Extracting sky130_fd_sc_hd__nor2_8 into sky130_fd_sc_hd__nor2_8.ext:
Extracting sky130_fd_sc_hd__nand2b_1 into sky130_fd_sc_hd__nand2b_1.ext:
Extracting sky130_fd_sc_hd__or3_4 into sky130_fd_sc_hd__or3_4.ext:
Extracting sky130_fd_sc_hd__or4_4 into sky130_fd_sc_hd__or4_4.ext:
Extracting sky130_fd_sc_hd__dfrtp_1 into sky130_fd_sc_hd__dfrtp_1.ext:
Extracting sky130_fd_sc_hd__xnor2_1 into sky130_fd_sc_hd__xnor2_1.ext:
Extracting sky130_fd_sc_hd__nand2b_4 into sky130_fd_sc_hd__nand2b_4.ext:
Extracting sky130_fd_sc_hd__and2b_1 into sky130_fd_sc_hd__and2b_1.ext:
Extracting sky130_fd_sc_hd__o21ba_1 into sky130_fd_sc_hd__o21ba_1.ext:
Extracting sky130_fd_sc_hd__dfrtp_4 into sky130_fd_sc_hd__dfrtp_4.ext:
Extracting sky130_fd_sc_hd__and3_1 into sky130_fd_sc_hd__and3_1.ext:
Extracting sky130_fd_sc_hd__xor2_1 into sky130_fd_sc_hd__xor2_1.ext:
Extracting sky130_fd_sc_hd__a211o_1 into sky130_fd_sc_hd__a211o_1.ext:
Extracting sky130_fd_sc_hd__inv_2 into sky130_fd_sc_hd__inv_2.ext:
Extracting sky130_fd_sc_hd__nand4_4 into sky130_fd_sc_hd__nand4_4.ext:
Extracting sky130_fd_sc_hd__dfstp_4 into sky130_fd_sc_hd__dfstp_4.ext:
Extracting sky130_fd_sc_hd__a2bb2o_1 into sky130_fd_sc_hd__a2bb2o_1.ext:
Extracting sky130_fd_sc_hd__and3b_1 into sky130_fd_sc_hd__and3b_1.ext:
Extracting sky130_fd_sc_hd__a2111o_1 into sky130_fd_sc_hd__a2111o_1.ext:
Extracting sky130_fd_sc_hd__or4_1 into sky130_fd_sc_hd__or4_1.ext:
Extracting sky130_fd_sc_hd__or4b_1 into sky130_fd_sc_hd__or4b_1.ext:
Extracting sky130_fd_sc_hd__and4_1 into sky130_fd_sc_hd__and4_1.ext:
Extracting sky130_fd_sc_hd__o31a_2 into sky130_fd_sc_hd__o31a_2.ext:
Extracting sky130_fd_sc_hd__mux2_2 into sky130_fd_sc_hd__mux2_2.ext:
Extracting sky130_fd_sc_hd__o211a_2 into sky130_fd_sc_hd__o211a_2.ext:
Extracting sky130_fd_sc_hd__xnor2_2 into sky130_fd_sc_hd__xnor2_2.ext:
Extracting sky130_fd_sc_hd__xor2_2 into sky130_fd_sc_hd__xor2_2.ext:
Extracting sky130_fd_sc_hd__a22o_1 into sky130_fd_sc_hd__a22o_1.ext:
Extracting sky130_fd_sc_hd__o22a_1 into sky130_fd_sc_hd__o22a_1.ext:
Extracting sky130_fd_sc_hd__or4_2 into sky130_fd_sc_hd__or4_2.ext:
Extracting sky130_fd_sc_hd__o2bb2ai_1 into sky130_fd_sc_hd__o2bb2ai_1.ext:
Extracting sky130_fd_sc_hd__dfrtp_2 into sky130_fd_sc_hd__dfrtp_2.ext:
Extracting sky130_fd_sc_hd__nand2_2 into sky130_fd_sc_hd__nand2_2.ext:
Extracting sky130_fd_sc_hd__inv_4 into sky130_fd_sc_hd__inv_4.ext:
Extracting sky130_fd_sc_hd__o311a_1 into sky130_fd_sc_hd__o311a_1.ext:
Extracting sky130_fd_sc_hd__clkinv_16 into sky130_fd_sc_hd__clkinv_16.ext:
Extracting sky130_fd_sc_hd__a32o_1 into sky130_fd_sc_hd__a32o_1.ext:
Extracting sky130_fd_sc_hd__buf_2 into sky130_fd_sc_hd__buf_2.ext:
Extracting sky130_fd_sc_hd__o221ai_1 into sky130_fd_sc_hd__o221ai_1.ext:
Extracting sky130_fd_sc_hd__or3_1 into sky130_fd_sc_hd__or3_1.ext:
Extracting sky130_fd_sc_hd__mux4_2 into sky130_fd_sc_hd__mux4_2.ext:
Extracting sky130_fd_sc_hd__o31a_1 into sky130_fd_sc_hd__o31a_1.ext:
Extracting sky130_fd_sc_hd__a31o_1 into sky130_fd_sc_hd__a31o_1.ext:
Extracting sky130_fd_sc_hd__buf_4 into sky130_fd_sc_hd__buf_4.ext:
Extracting sky130_fd_sc_hd__clkbuf_2 into sky130_fd_sc_hd__clkbuf_2.ext:
Extracting async_fifo into async_fifo.ext:
exttospice finished.
Using technology "sky130A", version 1.0.493-0-g0fe599b
