
===========================================================================
report_checks -unconstrained
===========================================================================
======================= min_ff_n40C_1v95 Corner ===================================

Startpoint: wrst_n (input port clocked by wclk)
Endpoint: _33255_ (recovery check against rising-edge clock wclk)
Path Group: asynchronous
Path Type: max

Fanout         Cap        Slew       Delay        Time   Description
---------------------------------------------------------------------------------------------
                                  0.000000    0.000000   clock wclk (rise edge)
                                  0.000000    0.000000   clock network delay (propagated)
                                  2.000000    2.000000 ^ input external delay
     1    0.002918    0.010477    0.002800    2.002800 ^ wrst_n (in)
                                                         wrst_n (net)
                      0.010477    0.000000    2.002800 ^ hold1/A (sky130_fd_sc_hd__dlygate4sd3_1)
     1    0.010221    0.087548    0.407213    2.410013 ^ hold1/X (sky130_fd_sc_hd__dlygate4sd3_1)
                                                         net278 (net)
                      0.087548    0.000106    2.410120 ^ input37/A (sky130_fd_sc_hd__buf_12)
    28    0.224457    0.185368    0.133146    2.543266 ^ input37/X (sky130_fd_sc_hd__buf_12)
                                                         net37 (net)
                      0.264900    0.097157    2.640423 ^ _33255_/RESET_B (sky130_fd_sc_hd__dfrtp_4)
                                              2.640423   data arrival time

                                 10.000000   10.000000   clock wclk (rise edge)
                                  0.000000   10.000000   clock source latency
     2    0.126233    0.143435    0.105066   10.105066 ^ wclk (in)
                                                         wclk (net)
                      0.146096    0.000000   10.105066 ^ clkbuf_0_wclk/A (sky130_fd_sc_hd__clkbuf_16)
     4    0.094315    0.085724    0.151714   10.256781 ^ clkbuf_0_wclk/X (sky130_fd_sc_hd__clkbuf_16)
                                                         clknet_0_wclk (net)
                      0.086529    0.006601   10.263382 ^ clkbuf_2_1_0_wclk/A (sky130_fd_sc_hd__clkbuf_8)
     4    0.081658    0.112954    0.154799   10.418180 ^ clkbuf_2_1_0_wclk/X (sky130_fd_sc_hd__clkbuf_8)
                                                         clknet_2_1_0_wclk (net)
                      0.113884    0.008269   10.426450 ^ clkbuf_4_6_0_wclk/A (sky130_fd_sc_hd__clkbuf_8)
     4    0.077906    0.107850    0.162198   10.588648 ^ clkbuf_4_6_0_wclk/X (sky130_fd_sc_hd__clkbuf_8)
                                                         clknet_4_6_0_wclk (net)
                      0.107927    0.002371   10.591018 ^ clkbuf_6_24__f_wclk/A (sky130_fd_sc_hd__clkbuf_16)
     8    0.077108    0.072291    0.138384   10.729403 ^ clkbuf_6_24__f_wclk/X (sky130_fd_sc_hd__clkbuf_16)
                                                         clknet_6_24__leaf_wclk (net)
                      0.072299    0.000806   10.730208 ^ clkbuf_leaf_475_wclk/A (sky130_fd_sc_hd__clkbuf_8)
     9    0.048303    0.071616    0.125562   10.855770 ^ clkbuf_leaf_475_wclk/X (sky130_fd_sc_hd__clkbuf_8)
                                                         clknet_leaf_475_wclk (net)
                      0.071618    0.000504   10.856275 ^ _33255_/CLK (sky130_fd_sc_hd__dfrtp_4)
                                  0.000000   10.856275   clock reconvergence pessimism
                                  0.063923   10.920197   library recovery time
                                             10.920197   data required time
---------------------------------------------------------------------------------------------
                                             10.920197   data required time
                                             -2.640423   data arrival time
---------------------------------------------------------------------------------------------
                                              8.279775   slack (MET)


Startpoint: _33247_ (rising edge-triggered flip-flop clocked by rclk)
Endpoint: r_empty (output port clocked by rclk)
Path Group: rclk
Path Type: max

Fanout         Cap        Slew       Delay        Time   Description
---------------------------------------------------------------------------------------------
                                  0.000000    0.000000   clock rclk (rise edge)
                                  0.000000    0.000000   clock source latency
     1    0.067077    0.079812    0.059867    0.059867 ^ rclk (in)
                                                         rclk (net)
                      0.082316    0.000000    0.059867 ^ clkbuf_0_rclk/A (sky130_fd_sc_hd__clkbuf_16)
     8    0.145781    0.122218    0.166681    0.226547 ^ clkbuf_0_rclk/X (sky130_fd_sc_hd__clkbuf_16)
                                                         clknet_0_rclk (net)
                      0.122759    0.006493    0.233041 ^ clkbuf_3_5__f_rclk/A (sky130_fd_sc_hd__clkbuf_16)
    12    0.044996    0.049386    0.124342    0.357383 ^ clkbuf_3_5__f_rclk/X (sky130_fd_sc_hd__clkbuf_16)
                                                         clknet_3_5__leaf_rclk (net)
                      0.049419    0.001138    0.358520 ^ _33247_/CLK (sky130_fd_sc_hd__dfstp_4)
     4    0.104411    0.200561    0.504449    0.862969 ^ _33247_/Q (sky130_fd_sc_hd__dfstp_4)
                                                         net70 (net)
                      0.201070    0.008817    0.871786 ^ output70/A (sky130_fd_sc_hd__clkbuf_16)
     1    5.001536    3.847185    2.687715    3.559501 ^ output70/X (sky130_fd_sc_hd__clkbuf_16)
                                                         r_empty (net)
                      3.849015    0.069773    3.629274 ^ r_empty (out)
                                              3.629274   data arrival time

                                 25.000000   25.000000   clock rclk (rise edge)
                                  0.000000   25.000000   clock network delay (propagated)
                                  0.000000   25.000000   clock reconvergence pessimism
                                 -2.000000   22.999998   output external delay
                                             22.999998   data required time
---------------------------------------------------------------------------------------------
                                             22.999998   data required time
                                             -3.629274   data arrival time
---------------------------------------------------------------------------------------------
                                             19.370726   slack (MET)


Startpoint: _33246_ (rising edge-triggered flip-flop clocked by wclk)
Endpoint: w_full (output port clocked by wclk)
Path Group: wclk
Path Type: max

Fanout         Cap        Slew       Delay        Time   Description
---------------------------------------------------------------------------------------------
                                  0.000000    0.000000   clock wclk (rise edge)
                                  0.000000    0.000000   clock source latency
     2    0.126233    0.143435    0.105067    0.105067 ^ wclk (in)
                                                         wclk (net)
                      0.146096    0.000000    0.105067 ^ clkbuf_0_wclk/A (sky130_fd_sc_hd__clkbuf_16)
     4    0.094315    0.085724    0.151714    0.256781 ^ clkbuf_0_wclk/X (sky130_fd_sc_hd__clkbuf_16)
                                                         clknet_0_wclk (net)
                      0.086529    0.006600    0.263381 ^ clkbuf_2_1_0_wclk/A (sky130_fd_sc_hd__clkbuf_8)
     4    0.081658    0.112954    0.154799    0.418180 ^ clkbuf_2_1_0_wclk/X (sky130_fd_sc_hd__clkbuf_8)
                                                         clknet_2_1_0_wclk (net)
                      0.113900    0.008340    0.426520 ^ clkbuf_4_4_0_wclk/A (sky130_fd_sc_hd__clkbuf_8)
     4    0.073812    0.103340    0.158085    0.584605 ^ clkbuf_4_4_0_wclk/X (sky130_fd_sc_hd__clkbuf_8)
                                                         clknet_4_4_0_wclk (net)
                      0.103516    0.003466    0.588071 ^ clkbuf_6_18__f_wclk/A (sky130_fd_sc_hd__clkbuf_16)
    11    0.090576    0.082051    0.144197    0.732267 ^ clkbuf_6_18__f_wclk/X (sky130_fd_sc_hd__clkbuf_16)
                                                         clknet_6_18__leaf_wclk (net)
                      0.082178    0.002158    0.734426 ^ clkbuf_leaf_469_wclk/A (sky130_fd_sc_hd__clkbuf_8)
     9    0.038900    0.060262    0.119850    0.854276 ^ clkbuf_leaf_469_wclk/X (sky130_fd_sc_hd__clkbuf_8)
                                                         clknet_leaf_469_wclk (net)
                      0.060263    0.000386    0.854662 ^ _33246_/CLK (sky130_fd_sc_hd__dfrtp_4)
     4    0.098246    0.214691    0.388450    1.243113 ^ _33246_/Q (sky130_fd_sc_hd__dfrtp_4)
                                                         net71 (net)
                      0.219033    0.024232    1.267344 ^ output71/A (sky130_fd_sc_hd__clkbuf_16)
     1    5.001063    3.840041    2.694896    3.962240 ^ output71/X (sky130_fd_sc_hd__clkbuf_16)
                                                         w_full (net)
                      3.841347    0.059009    4.021249 ^ w_full (out)
                                              4.021249   data arrival time

                                 10.000000   10.000000   clock wclk (rise edge)
                                  0.000000   10.000000   clock network delay (propagated)
                                  0.000000   10.000000   clock reconvergence pessimism
                                 -2.000000    8.000000   output external delay
                                              8.000000   data required time
---------------------------------------------------------------------------------------------
                                              8.000000   data required time
                                             -4.021249   data arrival time
---------------------------------------------------------------------------------------------
                                              3.978751   slack (MET)




===========================================================================
report_checks --slack_max -0.01
============================================================================
======================= min_ff_n40C_1v95 Corner ===================================

No paths found.


===========================================================================
 report_check_types -max_slew -max_cap -max_fanout -violators
============================================================================
======================= min_ff_n40C_1v95 Corner ===================================

max slew

Pin                                        Limit        Slew       Slack
------------------------------------------------------------------------
output70/X                              1.506265    3.847185   -2.340920 (VIOLATED)
output71/X                              1.506265    3.840041   -2.333776 (VIOLATED)
output39/X                              1.506265    3.816683   -2.310418 (VIOLATED)
output59/X                              1.506265    3.816223   -2.309958 (VIOLATED)
output38/X                              1.506265    3.815285   -2.309021 (VIOLATED)
output41/X                              1.506265    3.814140   -2.307875 (VIOLATED)
output60/X                              1.506265    3.814139   -2.307874 (VIOLATED)
output44/X                              1.506265    3.813138   -2.306873 (VIOLATED)
output61/X                              1.506265    3.812714   -2.306449 (VIOLATED)
output63/X                              1.506265    3.812324   -2.306059 (VIOLATED)
output54/X                              1.506265    3.812208   -2.305943 (VIOLATED)
output67/X                              1.506265    3.811830   -2.305565 (VIOLATED)
output49/X                              1.506265    3.811716   -2.305451 (VIOLATED)
output66/X                              1.506265    3.811460   -2.305196 (VIOLATED)
output58/X                              1.506265    3.810957   -2.304692 (VIOLATED)
output52/X                              1.506265    3.809941   -2.303676 (VIOLATED)
output42/X                              1.506265    3.809929   -2.303664 (VIOLATED)
output47/X                              1.506265    3.809187   -2.302922 (VIOLATED)
output40/X                              1.506265    3.808922   -2.302657 (VIOLATED)
output53/X                              1.506265    3.808853   -2.302588 (VIOLATED)
output46/X                              1.506265    3.808729   -2.302464 (VIOLATED)
output68/X                              1.506265    3.808676   -2.302412 (VIOLATED)
output62/X                              1.506265    3.808135   -2.301870 (VIOLATED)
output55/X                              1.506265    3.808115   -2.301850 (VIOLATED)
output50/X                              1.506265    3.807999   -2.301734 (VIOLATED)
output43/X                              1.506265    3.807978   -2.301713 (VIOLATED)
output64/X                              1.506265    3.807916   -2.301651 (VIOLATED)
output51/X                              1.506265    3.807596   -2.301331 (VIOLATED)
output57/X                              1.506265    3.807317   -2.301052 (VIOLATED)
output56/X                              1.506265    3.806792   -2.300527 (VIOLATED)
output69/X                              1.506265    3.806703   -2.300438 (VIOLATED)
output45/X                              1.506265    3.806346   -2.300081 (VIOLATED)
output65/X                              1.506265    3.806333   -2.300068 (VIOLATED)
output48/X                              1.506265    3.805947   -2.299682 (VIOLATED)

max capacitance

Pin                                        Limit         Cap       Slack
------------------------------------------------------------------------
output70/X                              1.953745    5.001536   -3.047791 (VIOLATED)
output71/X                              1.953745    5.001063   -3.047318 (VIOLATED)
output47/X                              1.953745    5.000633   -3.046888 (VIOLATED)
output63/X                              1.953745    5.000636   -3.046891 (VIOLATED)
output61/X                              1.953745    5.000594   -3.046849 (VIOLATED)
output66/X                              1.953745    5.000594   -3.046849 (VIOLATED)
output40/X                              1.953745    5.000589   -3.046844 (VIOLATED)
output54/X                              1.953745    5.000587   -3.046842 (VIOLATED)
output42/X                              1.953745    5.000578   -3.046833 (VIOLATED)
output59/X                              1.953745    5.000580   -3.046835 (VIOLATED)
output58/X                              1.953745    5.000577   -3.046832 (VIOLATED)
output49/X                              1.953745    5.000573   -3.046828 (VIOLATED)
output52/X                              1.953745    5.000574   -3.046829 (VIOLATED)
output67/X                              1.953745    5.000566   -3.046821 (VIOLATED)
output44/X                              1.953745    5.000558   -3.046814 (VIOLATED)
output41/X                              1.953745    5.000544   -3.046798 (VIOLATED)
output55/X                              1.953745    5.000544   -3.046799 (VIOLATED)
output60/X                              1.953745    5.000544   -3.046799 (VIOLATED)
output38/X                              1.953745    5.000536   -3.046792 (VIOLATED)
output39/X                              1.953745    5.000536   -3.046792 (VIOLATED)
output46/X                              1.953745    5.000538   -3.046793 (VIOLATED)
output57/X                              1.953745    5.000532   -3.046787 (VIOLATED)
output45/X                              1.953745    5.000520   -3.046775 (VIOLATED)
output51/X                              1.953745    5.000517   -3.046772 (VIOLATED)
output69/X                              1.953745    5.000512   -3.046767 (VIOLATED)
output53/X                              1.953745    5.000471   -3.046726 (VIOLATED)
output68/X                              1.953745    5.000471   -3.046726 (VIOLATED)
output64/X                              1.953745    5.000466   -3.046721 (VIOLATED)
output50/X                              1.953745    5.000454   -3.046710 (VIOLATED)
output43/X                              1.953745    5.000423   -3.046678 (VIOLATED)
output48/X                              1.953745    5.000417   -3.046672 (VIOLATED)
output56/X                              1.953745    5.000415   -3.046670 (VIOLATED)
output62/X                              1.953745    5.000417   -3.046672 (VIOLATED)
output65/X                              1.953745    5.000420   -3.046675 (VIOLATED)



===========================================================================
report_parasitic_annotation -report_unannotated
============================================================================
Found 524 unannotated drivers.
 clkload0/X
 clkload1/Y
 clkload10/Y
 clkload100/Y
 clkload101/Y
 clkload102/X
 clkload103/Y
 clkload104/Y
 clkload105/Y
 clkload106/Y
 clkload107/Y
 clkload108/Y
 clkload109/Y
 clkload11/X
 clkload110/Y
 clkload111/Y
 clkload112/Y
 clkload113/Y
 clkload114/Y
 clkload115/Y
 clkload116/X
 clkload117/Y
 clkload118/Y
 clkload119/Y
 clkload12/X
 clkload120/Y
 clkload121/Y
 clkload122/X
 clkload123/X
 clkload124/Y
 clkload125/Y
 clkload126/Y
 clkload127/Y
 clkload128/Y
 clkload129/X
 clkload13/Y
 clkload130/Y
 clkload131/Y
 clkload132/Y
 clkload133/Y
 clkload134/Y
 clkload135/Y
 clkload136/Y
 clkload137/Y
 clkload138/Y
 clkload139/Y
 clkload14/Y
 clkload140/Y
 clkload141/Y
 clkload142/Y
 clkload143/Y
 clkload144/X
 clkload145/Y
 clkload146/Y
 clkload147/Y
 clkload148/Y
 clkload149/Y
 clkload15/Y
 clkload150/Y
 clkload151/Y
 clkload152/Y
 clkload153/Y
 clkload154/Y
 clkload155/Y
 clkload156/Y
 clkload157/Y
 clkload158/Y
 clkload159/Y
 clkload16/X
 clkload160/X
 clkload161/Y
 clkload162/Y
 clkload163/Y
 clkload164/X
 clkload165/Y
 clkload166/Y
 clkload167/X
 clkload168/X
 clkload169/X
 clkload17/X
 clkload170/Y
 clkload171/Y
 clkload172/Y
 clkload173/Y
 clkload174/Y
 clkload175/X
 clkload176/Y
 clkload177/X
 clkload178/X
 clkload179/X
 clkload18/Y
 clkload180/Y
 clkload181/Y
 clkload182/Y
 clkload183/Y
 clkload184/Y
 clkload185/Y
 clkload186/Y
 clkload187/Y
 clkload188/Y
 clkload189/Y
 clkload19/Y
 clkload190/Y
 clkload191/Y
 clkload192/Y
 clkload193/Y
 clkload194/Y
 clkload195/Y
 clkload196/Y
 clkload197/X
 clkload198/Y
 clkload199/Y
 clkload2/X
 clkload20/Y
 clkload200/Y
 clkload201/Y
 clkload202/Y
 clkload203/Y
 clkload204/Y
 clkload205/Y
 clkload206/X
 clkload207/Y
 clkload208/Y
 clkload209/Y
 clkload21/X
 clkload210/Y
 clkload211/Y
 clkload212/Y
 clkload213/Y
 clkload214/Y
 clkload215/X
 clkload216/Y
 clkload217/Y
 clkload218/Y
 clkload219/X
 clkload22/Y
 clkload220/Y
 clkload221/Y
 clkload222/Y
 clkload223/Y
 clkload224/Y
 clkload225/X
 clkload226/Y
 clkload227/Y
 clkload228/Y
 clkload229/Y
 clkload23/Y
 clkload230/Y
 clkload231/Y
 clkload232/Y
 clkload233/Y
 clkload234/Y
 clkload235/Y
 clkload236/X
 clkload237/Y
 clkload238/X
 clkload239/Y
 clkload24/Y
 clkload240/Y
 clkload241/Y
 clkload242/Y
 clkload243/Y
 clkload244/Y
 clkload245/Y
 clkload246/Y
 clkload247/Y
 clkload248/Y
 clkload249/Y
 clkload25/Y
 clkload250/Y
 clkload251/Y
 clkload252/X
 clkload253/Y
 clkload254/Y
 clkload255/Y
 clkload256/Y
 clkload257/Y
 clkload258/Y
 clkload259/Y
 clkload26/X
 clkload260/X
 clkload261/Y
 clkload262/Y
 clkload263/Y
 clkload264/Y
 clkload265/Y
 clkload266/Y
 clkload267/Y
 clkload268/Y
 clkload269/Y
 clkload27/Y
 clkload270/Y
 clkload271/Y
 clkload272/Y
 clkload273/Y
 clkload274/Y
 clkload275/X
 clkload276/Y
 clkload277/Y
 clkload278/Y
 clkload279/Y
 clkload28/X
 clkload280/Y
 clkload281/Y
 clkload282/Y
 clkload283/Y
 clkload284/Y
 clkload285/Y
 clkload286/Y
 clkload287/X
 clkload288/Y
 clkload289/Y
 clkload29/Y
 clkload290/Y
 clkload291/Y
 clkload292/Y
 clkload293/Y
 clkload294/Y
 clkload295/Y
 clkload296/Y
 clkload297/Y
 clkload298/X
 clkload299/Y
 clkload3/Y
 clkload30/Y
 clkload300/Y
 clkload301/Y
 clkload302/Y
 clkload303/Y
 clkload304/Y
 clkload305/X
 clkload306/Y
 clkload307/Y
 clkload308/Y
 clkload309/Y
 clkload31/X
 clkload310/Y
 clkload311/Y
 clkload312/Y
 clkload313/Y
 clkload314/Y
 clkload315/Y
 clkload316/Y
 clkload317/Y
 clkload318/Y
 clkload319/Y
 clkload32/X
 clkload320/Y
 clkload321/X
 clkload322/X
 clkload323/Y
 clkload324/Y
 clkload325/Y
 clkload326/X
 clkload327/Y
 clkload328/Y
 clkload329/Y
 clkload33/Y
 clkload330/Y
 clkload331/Y
 clkload332/Y
 clkload333/X
 clkload334/Y
 clkload335/Y
 clkload336/Y
 clkload337/Y
 clkload338/Y
 clkload339/Y
 clkload34/X
 clkload340/Y
 clkload341/Y
 clkload342/Y
 clkload343/Y
 clkload344/Y
 clkload345/Y
 clkload346/Y
 clkload347/Y
 clkload348/Y
 clkload349/Y
 clkload35/X
 clkload350/Y
 clkload351/Y
 clkload352/Y
 clkload353/X
 clkload354/Y
 clkload355/Y
 clkload356/Y
 clkload357/Y
 clkload358/Y
 clkload359/Y
 clkload36/Y
 clkload360/Y
 clkload361/Y
 clkload362/Y
 clkload363/Y
 clkload364/X
 clkload365/X
 clkload366/Y
 clkload367/Y
 clkload368/X
 clkload369/Y
 clkload37/Y
 clkload370/Y
 clkload371/Y
 clkload372/X
 clkload373/Y
 clkload374/Y
 clkload375/X
 clkload376/Y
 clkload377/X
 clkload378/Y
 clkload379/X
 clkload38/Y
 clkload380/Y
 clkload381/Y
 clkload382/Y
 clkload383/Y
 clkload384/Y
 clkload385/Y
 clkload386/X
 clkload387/Y
 clkload388/Y
 clkload389/Y
 clkload39/Y
 clkload390/Y
 clkload391/Y
 clkload392/Y
 clkload393/X
 clkload394/Y
 clkload395/X
 clkload396/Y
 clkload397/Y
 clkload398/Y
 clkload399/Y
 clkload4/X
 clkload40/Y
 clkload400/Y
 clkload401/Y
 clkload402/X
 clkload403/Y
 clkload404/Y
 clkload405/Y
 clkload406/Y
 clkload407/Y
 clkload408/Y
 clkload409/Y
 clkload41/Y
 clkload410/X
 clkload411/Y
 clkload412/Y
 clkload413/Y
 clkload414/Y
 clkload415/Y
 clkload416/X
 clkload417/Y
 clkload418/Y
 clkload419/Y
 clkload42/Y
 clkload420/Y
 clkload421/Y
 clkload422/Y
 clkload423/Y
 clkload424/Y
 clkload425/Y
 clkload426/Y
 clkload427/Y
 clkload428/Y
 clkload429/X
 clkload43/Y
 clkload430/X
 clkload431/Y
 clkload432/Y
 clkload433/Y
 clkload434/Y
 clkload435/Y
 clkload436/Y
 clkload437/Y
 clkload438/X
 clkload439/Y
 clkload44/Y
 clkload440/Y
 clkload441/Y
 clkload442/Y
 clkload443/Y
 clkload444/Y
 clkload445/Y
 clkload446/Y
 clkload447/Y
 clkload448/Y
 clkload449/Y
 clkload45/Y
 clkload450/Y
 clkload451/Y
 clkload452/Y
 clkload453/Y
 clkload454/Y
 clkload455/Y
 clkload456/Y
 clkload457/Y
 clkload458/Y
 clkload459/Y
 clkload46/Y
 clkload460/Y
 clkload461/Y
 clkload462/Y
 clkload463/X
 clkload464/Y
 clkload465/Y
 clkload466/Y
 clkload467/Y
 clkload468/Y
 clkload469/Y
 clkload47/Y
 clkload470/Y
 clkload471/Y
 clkload472/X
 clkload473/Y
 clkload474/Y
 clkload475/Y
 clkload476/Y
 clkload477/Y
 clkload478/Y
 clkload479/X
 clkload48/Y
 clkload480/Y
 clkload481/Y
 clkload482/X
 clkload483/Y
 clkload484/Y
 clkload485/Y
 clkload486/Y
 clkload487/Y
 clkload488/Y
 clkload489/Y
 clkload49/Y
 clkload490/Y
 clkload491/Y
 clkload492/Y
 clkload493/Y
 clkload494/Y
 clkload495/Y
 clkload496/Y
 clkload497/Y
 clkload498/Y
 clkload499/Y
 clkload5/Y
 clkload50/Y
 clkload500/Y
 clkload501/Y
 clkload502/Y
 clkload503/Y
 clkload504/Y
 clkload505/Y
 clkload506/X
 clkload507/Y
 clkload508/Y
 clkload509/Y
 clkload51/Y
 clkload510/Y
 clkload511/Y
 clkload512/Y
 clkload513/Y
 clkload514/X
 clkload515/Y
 clkload516/Y
 clkload517/Y
 clkload518/Y
 clkload519/Y
 clkload52/X
 clkload520/Y
 clkload521/Y
 clkload522/Y
 clkload523/Y
 clkload53/Y
 clkload54/Y
 clkload55/Y
 clkload56/Y
 clkload57/Y
 clkload58/Y
 clkload59/Y
 clkload6/X
 clkload60/Y
 clkload61/Y
 clkload62/Y
 clkload63/Y
 clkload64/Y
 clkload65/Y
 clkload66/X
 clkload67/Y
 clkload68/Y
 clkload69/Y
 clkload7/X
 clkload70/Y
 clkload71/X
 clkload72/X
 clkload73/Y
 clkload74/Y
 clkload75/Y
 clkload76/Y
 clkload77/Y
 clkload78/Y
 clkload79/Y
 clkload8/Y
 clkload80/Y
 clkload81/Y
 clkload82/X
 clkload83/Y
 clkload84/Y
 clkload85/Y
 clkload86/Y
 clkload87/Y
 clkload88/Y
 clkload89/Y
 clkload9/Y
 clkload90/Y
 clkload91/Y
 clkload92/Y
 clkload93/Y
 clkload94/Y
 clkload95/Y
 clkload96/Y
 clkload97/Y
 clkload98/X
 clkload99/Y
Found 0 partially unannotated drivers.

===========================================================================
max slew violation count 34
max fanout violation count 0
max cap violation count 34
============================================================================

===========================================================================
check_setup -verbose -unconstrained_endpoints -multiple_clock -no_clock -no_input_delay -loops -generated_clocks
===========================================================================
