Clock: wclk
Sources: wclk 
Generated: no
Virtual: yes
Propagated: no
Period: 10.000000

===========================================================================
report_clock_properties
============================================================================
Clock                   Period          Waveform
----------------------------------------------------
wclk                 10.000000    0.000000  5.000000

===========================================================================
report_clock_latency
============================================================================
Clock wclk
rise -> rise
    min     max
0.000000 0.000000 source latency
0.737317         network latency _33463_/CLK
        0.890478 network latency _33702_/CLK
---------------
0.737317 0.890478 latency
        0.153160 skew

fall -> fall
    min     max
0.000000 0.000000 source latency
0.629662         network latency _33463_/CLK
        0.769421 network latency _33702_/CLK
---------------
0.629662 0.769421 latency
        0.139760 skew



===========================================================================
report_clock_min_period
============================================================================
wclk period_min = 2.76 fmax = 362.12
Clock: rclk
Sources: rclk 
Generated: no
Virtual: yes
Propagated: no
Period: 25.000000

===========================================================================
report_clock_properties
============================================================================
Clock                   Period          Waveform
----------------------------------------------------
rclk                 25.000000    0.000000 12.500000

===========================================================================
report_clock_latency
============================================================================
Clock rclk
rise -> rise
    min     max
0.000000 0.000000 source latency
0.350438         network latency _33025_/CLK
        0.358985 network latency _31602_/CLK
---------------
0.350438 0.358985 latency
        0.008547 skew

fall -> fall
    min     max
0.000000 0.000000 source latency
0.299831         network latency _33025_/CLK
        0.307213 network latency _31602_/CLK
---------------
0.299831 0.307213 latency
        0.007382 skew



===========================================================================
report_clock_min_period
============================================================================
rclk period_min = 4.02 fmax = 248.59
