Clock: wclk
Sources: wclk 
Generated: no
Virtual: yes
Propagated: no
Period: 10.000000

===========================================================================
report_clock_properties
============================================================================
Clock                   Period          Waveform
----------------------------------------------------
wclk                 10.000000    0.000000  5.000000

===========================================================================
report_clock_latency
============================================================================
Clock wclk
rise -> rise
    min     max
0.000000 0.000000 source latency
20.157825         network latency _30314_/CLK
        22.357948 network latency _29033_/CLK
---------------
20.157825 22.357948 latency
        2.200123 skew

fall -> fall
    min     max
0.000000 0.000000 source latency
7.592496         network latency _30314_/CLK
        9.641993 network latency _29102_/CLK
---------------
7.592496 9.641993 latency
        2.049497 skew



===========================================================================
report_clock_min_period
============================================================================
wclk period_min = 22.13 fmax = 45.19
Clock: rclk
Sources: rclk 
Generated: no
Virtual: yes
Propagated: no
Period: 25.000000

===========================================================================
report_clock_properties
============================================================================
Clock                   Period          Waveform
----------------------------------------------------
rclk                 25.000000    0.000000 12.500000

===========================================================================
report_clock_latency
============================================================================
Clock rclk
rise -> rise
    min     max
0.000000 0.000000 source latency
0.202579         network latency _33029_/CLK
        0.224956 network latency _31602_/CLK
---------------
0.202579 0.224956 latency
        0.022377 skew

fall -> fall
    min     max
0.000000 0.000000 source latency
0.077343         network latency _33029_/CLK
        0.097470 network latency _31602_/CLK
---------------
0.077343 0.097470 latency
        0.020126 skew



===========================================================================
report_clock_min_period
============================================================================
rclk period_min = 95.38 fmax = 10.48
