┏━━━━━━━┳━━━━━━━━━┳━━━━━━━━━━┳━━━━━━━━━┳━━━━━━━━━━━━┳━━━━━━━┓
┃ P / R ┃ Partial ┃ Required ┃ Net     ┃ Pin        ┃ Layer ┃
┡━━━━━━━╇━━━━━━━━━╇━━━━━━━━━━╇━━━━━━━━━╇━━━━━━━━━━━━╇━━━━━━━┩
│ 3.58  │ 1431.95 │ 400.00   │ _09018_ │ _19627_/A3 │ met3  │
│ 2.37  │ 948.74  │ 400.00   │ _13691_ │ _24327_/C  │ met1  │
│ 1.87  │ 749.42  │ 400.00   │ _11959_ │ _22585_/C  │ met1  │
│ 1.61  │ 4477.33 │ 2778.20  │ _11613_ │ _22237_/C  │ met4  │
│ 1.56  │ 625.91  │ 400.00   │ net29   │ _26263_/A0 │ met1  │
│ 1.56  │ 625.91  │ 400.00   │ net29   │ _26296_/A0 │ met1  │
│ 1.56  │ 625.91  │ 400.00   │ net29   │ _26329_/A0 │ met1  │
│ 1.52  │ 4214.48 │ 2778.20  │ _13689_ │ _24327_/B  │ met4  │
│ 1.49  │ 594.61  │ 400.00   │ net263  │ _14322_/A0 │ met1  │
│ 1.49  │ 4126.86 │ 2778.20  │ _10055_ │ _20670_/C  │ met4  │
│ 1.34  │ 536.74  │ 400.00   │ _08844_ │ _19452_/B1 │ met1  │
│ 1.34  │ 534.79  │ 400.00   │ _11029_ │ _21711_/A3 │ met1  │
│ 1.30  │ 3601.14 │ 2778.20  │ _11957_ │ _22585_/B  │ met4  │
│ 1.20  │ 478.57  │ 400.00   │ _08357_ │ _17009_/A  │ met1  │
│ 1.14  │ 3163.05 │ 2778.20  │ _14036_ │ _24674_/C  │ met4  │
│ 1.11  │ 442.39  │ 400.00   │ net16   │ _15871_/A1 │ met1  │
└───────┴─────────┴──────────┴─────────┴────────────┴───────┘
