
===========================================================================
report_checks -unconstrained
===========================================================================
======================= nom_tt_025C_1v80 Corner ===================================

Startpoint: wrst_n (input port clocked by wclk)
Endpoint: _33254_ (recovery check against rising-edge clock wclk)
Path Group: asynchronous
Path Type: max

Fanout         Cap        Slew       Delay        Time   Description
---------------------------------------------------------------------------------------------
                                  0.000000    0.000000   clock wclk (rise edge)
                                  0.000000    0.000000   clock network delay (propagated)
                                  2.000000    2.000000 ^ input external delay
     1    0.002884    0.015210    0.003903    2.003903 ^ wrst_n (in)
                                                         wrst_n (net)
                      0.015210    0.000000    2.003903 ^ hold1/A (sky130_fd_sc_hd__dlygate4sd3_1)
     1    0.010238    0.117952    0.581767    2.585670 ^ hold1/X (sky130_fd_sc_hd__dlygate4sd3_1)
                                                         net278 (net)
                      0.117952    0.000315    2.585985 ^ input37/A (sky130_fd_sc_hd__buf_12)
    28    0.237413    0.260625    0.205671    2.791656 ^ input37/X (sky130_fd_sc_hd__buf_12)
                                                         net37 (net)
                      0.356551    0.125198    2.916854 ^ _33254_/RESET_B (sky130_fd_sc_hd__dfrtp_2)
                                              2.916854   data arrival time

                                 10.000000   10.000000   clock wclk (rise edge)
                                  0.000000   10.000000   clock source latency
     2    0.132403    0.199535    0.145001   10.145001 ^ wclk (in)
                                                         wclk (net)
                      0.202929    0.000000   10.145001 ^ clkbuf_0_wclk/A (sky130_fd_sc_hd__clkbuf_16)
     4    0.101976    0.119440    0.235712   10.380713 ^ clkbuf_0_wclk/X (sky130_fd_sc_hd__clkbuf_16)
                                                         clknet_0_wclk (net)
                      0.120550    0.009265   10.389979 ^ clkbuf_2_0_0_wclk/A (sky130_fd_sc_hd__clkbuf_8)
     4    0.088718    0.159017    0.236499   10.626478 ^ clkbuf_2_0_0_wclk/X (sky130_fd_sc_hd__clkbuf_8)
                                                         clknet_2_0_0_wclk (net)
                      0.160722    0.013204   10.639682 ^ clkbuf_4_3_0_wclk/A (sky130_fd_sc_hd__clkbuf_8)
     4    0.079995    0.145091    0.243583   10.883265 ^ clkbuf_4_3_0_wclk/X (sky130_fd_sc_hd__clkbuf_8)
                                                         clknet_4_3_0_wclk (net)
                      0.145394    0.004730   10.887995 ^ clkbuf_6_13__f_wclk/A (sky130_fd_sc_hd__clkbuf_16)
     8    0.068764    0.086509    0.197972   11.085967 ^ clkbuf_6_13__f_wclk/X (sky130_fd_sc_hd__clkbuf_16)
                                                         clknet_6_13__leaf_wclk (net)
                      0.086572    0.002117   11.088083 ^ clkbuf_leaf_474_wclk/A (sky130_fd_sc_hd__clkbuf_8)
    11    0.051931    0.100886    0.186347   11.274430 ^ clkbuf_leaf_474_wclk/X (sky130_fd_sc_hd__clkbuf_8)
                                                         clknet_leaf_474_wclk (net)
                      0.100888    0.000622   11.275052 ^ _33254_/CLK (sky130_fd_sc_hd__dfrtp_2)
                                  0.000000   11.275052   clock reconvergence pessimism
                                  0.144258   11.419311   library recovery time
                                             11.419311   data required time
---------------------------------------------------------------------------------------------
                                             11.419311   data required time
                                             -2.916854   data arrival time
---------------------------------------------------------------------------------------------
                                              8.502456   slack (MET)


Startpoint: _33247_ (rising edge-triggered flip-flop clocked by rclk)
Endpoint: r_empty (output port clocked by rclk)
Path Group: rclk
Path Type: max

Fanout         Cap        Slew       Delay        Time   Description
---------------------------------------------------------------------------------------------
                                  0.000000    0.000000   clock rclk (rise edge)
                                  0.000000    0.000000   clock source latency
     1    0.073680    0.115024    0.085750    0.085750 ^ rclk (in)
                                                         rclk (net)
                      0.118091    0.000000    0.085750 ^ clkbuf_0_rclk/A (sky130_fd_sc_hd__clkbuf_16)
     8    0.154150    0.166360    0.246054    0.331804 ^ clkbuf_0_rclk/X (sky130_fd_sc_hd__clkbuf_16)
                                                         clknet_0_rclk (net)
                      0.167248    0.009763    0.341567 ^ clkbuf_3_5__f_rclk/A (sky130_fd_sc_hd__clkbuf_16)
    12    0.046425    0.066529    0.188007    0.529575 ^ clkbuf_3_5__f_rclk/X (sky130_fd_sc_hd__clkbuf_16)
                                                         clknet_3_5__leaf_rclk (net)
                      0.066596    0.001862    0.531437 ^ _33247_/CLK (sky130_fd_sc_hd__dfstp_4)
     4    0.109325    0.277463    0.792289    1.323726 ^ _33247_/Q (sky130_fd_sc_hd__dfstp_4)
                                                         net70 (net)
                      0.278322    0.013362    1.337088 ^ output70/A (sky130_fd_sc_hd__clkbuf_16)
     1    5.001678    4.961011    3.545552    4.882640 ^ output70/X (sky130_fd_sc_hd__clkbuf_16)
                                                         r_empty (net)
                      4.965972    0.130403    5.013043 ^ r_empty (out)
                                              5.013043   data arrival time

                                 25.000000   25.000000   clock rclk (rise edge)
                                  0.000000   25.000000   clock network delay (propagated)
                                  0.000000   25.000000   clock reconvergence pessimism
                                 -2.000000   22.999998   output external delay
                                             22.999998   data required time
---------------------------------------------------------------------------------------------
                                             22.999998   data required time
                                             -5.013043   data arrival time
---------------------------------------------------------------------------------------------
                                             17.986956   slack (MET)


Startpoint: _33246_ (rising edge-triggered flip-flop clocked by wclk)
Endpoint: w_full (output port clocked by wclk)
Path Group: wclk
Path Type: max

Fanout         Cap        Slew       Delay        Time   Description
---------------------------------------------------------------------------------------------
                                  0.000000    0.000000   clock wclk (rise edge)
                                  0.000000    0.000000   clock source latency
     2    0.132403    0.199535    0.145001    0.145001 ^ wclk (in)
                                                         wclk (net)
                      0.202929    0.000000    0.145001 ^ clkbuf_0_wclk/A (sky130_fd_sc_hd__clkbuf_16)
     4    0.101976    0.119440    0.235712    0.380713 ^ clkbuf_0_wclk/X (sky130_fd_sc_hd__clkbuf_16)
                                                         clknet_0_wclk (net)
                      0.120632    0.009586    0.390300 ^ clkbuf_2_1_0_wclk/A (sky130_fd_sc_hd__clkbuf_8)
     4    0.089048    0.159590    0.237087    0.627386 ^ clkbuf_2_1_0_wclk/X (sky130_fd_sc_hd__clkbuf_8)
                                                         clknet_2_1_0_wclk (net)
                      0.160890    0.011605    0.638991 ^ clkbuf_4_4_0_wclk/A (sky130_fd_sc_hd__clkbuf_8)
     4    0.078116    0.142025    0.241149    0.880140 ^ clkbuf_4_4_0_wclk/X (sky130_fd_sc_hd__clkbuf_8)
                                                         clknet_4_4_0_wclk (net)
                      0.142376    0.005137    0.885277 ^ clkbuf_6_18__f_wclk/A (sky130_fd_sc_hd__clkbuf_16)
    11    0.095051    0.111172    0.216029    1.101305 ^ clkbuf_6_18__f_wclk/X (sky130_fd_sc_hd__clkbuf_16)
                                                         clknet_6_18__leaf_wclk (net)
                      0.111399    0.003610    1.104916 ^ clkbuf_leaf_469_wclk/A (sky130_fd_sc_hd__clkbuf_8)
     9    0.039450    0.081170    0.180396    1.285312 ^ clkbuf_leaf_469_wclk/X (sky130_fd_sc_hd__clkbuf_8)
                                                         clknet_leaf_469_wclk (net)
                      0.081179    0.000891    1.286202 ^ _33246_/CLK (sky130_fd_sc_hd__dfrtp_4)
     4    0.105509    0.308510    0.608416    1.894618 ^ _33246_/Q (sky130_fd_sc_hd__dfrtp_4)
                                                         net71 (net)
                      0.314084    0.033013    1.927631 ^ output71/A (sky130_fd_sc_hd__clkbuf_16)
     1    5.001136    4.950394    3.554246    5.481876 ^ output71/X (sky130_fd_sc_hd__clkbuf_16)
                                                         w_full (net)
                      4.954426    0.117616    5.599493 ^ w_full (out)
                                              5.599493   data arrival time

                                 10.000000   10.000000   clock wclk (rise edge)
                                  0.000000   10.000000   clock network delay (propagated)
                                  0.000000   10.000000   clock reconvergence pessimism
                                 -2.000000    8.000000   output external delay
                                              8.000000   data required time
---------------------------------------------------------------------------------------------
                                              8.000000   data required time
                                             -5.599493   data arrival time
---------------------------------------------------------------------------------------------
                                              2.400507   slack (MET)




===========================================================================
report_checks --slack_max -0.01
============================================================================
======================= nom_tt_025C_1v80 Corner ===================================

No paths found.


===========================================================================
 report_check_types -max_slew -max_cap -max_fanout -violators
============================================================================
======================= nom_tt_025C_1v80 Corner ===================================

max slew

Pin                                        Limit        Slew       Slack
------------------------------------------------------------------------
output70/X                              1.508186    4.961011   -3.452825 (VIOLATED)
output71/X                              1.508186    4.950394   -3.442208 (VIOLATED)
output60/X                              1.508186    4.943010   -3.434824 (VIOLATED)
output63/X                              1.508186    4.941682   -3.433496 (VIOLATED)
output59/X                              1.508186    4.941518   -3.433332 (VIOLATED)
output41/X                              1.508186    4.941000   -3.432814 (VIOLATED)
output61/X                              1.508186    4.940987   -3.432801 (VIOLATED)
output54/X                              1.508186    4.940569   -3.432383 (VIOLATED)
output66/X                              1.508186    4.940393   -3.432208 (VIOLATED)
output38/X                              1.508186    4.940208   -3.432022 (VIOLATED)
output58/X                              1.508186    4.939412   -3.431226 (VIOLATED)
output39/X                              1.508186    4.939265   -3.431079 (VIOLATED)
output47/X                              1.508186    4.937443   -3.429256 (VIOLATED)
output49/X                              1.508186    4.937253   -3.429067 (VIOLATED)
output40/X                              1.508186    4.936621   -3.428435 (VIOLATED)
output44/X                              1.508186    4.936576   -3.428390 (VIOLATED)
output55/X                              1.508186    4.935612   -3.427426 (VIOLATED)
output69/X                              1.508186    4.935334   -3.427148 (VIOLATED)
output53/X                              1.508186    4.935295   -3.427109 (VIOLATED)
output64/X                              1.508186    4.935214   -3.427028 (VIOLATED)
output57/X                              1.508186    4.935100   -3.426914 (VIOLATED)
output42/X                              1.508186    4.934494   -3.426308 (VIOLATED)
output50/X                              1.508186    4.934293   -3.426107 (VIOLATED)
output52/X                              1.508186    4.934278   -3.426091 (VIOLATED)
output45/X                              1.508186    4.934244   -3.426058 (VIOLATED)
output65/X                              1.508186    4.933482   -3.425296 (VIOLATED)
output46/X                              1.508186    4.933428   -3.425242 (VIOLATED)
output48/X                              1.508186    4.933279   -3.425093 (VIOLATED)
output67/X                              1.508186    4.933084   -3.424898 (VIOLATED)
output68/X                              1.508186    4.932018   -3.423831 (VIOLATED)
output51/X                              1.508186    4.931856   -3.423669 (VIOLATED)
output56/X                              1.508186    4.931423   -3.423237 (VIOLATED)
output43/X                              1.508186    4.930820   -3.422634 (VIOLATED)
output62/X                              1.508186    4.930522   -3.422336 (VIOLATED)

max capacitance

Pin                                        Limit         Cap       Slack
------------------------------------------------------------------------
output70/X                              1.531687    5.001678   -3.469991 (VIOLATED)
output71/X                              1.531687    5.001136   -3.469449 (VIOLATED)
output47/X                              1.531687    5.000679   -3.468992 (VIOLATED)
output63/X                              1.531687    5.000680   -3.468993 (VIOLATED)
output61/X                              1.531687    5.000636   -3.468949 (VIOLATED)
output66/X                              1.531687    5.000636   -3.468949 (VIOLATED)
output40/X                              1.531687    5.000627   -3.468940 (VIOLATED)
output54/X                              1.531687    5.000627   -3.468940 (VIOLATED)
output59/X                              1.531687    5.000625   -3.468938 (VIOLATED)
output58/X                              1.531687    5.000621   -3.468934 (VIOLATED)
output42/X                              1.531687    5.000616   -3.468929 (VIOLATED)
output49/X                              1.531687    5.000615   -3.468928 (VIOLATED)
output52/X                              1.531687    5.000610   -3.468923 (VIOLATED)
output67/X                              1.531687    5.000601   -3.468915 (VIOLATED)
output44/X                              1.531687    5.000597   -3.468910 (VIOLATED)
output41/X                              1.531687    5.000587   -3.468899 (VIOLATED)
output60/X                              1.531687    5.000587   -3.468900 (VIOLATED)
output38/X                              1.531687    5.000577   -3.468891 (VIOLATED)
output39/X                              1.531687    5.000577   -3.468891 (VIOLATED)
output55/X                              1.531687    5.000579   -3.468892 (VIOLATED)
output46/X                              1.531687    5.000572   -3.468884 (VIOLATED)
output57/X                              1.531687    5.000564   -3.468877 (VIOLATED)
output45/X                              1.531687    5.000551   -3.468864 (VIOLATED)
output51/X                              1.531687    5.000549   -3.468862 (VIOLATED)
output69/X                              1.531687    5.000544   -3.468857 (VIOLATED)
output53/X                              1.531687    5.000501   -3.468814 (VIOLATED)
output68/X                              1.531687    5.000501   -3.468814 (VIOLATED)
output64/X                              1.531687    5.000495   -3.468808 (VIOLATED)
output50/X                              1.531687    5.000483   -3.468796 (VIOLATED)
output43/X                              1.531687    5.000448   -3.468760 (VIOLATED)
output48/X                              1.531687    5.000443   -3.468755 (VIOLATED)
output62/X                              1.531687    5.000443   -3.468755 (VIOLATED)
output65/X                              1.531687    5.000444   -3.468757 (VIOLATED)
output56/X                              1.531687    5.000439   -3.468752 (VIOLATED)



===========================================================================
report_parasitic_annotation -report_unannotated
============================================================================
Found 524 unannotated drivers.
 clkload0/X
 clkload1/Y
 clkload10/Y
 clkload100/Y
 clkload101/Y
 clkload102/X
 clkload103/Y
 clkload104/Y
 clkload105/Y
 clkload106/Y
 clkload107/Y
 clkload108/Y
 clkload109/Y
 clkload11/X
 clkload110/Y
 clkload111/Y
 clkload112/Y
 clkload113/Y
 clkload114/Y
 clkload115/Y
 clkload116/X
 clkload117/Y
 clkload118/Y
 clkload119/Y
 clkload12/X
 clkload120/Y
 clkload121/Y
 clkload122/X
 clkload123/X
 clkload124/Y
 clkload125/Y
 clkload126/Y
 clkload127/Y
 clkload128/Y
 clkload129/X
 clkload13/Y
 clkload130/Y
 clkload131/Y
 clkload132/Y
 clkload133/Y
 clkload134/Y
 clkload135/Y
 clkload136/Y
 clkload137/Y
 clkload138/Y
 clkload139/Y
 clkload14/Y
 clkload140/Y
 clkload141/Y
 clkload142/Y
 clkload143/Y
 clkload144/X
 clkload145/Y
 clkload146/Y
 clkload147/Y
 clkload148/Y
 clkload149/Y
 clkload15/Y
 clkload150/Y
 clkload151/Y
 clkload152/Y
 clkload153/Y
 clkload154/Y
 clkload155/Y
 clkload156/Y
 clkload157/Y
 clkload158/Y
 clkload159/Y
 clkload16/X
 clkload160/X
 clkload161/Y
 clkload162/Y
 clkload163/Y
 clkload164/X
 clkload165/Y
 clkload166/Y
 clkload167/X
 clkload168/X
 clkload169/X
 clkload17/X
 clkload170/Y
 clkload171/Y
 clkload172/Y
 clkload173/Y
 clkload174/Y
 clkload175/X
 clkload176/Y
 clkload177/X
 clkload178/X
 clkload179/X
 clkload18/Y
 clkload180/Y
 clkload181/Y
 clkload182/Y
 clkload183/Y
 clkload184/Y
 clkload185/Y
 clkload186/Y
 clkload187/Y
 clkload188/Y
 clkload189/Y
 clkload19/Y
 clkload190/Y
 clkload191/Y
 clkload192/Y
 clkload193/Y
 clkload194/Y
 clkload195/Y
 clkload196/Y
 clkload197/X
 clkload198/Y
 clkload199/Y
 clkload2/X
 clkload20/Y
 clkload200/Y
 clkload201/Y
 clkload202/Y
 clkload203/Y
 clkload204/Y
 clkload205/Y
 clkload206/X
 clkload207/Y
 clkload208/Y
 clkload209/Y
 clkload21/X
 clkload210/Y
 clkload211/Y
 clkload212/Y
 clkload213/Y
 clkload214/Y
 clkload215/X
 clkload216/Y
 clkload217/Y
 clkload218/Y
 clkload219/X
 clkload22/Y
 clkload220/Y
 clkload221/Y
 clkload222/Y
 clkload223/Y
 clkload224/Y
 clkload225/X
 clkload226/Y
 clkload227/Y
 clkload228/Y
 clkload229/Y
 clkload23/Y
 clkload230/Y
 clkload231/Y
 clkload232/Y
 clkload233/Y
 clkload234/Y
 clkload235/Y
 clkload236/X
 clkload237/Y
 clkload238/X
 clkload239/Y
 clkload24/Y
 clkload240/Y
 clkload241/Y
 clkload242/Y
 clkload243/Y
 clkload244/Y
 clkload245/Y
 clkload246/Y
 clkload247/Y
 clkload248/Y
 clkload249/Y
 clkload25/Y
 clkload250/Y
 clkload251/Y
 clkload252/X
 clkload253/Y
 clkload254/Y
 clkload255/Y
 clkload256/Y
 clkload257/Y
 clkload258/Y
 clkload259/Y
 clkload26/X
 clkload260/X
 clkload261/Y
 clkload262/Y
 clkload263/Y
 clkload264/Y
 clkload265/Y
 clkload266/Y
 clkload267/Y
 clkload268/Y
 clkload269/Y
 clkload27/Y
 clkload270/Y
 clkload271/Y
 clkload272/Y
 clkload273/Y
 clkload274/Y
 clkload275/X
 clkload276/Y
 clkload277/Y
 clkload278/Y
 clkload279/Y
 clkload28/X
 clkload280/Y
 clkload281/Y
 clkload282/Y
 clkload283/Y
 clkload284/Y
 clkload285/Y
 clkload286/Y
 clkload287/X
 clkload288/Y
 clkload289/Y
 clkload29/Y
 clkload290/Y
 clkload291/Y
 clkload292/Y
 clkload293/Y
 clkload294/Y
 clkload295/Y
 clkload296/Y
 clkload297/Y
 clkload298/X
 clkload299/Y
 clkload3/Y
 clkload30/Y
 clkload300/Y
 clkload301/Y
 clkload302/Y
 clkload303/Y
 clkload304/Y
 clkload305/X
 clkload306/Y
 clkload307/Y
 clkload308/Y
 clkload309/Y
 clkload31/X
 clkload310/Y
 clkload311/Y
 clkload312/Y
 clkload313/Y
 clkload314/Y
 clkload315/Y
 clkload316/Y
 clkload317/Y
 clkload318/Y
 clkload319/Y
 clkload32/X
 clkload320/Y
 clkload321/X
 clkload322/X
 clkload323/Y
 clkload324/Y
 clkload325/Y
 clkload326/X
 clkload327/Y
 clkload328/Y
 clkload329/Y
 clkload33/Y
 clkload330/Y
 clkload331/Y
 clkload332/Y
 clkload333/X
 clkload334/Y
 clkload335/Y
 clkload336/Y
 clkload337/Y
 clkload338/Y
 clkload339/Y
 clkload34/X
 clkload340/Y
 clkload341/Y
 clkload342/Y
 clkload343/Y
 clkload344/Y
 clkload345/Y
 clkload346/Y
 clkload347/Y
 clkload348/Y
 clkload349/Y
 clkload35/X
 clkload350/Y
 clkload351/Y
 clkload352/Y
 clkload353/X
 clkload354/Y
 clkload355/Y
 clkload356/Y
 clkload357/Y
 clkload358/Y
 clkload359/Y
 clkload36/Y
 clkload360/Y
 clkload361/Y
 clkload362/Y
 clkload363/Y
 clkload364/X
 clkload365/X
 clkload366/Y
 clkload367/Y
 clkload368/X
 clkload369/Y
 clkload37/Y
 clkload370/Y
 clkload371/Y
 clkload372/X
 clkload373/Y
 clkload374/Y
 clkload375/X
 clkload376/Y
 clkload377/X
 clkload378/Y
 clkload379/X
 clkload38/Y
 clkload380/Y
 clkload381/Y
 clkload382/Y
 clkload383/Y
 clkload384/Y
 clkload385/Y
 clkload386/X
 clkload387/Y
 clkload388/Y
 clkload389/Y
 clkload39/Y
 clkload390/Y
 clkload391/Y
 clkload392/Y
 clkload393/X
 clkload394/Y
 clkload395/X
 clkload396/Y
 clkload397/Y
 clkload398/Y
 clkload399/Y
 clkload4/X
 clkload40/Y
 clkload400/Y
 clkload401/Y
 clkload402/X
 clkload403/Y
 clkload404/Y
 clkload405/Y
 clkload406/Y
 clkload407/Y
 clkload408/Y
 clkload409/Y
 clkload41/Y
 clkload410/X
 clkload411/Y
 clkload412/Y
 clkload413/Y
 clkload414/Y
 clkload415/Y
 clkload416/X
 clkload417/Y
 clkload418/Y
 clkload419/Y
 clkload42/Y
 clkload420/Y
 clkload421/Y
 clkload422/Y
 clkload423/Y
 clkload424/Y
 clkload425/Y
 clkload426/Y
 clkload427/Y
 clkload428/Y
 clkload429/X
 clkload43/Y
 clkload430/X
 clkload431/Y
 clkload432/Y
 clkload433/Y
 clkload434/Y
 clkload435/Y
 clkload436/Y
 clkload437/Y
 clkload438/X
 clkload439/Y
 clkload44/Y
 clkload440/Y
 clkload441/Y
 clkload442/Y
 clkload443/Y
 clkload444/Y
 clkload445/Y
 clkload446/Y
 clkload447/Y
 clkload448/Y
 clkload449/Y
 clkload45/Y
 clkload450/Y
 clkload451/Y
 clkload452/Y
 clkload453/Y
 clkload454/Y
 clkload455/Y
 clkload456/Y
 clkload457/Y
 clkload458/Y
 clkload459/Y
 clkload46/Y
 clkload460/Y
 clkload461/Y
 clkload462/Y
 clkload463/X
 clkload464/Y
 clkload465/Y
 clkload466/Y
 clkload467/Y
 clkload468/Y
 clkload469/Y
 clkload47/Y
 clkload470/Y
 clkload471/Y
 clkload472/X
 clkload473/Y
 clkload474/Y
 clkload475/Y
 clkload476/Y
 clkload477/Y
 clkload478/Y
 clkload479/X
 clkload48/Y
 clkload480/Y
 clkload481/Y
 clkload482/X
 clkload483/Y
 clkload484/Y
 clkload485/Y
 clkload486/Y
 clkload487/Y
 clkload488/Y
 clkload489/Y
 clkload49/Y
 clkload490/Y
 clkload491/Y
 clkload492/Y
 clkload493/Y
 clkload494/Y
 clkload495/Y
 clkload496/Y
 clkload497/Y
 clkload498/Y
 clkload499/Y
 clkload5/Y
 clkload50/Y
 clkload500/Y
 clkload501/Y
 clkload502/Y
 clkload503/Y
 clkload504/Y
 clkload505/Y
 clkload506/X
 clkload507/Y
 clkload508/Y
 clkload509/Y
 clkload51/Y
 clkload510/Y
 clkload511/Y
 clkload512/Y
 clkload513/Y
 clkload514/X
 clkload515/Y
 clkload516/Y
 clkload517/Y
 clkload518/Y
 clkload519/Y
 clkload52/X
 clkload520/Y
 clkload521/Y
 clkload522/Y
 clkload523/Y
 clkload53/Y
 clkload54/Y
 clkload55/Y
 clkload56/Y
 clkload57/Y
 clkload58/Y
 clkload59/Y
 clkload6/X
 clkload60/Y
 clkload61/Y
 clkload62/Y
 clkload63/Y
 clkload64/Y
 clkload65/Y
 clkload66/X
 clkload67/Y
 clkload68/Y
 clkload69/Y
 clkload7/X
 clkload70/Y
 clkload71/X
 clkload72/X
 clkload73/Y
 clkload74/Y
 clkload75/Y
 clkload76/Y
 clkload77/Y
 clkload78/Y
 clkload79/Y
 clkload8/Y
 clkload80/Y
 clkload81/Y
 clkload82/X
 clkload83/Y
 clkload84/Y
 clkload85/Y
 clkload86/Y
 clkload87/Y
 clkload88/Y
 clkload89/Y
 clkload9/Y
 clkload90/Y
 clkload91/Y
 clkload92/Y
 clkload93/Y
 clkload94/Y
 clkload95/Y
 clkload96/Y
 clkload97/Y
 clkload98/X
 clkload99/Y
Found 0 partially unannotated drivers.

===========================================================================
max slew violation count 34
max fanout violation count 0
max cap violation count 34
============================================================================

===========================================================================
check_setup -verbose -unconstrained_endpoints -multiple_clock -no_clock -no_input_delay -loops -generated_clocks
===========================================================================
