Clock: wclk
Sources: wclk 
Generated: no
Virtual: yes
Propagated: no
Period: 10.000000

===========================================================================
report_clock_properties
============================================================================
Clock                   Period          Waveform
----------------------------------------------------
wclk                 10.000000    0.000000  5.000000

===========================================================================
report_clock_latency
============================================================================
Clock wclk
rise -> rise
    min     max
0.000000 0.000000 source latency
1.109844         network latency _33463_/CLK
        1.337519 network latency _33702_/CLK
---------------
1.109844 1.337519 latency
        0.227676 skew

fall -> fall
    min     max
0.000000 0.000000 source latency
0.945150         network latency _33463_/CLK
        1.152571 network latency _33702_/CLK
---------------
0.945150 1.152571 latency
        0.207422 skew



===========================================================================
report_clock_min_period
============================================================================
wclk period_min = 4.61 fmax = 217.09
Clock: rclk
Sources: rclk 
Generated: no
Virtual: yes
Propagated: no
Period: 25.000000

===========================================================================
report_clock_properties
============================================================================
Clock                   Period          Waveform
----------------------------------------------------
rclk                 25.000000    0.000000 12.500000

===========================================================================
report_clock_latency
============================================================================
Clock rclk
rise -> rise
    min     max
0.000000 0.000000 source latency
0.520381         network latency _33245_/CLK
        0.532709 network latency _33038_/CLK
---------------
0.520381 0.532709 latency
        0.012329 skew

fall -> fall
    min     max
0.000000 0.000000 source latency
0.444587         network latency _33245_/CLK
        0.453904 network latency _31602_/CLK
---------------
0.444587 0.453904 latency
        0.009316 skew



===========================================================================
report_clock_min_period
============================================================================
rclk period_min = 6.58 fmax = 152.05
