
===========================================================================
 report_power
============================================================================
======================= nom_ff_n40C_1v95 Corner ===================================

Group                    Internal    Switching      Leakage        Total
                            Power        Power        Power        Power (Watts)
------------------------------------------------------------------------
Sequential           6.229924e-02 2.016800e-02 1.569258e-07 8.246739e-02  48.5%
Combinational        7.944849e-02 7.955256e-03 1.059150e-07 8.740385e-02  51.5%
Clock                0.000000e+00 0.000000e+00 0.000000e+00 0.000000e+00   0.0%
Macro                0.000000e+00 0.000000e+00 0.000000e+00 0.000000e+00   0.0%
Pad                  0.000000e+00 0.000000e+00 0.000000e+00 0.000000e+00   0.0%
------------------------------------------------------------------------
Total                1.417439e-01 2.812249e-02 2.628394e-07 1.698666e-01 100.0%
                            83.4%        16.6%         0.0%

