Reading OpenROAD database at '/home/jaikrishn/Documents/hardware/true_port_BRAM/runs/RUN_2026-08-30_16-22-44/47-odb-reportdisconnectedpins/async_fifo.odb'…
Reading library file at '/home/jaikrishn/.volare/volare/sky130/versions/0fe599b2afb6708d281543108caf8310912f54af/sky130A/libs.ref/sky130_fd_sc_hd/lib/sky130_fd_sc_hd__tt_025C_1v80.lib'…
Reading design constraints file at '/home/jaikrishn/Documents/hardware/true_port_BRAM/constraints.sdc'…
[INFO] No information on clock propagation in input SDC file-- propagating all clocks.
sky130_ef_sc_hd__decap_12 sky130_fd_sc_hd__decap_8 sky130_fd_sc_hd__decap_6 sky130_fd_sc_hd__decap_4 sky130_fd_sc_hd__decap_3 sky130_fd_sc_hd__fill*
[INFO DPL-0001] Placed 146504 filler instances.
Setting global connections for newly added cells…
[INFO] Setting global connections...
Updating metrics…
Cell type report:                       Count       Area
  Fill cell                            147516 1512244.11
  Tap cell                              27178   34005.11
  Antenna cell                            215     538.02
  Clock buffer                            723   10546.36
  Timing Repair Buffer                    278    5923.18
  Inverter                                 15     186.43
  Clock inverter                          447    5654.17
  Sequential cell                        8280  166365.81
  Multi-Input combinational cell        14168  175887.44
  Total                                198820 1911350.64
Writing OpenROAD database to '/home/jaikrishn/Documents/hardware/true_port_BRAM/runs/RUN_2026-08-30_16-22-44/51-openroad-fillinsertion/async_fifo.odb'…
Writing netlist to '/home/jaikrishn/Documents/hardware/true_port_BRAM/runs/RUN_2026-08-30_16-22-44/51-openroad-fillinsertion/async_fifo.nl.v'…
Writing powered netlist to '/home/jaikrishn/Documents/hardware/true_port_BRAM/runs/RUN_2026-08-30_16-22-44/51-openroad-fillinsertion/async_fifo.pnl.v'…
Writing layout to '/home/jaikrishn/Documents/hardware/true_port_BRAM/runs/RUN_2026-08-30_16-22-44/51-openroad-fillinsertion/async_fifo.def'…
Writing timing constraints to '/home/jaikrishn/Documents/hardware/true_port_BRAM/runs/RUN_2026-08-30_16-22-44/51-openroad-fillinsertion/async_fifo.sdc'…
