
===========================================================================
report_checks -unconstrained
===========================================================================
======================= max_ff_n40C_1v95 Corner ===================================

Startpoint: wrst_n (input port clocked by wclk)
Endpoint: _33255_ (recovery check against rising-edge clock wclk)
Path Group: asynchronous
Path Type: max

Fanout         Cap        Slew       Delay        Time   Description
---------------------------------------------------------------------------------------------
                                  0.000000    0.000000   clock wclk (rise edge)
                                  0.000000    0.000000   clock network delay (propagated)
                                  2.000000    2.000000 ^ input external delay
     1    0.003082    0.010662    0.003021    2.003021 ^ wrst_n (in)
                                                         wrst_n (net)
                      0.010663    0.000000    2.003021 ^ hold1/A (sky130_fd_sc_hd__dlygate4sd3_1)
     1    0.010330    0.088212    0.407447    2.410467 ^ hold1/X (sky130_fd_sc_hd__dlygate4sd3_1)
                                                         net278 (net)
                      0.088218    0.000795    2.411262 ^ input37/A (sky130_fd_sc_hd__buf_12)
    28    0.250080    0.179689    0.114290    2.525552 ^ input37/X (sky130_fd_sc_hd__buf_12)
                                                         net37 (net)
                      0.372992    0.166398    2.691950 ^ _33255_/RESET_B (sky130_fd_sc_hd__dfrtp_4)
                                              2.691950   data arrival time

                                 10.000000   10.000000   clock wclk (rise edge)
                                  0.000000   10.000000   clock source latency
     2    0.133906    0.152073    0.114366   10.114367 ^ wclk (in)
                                                         wclk (net)
                      0.159080    0.000000   10.114367 ^ clkbuf_0_wclk/A (sky130_fd_sc_hd__clkbuf_16)
     4    0.111977    0.100286    0.158364   10.272731 ^ clkbuf_0_wclk/X (sky130_fd_sc_hd__clkbuf_16)
                                                         clknet_0_wclk (net)
                      0.103759    0.014627   10.287357 ^ clkbuf_2_1_0_wclk/A (sky130_fd_sc_hd__clkbuf_8)
     4    0.096796    0.132102    0.167563   10.454920 ^ clkbuf_2_1_0_wclk/X (sky130_fd_sc_hd__clkbuf_8)
                                                         clknet_2_1_0_wclk (net)
                      0.135634    0.017089   10.472010 ^ clkbuf_4_6_0_wclk/A (sky130_fd_sc_hd__clkbuf_8)
     4    0.087796    0.120699    0.171806   10.643815 ^ clkbuf_4_6_0_wclk/X (sky130_fd_sc_hd__clkbuf_8)
                                                         clknet_4_6_0_wclk (net)
                      0.121486    0.007907   10.651722 ^ clkbuf_6_24__f_wclk/A (sky130_fd_sc_hd__clkbuf_16)
     8    0.085026    0.078518    0.144859   10.796581 ^ clkbuf_6_24__f_wclk/X (sky130_fd_sc_hd__clkbuf_16)
                                                         clknet_6_24__leaf_wclk (net)
                      0.078772    0.003561   10.800141 ^ clkbuf_leaf_475_wclk/A (sky130_fd_sc_hd__clkbuf_8)
     9    0.050986    0.075082    0.128361   10.928503 ^ clkbuf_leaf_475_wclk/X (sky130_fd_sc_hd__clkbuf_8)
                                                         clknet_leaf_475_wclk (net)
                      0.075248    0.002492   10.930995 ^ _33255_/CLK (sky130_fd_sc_hd__dfrtp_4)
                                  0.000000   10.930995   clock reconvergence pessimism
                                  0.030585   10.961579   library recovery time
                                             10.961579   data required time
---------------------------------------------------------------------------------------------
                                             10.961579   data required time
                                             -2.691950   data arrival time
---------------------------------------------------------------------------------------------
                                              8.269629   slack (MET)


Startpoint: _33247_ (rising edge-triggered flip-flop clocked by rclk)
Endpoint: r_empty (output port clocked by rclk)
Path Group: rclk
Path Type: max

Fanout         Cap        Slew       Delay        Time   Description
---------------------------------------------------------------------------------------------
                                  0.000000    0.000000   clock rclk (rise edge)
                                  0.000000    0.000000   clock source latency
     1    0.079641    0.093519    0.073163    0.073163 ^ rclk (in)
                                                         rclk (net)
                      0.099907    0.000000    0.073163 ^ clkbuf_0_rclk/A (sky130_fd_sc_hd__clkbuf_16)
     8    0.161903    0.135282    0.172474    0.245637 ^ clkbuf_0_rclk/X (sky130_fd_sc_hd__clkbuf_16)
                                                         clknet_0_rclk (net)
                      0.138691    0.016958    0.262595 ^ clkbuf_3_5__f_rclk/A (sky130_fd_sc_hd__clkbuf_16)
    12    0.049802    0.053181    0.127947    0.390542 ^ clkbuf_3_5__f_rclk/X (sky130_fd_sc_hd__clkbuf_16)
                                                         clknet_3_5__leaf_rclk (net)
                      0.053573    0.003450    0.393993 ^ _33247_/CLK (sky130_fd_sc_hd__dfstp_4)
     4    0.111038    0.213803    0.506067    0.900059 ^ _33247_/Q (sky130_fd_sc_hd__dfstp_4)
                                                         net70 (net)
                      0.217259    0.021229    0.921288 ^ output70/A (sky130_fd_sc_hd__clkbuf_16)
     1    5.001749    3.987001    2.643799    3.565087 ^ output70/X (sky130_fd_sc_hd__clkbuf_16)
                                                         r_empty (net)
                      4.012633    0.259466    3.824553 ^ r_empty (out)
                                              3.824553   data arrival time

                                 25.000000   25.000000   clock rclk (rise edge)
                                  0.000000   25.000000   clock network delay (propagated)
                                  0.000000   25.000000   clock reconvergence pessimism
                                 -2.000000   22.999998   output external delay
                                             22.999998   data required time
---------------------------------------------------------------------------------------------
                                             22.999998   data required time
                                             -3.824553   data arrival time
---------------------------------------------------------------------------------------------
                                             19.175446   slack (MET)


Startpoint: _33246_ (rising edge-triggered flip-flop clocked by wclk)
Endpoint: w_full (output port clocked by wclk)
Path Group: wclk
Path Type: max

Fanout         Cap        Slew       Delay        Time   Description
---------------------------------------------------------------------------------------------
                                  0.000000    0.000000   clock wclk (rise edge)
                                  0.000000    0.000000   clock source latency
     2    0.133906    0.152073    0.114366    0.114366 ^ wclk (in)
                                                         wclk (net)
                      0.159080    0.000000    0.114366 ^ clkbuf_0_wclk/A (sky130_fd_sc_hd__clkbuf_16)
     4    0.111977    0.100286    0.158364    0.272731 ^ clkbuf_0_wclk/X (sky130_fd_sc_hd__clkbuf_16)
                                                         clknet_0_wclk (net)
                      0.103759    0.014626    0.287357 ^ clkbuf_2_1_0_wclk/A (sky130_fd_sc_hd__clkbuf_8)
     4    0.096796    0.132102    0.167563    0.454920 ^ clkbuf_2_1_0_wclk/X (sky130_fd_sc_hd__clkbuf_8)
                                                         clknet_2_1_0_wclk (net)
                      0.135378    0.016477    0.471397 ^ clkbuf_4_4_0_wclk/A (sky130_fd_sc_hd__clkbuf_8)
     4    0.083446    0.115389    0.167608    0.639005 ^ clkbuf_4_4_0_wclk/X (sky130_fd_sc_hd__clkbuf_8)
                                                         clknet_4_4_0_wclk (net)
                      0.116355    0.008527    0.647532 ^ clkbuf_6_18__f_wclk/A (sky130_fd_sc_hd__clkbuf_16)
    11    0.101166    0.090407    0.151315    0.798847 ^ clkbuf_6_18__f_wclk/X (sky130_fd_sc_hd__clkbuf_16)
                                                         clknet_6_18__leaf_wclk (net)
                      0.091162    0.006592    0.805439 ^ clkbuf_leaf_469_wclk/A (sky130_fd_sc_hd__clkbuf_8)
     9    0.041547    0.063623    0.123850    0.929289 ^ clkbuf_leaf_469_wclk/X (sky130_fd_sc_hd__clkbuf_8)
                                                         clknet_leaf_469_wclk (net)
                      0.063770    0.002139    0.931427 ^ _33246_/CLK (sky130_fd_sc_hd__dfrtp_4)
     4    0.112772    0.244812    0.399243    1.330670 ^ _33246_/Q (sky130_fd_sc_hd__dfrtp_4)
                                                         net71 (net)
                      0.257565    0.043698    1.374368 ^ output71/A (sky130_fd_sc_hd__clkbuf_16)
     1    5.001195    3.980289    2.657664    4.032032 ^ output71/X (sky130_fd_sc_hd__clkbuf_16)
                                                         w_full (net)
                      4.003056    0.244791    4.276824 ^ w_full (out)
                                              4.276824   data arrival time

                                 10.000000   10.000000   clock wclk (rise edge)
                                  0.000000   10.000000   clock network delay (propagated)
                                  0.000000   10.000000   clock reconvergence pessimism
                                 -2.000000    8.000000   output external delay
                                              8.000000   data required time
---------------------------------------------------------------------------------------------
                                              8.000000   data required time
                                             -4.276824   data arrival time
---------------------------------------------------------------------------------------------
                                              3.723176   slack (MET)




===========================================================================
report_checks --slack_max -0.01
============================================================================
======================= max_ff_n40C_1v95 Corner ===================================

No paths found.


===========================================================================
 report_check_types -max_slew -max_cap -max_fanout -violators
============================================================================
======================= max_ff_n40C_1v95 Corner ===================================

max slew

Pin                                        Limit        Slew       Slack
------------------------------------------------------------------------
output70/X                              1.506265    3.987001   -2.480736 (VIOLATED)
output71/X                              1.506265    3.980289   -2.474024 (VIOLATED)
output39/X                              1.506265    3.977131   -2.470866 (VIOLATED)
output59/X                              1.506265    3.974685   -2.468420 (VIOLATED)
output38/X                              1.506265    3.974669   -2.468404 (VIOLATED)
output44/X                              1.506265    3.972502   -2.466237 (VIOLATED)
output41/X                              1.506265    3.971702   -2.465437 (VIOLATED)
output67/X                              1.506265    3.970432   -2.464167 (VIOLATED)
output49/X                              1.506265    3.969871   -2.463606 (VIOLATED)
output60/X                              1.506265    3.969655   -2.463390 (VIOLATED)
output63/X                              1.506265    3.967785   -2.461520 (VIOLATED)
output61/X                              1.506265    3.967538   -2.461273 (VIOLATED)
output52/X                              1.506265    3.967247   -2.460983 (VIOLATED)
output42/X                              1.506265    3.967156   -2.460891 (VIOLATED)
output66/X                              1.506265    3.966902   -2.460638 (VIOLATED)
output54/X                              1.506265    3.966711   -2.460446 (VIOLATED)
output68/X                              1.506265    3.966666   -2.460401 (VIOLATED)
output58/X                              1.506265    3.965310   -2.459045 (VIOLATED)
output46/X                              1.506265    3.965153   -2.458888 (VIOLATED)
output62/X                              1.506265    3.964995   -2.458730 (VIOLATED)
output43/X                              1.506265    3.964857   -2.458592 (VIOLATED)
output51/X                              1.506265    3.964818   -2.458553 (VIOLATED)
output47/X                              1.506265    3.964255   -2.457990 (VIOLATED)
output56/X                              1.506265    3.963606   -2.457341 (VIOLATED)
output40/X                              1.506265    3.963109   -2.456844 (VIOLATED)
output53/X                              1.506265    3.962963   -2.456697 (VIOLATED)
output55/X                              1.506265    3.962106   -2.455841 (VIOLATED)
output57/X                              1.506265    3.961871   -2.455606 (VIOLATED)
output50/X                              1.506265    3.961848   -2.455583 (VIOLATED)
output69/X                              1.506265    3.961818   -2.455553 (VIOLATED)
output64/X                              1.506265    3.961618   -2.455353 (VIOLATED)
output45/X                              1.506265    3.960154   -2.453889 (VIOLATED)
output65/X                              1.506265    3.959564   -2.453299 (VIOLATED)
output48/X                              1.506265    3.959189   -2.452924 (VIOLATED)
_28114_/A1                              1.500000    1.722707   -0.222707 (VIOLATED)
_28147_/A1                              1.500000    1.722679   -0.222679 (VIOLATED)
_28213_/A1                              1.500000    1.722569   -0.222569 (VIOLATED)
_28246_/A1                              1.500000    1.722547   -0.222547 (VIOLATED)
_28279_/A1                              1.500000    1.722485   -0.222485 (VIOLATED)
_28180_/A1                              1.500000    1.722250   -0.222250 (VIOLATED)
_28311_/A1                              1.500000    1.722191   -0.222191 (VIOLATED)
_18665_/A1                              1.500000    1.722100   -0.222100 (VIOLATED)
_14339_/A1                              1.500000    1.720283   -0.220283 (VIOLATED)
_14475_/A1                              1.500000    1.720163   -0.220163 (VIOLATED)
_14407_/A1                              1.500000    1.720025   -0.220025 (VIOLATED)
_14441_/A1                              1.500000    1.719919   -0.219919 (VIOLATED)
_14373_/A1                              1.500000    1.719884   -0.219884 (VIOLATED)
_14509_/A1                              1.500000    1.717516   -0.217516 (VIOLATED)
_14543_/A1                              1.500000    1.715917   -0.215917 (VIOLATED)
_14576_/A1                              1.500000    1.715768   -0.215768 (VIOLATED)
_14789_/A1                              1.500000    1.701718   -0.201718 (VIOLATED)
_14858_/A1                              1.500000    1.699118   -0.199119 (VIOLATED)
_14754_/A0                              1.500000    1.692494   -0.192494 (VIOLATED)
_18599_/A0                              1.500000    1.689328   -0.189328 (VIOLATED)
_15027_/A1                              1.500000    1.688838   -0.188838 (VIOLATED)
_15061_/A1                              1.500000    1.688747   -0.188747 (VIOLATED)
_15095_/A1                              1.500000    1.685621   -0.185621 (VIOLATED)
_14823_/A1                              1.500000    1.678863   -0.178863 (VIOLATED)
_14614_/A0                              1.500000    1.678763   -0.178763 (VIOLATED)
_14686_/A0                              1.500000    1.678722   -0.178722 (VIOLATED)
_14721_/A1                              1.500000    1.678266   -0.178267 (VIOLATED)
_17039_/A0                              1.500000    1.676382   -0.176382 (VIOLATED)
_16808_/A1                              1.500000    1.676374   -0.176374 (VIOLATED)
_16377_/A0                              1.500000    1.676314   -0.176314 (VIOLATED)
_16874_/A0                              1.500000    1.676240   -0.176240 (VIOLATED)
_18061_/A0                              1.500000    1.675684   -0.175684 (VIOLATED)
_18094_/A0                              1.500000    1.675554   -0.175554 (VIOLATED)
_18127_/A1                              1.500000    1.675244   -0.175244 (VIOLATED)
_15128_/A1                              1.500000    1.674698   -0.174698 (VIOLATED)
ANTENNA_167/DIODE                       1.500000    1.674357   -0.174357 (VIOLATED)
_18226_/A0                              1.500000    1.674280   -0.174280 (VIOLATED)
_14926_/A1                              1.500000    1.670364   -0.170364 (VIOLATED)
_16344_/A1                              1.500000    1.669031   -0.169031 (VIOLATED)
_16244_/A1                              1.500000    1.667724   -0.167724 (VIOLATED)
_16277_/A1                              1.500000    1.666333   -0.166333 (VIOLATED)
_14892_/A0                              1.500000    1.665792   -0.165792 (VIOLATED)
_18566_/A1                              1.500000    1.665418   -0.165418 (VIOLATED)
_17600_/A0                              1.500000    1.664855   -0.164855 (VIOLATED)
_16510_/A0                              1.500000    1.663458   -0.163458 (VIOLATED)
_16643_/A0                              1.500000    1.661893   -0.161893 (VIOLATED)
_17633_/A1                              1.500000    1.661509   -0.161509 (VIOLATED)
_17798_/A0                              1.500000    1.661437   -0.161437 (VIOLATED)
_14960_/A1                              1.500000    1.656902   -0.156902 (VIOLATED)
ANTENNA_146/DIODE                       1.500000    1.655975   -0.155975 (VIOLATED)
_17138_/A0                              1.500000    1.653052   -0.153052 (VIOLATED)
_17567_/A1                              1.500000    1.650542   -0.150542 (VIOLATED)
_17270_/A1                              1.500000    1.650466   -0.150466 (VIOLATED)
_16311_/A1                              1.500000    1.648596   -0.148596 (VIOLATED)
_17171_/A0                              1.500000    1.647133   -0.147133 (VIOLATED)
_17929_/A1                              1.500000    1.647126   -0.147126 (VIOLATED)
_17204_/A0                              1.500000    1.647092   -0.147092 (VIOLATED)
_17962_/A0                              1.500000    1.647013   -0.147013 (VIOLATED)
_17105_/A0                              1.500000    1.640265   -0.140265 (VIOLATED)
_19090_/A1                              1.500000    1.639184   -0.139184 (VIOLATED)
_21109_/A1                              1.500000    1.637652   -0.137652 (VIOLATED)
_20759_/A1                              1.500000    1.637377   -0.137377 (VIOLATED)
_23372_/A1                              1.500000    1.637330   -0.137330 (VIOLATED)
_23895_/A1                              1.500000    1.636695   -0.136695 (VIOLATED)
_17303_/A1                              1.500000    1.636229   -0.136229 (VIOLATED)
_22676_/A1                              1.500000    1.635044   -0.135045 (VIOLATED)
_22501_/A1                              1.500000    1.633988   -0.133988 (VIOLATED)
_24838_/A1                              1.500000    1.632639   -0.132639 (VIOLATED)
_24068_/A1                              1.500000    1.630353   -0.130353 (VIOLATED)
_17336_/A1                              1.500000    1.629826   -0.129826 (VIOLATED)
_19542_/A1                              1.500000    1.628660   -0.128661 (VIOLATED)
_24416_/A1                              1.500000    1.627455   -0.127455 (VIOLATED)
_17435_/A1                              1.500000    1.625492   -0.125492 (VIOLATED)
_17369_/A1                              1.500000    1.625416   -0.125416 (VIOLATED)
_16742_/A1                              1.500000    1.624477   -0.124477 (VIOLATED)
_19888_/A1                              1.500000    1.623664   -0.123664 (VIOLATED)
_15857_/A1                              1.500000    1.619386   -0.119386 (VIOLATED)
_23197_/A1                              1.500000    1.617566   -0.117566 (VIOLATED)
_15824_/A0                              1.500000    1.615665   -0.115665 (VIOLATED)
_15725_/A0                              1.500000    1.615554   -0.115554 (VIOLATED)
_15692_/A1                              1.500000    1.615527   -0.115527 (VIOLATED)
ANTENNA_147/DIODE                       1.500000    1.615144   -0.115144 (VIOLATED)
_19715_/A1                              1.500000    1.613929   -0.113929 (VIOLATED)
_16022_/A1                              1.500000    1.611147   -0.111147 (VIOLATED)
_20061_/A1                              1.500000    1.610956   -0.110956 (VIOLATED)
_18467_/A1                              1.500000    1.610907   -0.110907 (VIOLATED)
_16055_/A1                              1.500000    1.610751   -0.110751 (VIOLATED)
_15956_/A0                              1.500000    1.610710   -0.110710 (VIOLATED)
_15758_/A0                              1.500000    1.610185   -0.110185 (VIOLATED)
_15791_/A1                              1.500000    1.609577   -0.109577 (VIOLATED)
_26567_/A0                              1.500000    1.607527   -0.107527 (VIOLATED)
_26534_/A0                              1.500000    1.607466   -0.107466 (VIOLATED)
_26600_/A0                              1.500000    1.607464   -0.107464 (VIOLATED)
_26633_/A1                              1.500000    1.607177   -0.107177 (VIOLATED)
_27425_/A1                              1.500000    1.607172   -0.107172 (VIOLATED)
_27326_/A0                              1.500000    1.607136   -0.107136 (VIOLATED)
_18704_/A1                              1.500000    1.606856   -0.106856 (VIOLATED)
_20236_/A1                              1.500000    1.606744   -0.106745 (VIOLATED)
_27458_/A1                              1.500000    1.606672   -0.106672 (VIOLATED)
_26666_/A0                              1.500000    1.606667   -0.106667 (VIOLATED)
_16088_/A1                              1.500000    1.606307   -0.106307 (VIOLATED)
_15890_/A1                              1.500000    1.606274   -0.106274 (VIOLATED)
_27491_/A1                              1.500000    1.606159   -0.106159 (VIOLATED)
_27557_/A1                              1.500000    1.606049   -0.106049 (VIOLATED)
_15923_/A1                              1.500000    1.606028   -0.106028 (VIOLATED)
_27392_/A1                              1.500000    1.605789   -0.105789 (VIOLATED)
_27524_/A1                              1.500000    1.605638   -0.105638 (VIOLATED)
_18904_/A1                              1.500000    1.605397   -0.105397 (VIOLATED)
_18871_/A1                              1.500000    1.604652   -0.104652 (VIOLATED)
_27260_/A1                              1.500000    1.604636   -0.104637 (VIOLATED)
_27194_/A0                              1.500000    1.604361   -0.104361 (VIOLATED)
_26996_/A1                              1.500000    1.603788   -0.103788 (VIOLATED)
_27227_/A1                              1.500000    1.603604   -0.103604 (VIOLATED)
_27293_/A1                              1.500000    1.603366   -0.103366 (VIOLATED)
_27128_/A0                              1.500000    1.603254   -0.103254 (VIOLATED)
_27062_/A0                              1.500000    1.603227   -0.103227 (VIOLATED)
_26930_/A1                              1.500000    1.603101   -0.103101 (VIOLATED)
_27095_/A0                              1.500000    1.601440   -0.101440 (VIOLATED)
_27161_/A1                              1.500000    1.601364   -0.101364 (VIOLATED)
_25597_/A1                              1.500000    1.600459   -0.100459 (VIOLATED)
_16154_/A1                              1.500000    1.600442   -0.100442 (VIOLATED)
_26732_/A1                              1.500000    1.600311   -0.100311 (VIOLATED)
_26765_/A1                              1.500000    1.600196   -0.100196 (VIOLATED)
_21978_/A1                              1.500000    1.600150   -0.100151 (VIOLATED)
_26798_/A0                              1.500000    1.599808   -0.099808 (VIOLATED)
_26831_/A1                              1.500000    1.599707   -0.099707 (VIOLATED)
_26963_/A1                              1.500000    1.599508   -0.099508 (VIOLATED)
_26897_/A1                              1.500000    1.598802   -0.098802 (VIOLATED)
_26864_/A1                              1.500000    1.597254   -0.097254 (VIOLATED)
_18938_/A1                              1.500000    1.596553   -0.096553 (VIOLATED)
_26303_/A0                              1.500000    1.596353   -0.096353 (VIOLATED)
_25564_/A0                              1.500000    1.596324   -0.096324 (VIOLATED)
_26270_/A0                              1.500000    1.596228   -0.096228 (VIOLATED)
_26402_/A0                              1.500000    1.596012   -0.096012 (VIOLATED)
_17840_/A0                              1.500000    1.595124   -0.095124 (VIOLATED)
_16121_/A1                              1.500000    1.595121   -0.095121 (VIOLATED)
_16856_/A0                              1.500000    1.590443   -0.090443 (VIOLATED)
_16790_/A1                              1.500000    1.590442   -0.090442 (VIOLATED)
_18043_/A0                              1.500000    1.590382   -0.090382 (VIOLATED)
_18109_/A1                              1.500000    1.590089   -0.090089 (VIOLATED)
_16359_/A0                              1.500000    1.589812   -0.089812 (VIOLATED)
_23547_/A1                              1.500000    1.589111   -0.089111 (VIOLATED)
_18208_/A0                              1.500000    1.588833   -0.088833 (VIOLATED)
_17021_/A0                              1.500000    1.588820   -0.088820 (VIOLATED)
_18076_/A0                              1.500000    1.588750   -0.088750 (VIOLATED)
_25531_/A0                              1.500000    1.587621   -0.087621 (VIOLATED)
_16226_/A1                              1.500000    1.586831   -0.086831 (VIOLATED)
_16326_/A1                              1.500000    1.586381   -0.086381 (VIOLATED)
_16259_/A1                              1.500000    1.585513   -0.085513 (VIOLATED)
_25663_/A1                              1.500000    1.585497   -0.085497 (VIOLATED)
_17582_/A0                              1.500000    1.585463   -0.085463 (VIOLATED)
_25630_/A0                              1.500000    1.585431   -0.085431 (VIOLATED)
_26468_/A1                              1.500000    1.584950   -0.084950 (VIOLATED)
_16492_/A0                              1.500000    1.583679   -0.083679 (VIOLATED)
_16625_/A0                              1.500000    1.583649   -0.083649 (VIOLATED)
_17615_/A1                              1.500000    1.582227   -0.082227 (VIOLATED)
_22328_/A1                              1.500000    1.580858   -0.080858 (VIOLATED)
_17780_/A0                              1.500000    1.580322   -0.080322 (VIOLATED)
_25498_/A0                              1.500000    1.579871   -0.079871 (VIOLATED)
_26435_/A1                              1.500000    1.576690   -0.076690 (VIOLATED)
_17120_/A0                              1.500000    1.574766   -0.074766 (VIOLATED)
_19023_/A1                              1.500000    1.573650   -0.073650 (VIOLATED)
_25960_/A1                              1.500000    1.573638   -0.073639 (VIOLATED)
_25696_/A1                              1.500000    1.573557   -0.073558 (VIOLATED)
_26168_/A0                              1.500000    1.573327   -0.073327 (VIOLATED)
_26135_/A0                              1.500000    1.573287   -0.073287 (VIOLATED)
_26201_/A0                              1.500000    1.573185   -0.073185 (VIOLATED)
_26234_/A1                              1.500000    1.573169   -0.073169 (VIOLATED)
_26003_/A0                              1.500000    1.572477   -0.072477 (VIOLATED)
_26336_/A0                              1.500000    1.572399   -0.072400 (VIOLATED)
_26102_/A1                              1.500000    1.572331   -0.072331 (VIOLATED)
_26501_/A1                              1.500000    1.572158   -0.072158 (VIOLATED)
_26069_/A0                              1.500000    1.571393   -0.071394 (VIOLATED)
_18968_/A0                              1.500000    1.570446   -0.070447 (VIOLATED)
_16293_/A1                              1.500000    1.569848   -0.069848 (VIOLATED)
_26300_/A0                              1.500000    1.569211   -0.069211 (VIOLATED)
_26267_/A0                              1.500000    1.569044   -0.069044 (VIOLATED)
_18935_/A1                              1.500000    1.567671   -0.067671 (VIOLATED)
_17549_/A1                              1.500000    1.567303   -0.067303 (VIOLATED)
_26465_/A1                              1.500000    1.567020   -0.067020 (VIOLATED)
_26333_/A0                              1.500000    1.566765   -0.066765 (VIOLATED)
_25927_/A1                              1.500000    1.566066   -0.066066 (VIOLATED)
_15172_/A0                              1.500000    1.565462   -0.065462 (VIOLATED)
_15205_/A0                              1.500000    1.565393   -0.065393 (VIOLATED)
_15238_/A0                              1.500000    1.565285   -0.065285 (VIOLATED)
_15271_/A1                              1.500000    1.565210   -0.065210 (VIOLATED)
_26498_/A1                              1.500000    1.564994   -0.064994 (VIOLATED)
_15370_/A1                              1.500000    1.564790   -0.064790 (VIOLATED)
_15304_/A0                              1.500000    1.564775   -0.064775 (VIOLATED)
_18542_/A1                              1.500000    1.564726   -0.064726 (VIOLATED)
_15436_/A0                              1.500000    1.564460   -0.064460 (VIOLATED)
_17911_/A1                              1.500000    1.564412   -0.064412 (VIOLATED)
_15403_/A1                              1.500000    1.564399   -0.064399 (VIOLATED)
_15536_/A1                              1.500000    1.563811   -0.063811 (VIOLATED)
_26432_/A1                              1.500000    1.563192   -0.063193 (VIOLATED)
_15502_/A1                              1.500000    1.563027   -0.063027 (VIOLATED)
_15635_/A1                              1.500000    1.562928   -0.062928 (VIOLATED)
_18509_/A1                              1.500000    1.562769   -0.062769 (VIOLATED)
_15602_/A1                              1.500000    1.562653   -0.062653 (VIOLATED)
_17153_/A0                              1.500000    1.562323   -0.062323 (VIOLATED)
_17186_/A0                              1.500000    1.562286   -0.062286 (VIOLATED)
_17252_/A1                              1.500000    1.562203   -0.062203 (VIOLATED)
_17944_/A0                              1.500000    1.562004   -0.062004 (VIOLATED)
_27859_/A0                              1.500000    1.562003   -0.062003 (VIOLATED)
_27892_/A1                              1.500000    1.561859   -0.061859 (VIOLATED)
_15469_/A1                              1.500000    1.561772   -0.061772 (VIOLATED)
_26399_/A0                              1.500000    1.561508   -0.061508 (VIOLATED)
_15569_/A1                              1.500000    1.561490   -0.061490 (VIOLATED)
_27958_/A1                              1.500000    1.560791   -0.060791 (VIOLATED)
_25992_/A1                              1.500000    1.560673   -0.060674 (VIOLATED)
_28057_/A1                              1.500000    1.560282   -0.060282 (VIOLATED)
_28090_/A1                              1.500000    1.560135   -0.060135 (VIOLATED)
_18776_/A1                              1.500000    1.560047   -0.060047 (VIOLATED)
_27991_/A1                              1.500000    1.559721   -0.059721 (VIOLATED)
_27925_/A1                              1.500000    1.558963   -0.058963 (VIOLATED)
_26006_/A0                              1.500000    1.558755   -0.058755 (VIOLATED)
_26105_/A1                              1.500000    1.558005   -0.058005 (VIOLATED)
_25894_/A1                              1.500000    1.557679   -0.057679 (VIOLATED)
_25828_/A1                              1.500000    1.555626   -0.055626 (VIOLATED)
_25861_/A1                              1.500000    1.553036   -0.053036 (VIOLATED)
_15427_/A0                              1.500000    1.551073   -0.051073 (VIOLATED)
_26762_/A1                              1.500000    1.549572   -0.049572 (VIOLATED)
_26861_/A1                              1.500000    1.549443   -0.049443 (VIOLATED)
_18901_/A1                              1.500000    1.549425   -0.049425 (VIOLATED)
_26072_/A0                              1.500000    1.549168   -0.049168 (VIOLATED)
_25795_/A1                              1.500000    1.549111   -0.049111 (VIOLATED)
_26004_/A0                              1.500000    1.548755   -0.048755 (VIOLATED)
_26136_/A0                              1.500000    1.548737   -0.048737 (VIOLATED)
_26993_/A1                              1.500000    1.548671   -0.048671 (VIOLATED)
_26894_/A1                              1.500000    1.548607   -0.048607 (VIOLATED)
_26795_/A0                              1.500000    1.548544   -0.048544 (VIOLATED)
_26169_/A0                              1.500000    1.548500   -0.048500 (VIOLATED)
_26828_/A1                              1.500000    1.548434   -0.048434 (VIOLATED)
_26202_/A0                              1.500000    1.548404   -0.048404 (VIOLATED)
_18868_/A1                              1.500000    1.548346   -0.048346 (VIOLATED)
_19072_/A1                              1.500000    1.548311   -0.048311 (VIOLATED)
_26235_/A1                              1.500000    1.548124   -0.048124 (VIOLATED)
_26103_/A1                              1.500000    1.548019   -0.048019 (VIOLATED)
_26070_/A0                              1.500000    1.547864   -0.047864 (VIOLATED)
_26960_/A1                              1.500000    1.547852   -0.047852 (VIOLATED)
_18969_/A0                              1.500000    1.547060   -0.047060 (VIOLATED)
_26927_/A1                              1.500000    1.546695   -0.046695 (VIOLATED)
_26564_/A0                              1.500000    1.545482   -0.045483 (VIOLATED)
_26531_/A0                              1.500000    1.544653   -0.044653 (VIOLATED)
_26630_/A1                              1.500000    1.544406   -0.044406 (VIOLATED)
_24820_/A1                              1.500000    1.543550   -0.043550 (VIOLATED)
_26204_/A0                              1.500000    1.542915   -0.042915 (VIOLATED)
_18971_/A0                              1.500000    1.542845   -0.042845 (VIOLATED)
_26237_/A1                              1.500000    1.542726   -0.042726 (VIOLATED)
_26895_/A1                              1.500000    1.542652   -0.042652 (VIOLATED)
_15560_/A1                              1.500000    1.542205   -0.042205 (VIOLATED)
_26597_/A0                              1.500000    1.542011   -0.042011 (VIOLATED)
_25762_/A0                              1.500000    1.541941   -0.041941 (VIOLATED)
_26862_/A1                              1.500000    1.541448   -0.041448 (VIOLATED)
_27456_/A1                              1.500000    1.541369   -0.041369 (VIOLATED)
_27522_/A1                              1.500000    1.541316   -0.041316 (VIOLATED)
_27258_/A1                              1.500000    1.541255   -0.041255 (VIOLATED)
_27225_/A1                              1.500000    1.541188   -0.041188 (VIOLATED)
_27555_/A1                              1.500000    1.541168   -0.041168 (VIOLATED)
_17351_/A1                              1.500000    1.541110   -0.041110 (VIOLATED)
_17417_/A1                              1.500000    1.540956   -0.040956 (VIOLATED)
_27192_/A0                              1.500000    1.540938   -0.040938 (VIOLATED)
_17285_/A1                              1.500000    1.540741   -0.040741 (VIOLATED)
_27159_/A1                              1.500000    1.540551   -0.040551 (VIOLATED)
_27093_/A0                              1.500000    1.540452   -0.040452 (VIOLATED)
_27126_/A0                              1.500000    1.540413   -0.040413 (VIOLATED)
_26663_/A0                              1.500000    1.540295   -0.040295 (VIOLATED)
_26796_/A0                              1.500000    1.540278   -0.040278 (VIOLATED)
_27060_/A0                              1.500000    1.540276   -0.040276 (VIOLATED)
_26171_/A0                              1.500000    1.540257   -0.040257 (VIOLATED)
_27291_/A1                              1.500000    1.540199   -0.040199 (VIOLATED)
_26138_/A0                              1.500000    1.540160   -0.040160 (VIOLATED)
_27489_/A1                              1.500000    1.540157   -0.040158 (VIOLATED)
_27390_/A1                              1.500000    1.539893   -0.039893 (VIOLATED)
_17087_/A0                              1.500000    1.539795   -0.039795 (VIOLATED)
_27423_/A1                              1.500000    1.539296   -0.039296 (VIOLATED)
_22498_/C1                              1.500000    1.538572   -0.038572 (VIOLATED)
_25109_/A1                              1.500000    1.538163   -0.038163 (VIOLATED)
_25175_/A1                              1.500000    1.538102   -0.038102 (VIOLATED)
_25076_/A0                              1.500000    1.537899   -0.037899 (VIOLATED)
_24779_/A0                              1.500000    1.537787   -0.037787 (VIOLATED)
_25142_/A1                              1.500000    1.537693   -0.037693 (VIOLATED)
_26829_/A1                              1.500000    1.537602   -0.037602 (VIOLATED)
_24713_/A0                              1.500000    1.537362   -0.037362 (VIOLATED)
_15626_/A1                              1.500000    1.537345   -0.037345 (VIOLATED)
_24746_/A0                              1.500000    1.537004   -0.037004 (VIOLATED)
_25010_/A1                              1.500000    1.536828   -0.036828 (VIOLATED)
_18702_/A1                              1.500000    1.536519   -0.036519 (VIOLATED)
_25274_/A1                              1.500000    1.535879   -0.035879 (VIOLATED)
_25208_/A0                              1.500000    1.535837   -0.035837 (VIOLATED)
_25307_/A1                              1.500000    1.535826   -0.035826 (VIOLATED)
_25241_/A1                              1.500000    1.535425   -0.035425 (VIOLATED)
_27562_/A1                              1.500000    1.534945   -0.034945 (VIOLATED)
_27324_/A0                              1.500000    1.534733   -0.034733 (VIOLATED)
_17318_/A1                              1.500000    1.534563   -0.034563 (VIOLATED)
_25340_/A1                              1.500000    1.534546   -0.034547 (VIOLATED)
_27463_/A1                              1.500000    1.534530   -0.034530 (VIOLATED)
_16724_/A1                              1.500000    1.534328   -0.034328 (VIOLATED)
_26928_/A1                              1.500000    1.534288   -0.034288 (VIOLATED)
_26729_/A1                              1.500000    1.534014   -0.034014 (VIOLATED)
_27529_/A1                              1.500000    1.533319   -0.033319 (VIOLATED)
_19031_/A1                              1.500000    1.532135   -0.032135 (VIOLATED)
_23194_/C1                              1.500000    1.531691   -0.031691 (VIOLATED)
_15593_/A1                              1.500000    1.531618   -0.031618 (VIOLATED)
_25439_/A1                              1.500000    1.531403   -0.031403 (VIOLATED)
_26961_/A1                              1.500000    1.531264   -0.031264 (VIOLATED)
_17053_/A0                              1.500000    1.530839   -0.030839 (VIOLATED)
_25406_/A1                              1.500000    1.530276   -0.030276 (VIOLATED)
_27496_/A1                              1.500000    1.530213   -0.030213 (VIOLATED)
_26499_/A1                              1.500000    1.529813   -0.029813 (VIOLATED)
_18869_/A1                              1.500000    1.529701   -0.029701 (VIOLATED)
_26466_/A1                              1.500000    1.529690   -0.029690 (VIOLATED)
_26994_/A1                              1.500000    1.528784   -0.028784 (VIOLATED)
_26664_/A0                              1.500000    1.526253   -0.026253 (VIOLATED)
_27298_/A1                              1.500000    1.526165   -0.026165 (VIOLATED)
_16954_/A1                              1.500000    1.525254   -0.025254 (VIOLATED)
_24065_/C1                              1.500000    1.524685   -0.024685 (VIOLATED)
_19539_/C1                              1.500000    1.523445   -0.023445 (VIOLATED)
_20411_/A1                              1.500000    1.523104   -0.023104 (VIOLATED)
_24243_/A1                              1.500000    1.523000   -0.023000 (VIOLATED)
_27199_/A0                              1.500000    1.522832   -0.022832 (VIOLATED)
_18500_/A1                              1.500000    1.522778   -0.022778 (VIOLATED)
_24413_/C1                              1.500000    1.522255   -0.022255 (VIOLATED)
_20409_/A1                              1.500000    1.521819   -0.021819 (VIOLATED)
_19885_/C1                              1.500000    1.521263   -0.021263 (VIOLATED)
_21457_/A1                              1.500000    1.520869   -0.020869 (VIOLATED)
_19712_/C1                              1.500000    1.520325   -0.020325 (VIOLATED)
_25736_/A0                              1.500000    1.519174   -0.019174 (VIOLATED)
_15163_/A0                              1.500000    1.518167   -0.018167 (VIOLATED)
_20058_/C1                              1.500000    1.517815   -0.017815 (VIOLATED)
_27232_/A1                              1.500000    1.516318   -0.016318 (VIOLATED)
_25835_/A1                              1.500000    1.516282   -0.016282 (VIOLATED)
_25465_/A1                              1.500000    1.516144   -0.016144 (VIOLATED)
_21975_/C1                              1.500000    1.515726   -0.015726 (VIOLATED)
_23722_/A1                              1.500000    1.515579   -0.015579 (VIOLATED)
_23024_/A1                              1.500000    1.514064   -0.014064 (VIOLATED)
_26683_/A0                              1.500000    1.514014   -0.014014 (VIOLATED)
_26763_/A1                              1.500000    1.513974   -0.013974 (VIOLATED)
_26815_/A0                              1.500000    1.513969   -0.013969 (VIOLATED)
_25769_/A1                              1.500000    1.513825   -0.013825 (VIOLATED)
_26848_/A1                              1.500000    1.513662   -0.013662 (VIOLATED)
_26914_/A1                              1.500000    1.513589   -0.013589 (VIOLATED)
_27067_/A0                              1.500000    1.513550   -0.013550 (VIOLATED)
_27133_/A0                              1.500000    1.513517   -0.013517 (VIOLATED)
_26881_/A1                              1.500000    1.513504   -0.013504 (VIOLATED)
_18888_/A1                              1.500000    1.513348   -0.013348 (VIOLATED)
_25802_/A1                              1.500000    1.513310   -0.013310 (VIOLATED)
_27265_/A1                              1.500000    1.513269   -0.013269 (VIOLATED)
_25868_/A1                              1.500000    1.513252   -0.013252 (VIOLATED)
_26980_/A1                              1.500000    1.513214   -0.013214 (VIOLATED)
_27013_/A1                              1.500000    1.513153   -0.013153 (VIOLATED)
_27166_/A1                              1.500000    1.513139   -0.013139 (VIOLATED)
_27100_/A0                              1.500000    1.513010   -0.013010 (VIOLATED)
_18921_/A1                              1.500000    1.512866   -0.012866 (VIOLATED)
_26782_/A1                              1.500000    1.512779   -0.012779 (VIOLATED)
_25513_/A0                              1.500000    1.512709   -0.012709 (VIOLATED)
_26730_/A1                              1.500000    1.512671   -0.012671 (VIOLATED)
_26749_/A1                              1.500000    1.512481   -0.012481 (VIOLATED)
_26584_/A0                              1.500000    1.512352   -0.012353 (VIOLATED)
_26947_/A1                              1.500000    1.512337   -0.012337 (VIOLATED)
_16888_/A0                              1.500000    1.512106   -0.012106 (VIOLATED)
_26551_/A0                              1.500000    1.511686   -0.011686 (VIOLATED)
_26617_/A0                              1.500000    1.511596   -0.011596 (VIOLATED)
_22851_/A1                              1.500000    1.511409   -0.011409 (VIOLATED)
_26650_/A1                              1.500000    1.511171   -0.011171 (VIOLATED)
_27397_/A1                              1.500000    1.511061   -0.011061 (VIOLATED)
_16756_/A1                              1.500000    1.510944   -0.010944 (VIOLATED)
_16657_/A1                              1.500000    1.510923   -0.010923 (VIOLATED)
_22326_/A1                              1.500000    1.510888   -0.010888 (VIOLATED)
_18009_/A0                              1.500000    1.510729   -0.010729 (VIOLATED)
_25612_/A0                              1.500000    1.510011   -0.010011 (VIOLATED)
_15460_/A1                              1.500000    1.509686   -0.009686 (VIOLATED)
_15527_/A1                              1.500000    1.509481   -0.009481 (VIOLATED)
_23545_/A1                              1.500000    1.509323   -0.009323 (VIOLATED)
_15493_/A1                              1.500000    1.509146   -0.009146 (VIOLATED)
_25645_/A1                              1.500000    1.509107   -0.009107 (VIOLATED)
_25546_/A0                              1.500000    1.508962   -0.008962 (VIOLATED)
_25579_/A1                              1.500000    1.508871   -0.008871 (VIOLATED)
_15229_/A0                              1.500000    1.508749   -0.008749 (VIOLATED)
_15262_/A1                              1.500000    1.508560   -0.008560 (VIOLATED)
_25480_/A0                              1.500000    1.508524   -0.008524 (VIOLATED)
_25678_/A1                              1.500000    1.508435   -0.008435 (VIOLATED)
_19369_/A1                              1.500000    1.508404   -0.008404 (VIOLATED)
_18636_/A0                              1.500000    1.508114   -0.008114 (VIOLATED)
_19005_/A1                              1.500000    1.508031   -0.008031 (VIOLATED)
_25966_/A1                              1.500000    1.507887   -0.007887 (VIOLATED)
_25901_/A1                              1.500000    1.507879   -0.007879 (VIOLATED)
_20234_/A1                              1.500000    1.507595   -0.007595 (VIOLATED)
_25934_/A1                              1.500000    1.507285   -0.007285 (VIOLATED)
_27430_/A1                              1.500000    1.506232   -0.006232 (VIOLATED)
_25942_/A1                              1.500000    1.506131   -0.006131 (VIOLATED)
_25974_/A1                              1.500000    1.506097   -0.006097 (VIOLATED)
_25432_/A1                              1.500000    1.505715   -0.005716 (VIOLATED)
_20756_/C1                              1.500000    1.505621   -0.005621 (VIOLATED)
_15196_/A0                              1.500000    1.504887   -0.004887 (VIOLATED)
_25670_/A1                              1.500000    1.504193   -0.004193 (VIOLATED)
_23892_/C1                              1.500000    1.503620   -0.003620 (VIOLATED)
_15295_/A0                              1.500000    1.503566   -0.003566 (VIOLATED)
_25909_/A1                              1.500000    1.503456   -0.003457 (VIOLATED)
_25366_/A1                              1.500000    1.503433   -0.003433 (VIOLATED)
_21630_/A1                              1.500000    1.503255   -0.003256 (VIOLATED)
_19057_/A1                              1.500000    1.502712   -0.002712 (VIOLATED)
_16822_/A1                              1.500000    1.502204   -0.002204 (VIOLATED)
_22674_/A1                              1.500000    1.501915   -0.001915 (VIOLATED)
_18902_/A1                              1.500000    1.501518   -0.001518 (VIOLATED)
_18997_/A1                              1.500000    1.501377   -0.001377 (VIOLATED)
_27508_/A1                              1.500000    1.501213   -0.001213 (VIOLATED)
_27574_/A1                              1.500000    1.501201   -0.001201 (VIOLATED)
_18721_/A1                              1.500000    1.500525   -0.000525 (VIOLATED)
_27805_/A1                              1.500000    1.500378   -0.000378 (VIOLATED)
_18755_/A1                              1.500000    1.500193   -0.000193 (VIOLATED)
_27673_/A0                              1.500000    1.500006   -0.000006 (VIOLATED)

max capacitance

Pin                                        Limit         Cap       Slack
------------------------------------------------------------------------
output70/X                              1.953745    5.001749   -3.048004 (VIOLATED)
output71/X                              1.953745    5.001195   -3.047451 (VIOLATED)
output47/X                              1.953745    5.000724   -3.046979 (VIOLATED)
output63/X                              1.953745    5.000725   -3.046980 (VIOLATED)
output61/X                              1.953745    5.000679   -3.046935 (VIOLATED)
output66/X                              1.953745    5.000679   -3.046935 (VIOLATED)
output58/X                              1.953745    5.000671   -3.046926 (VIOLATED)
output54/X                              1.953745    5.000668   -3.046922 (VIOLATED)
output59/X                              1.953745    5.000669   -3.046923 (VIOLATED)
output40/X                              1.953745    5.000658   -3.046913 (VIOLATED)
output49/X                              1.953745    5.000660   -3.046916 (VIOLATED)
output42/X                              1.953745    5.000654   -3.046910 (VIOLATED)
output52/X                              1.953745    5.000647   -3.046902 (VIOLATED)
output44/X                              1.953745    5.000637   -3.046892 (VIOLATED)
output41/X                              1.953745    5.000631   -3.046886 (VIOLATED)
output60/X                              1.953745    5.000632   -3.046887 (VIOLATED)
output67/X                              1.953745    5.000635   -3.046890 (VIOLATED)
output38/X                              1.953745    5.000620   -3.046875 (VIOLATED)
output39/X                              1.953745    5.000620   -3.046875 (VIOLATED)
output55/X                              1.953745    5.000614   -3.046869 (VIOLATED)
output46/X                              1.953745    5.000603   -3.046858 (VIOLATED)
output57/X                              1.953745    5.000594   -3.046849 (VIOLATED)
output45/X                              1.953745    5.000583   -3.046838 (VIOLATED)
output51/X                              1.953745    5.000580   -3.046835 (VIOLATED)
output69/X                              1.953745    5.000572   -3.046827 (VIOLATED)
output53/X                              1.953745    5.000534   -3.046788 (VIOLATED)
output68/X                              1.953745    5.000534   -3.046789 (VIOLATED)
output64/X                              1.953745    5.000525   -3.046781 (VIOLATED)
output50/X                              1.953745    5.000504   -3.046759 (VIOLATED)
output43/X                              1.953745    5.000472   -3.046726 (VIOLATED)
output48/X                              1.953745    5.000466   -3.046721 (VIOLATED)
output62/X                              1.953745    5.000467   -3.046722 (VIOLATED)
output65/X                              1.953745    5.000467   -3.046722 (VIOLATED)
output56/X                              1.953745    5.000459   -3.046714 (VIOLATED)



===========================================================================
report_parasitic_annotation -report_unannotated
============================================================================
Found 524 unannotated drivers.
 clkload0/X
 clkload1/Y
 clkload10/Y
 clkload100/Y
 clkload101/Y
 clkload102/X
 clkload103/Y
 clkload104/Y
 clkload105/Y
 clkload106/Y
 clkload107/Y
 clkload108/Y
 clkload109/Y
 clkload11/X
 clkload110/Y
 clkload111/Y
 clkload112/Y
 clkload113/Y
 clkload114/Y
 clkload115/Y
 clkload116/X
 clkload117/Y
 clkload118/Y
 clkload119/Y
 clkload12/X
 clkload120/Y
 clkload121/Y
 clkload122/X
 clkload123/X
 clkload124/Y
 clkload125/Y
 clkload126/Y
 clkload127/Y
 clkload128/Y
 clkload129/X
 clkload13/Y
 clkload130/Y
 clkload131/Y
 clkload132/Y
 clkload133/Y
 clkload134/Y
 clkload135/Y
 clkload136/Y
 clkload137/Y
 clkload138/Y
 clkload139/Y
 clkload14/Y
 clkload140/Y
 clkload141/Y
 clkload142/Y
 clkload143/Y
 clkload144/X
 clkload145/Y
 clkload146/Y
 clkload147/Y
 clkload148/Y
 clkload149/Y
 clkload15/Y
 clkload150/Y
 clkload151/Y
 clkload152/Y
 clkload153/Y
 clkload154/Y
 clkload155/Y
 clkload156/Y
 clkload157/Y
 clkload158/Y
 clkload159/Y
 clkload16/X
 clkload160/X
 clkload161/Y
 clkload162/Y
 clkload163/Y
 clkload164/X
 clkload165/Y
 clkload166/Y
 clkload167/X
 clkload168/X
 clkload169/X
 clkload17/X
 clkload170/Y
 clkload171/Y
 clkload172/Y
 clkload173/Y
 clkload174/Y
 clkload175/X
 clkload176/Y
 clkload177/X
 clkload178/X
 clkload179/X
 clkload18/Y
 clkload180/Y
 clkload181/Y
 clkload182/Y
 clkload183/Y
 clkload184/Y
 clkload185/Y
 clkload186/Y
 clkload187/Y
 clkload188/Y
 clkload189/Y
 clkload19/Y
 clkload190/Y
 clkload191/Y
 clkload192/Y
 clkload193/Y
 clkload194/Y
 clkload195/Y
 clkload196/Y
 clkload197/X
 clkload198/Y
 clkload199/Y
 clkload2/X
 clkload20/Y
 clkload200/Y
 clkload201/Y
 clkload202/Y
 clkload203/Y
 clkload204/Y
 clkload205/Y
 clkload206/X
 clkload207/Y
 clkload208/Y
 clkload209/Y
 clkload21/X
 clkload210/Y
 clkload211/Y
 clkload212/Y
 clkload213/Y
 clkload214/Y
 clkload215/X
 clkload216/Y
 clkload217/Y
 clkload218/Y
 clkload219/X
 clkload22/Y
 clkload220/Y
 clkload221/Y
 clkload222/Y
 clkload223/Y
 clkload224/Y
 clkload225/X
 clkload226/Y
 clkload227/Y
 clkload228/Y
 clkload229/Y
 clkload23/Y
 clkload230/Y
 clkload231/Y
 clkload232/Y
 clkload233/Y
 clkload234/Y
 clkload235/Y
 clkload236/X
 clkload237/Y
 clkload238/X
 clkload239/Y
 clkload24/Y
 clkload240/Y
 clkload241/Y
 clkload242/Y
 clkload243/Y
 clkload244/Y
 clkload245/Y
 clkload246/Y
 clkload247/Y
 clkload248/Y
 clkload249/Y
 clkload25/Y
 clkload250/Y
 clkload251/Y
 clkload252/X
 clkload253/Y
 clkload254/Y
 clkload255/Y
 clkload256/Y
 clkload257/Y
 clkload258/Y
 clkload259/Y
 clkload26/X
 clkload260/X
 clkload261/Y
 clkload262/Y
 clkload263/Y
 clkload264/Y
 clkload265/Y
 clkload266/Y
 clkload267/Y
 clkload268/Y
 clkload269/Y
 clkload27/Y
 clkload270/Y
 clkload271/Y
 clkload272/Y
 clkload273/Y
 clkload274/Y
 clkload275/X
 clkload276/Y
 clkload277/Y
 clkload278/Y
 clkload279/Y
 clkload28/X
 clkload280/Y
 clkload281/Y
 clkload282/Y
 clkload283/Y
 clkload284/Y
 clkload285/Y
 clkload286/Y
 clkload287/X
 clkload288/Y
 clkload289/Y
 clkload29/Y
 clkload290/Y
 clkload291/Y
 clkload292/Y
 clkload293/Y
 clkload294/Y
 clkload295/Y
 clkload296/Y
 clkload297/Y
 clkload298/X
 clkload299/Y
 clkload3/Y
 clkload30/Y
 clkload300/Y
 clkload301/Y
 clkload302/Y
 clkload303/Y
 clkload304/Y
 clkload305/X
 clkload306/Y
 clkload307/Y
 clkload308/Y
 clkload309/Y
 clkload31/X
 clkload310/Y
 clkload311/Y
 clkload312/Y
 clkload313/Y
 clkload314/Y
 clkload315/Y
 clkload316/Y
 clkload317/Y
 clkload318/Y
 clkload319/Y
 clkload32/X
 clkload320/Y
 clkload321/X
 clkload322/X
 clkload323/Y
 clkload324/Y
 clkload325/Y
 clkload326/X
 clkload327/Y
 clkload328/Y
 clkload329/Y
 clkload33/Y
 clkload330/Y
 clkload331/Y
 clkload332/Y
 clkload333/X
 clkload334/Y
 clkload335/Y
 clkload336/Y
 clkload337/Y
 clkload338/Y
 clkload339/Y
 clkload34/X
 clkload340/Y
 clkload341/Y
 clkload342/Y
 clkload343/Y
 clkload344/Y
 clkload345/Y
 clkload346/Y
 clkload347/Y
 clkload348/Y
 clkload349/Y
 clkload35/X
 clkload350/Y
 clkload351/Y
 clkload352/Y
 clkload353/X
 clkload354/Y
 clkload355/Y
 clkload356/Y
 clkload357/Y
 clkload358/Y
 clkload359/Y
 clkload36/Y
 clkload360/Y
 clkload361/Y
 clkload362/Y
 clkload363/Y
 clkload364/X
 clkload365/X
 clkload366/Y
 clkload367/Y
 clkload368/X
 clkload369/Y
 clkload37/Y
 clkload370/Y
 clkload371/Y
 clkload372/X
 clkload373/Y
 clkload374/Y
 clkload375/X
 clkload376/Y
 clkload377/X
 clkload378/Y
 clkload379/X
 clkload38/Y
 clkload380/Y
 clkload381/Y
 clkload382/Y
 clkload383/Y
 clkload384/Y
 clkload385/Y
 clkload386/X
 clkload387/Y
 clkload388/Y
 clkload389/Y
 clkload39/Y
 clkload390/Y
 clkload391/Y
 clkload392/Y
 clkload393/X
 clkload394/Y
 clkload395/X
 clkload396/Y
 clkload397/Y
 clkload398/Y
 clkload399/Y
 clkload4/X
 clkload40/Y
 clkload400/Y
 clkload401/Y
 clkload402/X
 clkload403/Y
 clkload404/Y
 clkload405/Y
 clkload406/Y
 clkload407/Y
 clkload408/Y
 clkload409/Y
 clkload41/Y
 clkload410/X
 clkload411/Y
 clkload412/Y
 clkload413/Y
 clkload414/Y
 clkload415/Y
 clkload416/X
 clkload417/Y
 clkload418/Y
 clkload419/Y
 clkload42/Y
 clkload420/Y
 clkload421/Y
 clkload422/Y
 clkload423/Y
 clkload424/Y
 clkload425/Y
 clkload426/Y
 clkload427/Y
 clkload428/Y
 clkload429/X
 clkload43/Y
 clkload430/X
 clkload431/Y
 clkload432/Y
 clkload433/Y
 clkload434/Y
 clkload435/Y
 clkload436/Y
 clkload437/Y
 clkload438/X
 clkload439/Y
 clkload44/Y
 clkload440/Y
 clkload441/Y
 clkload442/Y
 clkload443/Y
 clkload444/Y
 clkload445/Y
 clkload446/Y
 clkload447/Y
 clkload448/Y
 clkload449/Y
 clkload45/Y
 clkload450/Y
 clkload451/Y
 clkload452/Y
 clkload453/Y
 clkload454/Y
 clkload455/Y
 clkload456/Y
 clkload457/Y
 clkload458/Y
 clkload459/Y
 clkload46/Y
 clkload460/Y
 clkload461/Y
 clkload462/Y
 clkload463/X
 clkload464/Y
 clkload465/Y
 clkload466/Y
 clkload467/Y
 clkload468/Y
 clkload469/Y
 clkload47/Y
 clkload470/Y
 clkload471/Y
 clkload472/X
 clkload473/Y
 clkload474/Y
 clkload475/Y
 clkload476/Y
 clkload477/Y
 clkload478/Y
 clkload479/X
 clkload48/Y
 clkload480/Y
 clkload481/Y
 clkload482/X
 clkload483/Y
 clkload484/Y
 clkload485/Y
 clkload486/Y
 clkload487/Y
 clkload488/Y
 clkload489/Y
 clkload49/Y
 clkload490/Y
 clkload491/Y
 clkload492/Y
 clkload493/Y
 clkload494/Y
 clkload495/Y
 clkload496/Y
 clkload497/Y
 clkload498/Y
 clkload499/Y
 clkload5/Y
 clkload50/Y
 clkload500/Y
 clkload501/Y
 clkload502/Y
 clkload503/Y
 clkload504/Y
 clkload505/Y
 clkload506/X
 clkload507/Y
 clkload508/Y
 clkload509/Y
 clkload51/Y
 clkload510/Y
 clkload511/Y
 clkload512/Y
 clkload513/Y
 clkload514/X
 clkload515/Y
 clkload516/Y
 clkload517/Y
 clkload518/Y
 clkload519/Y
 clkload52/X
 clkload520/Y
 clkload521/Y
 clkload522/Y
 clkload523/Y
 clkload53/Y
 clkload54/Y
 clkload55/Y
 clkload56/Y
 clkload57/Y
 clkload58/Y
 clkload59/Y
 clkload6/X
 clkload60/Y
 clkload61/Y
 clkload62/Y
 clkload63/Y
 clkload64/Y
 clkload65/Y
 clkload66/X
 clkload67/Y
 clkload68/Y
 clkload69/Y
 clkload7/X
 clkload70/Y
 clkload71/X
 clkload72/X
 clkload73/Y
 clkload74/Y
 clkload75/Y
 clkload76/Y
 clkload77/Y
 clkload78/Y
 clkload79/Y
 clkload8/Y
 clkload80/Y
 clkload81/Y
 clkload82/X
 clkload83/Y
 clkload84/Y
 clkload85/Y
 clkload86/Y
 clkload87/Y
 clkload88/Y
 clkload89/Y
 clkload9/Y
 clkload90/Y
 clkload91/Y
 clkload92/Y
 clkload93/Y
 clkload94/Y
 clkload95/Y
 clkload96/Y
 clkload97/Y
 clkload98/X
 clkload99/Y
Found 0 partially unannotated drivers.

===========================================================================
max slew violation count 446
max fanout violation count 0
max cap violation count 34
============================================================================

===========================================================================
check_setup -verbose -unconstrained_endpoints -multiple_clock -no_clock -no_input_delay -loops -generated_clocks
===========================================================================
