Clock: wclk
Sources: wclk 
Generated: no
Virtual: yes
Propagated: no
Period: 10.000000

===========================================================================
report_clock_properties
============================================================================
Clock                   Period          Waveform
----------------------------------------------------
wclk                 10.000000    0.000000  5.000000

===========================================================================
report_clock_latency
============================================================================
Clock wclk
rise -> rise
    min     max
0.000000 0.000000 source latency
0.807115         network latency _33463_/CLK
        0.968140 network latency _33702_/CLK
---------------
0.807115 0.968140 latency
        0.161025 skew

fall -> fall
    min     max
0.000000 0.000000 source latency
0.688275         network latency _33463_/CLK
        0.834992 network latency _32257_/CLK
---------------
0.688275 0.834992 latency
        0.146717 skew



===========================================================================
report_clock_min_period
============================================================================
wclk period_min = 2.88 fmax = 347.46
Clock: rclk
Sources: rclk 
Generated: no
Virtual: yes
Propagated: no
Period: 25.000000

===========================================================================
report_clock_properties
============================================================================
Clock                   Period          Waveform
----------------------------------------------------
rclk                 25.000000    0.000000 12.500000

===========================================================================
report_clock_latency
============================================================================
Clock rclk
rise -> rise
    min     max
0.000000 0.000000 source latency
0.383660         network latency _33245_/CLK
        0.396009 network latency _33038_/CLK
---------------
0.383660 0.396009 latency
        0.012348 skew

fall -> fall
    min     max
0.000000 0.000000 source latency
0.327910         network latency _33245_/CLK
        0.337633 network latency _33038_/CLK
---------------
0.327910 0.337633 latency
        0.009723 skew



===========================================================================
report_clock_min_period
============================================================================
rclk period_min = 4.21 fmax = 237.74
