
===========================================================================
 report_power
============================================================================
======================= max_ff_n40C_1v95 Corner ===================================

Group                    Internal    Switching      Leakage        Total
                            Power        Power        Power        Power (Watts)
------------------------------------------------------------------------
Sequential           5.786945e-02 8.948533e-03 1.207119e-07 6.681810e-02  42.9%
Combinational        2.699371e-02 3.595367e-02 1.001910e-07 6.294748e-02  40.4%
Clock                1.046782e-02 1.559902e-02 1.779291e-07 2.606703e-02  16.7%
Macro                0.000000e+00 0.000000e+00 0.000000e+00 0.000000e+00   0.0%
Pad                  0.000000e+00 0.000000e+00 0.000000e+00 0.000000e+00   0.0%
------------------------------------------------------------------------
Total                9.533083e-02 6.050118e-02 3.987942e-07 1.558324e-01 100.0%
                            61.2%        38.8%         0.0%

