
===========================================================================
 report_power
============================================================================
======================= nom_tt_025C_1v80 Corner ===================================

Group                    Internal    Switching      Leakage        Total
                            Power        Power        Power        Power (Watts)
------------------------------------------------------------------------
Sequential           5.427816e-02 1.692128e-02 7.132993e-08 7.119951e-02  57.3%
Combinational        4.645415e-02 6.565769e-03 7.100908e-08 5.301999e-02  42.7%
Clock                0.000000e+00 0.000000e+00 0.000000e+00 0.000000e+00   0.0%
Macro                0.000000e+00 0.000000e+00 0.000000e+00 0.000000e+00   0.0%
Pad                  0.000000e+00 0.000000e+00 0.000000e+00 0.000000e+00   0.0%
------------------------------------------------------------------------
Total                1.007360e-01 2.348697e-02 1.423322e-07 1.242231e-01 100.0%
                            81.1%        18.9%         0.0%

