Clock: wclk
Sources: wclk 
Generated: no
Virtual: no
Propagated: no
Period: 10.000000

===========================================================================
report_clock_properties
============================================================================
Clock                   Period          Waveform
----------------------------------------------------
wclk                 10.000000    0.000000  5.000000

===========================================================================
report_clock_latency
============================================================================
Clock wclk
rise -> rise
    min     max
0.000000 0.000000 source latency
12.051325         network latency _28330_/CLK
        12.051325 network latency _28330_/CLK
---------------
12.051325 12.051325 latency
        0.000000 skew

fall -> fall
    min     max
0.000000 0.000000 source latency
4.596409         network latency _28330_/CLK
        4.596409 network latency _28330_/CLK
---------------
4.596409 4.596409 latency
        0.000000 skew



===========================================================================
report_clock_min_period
============================================================================
wclk period_min = 13.93 fmax = 71.80
Clock: rclk
Sources: rclk 
Generated: no
Virtual: no
Propagated: no
Period: 25.000000

===========================================================================
report_clock_properties
============================================================================
Clock                   Period          Waveform
----------------------------------------------------
rclk                 25.000000    0.000000 12.500000

===========================================================================
report_clock_latency
============================================================================
Clock rclk
rise -> rise
    min     max
0.000000 0.000000 source latency
0.091866         network latency _31601_/CLK
        0.091866 network latency _31601_/CLK
---------------
0.091866 0.091866 latency
        0.000000 skew

fall -> fall
    min     max
0.000000 0.000000 source latency
0.033042         network latency _31601_/CLK
        0.033042 network latency _31601_/CLK
---------------
0.033042 0.033042 latency
        0.000000 skew



===========================================================================
report_clock_min_period
============================================================================
rclk period_min = 35.63 fmax = 28.07
