                                                                        Cells by Master                                                                         
┏━━━━━━━━━━━━━━━━━━━━━━━━━━━━━━━━━━━━━━━━━━━━━━━━━━━━━━━━━━━━━━━━━━━━━━━━━━━━━━━━━━━━━━━━━━━━━━━━━━━━━━━━━━━━━━━━━━━━━━━━━━━━━━━━━┳━━━━━━━━━━━━━━━━━━━━━━━━━━━━┓
┃ Cell                                                                                                                            ┃ Count                      ┃
┡━━━━━━━━━━━━━━━━━━━━━━━━━━━━━━━━━━━━━━━━━━━━━━━━━━━━━━━━━━━━━━━━━━━━━━━━━━━━━━━━━━━━━━━━━━━━━━━━━━━━━━━━━━━━━━━━━━━━━━━━━━━━━━━━━╇━━━━━━━━━━━━━━━━━━━━━━━━━━━━┩
│ sky130_ef_sc_hd__decap_12                                                                                                       │ 80628                      │
│ sky130_fd_sc_hd__a2111o_1                                                                                                       │ 1                          │
│ sky130_fd_sc_hd__a211o_1                                                                                                        │ 33                         │
│ sky130_fd_sc_hd__a211oi_1                                                                                                       │ 13                         │
│ sky130_fd_sc_hd__a211oi_2                                                                                                       │ 14                         │
│ sky130_fd_sc_hd__a211oi_4                                                                                                       │ 3                          │
│ sky130_fd_sc_hd__a21o_1                                                                                                         │ 522                        │
│ sky130_fd_sc_hd__a21oi_1                                                                                                        │ 35                         │
│ sky130_fd_sc_hd__a221o_1                                                                                                        │ 189                        │
│ sky130_fd_sc_hd__a221o_2                                                                                                        │ 2                          │
│ sky130_fd_sc_hd__a22o_1                                                                                                         │ 2                          │
│ sky130_fd_sc_hd__a2bb2o_1                                                                                                       │ 2                          │
│ sky130_fd_sc_hd__a311o_1                                                                                                        │ 64                         │
│ sky130_fd_sc_hd__a311o_2                                                                                                        │ 42                         │
│ sky130_fd_sc_hd__a311o_4                                                                                                        │ 9                          │
│ sky130_fd_sc_hd__a31o_1                                                                                                         │ 1                          │
│ sky130_fd_sc_hd__a32o_1                                                                                                         │ 31                         │
│ sky130_fd_sc_hd__and2_1                                                                                                         │ 280                        │
│ sky130_fd_sc_hd__and2b_1                                                                                                        │ 1                          │
│ sky130_fd_sc_hd__and3_1                                                                                                         │ 3                          │
│ sky130_fd_sc_hd__and3b_1                                                                                                        │ 16                         │
│ sky130_fd_sc_hd__and4_1                                                                                                         │ 1                          │
│ sky130_fd_sc_hd__buf_12                                                                                                         │ 177                        │
│ sky130_fd_sc_hd__buf_2                                                                                                          │ 1                          │
│ sky130_fd_sc_hd__buf_4                                                                                                          │ 1                          │
│ sky130_fd_sc_hd__buf_6                                                                                                          │ 3                          │
│ sky130_fd_sc_hd__bufinv_16                                                                                                      │ 48                         │
│ sky130_fd_sc_hd__clkbuf_16                                                                                                      │ 165                        │
│ sky130_fd_sc_hd__clkbuf_2                                                                                                       │ 1                          │
│ sky130_fd_sc_hd__clkbuf_4                                                                                                       │ 38                         │
│ sky130_fd_sc_hd__clkbuf_8                                                                                                       │ 614                        │
│ sky130_fd_sc_hd__clkinv_16                                                                                                      │ 3                          │
│ sky130_fd_sc_hd__clkinv_2                                                                                                       │ 34                         │
│ sky130_fd_sc_hd__clkinv_4                                                                                                       │ 54                         │
│ sky130_fd_sc_hd__clkinv_8                                                                                                       │ 50                         │
│ sky130_fd_sc_hd__clkinvlp_4                                                                                                     │ 45                         │
│ sky130_fd_sc_hd__decap_3                                                                                                        │ 5183                       │
│ sky130_fd_sc_hd__decap_4                                                                                                        │ 4897                       │
│ sky130_fd_sc_hd__decap_6                                                                                                        │ 21241                      │
│ sky130_fd_sc_hd__decap_8                                                                                                        │ 5569                       │
│ sky130_fd_sc_hd__dfrtp_1                                                                                                        │ 38                         │
│ sky130_fd_sc_hd__dfrtp_2                                                                                                        │ 9                          │
│ sky130_fd_sc_hd__dfrtp_4                                                                                                        │ 40                         │
│ sky130_fd_sc_hd__dfstp_4                                                                                                        │ 1                          │
│ sky130_fd_sc_hd__dfxtp_1                                                                                                        │ 8192                       │
│ sky130_fd_sc_hd__diode_2                                                                                                        │ 215                        │
│ sky130_fd_sc_hd__dlygate4sd3_1                                                                                                  │ 1                          │
│ sky130_fd_sc_hd__fill_1                                                                                                         │ 26032                      │
│ sky130_fd_sc_hd__fill_2                                                                                                         │ 3966                       │
│ sky130_fd_sc_hd__inv_12                                                                                                         │ 36                         │
│ sky130_fd_sc_hd__inv_16                                                                                                         │ 10                         │
│ sky130_fd_sc_hd__inv_2                                                                                                          │ 8                          │
│ sky130_fd_sc_hd__inv_4                                                                                                          │ 3                          │
│ sky130_fd_sc_hd__inv_6                                                                                                          │ 98                         │
│ sky130_fd_sc_hd__inv_8                                                                                                          │ 73                         │
│ sky130_fd_sc_hd__mux2_1                                                                                                         │ 9432                       │
│ sky130_fd_sc_hd__mux2_2                                                                                                         │ 1                          │
│ sky130_fd_sc_hd__mux4_1                                                                                                         │ 1593                       │
│ sky130_fd_sc_hd__mux4_2                                                                                                         │ 13                         │
│ sky130_fd_sc_hd__nand2_1                                                                                                        │ 42                         │
│ sky130_fd_sc_hd__nand2_2                                                                                                        │ 1                          │
│ sky130_fd_sc_hd__nand2b_1                                                                                                       │ 4                          │
│ sky130_fd_sc_hd__nand2b_4                                                                                                       │ 2                          │
│ sky130_fd_sc_hd__nand4_4                                                                                                        │ 1                          │
│ sky130_fd_sc_hd__nor2_1                                                                                                         │ 114                        │
│ sky130_fd_sc_hd__nor2_8                                                                                                         │ 156                        │
│ sky130_fd_sc_hd__o211a_1                                                                                                        │ 119                        │
│ sky130_fd_sc_hd__o211a_2                                                                                                        │ 5                          │
│ sky130_fd_sc_hd__o21a_1                                                                                                         │ 282                        │
│ sky130_fd_sc_hd__o21ai_1                                                                                                        │ 96                         │
│ sky130_fd_sc_hd__o21ba_1                                                                                                        │ 3                          │
│ sky130_fd_sc_hd__o221a_1                                                                                                        │ 283                        │
│ sky130_fd_sc_hd__o221a_2                                                                                                        │ 38                         │
│ sky130_fd_sc_hd__o221ai_1                                                                                                       │ 1                          │
│ sky130_fd_sc_hd__o22a_1                                                                                                         │ 31                         │
│ sky130_fd_sc_hd__o2bb2ai_1                                                                                                      │ 1                          │
│ sky130_fd_sc_hd__o311a_1                                                                                                        │ 19                         │
│ sky130_fd_sc_hd__o311a_2                                                                                                        │ 34                         │
│ sky130_fd_sc_hd__o311a_4                                                                                                        │ 29                         │
│ sky130_fd_sc_hd__o311ai_4                                                                                                       │ 1                          │
│ sky130_fd_sc_hd__o31a_1                                                                                                         │ 12                         │
│ sky130_fd_sc_hd__o31a_2                                                                                                         │ 17                         │
│ sky130_fd_sc_hd__or2_1                                                                                                          │ 341                        │
│ sky130_fd_sc_hd__or2_4                                                                                                          │ 136                        │
│ sky130_fd_sc_hd__or3_1                                                                                                          │ 8                          │
│ sky130_fd_sc_hd__or3_2                                                                                                          │ 14                         │
│ sky130_fd_sc_hd__or3_4                                                                                                          │ 23                         │
│ sky130_fd_sc_hd__or4_1                                                                                                          │ 2                          │
│ sky130_fd_sc_hd__or4_2                                                                                                          │ 1                          │
│ sky130_fd_sc_hd__or4_4                                                                                                          │ 2                          │
│ sky130_fd_sc_hd__or4b_1                                                                                                         │ 2                          │
│ sky130_fd_sc_hd__tapvpwrvgnd_1                                                                                                  │ 27178                      │
│ sky130_fd_sc_hd__xnor2_1                                                                                                        │ 28                         │
│ sky130_fd_sc_hd__xnor2_2                                                                                                        │ 3                          │
│ sky130_fd_sc_hd__xor2_1                                                                                                         │ 11                         │
│ sky130_fd_sc_hd__xor2_2                                                                                                         │ 3                          │
└─────────────────────────────────────────────────────────────────────────────────────────────────────────────────────────────────┴────────────────────────────┘
