Clock: wclk
Sources: wclk 
Generated: no
Virtual: yes
Propagated: no
Period: 10.000000

===========================================================================
report_clock_properties
============================================================================
Clock                   Period          Waveform
----------------------------------------------------
wclk                 10.000000    0.000000  5.000000

===========================================================================
report_clock_latency
============================================================================
Clock wclk
rise -> rise
    min     max
0.000000 0.000000 source latency
0.773262         network latency _33463_/CLK
        0.930525 network latency _33702_/CLK
---------------
0.773262 0.930525 latency
        0.157262 skew

fall -> fall
    min     max
0.000000 0.000000 source latency
0.657606         network latency _33463_/CLK
        0.800593 network latency _33702_/CLK
---------------
0.657606 0.800593 latency
        0.142987 skew



===========================================================================
report_clock_min_period
============================================================================
wclk period_min = 2.83 fmax = 353.68
Clock: rclk
Sources: rclk 
Generated: no
Virtual: yes
Propagated: no
Period: 25.000000

===========================================================================
report_clock_properties
============================================================================
Clock                   Period          Waveform
----------------------------------------------------
rclk                 25.000000    0.000000 12.500000

===========================================================================
report_clock_latency
============================================================================
Clock rclk
rise -> rise
    min     max
0.000000 0.000000 source latency
0.367275         network latency _33245_/CLK
        0.376888 network latency _31602_/CLK
---------------
0.367275 0.376888 latency
        0.009613 skew

fall -> fall
    min     max
0.000000 0.000000 source latency
0.313087         network latency _33025_/CLK
        0.320899 network latency _31602_/CLK
---------------
0.313087 0.320899 latency
        0.007812 skew



===========================================================================
report_clock_min_period
============================================================================
rclk period_min = 4.12 fmax = 242.95
