
===========================================================================
 report_power
============================================================================
======================= nom_ff_n40C_1v95 Corner ===================================

Group                    Internal    Switching      Leakage        Total
                            Power        Power        Power        Power (Watts)
------------------------------------------------------------------------
Sequential           5.787384e-02 8.644887e-03 1.207119e-07 6.651884e-02  43.3%
Combinational        2.675462e-02 3.488418e-02 1.001910e-07 6.163890e-02  40.1%
Clock                1.045925e-02 1.504434e-02 1.779291e-07 2.550377e-02  16.6%
Macro                0.000000e+00 0.000000e+00 0.000000e+00 0.000000e+00   0.0%
Pad                  0.000000e+00 0.000000e+00 0.000000e+00 0.000000e+00   0.0%
------------------------------------------------------------------------
Total                9.508741e-02 5.857348e-02 3.987942e-07 1.536613e-01 100.0%
                            61.9%        38.1%         0.0%

