
===========================================================================
 report_power
============================================================================
======================= nom_ss_100C_1v60 Corner ===================================

Group                    Internal    Switching      Leakage        Total
                            Power        Power        Power        Power (Watts)
------------------------------------------------------------------------
Sequential           3.970701e-02 5.505799e-03 1.201570e-04 4.533296e-02  43.1%
Combinational        1.954853e-02 2.311707e-02 1.115675e-04 4.277717e-02  40.7%
Clock                7.464441e-03 9.640981e-03 1.254521e-05 1.711797e-02  16.3%
Macro                0.000000e+00 0.000000e+00 0.000000e+00 0.000000e+00   0.0%
Pad                  0.000000e+00 0.000000e+00 0.000000e+00 0.000000e+00   0.0%
------------------------------------------------------------------------
Total                6.671996e-02 3.826386e-02 2.442756e-04 1.052281e-01 100.0%
                            63.4%        36.4%         0.2%

