447 Lint warnings found.
'PNR_SDC_FILE' is not defined. Using generic fallback SDC for OpenROAD PnR steps.
'SIGNOFF_SDC_FILE' is not defined. Using generic fallback SDC for OpenROAD PnR steps.
[GRT-0097] No global routing found for nets.
[GRT-0097] No global routing found for nets.
[RSZ-0062] Unable to repair all setup violations.
[GRT-0097] No global routing found for nets.
[GRT-0041] Net vccd1 has wires/vias outside die area.
[GRT-0041] Net vccd1 has wires/vias outside die area.
[GRT-0041] Net vccd1 has wires/vias outside die area.
[GRT-0041] Net vccd1 has wires/vias outside die area.
[GRT-0041] Net vccd1 has wires/vias outside die area.
[GRT-0041] Net vccd1 has wires/vias outside die area.
[GRT-0041] Net vccd1 has wires/vias outside die area.
[GRT-0041] Net vccd1 has wires/vias outside die area.
[GRT-0041] Net vccd1 has wires/vias outside die area.
[GRT-0041] Net vccd1 has wires/vias outside die area.
[GRT-0041] Net vccd1 has wires/vias outside die area.
[GRT-0041] Net vccd1 has wires/vias outside die area.
[GRT-0041] Net vccd1 has wires/vias outside die area.
[GRT-0041] Net vccd1 has wires/vias outside die area.
[GRT-0041] Net vccd1 has wires/vias outside die area.
[GRT-0041] Net vccd1 has wires/vias outside die area.
[GRT-0041] Net vccd1 has wires/vias outside die area.
[GRT-0041] Net vccd1 has wires/vias outside die area.
[GRT-0041] Net vccd1 has wires/vias outside die area.
[GRT-0041] Net vccd1 has wires/vias outside die area.
[GRT-0041] Net vccd1 has wires/vias outside die area.
[GRT-0041] Net vccd1 has wires/vias outside die area.
[GRT-0041] Net vccd1 has wires/vias outside die area.
[GRT-0041] Net vccd1 has wires/vias outside die area.
[GRT-0041] Net vccd1 has wires/vias outside die area.
[GRT-0041] Net vccd1 has wires/vias outside die area.
[GRT-0041] Net vccd1 has wires/vias outside die area.
[GRT-0041] Net vccd1 has wires/vias outside die area.
[GRT-0041] Net vccd1 has wires/vias outside die area.
[GRT-0041] Net vccd1 has wires/vias outside die area.
[GRT-0041] Net vccd1 has wires/vias outside die area.
[GRT-0041] Net vccd1 has wires/vias outside die area.
[GRT-0041] Net vccd1 has wires/vias outside die area.
[GRT-0041] Net vccd1 has wires/vias outside die area.
[GRT-0041] Net vccd1 has wires/vias outside die area.
[GRT-0041] Net vccd1 has wires/vias outside die area.
[GRT-0041] Net vccd1 has wires/vias outside die area.
[GRT-0041] Net vccd1 has wires/vias outside die area.
[GRT-0041] Net vccd1 has wires/vias outside die area.
[GRT-0041] Net vccd1 has wires/vias outside die area.
[GRT-0041] Net vccd1 has wires/vias outside die area.
[GRT-0041] Net vccd1 has wires/vias outside die area.
[GRT-0041] Net vccd1 has wires/vias outside die area.
[GRT-0041] Net vccd1 has wires/vias outside die area.
[GRT-0041] Net vccd1 has wires/vias outside die area.
[GRT-0041] Net vccd1 has wires/vias outside die area.
[GRT-0041] Net vccd1 has wires/vias outside die area.
[GRT-0041] Net vccd1 has wires/vias outside die area.
[GRT-0041] Net vccd1 has wires/vias outside die area.
[GRT-0041] Net vccd1 has wires/vias outside die area.
[GRT-0041] Net vccd1 has wires/vias outside die area.
[GRT-0041] Net vccd1 has wires/vias outside die area.
[GRT-0041] Net vccd1 has wires/vias outside die area.
[GRT-0041] Net vccd1 has wires/vias outside die area.
[GRT-0041] Net vccd1 has wires/vias outside die area.
[GRT-0041] Net vccd1 has wires/vias outside die area.
[GRT-0041] Net vccd1 has wires/vias outside die area.
[GRT-0041] Net vccd1 has wires/vias outside die area.
[GRT-0041] Net vccd1 has wires/vias outside die area.
[GRT-0041] Net vccd1 has wires/vias outside die area.
[GRT-0041] Net vccd1 has wires/vias outside die area.
[GRT-0041] Net vccd1 has wires/vias outside die area.
[GRT-0041] Net vccd1 has wires/vias outside die area.
[GRT-0041] Net vccd1 has wires/vias outside die area.
[GRT-0041] Net vccd1 has wires/vias outside die area.
[GRT-0041] Net vccd1 has wires/vias outside die area.
[GRT-0041] Net vssd1 has wires/vias outside die area.
[GRT-0041] Net vssd1 has wires/vias outside die area.
[GRT-0041] Net vssd1 has wires/vias outside die area.
[GRT-0041] Net vssd1 has wires/vias outside die area.
[GRT-0041] Net vssd1 has wires/vias outside die area.
[GRT-0041] Net vssd1 has wires/vias outside die area.
[GRT-0041] Net vssd1 has wires/vias outside die area.
[GRT-0041] Net vssd1 has wires/vias outside die area.
[GRT-0041] Net vssd1 has wires/vias outside die area.
[GRT-0041] Net vssd1 has wires/vias outside die area.
[GRT-0041] Net vssd1 has wires/vias outside die area.
[GRT-0041] Net vssd1 has wires/vias outside die area.
[GRT-0041] Net vssd1 has wires/vias outside die area.
[GRT-0041] Net vssd1 has wires/vias outside die area.
[GRT-0041] Net vssd1 has wires/vias outside die area.
[GRT-0041] Net vssd1 has wires/vias outside die area.
[GRT-0041] Net vssd1 has wires/vias outside die area.
[GRT-0041] Net vssd1 has wires/vias outside die area.
[GRT-0041] Net vssd1 has wires/vias outside die area.
[GRT-0041] Net vssd1 has wires/vias outside die area.
[GRT-0041] Net vssd1 has wires/vias outside die area.
[GRT-0041] Net vssd1 has wires/vias outside die area.
[GRT-0041] Net vssd1 has wires/vias outside die area.
[GRT-0041] Net vssd1 has wires/vias outside die area.
[GRT-0041] Net vssd1 has wires/vias outside die area.
[GRT-0041] Net vssd1 has wires/vias outside die area.
[GRT-0041] Net vssd1 has wires/vias outside die area.
[GRT-0041] Net vssd1 has wires/vias outside die area.
[GRT-0041] Net vssd1 has wires/vias outside die area.
[GRT-0041] Net vssd1 has wires/vias outside die area.
[GRT-0041] Net vssd1 has wires/vias outside die area.
[GRT-0041] Net vssd1 has wires/vias outside die area.
[GRT-0041] Net vssd1 has wires/vias outside die area.
[GRT-0041] Net vssd1 has wires/vias outside die area.
[GRT-0041] Net vssd1 has wires/vias outside die area.
[GRT-0041] Net vssd1 has wires/vias outside die area.
[GRT-0041] Net vssd1 has wires/vias outside die area.
[GRT-0041] Net vssd1 has wires/vias outside die area.
[GRT-0041] Net vssd1 has wires/vias outside die area.
[GRT-0041] Net vssd1 has wires/vias outside die area.
[GRT-0041] Net vssd1 has wires/vias outside die area.
[GRT-0041] Net vssd1 has wires/vias outside die area.
[GRT-0041] Net vssd1 has wires/vias outside die area.
[GRT-0041] Net vssd1 has wires/vias outside die area.
[GRT-0041] Net vssd1 has wires/vias outside die area.
[GRT-0041] Net vssd1 has wires/vias outside die area.
[GRT-0041] Net vssd1 has wires/vias outside die area.
[GRT-0041] Net vssd1 has wires/vias outside die area.
[GRT-0041] Net vssd1 has wires/vias outside die area.
[GRT-0041] Net vssd1 has wires/vias outside die area.
[GRT-0041] Net vssd1 has wires/vias outside die area.
[GRT-0041] Net vssd1 has wires/vias outside die area.
[GRT-0041] Net vssd1 has wires/vias outside die area.
[GRT-0041] Net vssd1 has wires/vias outside die area.
[GRT-0041] Net vssd1 has wires/vias outside die area.
[GRT-0041] Net vssd1 has wires/vias outside die area.
[GRT-0041] Net vssd1 has wires/vias outside die area.
[GRT-0041] Net vssd1 has wires/vias outside die area.
[GRT-0041] Net vssd1 has wires/vias outside die area.
[GRT-0041] Net vssd1 has wires/vias outside die area.
[GRT-0041] Net vssd1 has wires/vias outside die area.
[GRT-0041] Net vssd1 has wires/vias outside die area.
[GRT-0041] Net vssd1 has wires/vias outside die area.
[GRT-0041] Net vssd1 has wires/vias outside die area.
[GRT-0041] Net vssd1 has wires/vias outside die area.
[GRT-0041] Net vssd1 has wires/vias outside die area.
[GRT-0041] Net vssd1 has wires/vias outside die area.
[GRT-0041] Net vssd1 has wires/vias outside die area.
[GRT-0041] Net vssd1 has wires/vias outside die area.
[GRT-0041] Net vssd1 has wires/vias outside die area.
[GRT-0041] Net vssd1 has wires/vias outside die area.
[GRT-0041] Net vssd1 has wires/vias outside die area.
[GRT-0041] Net vssd1 has wires/vias outside die area.
[GRT-0041] Net vssd1 has wires/vias outside die area.
[GRT-0041] Net vssd1 has wires/vias outside die area.
[GRT-0041] Net vccd1 has wires/vias outside die area.
[GRT-0041] Net vccd1 has wires/vias outside die area.
[GRT-0041] Net vccd1 has wires/vias outside die area.
[GRT-0041] Net vccd1 has wires/vias outside die area.
[GRT-0041] Net vccd1 has wires/vias outside die area.
[GRT-0041] Net vccd1 has wires/vias outside die area.
[GRT-0041] Net vccd1 has wires/vias outside die area.
[GRT-0041] Net vccd1 has wires/vias outside die area.
[GRT-0041] Net vccd1 has wires/vias outside die area.
[GRT-0041] Net vccd1 has wires/vias outside die area.
[GRT-0041] Net vccd1 has wires/vias outside die area.
[GRT-0041] Net vccd1 has wires/vias outside die area.
[GRT-0041] Net vccd1 has wires/vias outside die area.
[GRT-0041] Net vccd1 has wires/vias outside die area.
[GRT-0041] Net vccd1 has wires/vias outside die area.
[GRT-0041] Net vccd1 has wires/vias outside die area.
[GRT-0041] Net vccd1 has wires/vias outside die area.
[GRT-0041] Net vccd1 has wires/vias outside die area.
[GRT-0041] Net vccd1 has wires/vias outside die area.
[GRT-0041] Net vccd1 has wires/vias outside die area.
[GRT-0041] Net vccd1 has wires/vias outside die area.
[GRT-0041] Net vccd1 has wires/vias outside die area.
[GRT-0041] Net vccd1 has wires/vias outside die area.
[GRT-0041] Net vccd1 has wires/vias outside die area.
[GRT-0041] Net vccd1 has wires/vias outside die area.
[GRT-0041] Net vccd1 has wires/vias outside die area.
[GRT-0041] Net vccd1 has wires/vias outside die area.
[GRT-0041] Net vccd1 has wires/vias outside die area.
[GRT-0041] Net vccd1 has wires/vias outside die area.
[GRT-0041] Net vccd1 has wires/vias outside die area.
[GRT-0041] Net vccd1 has wires/vias outside die area.
[GRT-0041] Net vccd1 has wires/vias outside die area.
[GRT-0041] Net vccd1 has wires/vias outside die area.
[GRT-0041] Net vccd1 has wires/vias outside die area.
[GRT-0041] Net vccd1 has wires/vias outside die area.
[GRT-0041] Net vccd1 has wires/vias outside die area.
[GRT-0041] Net vccd1 has wires/vias outside die area.
[GRT-0041] Net vccd1 has wires/vias outside die area.
[GRT-0041] Net vccd1 has wires/vias outside die area.
[GRT-0041] Net vccd1 has wires/vias outside die area.
[GRT-0041] Net vccd1 has wires/vias outside die area.
[GRT-0041] Net vccd1 has wires/vias outside die area.
[GRT-0041] Net vccd1 has wires/vias outside die area.
[GRT-0041] Net vccd1 has wires/vias outside die area.
[GRT-0041] Net vccd1 has wires/vias outside die area.
[GRT-0041] Net vccd1 has wires/vias outside die area.
[GRT-0041] Net vccd1 has wires/vias outside die area.
[GRT-0041] Net vccd1 has wires/vias outside die area.
[GRT-0041] Net vccd1 has wires/vias outside die area.
[GRT-0041] Net vccd1 has wires/vias outside die area.
[GRT-0041] Net vccd1 has wires/vias outside die area.
[GRT-0041] Net vccd1 has wires/vias outside die area.
[GRT-0041] Net vccd1 has wires/vias outside die area.
[GRT-0041] Net vccd1 has wires/vias outside die area.
[GRT-0041] Net vccd1 has wires/vias outside die area.
[GRT-0041] Net vccd1 has wires/vias outside die area.
[GRT-0041] Net vccd1 has wires/vias outside die area.
[GRT-0041] Net vccd1 has wires/vias outside die area.
[GRT-0041] Net vccd1 has wires/vias outside die area.
[GRT-0041] Net vccd1 has wires/vias outside die area.
[GRT-0041] Net vccd1 has wires/vias outside die area.
[GRT-0041] Net vccd1 has wires/vias outside die area.
[GRT-0041] Net vccd1 has wires/vias outside die area.
[GRT-0041] Net vccd1 has wires/vias outside die area.
[GRT-0041] Net vccd1 has wires/vias outside die area.
[GRT-0041] Net vccd1 has wires/vias outside die area.
[GRT-0041] Net vssd1 has wires/vias outside die area.
[GRT-0041] Net vssd1 has wires/vias outside die area.
[GRT-0041] Net vssd1 has wires/vias outside die area.
[GRT-0041] Net vssd1 has wires/vias outside die area.
[GRT-0041] Net vssd1 has wires/vias outside die area.
[GRT-0041] Net vssd1 has wires/vias outside die area.
[GRT-0041] Net vssd1 has wires/vias outside die area.
[GRT-0041] Net vssd1 has wires/vias outside die area.
[GRT-0041] Net vssd1 has wires/vias outside die area.
[GRT-0041] Net vssd1 has wires/vias outside die area.
[GRT-0041] Net vssd1 has wires/vias outside die area.
[GRT-0041] Net vssd1 has wires/vias outside die area.
[GRT-0041] Net vssd1 has wires/vias outside die area.
[GRT-0041] Net vssd1 has wires/vias outside die area.
[GRT-0041] Net vssd1 has wires/vias outside die area.
[GRT-0041] Net vssd1 has wires/vias outside die area.
[GRT-0041] Net vssd1 has wires/vias outside die area.
[GRT-0041] Net vssd1 has wires/vias outside die area.
[GRT-0041] Net vssd1 has wires/vias outside die area.
[GRT-0041] Net vssd1 has wires/vias outside die area.
[GRT-0041] Net vssd1 has wires/vias outside die area.
[GRT-0041] Net vssd1 has wires/vias outside die area.
[GRT-0041] Net vssd1 has wires/vias outside die area.
[GRT-0041] Net vssd1 has wires/vias outside die area.
[GRT-0041] Net vssd1 has wires/vias outside die area.
[GRT-0041] Net vssd1 has wires/vias outside die area.
[GRT-0041] Net vssd1 has wires/vias outside die area.
[GRT-0041] Net vssd1 has wires/vias outside die area.
[GRT-0041] Net vssd1 has wires/vias outside die area.
[GRT-0041] Net vssd1 has wires/vias outside die area.
[GRT-0041] Net vssd1 has wires/vias outside die area.
[GRT-0041] Net vssd1 has wires/vias outside die area.
[GRT-0041] Net vssd1 has wires/vias outside die area.
[GRT-0041] Net vssd1 has wires/vias outside die area.
[GRT-0041] Net vssd1 has wires/vias outside die area.
[GRT-0041] Net vssd1 has wires/vias outside die area.
[GRT-0041] Net vssd1 has wires/vias outside die area.
[GRT-0041] Net vssd1 has wires/vias outside die area.
[GRT-0041] Net vssd1 has wires/vias outside die area.
[GRT-0041] Net vssd1 has wires/vias outside die area.
[GRT-0041] Net vssd1 has wires/vias outside die area.
[GRT-0041] Net vssd1 has wires/vias outside die area.
[GRT-0041] Net vssd1 has wires/vias outside die area.
[GRT-0041] Net vssd1 has wires/vias outside die area.
[GRT-0041] Net vssd1 has wires/vias outside die area.
[GRT-0041] Net vssd1 has wires/vias outside die area.
[GRT-0041] Net vssd1 has wires/vias outside die area.
[GRT-0041] Net vssd1 has wires/vias outside die area.
[GRT-0041] Net vssd1 has wires/vias outside die area.
[GRT-0041] Net vssd1 has wires/vias outside die area.
[GRT-0041] Net vssd1 has wires/vias outside die area.
[GRT-0041] Net vssd1 has wires/vias outside die area.
[GRT-0041] Net vssd1 has wires/vias outside die area.
[GRT-0041] Net vssd1 has wires/vias outside die area.
[GRT-0041] Net vssd1 has wires/vias outside die area.
[GRT-0041] Net vssd1 has wires/vias outside die area.
[GRT-0041] Net vssd1 has wires/vias outside die area.
[GRT-0041] Net vssd1 has wires/vias outside die area.
[GRT-0041] Net vssd1 has wires/vias outside die area.
[GRT-0041] Net vssd1 has wires/vias outside die area.
[GRT-0041] Net vssd1 has wires/vias outside die area.
[GRT-0041] Net vssd1 has wires/vias outside die area.
[GRT-0041] Net vssd1 has wires/vias outside die area.
[GRT-0041] Net vssd1 has wires/vias outside die area.
[GRT-0041] Net vssd1 has wires/vias outside die area.
[GRT-0041] Net vssd1 has wires/vias outside die area.
[GRT-0041] Net vssd1 has wires/vias outside die area.
[GRT-0041] Net vssd1 has wires/vias outside die area.
[GRT-0041] Net vssd1 has wires/vias outside die area.
[GRT-0041] Net vssd1 has wires/vias outside die area.
[GRT-0041] Net vssd1 has wires/vias outside die area.
[GRT-0041] Net vssd1 has wires/vias outside die area.
[GRT-0041] Net vssd1 has wires/vias outside die area.
[GRT-0041] Net vssd1 has wires/vias outside die area.
[GRT-0041] Net vssd1 has wires/vias outside die area.
[GRT-0041] Net vccd1 has wires/vias outside die area.
[GRT-0041] Net vccd1 has wires/vias outside die area.
[GRT-0041] Net vccd1 has wires/vias outside die area.
[GRT-0041] Net vccd1 has wires/vias outside die area.
[GRT-0041] Net vccd1 has wires/vias outside die area.
[GRT-0041] Net vccd1 has wires/vias outside die area.
[GRT-0041] Net vccd1 has wires/vias outside die area.
[GRT-0041] Net vccd1 has wires/vias outside die area.
[GRT-0041] Net vccd1 has wires/vias outside die area.
[GRT-0041] Net vccd1 has wires/vias outside die area.
[GRT-0041] Net vccd1 has wires/vias outside die area.
[GRT-0041] Net vccd1 has wires/vias outside die area.
[GRT-0041] Net vccd1 has wires/vias outside die area.
[GRT-0041] Net vccd1 has wires/vias outside die area.
[GRT-0041] Net vccd1 has wires/vias outside die area.
[GRT-0041] Net vccd1 has wires/vias outside die area.
[GRT-0041] Net vccd1 has wires/vias outside die area.
[GRT-0041] Net vccd1 has wires/vias outside die area.
[GRT-0041] Net vccd1 has wires/vias outside die area.
[GRT-0041] Net vccd1 has wires/vias outside die area.
[GRT-0041] Net vccd1 has wires/vias outside die area.
[GRT-0041] Net vccd1 has wires/vias outside die area.
[GRT-0041] Net vccd1 has wires/vias outside die area.
[GRT-0041] Net vccd1 has wires/vias outside die area.
[GRT-0041] Net vccd1 has wires/vias outside die area.
[GRT-0041] Net vccd1 has wires/vias outside die area.
[GRT-0041] Net vccd1 has wires/vias outside die area.
[GRT-0041] Net vccd1 has wires/vias outside die area.
[GRT-0041] Net vccd1 has wires/vias outside die area.
[GRT-0041] Net vccd1 has wires/vias outside die area.
[GRT-0041] Net vccd1 has wires/vias outside die area.
[GRT-0041] Net vccd1 has wires/vias outside die area.
[GRT-0041] Net vccd1 has wires/vias outside die area.
[GRT-0041] Net vccd1 has wires/vias outside die area.
[GRT-0041] Net vccd1 has wires/vias outside die area.
[GRT-0041] Net vccd1 has wires/vias outside die area.
[GRT-0041] Net vccd1 has wires/vias outside die area.
[GRT-0041] Net vccd1 has wires/vias outside die area.
[GRT-0041] Net vccd1 has wires/vias outside die area.
[GRT-0041] Net vccd1 has wires/vias outside die area.
[GRT-0041] Net vccd1 has wires/vias outside die area.
[GRT-0041] Net vccd1 has wires/vias outside die area.
[GRT-0041] Net vccd1 has wires/vias outside die area.
[GRT-0041] Net vccd1 has wires/vias outside die area.
[GRT-0041] Net vccd1 has wires/vias outside die area.
[GRT-0041] Net vccd1 has wires/vias outside die area.
[GRT-0041] Net vccd1 has wires/vias outside die area.
[GRT-0041] Net vccd1 has wires/vias outside die area.
[GRT-0041] Net vccd1 has wires/vias outside die area.
[GRT-0041] Net vccd1 has wires/vias outside die area.
[GRT-0041] Net vccd1 has wires/vias outside die area.
[GRT-0041] Net vccd1 has wires/vias outside die area.
[GRT-0041] Net vccd1 has wires/vias outside die area.
[GRT-0041] Net vccd1 has wires/vias outside die area.
[GRT-0041] Net vccd1 has wires/vias outside die area.
[GRT-0041] Net vccd1 has wires/vias outside die area.
[GRT-0041] Net vccd1 has wires/vias outside die area.
[GRT-0041] Net vccd1 has wires/vias outside die area.
[GRT-0041] Net vccd1 has wires/vias outside die area.
[GRT-0041] Net vccd1 has wires/vias outside die area.
[GRT-0041] Net vccd1 has wires/vias outside die area.
[GRT-0041] Net vccd1 has wires/vias outside die area.
[GRT-0041] Net vccd1 has wires/vias outside die area.
[GRT-0041] Net vccd1 has wires/vias outside die area.
[GRT-0041] Net vccd1 has wires/vias outside die area.
[GRT-0041] Net vccd1 has wires/vias outside die area.
[GRT-0041] Net vssd1 has wires/vias outside die area.
[GRT-0041] Net vssd1 has wires/vias outside die area.
[GRT-0041] Net vssd1 has wires/vias outside die area.
[GRT-0041] Net vssd1 has wires/vias outside die area.
[GRT-0041] Net vssd1 has wires/vias outside die area.
[GRT-0041] Net vssd1 has wires/vias outside die area.
[GRT-0041] Net vssd1 has wires/vias outside die area.
[GRT-0041] Net vssd1 has wires/vias outside die area.
[GRT-0041] Net vssd1 has wires/vias outside die area.
[GRT-0041] Net vssd1 has wires/vias outside die area.
[GRT-0041] Net vssd1 has wires/vias outside die area.
[GRT-0041] Net vssd1 has wires/vias outside die area.
[GRT-0041] Net vssd1 has wires/vias outside die area.
[GRT-0041] Net vssd1 has wires/vias outside die area.
[GRT-0041] Net vssd1 has wires/vias outside die area.
[GRT-0041] Net vssd1 has wires/vias outside die area.
[GRT-0041] Net vssd1 has wires/vias outside die area.
[GRT-0041] Net vssd1 has wires/vias outside die area.
[GRT-0041] Net vssd1 has wires/vias outside die area.
[GRT-0041] Net vssd1 has wires/vias outside die area.
[GRT-0041] Net vssd1 has wires/vias outside die area.
[GRT-0041] Net vssd1 has wires/vias outside die area.
[GRT-0041] Net vssd1 has wires/vias outside die area.
[GRT-0041] Net vssd1 has wires/vias outside die area.
[GRT-0041] Net vssd1 has wires/vias outside die area.
[GRT-0041] Net vssd1 has wires/vias outside die area.
[GRT-0041] Net vssd1 has wires/vias outside die area.
[GRT-0041] Net vssd1 has wires/vias outside die area.
[GRT-0041] Net vssd1 has wires/vias outside die area.
[GRT-0041] Net vssd1 has wires/vias outside die area.
[GRT-0041] Net vssd1 has wires/vias outside die area.
[GRT-0041] Net vssd1 has wires/vias outside die area.
[GRT-0041] Net vssd1 has wires/vias outside die area.
[GRT-0041] Net vssd1 has wires/vias outside die area.
[GRT-0041] Net vssd1 has wires/vias outside die area.
[GRT-0041] Net vssd1 has wires/vias outside die area.
[GRT-0041] Net vssd1 has wires/vias outside die area.
[GRT-0041] Net vssd1 has wires/vias outside die area.
[GRT-0041] Net vssd1 has wires/vias outside die area.
[GRT-0041] Net vssd1 has wires/vias outside die area.
[GRT-0041] Net vssd1 has wires/vias outside die area.
[GRT-0041] Net vssd1 has wires/vias outside die area.
[GRT-0041] Net vssd1 has wires/vias outside die area.
[GRT-0041] Net vssd1 has wires/vias outside die area.
[GRT-0041] Net vssd1 has wires/vias outside die area.
[GRT-0041] Net vssd1 has wires/vias outside die area.
[GRT-0041] Net vssd1 has wires/vias outside die area.
[GRT-0041] Net vssd1 has wires/vias outside die area.
[GRT-0041] Net vssd1 has wires/vias outside die area.
[GRT-0041] Net vssd1 has wires/vias outside die area.
[GRT-0041] Net vssd1 has wires/vias outside die area.
[GRT-0041] Net vssd1 has wires/vias outside die area.
[GRT-0041] Net vssd1 has wires/vias outside die area.
[GRT-0041] Net vssd1 has wires/vias outside die area.
[GRT-0041] Net vssd1 has wires/vias outside die area.
[GRT-0041] Net vssd1 has wires/vias outside die area.
[GRT-0041] Net vssd1 has wires/vias outside die area.
[GRT-0041] Net vssd1 has wires/vias outside die area.
[GRT-0041] Net vssd1 has wires/vias outside die area.
[GRT-0041] Net vssd1 has wires/vias outside die area.
[GRT-0041] Net vssd1 has wires/vias outside die area.
[GRT-0041] Net vssd1 has wires/vias outside die area.
[GRT-0041] Net vssd1 has wires/vias outside die area.
[GRT-0041] Net vssd1 has wires/vias outside die area.
[GRT-0041] Net vssd1 has wires/vias outside die area.
[GRT-0041] Net vssd1 has wires/vias outside die area.
[GRT-0041] Net vssd1 has wires/vias outside die area.
[GRT-0041] Net vssd1 has wires/vias outside die area.
[GRT-0041] Net vssd1 has wires/vias outside die area.
[GRT-0041] Net vssd1 has wires/vias outside die area.
[GRT-0041] Net vssd1 has wires/vias outside die area.
[GRT-0041] Net vssd1 has wires/vias outside die area.
[GRT-0041] Net vssd1 has wires/vias outside die area.
[GRT-0041] Net vssd1 has wires/vias outside die area.
[GRT-0041] Net vssd1 has wires/vias outside die area.
[DRT-0349] LEF58_ENCLOSURE with no CUTCLASS is not supported. Skipping for layer mcon
[DRT-0349] LEF58_ENCLOSURE with no CUTCLASS is not supported. Skipping for layer mcon
[DRT-0349] LEF58_ENCLOSURE with no CUTCLASS is not supported. Skipping for layer via
[DRT-0349] LEF58_ENCLOSURE with no CUTCLASS is not supported. Skipping for layer via
[DRT-0349] LEF58_ENCLOSURE with no CUTCLASS is not supported. Skipping for layer via2
[DRT-0349] LEF58_ENCLOSURE with no CUTCLASS is not supported. Skipping for layer via2
[DRT-0349] LEF58_ENCLOSURE with no CUTCLASS is not supported. Skipping for layer via3
[DRT-0349] LEF58_ENCLOSURE with no CUTCLASS is not supported. Skipping for layer via3
[DRT-0349] LEF58_ENCLOSURE with no CUTCLASS is not supported. Skipping for layer via4
[DRT-0349] LEF58_ENCLOSURE with no CUTCLASS is not supported. Skipping for layer via4
[DRT-0120] Large net net5 has 129 pins which may impact routing performance. Consider optimization.
[DRT-0120] Large net net6 has 118 pins which may impact routing performance. Consider optimization.
[DRT-0120] Large net net7 has 125 pins which may impact routing performance. Consider optimization.
[DRT-0120] Large net net9 has 102 pins which may impact routing performance. Consider optimization.
[DRT-0120] Large net net11 has 132 pins which may impact routing performance. Consider optimization.
[DRT-0120] Large net net13 has 114 pins which may impact routing performance. Consider optimization.
[DRT-0120] Large net net14 has 131 pins which may impact routing performance. Consider optimization.
[DRT-0120] Large net net15 has 105 pins which may impact routing performance. Consider optimization.
[DRT-0120] Large net net16 has 119 pins which may impact routing performance. Consider optimization.
[DRT-0120] Large net net19 has 146 pins which may impact routing performance. Consider optimization.
[DRT-0120] Large net net20 has 116 pins which may impact routing performance. Consider optimization.
[DRT-0120] Large net net23 has 152 pins which may impact routing performance. Consider optimization.
[DRT-0120] Large net net25 has 116 pins which may impact routing performance. Consider optimization.
[DRT-0120] Large net net26 has 113 pins which may impact routing performance. Consider optimization.
[DRT-0120] Large net net28 has 128 pins which may impact routing performance. Consider optimization.
[DRT-0120] Large net net29 has 258 pins which may impact routing performance. Consider optimization.
[DRT-0120] Large net net32 has 132 pins which may impact routing performance. Consider optimization.
[DRT-0120] Large net net33 has 118 pins which may impact routing performance. Consider optimization.
[DRT-0120] Large net net85 has 106 pins which may impact routing performance. Consider optimization.
[DRT-0120] Large net net86 has 106 pins which may impact routing performance. Consider optimization.
[DRT-0120] Large net net87 has 120 pins which may impact routing performance. Consider optimization.
[DRT-0120] Large net net89 has 124 pins which may impact routing performance. Consider optimization.
[DRT-0120] Large net net92 has 106 pins which may impact routing performance. Consider optimization.
[DRT-0120] Large net net96 has 125 pins which may impact routing performance. Consider optimization.
[DRT-0120] Large net net100 has 105 pins which may impact routing performance. Consider optimization.
[DRT-0120] Large net net233 has 160 pins which may impact routing performance. Consider optimization.
[DRT-0120] Large net net234 has 107 pins which may impact routing performance. Consider optimization.
[DRT-0120] Large net net235 has 157 pins which may impact routing performance. Consider optimization.
[DRT-0120] Large net net236 has 134 pins which may impact routing performance. Consider optimization.
[DRT-0120] Large net net237 has 144 pins which may impact routing performance. Consider optimization.
[DRT-0120] Large net net238 has 132 pins which may impact routing performance. Consider optimization.
[DRT-0120] Large net net240 has 167 pins which may impact routing performance. Consider optimization.
[DRT-0120] Large net net242 has 112 pins which may impact routing performance. Consider optimization.
[DRT-0120] Large net net243 has 129 pins which may impact routing performance. Consider optimization.
[DRT-0120] Large net net244 has 131 pins which may impact routing performance. Consider optimization.
[DRT-0120] Large net net245 has 141 pins which may impact routing performance. Consider optimization.
[DRT-0120] Large net net246 has 131 pins which may impact routing performance. Consider optimization.
[DRT-0120] Large net net251 has 132 pins which may impact routing performance. Consider optimization.
[DRT-0120] Large net net254 has 153 pins which may impact routing performance. Consider optimization.
[DRT-0120] Large net net255 has 145 pins which may impact routing performance. Consider optimization.
[DRT-0120] Large net net258 has 107 pins which may impact routing performance. Consider optimization.
[DRT-0120] Large net net260 has 167 pins which may impact routing performance. Consider optimization.
[DRT-0120] Large net net262 has 103 pins which may impact routing performance. Consider optimization.
[DRT-0120] Large net net263 has 143 pins which may impact routing performance. Consider optimization.
[DRT-0120] Large net net264 has 113 pins which may impact routing performance. Consider optimization.
[DRT-0120] Large net net266 has 157 pins which may impact routing performance. Consider optimization.
[DRT-0120] Large net net268 has 106 pins which may impact routing performance. Consider optimization.
[DRT-0120] Large net net269 has 140 pins which may impact routing performance. Consider optimization.
[DRT-0120] Large net net270 has 156 pins which may impact routing performance. Consider optimization.
[DRT-0120] Large net net271 has 133 pins which may impact routing performance. Consider optimization.
[DRT-0120] Large net net272 has 145 pins which may impact routing performance. Consider optimization.
[DRT-0120] Large net net273 has 103 pins which may impact routing performance. Consider optimization.
[DRT-0120] Large net net275 has 131 pins which may impact routing performance. Consider optimization.
[DRT-0120] Large net net276 has 119 pins which may impact routing performance. Consider optimization.
[DRT-0120] Large net net277 has 146 pins which may impact routing performance. Consider optimization.
Threshold for Threshold-surpassing long wires is not set. The checker will be skipped.
'VSRC_LOC_FILES' was not given a value, which may make the results of IR drop analysis inaccurate. If you are not integrating a top-level chip for manufacture, you may ignore this warning, otherwise, see the documentation for 'VSRC_LOC_FILES'.
Setup violations found in the following corners:
* max_ss_100C_1v60
* min_ss_100C_1v60
* nom_ss_100C_1v60
Max Slew violations found in the following corners:
* max_ff_n40C_1v95
* max_ss_100C_1v60
* max_tt_025C_1v80
* min_ff_n40C_1v95
* min_ss_100C_1v60
* min_tt_025C_1v80
* nom_ff_n40C_1v95
* nom_ss_100C_1v60
* nom_tt_025C_1v80
Max Cap violations found in the following corners:
* max_ff_n40C_1v95
* max_ss_100C_1v60
* max_tt_025C_1v80
* min_ff_n40C_1v95
* min_ss_100C_1v60
* min_tt_025C_1v80
* nom_ff_n40C_1v95
* nom_ss_100C_1v60
* nom_tt_025C_1v80
