┏━━━━━━━┳━━━━━━━━━┳━━━━━━━━━━┳━━━━━━━━━┳━━━━━━━━━━━━┳━━━━━━━┓
┃ P / R ┃ Partial ┃ Required ┃ Net     ┃ Pin        ┃ Layer ┃
┡━━━━━━━╇━━━━━━━━━╇━━━━━━━━━━╇━━━━━━━━━╇━━━━━━━━━━━━╇━━━━━━━┩
│ 4.62  │ 1848.17 │ 400.00   │ net244  │ _25114_/A1 │ met1  │
│ 3.66  │ 1462.94 │ 400.00   │ net240  │ _18794_/A0 │ met1  │
│ 3.63  │ 1451.28 │ 400.00   │ _09018_ │ _19627_/A3 │ met3  │
│ 2.48  │ 992.11  │ 400.00   │ net236  │ _16989_/A0 │ met1  │
│ 2.15  │ 860.97  │ 400.00   │ net23   │ _17235_/A1 │ met1  │
│ 2.12  │ 848.94  │ 400.00   │ net25   │ _15814_/A1 │ met1  │
│ 2.02  │ 807.28  │ 400.00   │ net23   │ _17400_/A0 │ met1  │
│ 1.93  │ 770.94  │ 400.00   │ net244  │ _16556_/A1 │ met1  │
│ 1.91  │ 764.61  │ 400.00   │ net238  │ _17383_/A0 │ met1  │
│ 1.91  │ 763.08  │ 400.00   │ net32   │ _18434_/A1 │ met1  │
│ 1.91  │ 762.06  │ 400.00   │ net246  │ _15857_/A1 │ met1  │
│ 1.88  │ 752.17  │ 400.00   │ net15   │ _18561_/A1 │ met1  │
│ 1.87  │ 749.89  │ 400.00   │ net267  │ _16602_/A0 │ met1  │
│ 1.86  │ 745.56  │ 400.00   │ net268  │ _15343_/A0 │ met1  │
│ 1.86  │ 742.28  │ 400.00   │ net29   │ _14573_/A1 │ met1  │
│ 1.72  │ 686.64  │ 400.00   │ net20   │ _14594_/A1 │ met1  │
│ 1.66  │ 663.06  │ 400.00   │ net259  │ _26385_/A1 │ met1  │
│ 1.61  │ 644.39  │ 400.00   │ net29   │ _25736_/A0 │ met1  │
│ 1.58  │ 633.78  │ 400.00   │ net33   │ _15825_/A0 │ met1  │
│ 1.58  │ 4395.30 │ 2778.20  │ _11613_ │ _22237_/C  │ met4  │
│ 1.58  │ 630.28  │ 400.00   │ net233  │ _25219_/A0 │ met1  │
│ 1.57  │ 627.72  │ 400.00   │ net241  │ _18371_/A0 │ met1  │
│ 1.57  │ 626.61  │ 400.00   │ net273  │ _16598_/A0 │ met1  │
│ 1.54  │ 615.11  │ 400.00   │ net20   │ _16172_/A1 │ met1  │
│ 1.50  │ 599.83  │ 400.00   │ net250  │ _18102_/A1 │ met1  │
│ 1.49  │ 4127.62 │ 2778.20  │ _13689_ │ _24327_/B  │ met4  │
│ 1.48  │ 590.64  │ 400.00   │ net271  │ _16600_/A0 │ met1  │
│ 1.47  │ 586.25  │ 400.00   │ net252  │ _14813_/A1 │ met1  │
│ 1.46  │ 4058.54 │ 2778.20  │ _10055_ │ _20670_/C  │ met4  │
│ 1.38  │ 552.94  │ 400.00   │ net244  │ _25971_/A1 │ met1  │
│ 1.34  │ 535.17  │ 400.00   │ net27   │ _17601_/A0 │ met1  │
│ 1.29  │ 516.72  │ 400.00   │ net21   │ _25890_/A1 │ met1  │
│ 1.29  │ 516.61  │ 400.00   │ net9    │ _18574_/A1 │ met1  │
│ 1.28  │ 510.44  │ 400.00   │ net249  │ _15987_/A0 │ met1  │
│ 1.27  │ 509.11  │ 400.00   │ net27   │ _25928_/A1 │ met1  │
│ 1.27  │ 3514.54 │ 2778.20  │ _11957_ │ _22585_/B  │ met4  │
│ 1.26  │ 502.06  │ 400.00   │ net250  │ _17542_/A1 │ met1  │
│ 1.25  │ 501.50  │ 400.00   │ net277  │ _17784_/A0 │ met1  │
│ 1.23  │ 491.83  │ 400.00   │ net255  │ _16012_/A0 │ met1  │
│ 1.22  │ 486.06  │ 400.00   │ net245  │ _16885_/A0 │ met1  │
│ 1.20  │ 478.90  │ 400.00   │ _11736_ │ _22411_/A2 │ met1  │
│ 1.19  │ 474.42  │ 400.00   │ net5    │ _25644_/A1 │ met1  │
│ 1.19  │ 474.28  │ 400.00   │ net244  │ _18238_/A1 │ met1  │
│ 1.18  │ 470.61  │ 400.00   │ net264  │ _15444_/A0 │ met1  │
│ 1.15  │ 459.22  │ 400.00   │ net234  │ _16957_/A1 │ met1  │
│ 1.13  │ 3134.60 │ 2778.20  │ _14036_ │ _24674_/C  │ met4  │
│ 1.12  │ 448.54  │ 400.00   │ net266  │ _16437_/A0 │ met1  │
│ 1.12  │ 448.54  │ 400.00   │ net266  │ _17725_/A1 │ met1  │
│ 1.11  │ 444.56  │ 400.00   │ net243  │ _28083_/A1 │ met1  │
│ 1.10  │ 440.53  │ 400.00   │ net234  │ _25416_/A1 │ met1  │
│ 1.10  │ 440.06  │ 400.00   │ net259  │ _14563_/A1 │ met1  │
│ 1.09  │ 435.11  │ 400.00   │ net245  │ _16522_/A1 │ met1  │
│ 1.08  │ 433.72  │ 400.00   │ net237  │ _17780_/A0 │ met1  │
│ 1.08  │ 431.11  │ 400.00   │ net271  │ _17194_/A0 │ met1  │
│ 1.08  │ 430.86  │ 400.00   │ net12   │ _17324_/A1 │ met1  │
│ 1.08  │ 430.56  │ 400.00   │ net263  │ _14322_/A0 │ met1  │
│ 1.07  │ 428.42  │ 400.00   │ net6    │ _17845_/A0 │ met1  │
│ 1.07  │ 427.44  │ 400.00   │ net273  │ _27894_/A1 │ met1  │
│ 1.07  │ 427.28  │ 400.00   │ net263  │ _25889_/A1 │ met1  │
│ 1.07  │ 426.06  │ 400.00   │ net244  │ _25741_/A0 │ met1  │
│ 1.06  │ 424.00  │ 400.00   │ net29   │ _15424_/A0 │ met1  │
│ 1.06  │ 424.00  │ 400.00   │ net29   │ _15524_/A1 │ met1  │
│ 1.05  │ 420.33  │ 400.00   │ net270  │ _16681_/A1 │ met1  │
│ 1.05  │ 419.11  │ 400.00   │ net7    │ _17187_/A0 │ met1  │
│ 1.05  │ 3381.92 │ 3236.16  │ net18   │ _18816_/A0 │ met1  │
│ 1.04  │ 417.78  │ 400.00   │ net241  │ _16524_/A1 │ met1  │
│ 1.04  │ 417.72  │ 400.00   │ net7    │ _25217_/A0 │ met1  │
│ 1.03  │ 411.33  │ 400.00   │ net16   │ _15871_/A1 │ met1  │
│ 1.03  │ 410.11  │ 400.00   │ net276  │ _15701_/A1 │ met1  │
│ 1.02  │ 407.42  │ 400.00   │ net272  │ _16266_/A1 │ met1  │
│ 1.02  │ 406.33  │ 400.00   │ net24   │ _16310_/A1 │ met1  │
│ 1.01  │ 404.63  │ 400.00   │ _10004_ │ _20666_/A2 │ met1  │
│ 1.00  │ 401.22  │ 400.00   │ net13   │ _27862_/A0 │ met1  │
│ 1.00  │ 400.39  │ 400.00   │ net245  │ _17182_/A0 │ met1  │
└───────┴─────────┴──────────┴─────────┴────────────┴───────┘
