Clock: wclk
Sources: wclk 
Generated: no
Virtual: no
Propagated: no
Period: 10.000000

===========================================================================
report_clock_properties
============================================================================
Clock                   Period          Waveform
----------------------------------------------------
wclk                 10.000000    0.000000  5.000000

===========================================================================
report_clock_latency
============================================================================
Clock wclk
rise -> rise
    min     max
0.000000 0.000000 source latency
22.333466         network latency _28330_/CLK
        22.333466 network latency _28330_/CLK
---------------
22.333466 22.333466 latency
        0.000000 skew

fall -> fall
    min     max
0.000000 0.000000 source latency
10.166361         network latency _28330_/CLK
        10.166361 network latency _28330_/CLK
---------------
10.166361 10.166361 latency
        0.000000 skew



===========================================================================
report_clock_min_period
============================================================================
wclk period_min = 39.83 fmax = 25.11
Clock: rclk
Sources: rclk 
Generated: no
Virtual: no
Propagated: no
Period: 25.000000

===========================================================================
report_clock_properties
============================================================================
Clock                   Period          Waveform
----------------------------------------------------
rclk                 25.000000    0.000000 12.500000

===========================================================================
report_clock_latency
============================================================================
Clock rclk
rise -> rise
    min     max
0.000000 0.000000 source latency
0.173804         network latency _31601_/CLK
        0.173804 network latency _31601_/CLK
---------------
0.173804 0.173804 latency
        0.000000 skew

fall -> fall
    min     max
0.000000 0.000000 source latency
0.076292         network latency _31601_/CLK
        0.076292 network latency _31601_/CLK
---------------
0.076292 0.076292 latency
        0.000000 skew



===========================================================================
report_clock_min_period
============================================================================
rclk period_min = 81.90 fmax = 12.21
