
===========================================================================
 report_power
============================================================================
======================= min_ss_100C_1v60 Corner ===================================

Group                    Internal    Switching      Leakage        Total
                            Power        Power        Power        Power (Watts)
------------------------------------------------------------------------
Sequential           3.970860e-02 5.276881e-03 1.201570e-04 4.510564e-02  43.5%
Combinational        1.953205e-02 2.229481e-02 1.115675e-04 4.193843e-02  40.4%
Clock                7.465603e-03 9.287028e-03 1.254521e-05 1.676518e-02  16.1%
Macro                0.000000e+00 0.000000e+00 0.000000e+00 0.000000e+00   0.0%
Pad                  0.000000e+00 0.000000e+00 0.000000e+00 0.000000e+00   0.0%
------------------------------------------------------------------------
Total                6.670625e-02 3.685866e-02 2.442756e-04 1.038092e-01 100.0%
                            64.3%        35.5%         0.2%

