
===========================================================================
report_checks -unconstrained
===========================================================================
======================= min_ss_100C_1v60 Corner ===================================

Startpoint: wrst_n (input port clocked by wclk)
Endpoint: _33246_ (recovery check against rising-edge clock wclk)
Path Group: asynchronous
Path Type: max

Fanout         Cap        Slew       Delay        Time   Description
---------------------------------------------------------------------------------------------
                                  0.000000    0.000000   clock wclk (rise edge)
                                  0.000000    0.000000   clock network delay (propagated)
                                  2.000000    2.000000 ^ input external delay
     1    0.002706    0.024421    0.005600    2.005600 ^ wrst_n (in)
                                                         wrst_n (net)
                      0.024421    0.000000    2.005600 ^ hold1/A (sky130_fd_sc_hd__dlygate4sd3_1)
     1    0.009940    0.188448    1.111738    3.117338 ^ hold1/X (sky130_fd_sc_hd__dlygate4sd3_1)
                                                         net278 (net)
                      0.188448    0.000103    3.117441 ^ input37/A (sky130_fd_sc_hd__buf_12)
    28    0.214523    0.387590    0.406193    3.523634 ^ input37/X (sky130_fd_sc_hd__buf_12)
                                                         net37 (net)
                      0.420474    0.086273    3.609907 ^ _33246_/RESET_B (sky130_fd_sc_hd__dfrtp_4)
                                              3.609907   data arrival time

                                 10.000000   10.000000   clock wclk (rise edge)
                                  0.000000   10.000000   clock source latency
     2    0.126366    0.297457    0.211656   10.211656 ^ wclk (in)
                                                         wclk (net)
                      0.298710    0.000000   10.211656 ^ clkbuf_0_wclk/A (sky130_fd_sc_hd__clkbuf_16)
     4    0.094159    0.169357    0.407419   10.619075 ^ clkbuf_0_wclk/X (sky130_fd_sc_hd__clkbuf_16)
                                                         clknet_0_wclk (net)
                      0.169877    0.006623   10.625698 ^ clkbuf_2_1_0_wclk/A (sky130_fd_sc_hd__clkbuf_8)
     4    0.081502    0.232021    0.396064   11.021762 ^ clkbuf_2_1_0_wclk/X (sky130_fd_sc_hd__clkbuf_8)
                                                         clknet_2_1_0_wclk (net)
                      0.232582    0.008369   11.030131 ^ clkbuf_4_4_0_wclk/A (sky130_fd_sc_hd__clkbuf_8)
     4    0.073536    0.211414    0.412945   11.443076 ^ clkbuf_4_4_0_wclk/X (sky130_fd_sc_hd__clkbuf_8)
                                                         clknet_4_4_0_wclk (net)
                      0.211475    0.003459   11.446535 ^ clkbuf_6_18__f_wclk/A (sky130_fd_sc_hd__clkbuf_16)
    11    0.090147    0.162462    0.369395   11.815930 ^ clkbuf_6_18__f_wclk/X (sky130_fd_sc_hd__clkbuf_16)
                                                         clknet_6_18__leaf_wclk (net)
                      0.162490    0.002150   11.818080 ^ clkbuf_leaf_469_wclk/A (sky130_fd_sc_hd__clkbuf_8)
     9    0.037013    0.122615    0.314745   12.132825 ^ clkbuf_leaf_469_wclk/X (sky130_fd_sc_hd__clkbuf_8)
                                                         clknet_leaf_469_wclk (net)
                      0.122615    0.000364   12.133189 ^ _33246_/CLK (sky130_fd_sc_hd__dfrtp_4)
                                  0.000000   12.133189   clock reconvergence pessimism
                                  0.297764   12.430954   library recovery time
                                             12.430954   data required time
---------------------------------------------------------------------------------------------
                                             12.430954   data required time
                                             -3.609907   data arrival time
---------------------------------------------------------------------------------------------
                                              8.821047   slack (MET)


Startpoint: _33237_ (rising edge-triggered flip-flop clocked by rclk)
Endpoint: _33025_ (rising edge-triggered flip-flop clocked by rclk)
Path Group: rclk
Path Type: max

Fanout         Cap        Slew       Delay        Time   Description
---------------------------------------------------------------------------------------------
                                  0.000000    0.000000   clock rclk (rise edge)
                                  0.000000    0.000000   clock source latency
     1    0.067008    0.164998    0.117504    0.117504 ^ rclk (in)
                                                         rclk (net)
                      0.166196    0.000000    0.117504 ^ clkbuf_0_rclk/A (sky130_fd_sc_hd__clkbuf_16)
     8    0.145229    0.239767    0.406845    0.524349 ^ clkbuf_0_rclk/X (sky130_fd_sc_hd__clkbuf_16)
                                                         clknet_0_rclk (net)
                      0.240121    0.006481    0.530830 ^ clkbuf_3_5__f_rclk/A (sky130_fd_sc_hd__clkbuf_16)
    12    0.042980    0.098004    0.330727    0.861557 ^ clkbuf_3_5__f_rclk/X (sky130_fd_sc_hd__clkbuf_16)
                                                         clknet_3_5__leaf_rclk (net)
                      0.098050    0.001008    0.862565 ^ _33237_/CLK (sky130_fd_sc_hd__dfrtp_4)
    41    0.263442    1.144327    1.643901    2.506466 ^ _33237_/Q (sky130_fd_sc_hd__dfrtp_4)
                                                         r_addr[0] (net)
                      1.144327    0.000691    2.507157 ^ max_cap214/A (sky130_fd_sc_hd__buf_12)
    53    0.313310    0.548220    0.832714    3.339872 ^ max_cap214/X (sky130_fd_sc_hd__buf_12)
                                                         net214 (net)
                      0.548233    0.002382    3.342253 ^ max_cap213/A (sky130_fd_sc_hd__buf_12)
    47    0.298124    0.522786    0.674403    4.016656 ^ max_cap213/X (sky130_fd_sc_hd__buf_12)
                                                         net213 (net)
                      0.523113    0.011090    4.027746 ^ max_cap189/A (sky130_fd_sc_hd__buf_12)
    44    0.287229    0.505459    0.648077    4.675823 ^ max_cap189/X (sky130_fd_sc_hd__buf_12)
                                                         net189 (net)
                      0.509499    0.036792    4.712615 ^ max_cap183/A (sky130_fd_sc_hd__buf_12)
    41    0.252020    0.446042    0.604334    5.316950 ^ max_cap183/X (sky130_fd_sc_hd__buf_12)
                                                         net183 (net)
                      0.448669    0.028069    5.345019 ^ max_cap182/A (sky130_fd_sc_hd__buf_12)
    48    0.303466    0.531442    0.649046    5.994064 ^ max_cap182/X (sky130_fd_sc_hd__buf_12)
                                                         net182 (net)
                      0.532976    0.023610    6.017675 ^ max_cap181/A (sky130_fd_sc_hd__buf_12)
    48    0.301702    0.528991    0.672281    6.689956 ^ max_cap181/X (sky130_fd_sc_hd__buf_12)
                                                         net181 (net)
                      0.532195    0.033626    6.723582 ^ max_cap180/A (sky130_fd_sc_hd__buf_12)
    47    0.303460    0.532251    0.671710    7.395292 ^ max_cap180/X (sky130_fd_sc_hd__buf_12)
                                                         net180 (net)
                      0.535731    0.035151    7.430443 ^ _21341_/S0 (sky130_fd_sc_hd__mux4_1)
     1    0.004187    0.172541    1.406163    8.836606 v _21341_/X (sky130_fd_sc_hd__mux4_1)
                                                         _10723_ (net)
                      0.172541    0.000048    8.836655 v _21342_/A1 (sky130_fd_sc_hd__mux2_1)
     1    0.004517    0.130161    0.719316    9.555970 v _21342_/X (sky130_fd_sc_hd__mux2_1)
                                                         _10724_ (net)
                      0.130161    0.000081    9.556051 v _21343_/B1 (sky130_fd_sc_hd__o221a_1)
     2    0.022605    0.252871    0.630435   10.186486 v _21343_/X (sky130_fd_sc_hd__o221a_1)
                                                         _10725_ (net)
                      0.252876    0.001534   10.188021 v _21365_/A3 (sky130_fd_sc_hd__o311a_2)
    12    0.068469    0.349488    1.011533   11.199553 v _21365_/X (sky130_fd_sc_hd__o311a_2)
                                                         _10747_ (net)
                      0.350162    0.013487   11.213040 v _21366_/C (sky130_fd_sc_hd__or3_2)
     1    0.033880    0.321103    1.320185   12.533225 v _21366_/X (sky130_fd_sc_hd__or3_2)
                                                         _10748_ (net)
                      0.321147    0.003879   12.537105 v _21367_/A3 (sky130_fd_sc_hd__a32o_1)
     1    0.002345    0.072593    0.558879   13.095984 v _21367_/X (sky130_fd_sc_hd__a32o_1)
                                                         _04659_ (net)
                      0.072593    0.000021   13.096004 v _33025_/D (sky130_fd_sc_hd__dfrtp_4)
                                             13.096004   data arrival time

                                 25.000000   25.000000   clock rclk (rise edge)
                                  0.000000   25.000000   clock source latency
     1    0.067008    0.164998    0.117504   25.117504 ^ rclk (in)
                                                         rclk (net)
                      0.166196    0.000000   25.117504 ^ clkbuf_0_rclk/A (sky130_fd_sc_hd__clkbuf_16)
     8    0.145229    0.239767    0.406844   25.524347 ^ clkbuf_0_rclk/X (sky130_fd_sc_hd__clkbuf_16)
                                                         clknet_0_rclk (net)
                      0.239806    0.003116   25.527464 ^ clkbuf_3_3__f_rclk/A (sky130_fd_sc_hd__clkbuf_16)
     7    0.036587    0.089838    0.322142   25.849606 ^ clkbuf_3_3__f_rclk/X (sky130_fd_sc_hd__clkbuf_16)
                                                         clknet_3_3__leaf_rclk (net)
                      0.089838    0.000398   25.850004 ^ _33025_/CLK (sky130_fd_sc_hd__dfrtp_4)
                                  0.000000   25.850004   clock reconvergence pessimism
                                 -0.270586   25.579416   library setup time
                                             25.579416   data required time
---------------------------------------------------------------------------------------------
                                             25.579416   data required time
                                            -13.096004   data arrival time
---------------------------------------------------------------------------------------------
                                             12.483412   slack (MET)


Startpoint: _33246_ (rising edge-triggered flip-flop clocked by wclk)
Endpoint: w_full (output port clocked by wclk)
Path Group: wclk
Path Type: max

Fanout         Cap        Slew       Delay        Time   Description
---------------------------------------------------------------------------------------------
                                  0.000000    0.000000   clock wclk (rise edge)
                                  0.000000    0.000000   clock source latency
     2    0.126366    0.297457    0.211656    0.211656 ^ wclk (in)
                                                         wclk (net)
                      0.298710    0.000000    0.211656 ^ clkbuf_0_wclk/A (sky130_fd_sc_hd__clkbuf_16)
     4    0.094159    0.169357    0.407419    0.619074 ^ clkbuf_0_wclk/X (sky130_fd_sc_hd__clkbuf_16)
                                                         clknet_0_wclk (net)
                      0.169877    0.006623    0.625697 ^ clkbuf_2_1_0_wclk/A (sky130_fd_sc_hd__clkbuf_8)
     4    0.081502    0.232021    0.396064    1.021761 ^ clkbuf_2_1_0_wclk/X (sky130_fd_sc_hd__clkbuf_8)
                                                         clknet_2_1_0_wclk (net)
                      0.232582    0.008370    1.030131 ^ clkbuf_4_4_0_wclk/A (sky130_fd_sc_hd__clkbuf_8)
     4    0.073536    0.211414    0.412945    1.443076 ^ clkbuf_4_4_0_wclk/X (sky130_fd_sc_hd__clkbuf_8)
                                                         clknet_4_4_0_wclk (net)
                      0.211475    0.003458    1.446535 ^ clkbuf_6_18__f_wclk/A (sky130_fd_sc_hd__clkbuf_16)
    11    0.090147    0.162462    0.369395    1.815929 ^ clkbuf_6_18__f_wclk/X (sky130_fd_sc_hd__clkbuf_16)
                                                         clknet_6_18__leaf_wclk (net)
                      0.162490    0.002151    1.818080 ^ clkbuf_leaf_469_wclk/A (sky130_fd_sc_hd__clkbuf_8)
     9    0.037013    0.122615    0.314744    2.132824 ^ clkbuf_leaf_469_wclk/X (sky130_fd_sc_hd__clkbuf_8)
                                                         clknet_leaf_469_wclk (net)
                      0.122615    0.000365    2.133189 ^ _33246_/CLK (sky130_fd_sc_hd__dfrtp_4)
     4    0.098339    0.459211    1.161419    3.294608 ^ _33246_/Q (sky130_fd_sc_hd__dfrtp_4)
                                                         net71 (net)
                      0.461638    0.024555    3.319164 ^ output71/A (sky130_fd_sc_hd__clkbuf_16)
     1    5.001063    7.257781    5.502174    8.821338 ^ output71/X (sky130_fd_sc_hd__clkbuf_16)
                                                         w_full (net)
                      7.258446    0.059054    8.880392 ^ w_full (out)
                                              8.880392   data arrival time

                                 10.000000   10.000000   clock wclk (rise edge)
                                  0.000000   10.000000   clock network delay (propagated)
                                  0.000000   10.000000   clock reconvergence pessimism
                                 -2.000000    8.000000   output external delay
                                              8.000000   data required time
---------------------------------------------------------------------------------------------
                                              8.000000   data required time
                                             -8.880392   data arrival time
---------------------------------------------------------------------------------------------
                                             -0.880392   slack (VIOLATED)




===========================================================================
report_checks --slack_max -0.01
============================================================================
======================= min_ss_100C_1v60 Corner ===================================

Startpoint: _33246_ (rising edge-triggered flip-flop clocked by wclk)
Endpoint: w_full (output port clocked by wclk)
Path Group: wclk
Path Type: max

Fanout         Cap        Slew       Delay        Time   Description
---------------------------------------------------------------------------------------------
                                  0.000000    0.000000   clock wclk (rise edge)
                                  0.000000    0.000000   clock source latency
     2    0.126366    0.297457    0.211656    0.211656 ^ wclk (in)
                                                         wclk (net)
                      0.298710    0.000000    0.211656 ^ clkbuf_0_wclk/A (sky130_fd_sc_hd__clkbuf_16)
     4    0.094159    0.169357    0.407419    0.619074 ^ clkbuf_0_wclk/X (sky130_fd_sc_hd__clkbuf_16)
                                                         clknet_0_wclk (net)
                      0.169877    0.006623    0.625697 ^ clkbuf_2_1_0_wclk/A (sky130_fd_sc_hd__clkbuf_8)
     4    0.081502    0.232021    0.396064    1.021761 ^ clkbuf_2_1_0_wclk/X (sky130_fd_sc_hd__clkbuf_8)
                                                         clknet_2_1_0_wclk (net)
                      0.232582    0.008370    1.030131 ^ clkbuf_4_4_0_wclk/A (sky130_fd_sc_hd__clkbuf_8)
     4    0.073536    0.211414    0.412945    1.443076 ^ clkbuf_4_4_0_wclk/X (sky130_fd_sc_hd__clkbuf_8)
                                                         clknet_4_4_0_wclk (net)
                      0.211475    0.003458    1.446535 ^ clkbuf_6_18__f_wclk/A (sky130_fd_sc_hd__clkbuf_16)
    11    0.090147    0.162462    0.369395    1.815929 ^ clkbuf_6_18__f_wclk/X (sky130_fd_sc_hd__clkbuf_16)
                                                         clknet_6_18__leaf_wclk (net)
                      0.162490    0.002151    1.818080 ^ clkbuf_leaf_469_wclk/A (sky130_fd_sc_hd__clkbuf_8)
     9    0.037013    0.122615    0.314744    2.132824 ^ clkbuf_leaf_469_wclk/X (sky130_fd_sc_hd__clkbuf_8)
                                                         clknet_leaf_469_wclk (net)
                      0.122615    0.000365    2.133189 ^ _33246_/CLK (sky130_fd_sc_hd__dfrtp_4)
     4    0.098339    0.459211    1.161419    3.294608 ^ _33246_/Q (sky130_fd_sc_hd__dfrtp_4)
                                                         net71 (net)
                      0.461638    0.024555    3.319164 ^ output71/A (sky130_fd_sc_hd__clkbuf_16)
     1    5.001063    7.257781    5.502174    8.821338 ^ output71/X (sky130_fd_sc_hd__clkbuf_16)
                                                         w_full (net)
                      7.258446    0.059054    8.880392 ^ w_full (out)
                                              8.880392   data arrival time

                                 10.000000   10.000000   clock wclk (rise edge)
                                  0.000000   10.000000   clock network delay (propagated)
                                  0.000000   10.000000   clock reconvergence pessimism
                                 -2.000000    8.000000   output external delay
                                              8.000000   data required time
---------------------------------------------------------------------------------------------
                                              8.000000   data required time
                                             -8.880392   data arrival time
---------------------------------------------------------------------------------------------
                                             -0.880392   slack (VIOLATED)




===========================================================================
 report_check_types -max_slew -max_cap -max_fanout -violators
============================================================================
======================= min_ss_100C_1v60 Corner ===================================

max slew

Pin                                        Limit        Slew       Slack
------------------------------------------------------------------------
output70/X                              1.502104    7.266787   -5.764682 (VIOLATED)
output71/X                              1.502104    7.257781   -5.755676 (VIOLATED)
output60/X                              1.502104    7.238976   -5.736872 (VIOLATED)
output59/X                              1.502104    7.238431   -5.736327 (VIOLATED)
output63/X                              1.502104    7.237875   -5.735770 (VIOLATED)
output41/X                              1.502104    7.237764   -5.735660 (VIOLATED)
output38/X                              1.502104    7.237317   -5.735213 (VIOLATED)
output39/X                              1.502104    7.237025   -5.734921 (VIOLATED)
output54/X                              1.502104    7.236904   -5.734799 (VIOLATED)
output66/X                              1.502104    7.236858   -5.734754 (VIOLATED)
output61/X                              1.502104    7.236381   -5.734276 (VIOLATED)
output58/X                              1.502104    7.235091   -5.732987 (VIOLATED)
output49/X                              1.502104    7.234695   -5.732592 (VIOLATED)
output44/X                              1.502104    7.234368   -5.732264 (VIOLATED)
output47/X                              1.502104    7.234330   -5.732226 (VIOLATED)
output40/X                              1.502104    7.233403   -5.731299 (VIOLATED)
output53/X                              1.502104    7.232803   -5.730700 (VIOLATED)
output55/X                              1.502104    7.232351   -5.730247 (VIOLATED)
output69/X                              1.502104    7.232315   -5.730211 (VIOLATED)
output64/X                              1.502104    7.232155   -5.730051 (VIOLATED)
output42/X                              1.502104    7.232141   -5.730037 (VIOLATED)
output52/X                              1.502104    7.232119   -5.730015 (VIOLATED)
output50/X                              1.502104    7.232078   -5.729974 (VIOLATED)
output67/X                              1.502104    7.231577   -5.729473 (VIOLATED)
output57/X                              1.502104    7.231328   -5.729223 (VIOLATED)
output46/X                              1.502104    7.231151   -5.729047 (VIOLATED)
output65/X                              1.502104    7.230656   -5.728552 (VIOLATED)
output45/X                              1.502104    7.230556   -5.728453 (VIOLATED)
output68/X                              1.502104    7.230227   -5.728122 (VIOLATED)
output51/X                              1.502104    7.230048   -5.727944 (VIOLATED)
output48/X                              1.502104    7.229683   -5.727580 (VIOLATED)
output56/X                              1.502104    7.229357   -5.727252 (VIOLATED)
output43/X                              1.502104    7.229102   -5.726998 (VIOLATED)
output62/X                              1.502104    7.229065   -5.726961 (VIOLATED)
_21976_/C1                              1.500000    1.672766   -0.172766 (VIOLATED)
_20059_/C1                              1.500000    1.672756   -0.172756 (VIOLATED)
_19886_/C1                              1.500000    1.672742   -0.172742 (VIOLATED)
_24414_/C1                              1.500000    1.672704   -0.172705 (VIOLATED)
_19713_/C1                              1.500000    1.672621   -0.172621 (VIOLATED)
_23195_/C1                              1.500000    1.672615   -0.172615 (VIOLATED)
_19540_/C1                              1.500000    1.672607   -0.172607 (VIOLATED)
_24066_/C1                              1.500000    1.672607   -0.172607 (VIOLATED)
_22261_/B1                              1.500000    1.672577   -0.172577 (VIOLATED)
_22499_/C1                              1.500000    1.672573   -0.172573 (VIOLATED)
_20169_/B1                              1.500000    1.672547   -0.172547 (VIOLATED)
_22609_/B1                              1.500000    1.672491   -0.172491 (VIOLATED)
_21042_/B1                              1.500000    1.672429   -0.172429 (VIOLATED)
_23893_/C1                              1.500000    1.672382   -0.172382 (VIOLATED)
_23305_/B1                              1.500000    1.672379   -0.172379 (VIOLATED)
_20757_/C1                              1.500000    1.672373   -0.172373 (VIOLATED)
_20344_/B1                              1.500000    1.672355   -0.172355 (VIOLATED)
_23480_/B1                              1.500000    1.672334   -0.172334 (VIOLATED)
_24176_/B1                              1.500000    1.672209   -0.172209 (VIOLATED)
_21738_/B1                              1.500000    1.672138   -0.172138 (VIOLATED)
_23655_/B1                              1.500000    1.671765   -0.171765 (VIOLATED)
_21390_/B1                              1.500000    1.671762   -0.171762 (VIOLATED)
_20867_/B1                              1.500000    1.671538   -0.171538 (VIOLATED)
_22756_/A1                              1.500000    1.671503   -0.171503 (VIOLATED)
_24326_/A1                              1.500000    1.671499   -0.171499 (VIOLATED)
_21888_/A1                              1.500000    1.671497   -0.171497 (VIOLATED)
_23455_/A1                              1.500000    1.671494   -0.171494 (VIOLATED)
_20494_/A1                              1.500000    1.671491   -0.171491 (VIOLATED)
_21192_/A1                              1.500000    1.671487   -0.171487 (VIOLATED)
_19622_/A1                              1.500000    1.671478   -0.171478 (VIOLATED)
_23978_/A1                              1.500000    1.671464   -0.171464 (VIOLATED)
_22584_/A1                              1.500000    1.671457   -0.171457 (VIOLATED)
_21710_/A1                              1.500000    1.671443   -0.171443 (VIOLATED)
_20319_/A1                              1.500000    1.671440   -0.171441 (VIOLATED)
_21362_/A1                              1.500000    1.671439   -0.171439 (VIOLATED)
_20144_/A1                              1.500000    1.671393   -0.171393 (VIOLATED)
_19798_/A1                              1.500000    1.671356   -0.171356 (VIOLATED)
_24671_/A1                              1.500000    1.671356   -0.171356 (VIOLATED)
_19971_/A1                              1.500000    1.671342   -0.171342 (VIOLATED)
_24151_/A1                              1.500000    1.671323   -0.171323 (VIOLATED)
_22784_/B1                              1.500000    1.671215   -0.171215 (VIOLATED)
_23280_/A1                              1.500000    1.671214   -0.171214 (VIOLATED)
_24499_/A1                              1.500000    1.671198   -0.171198 (VIOLATED)
_22411_/A1                              1.500000    1.671073   -0.171073 (VIOLATED)
_22061_/A1                              1.500000    1.671072   -0.171072 (VIOLATED)
_14173_/A                               1.500000    1.670761   -0.170761 (VIOLATED)
_14172_/A                               1.500000    1.670758   -0.170758 (VIOLATED)
_14188_/A                               1.500000    1.670757   -0.170758 (VIOLATED)
_14276_/A                               1.500000    1.670753   -0.170753 (VIOLATED)
_25109_/A1                              1.500000    1.669496   -0.169496 (VIOLATED)
_25175_/A1                              1.500000    1.669487   -0.169487 (VIOLATED)
_25076_/A0                              1.500000    1.669476   -0.169476 (VIOLATED)
_24779_/A0                              1.500000    1.669466   -0.169466 (VIOLATED)
_25142_/A1                              1.500000    1.669439   -0.169439 (VIOLATED)
_24713_/A0                              1.500000    1.669415   -0.169415 (VIOLATED)
_24746_/A0                              1.500000    1.669380   -0.169380 (VIOLATED)
_25010_/A1                              1.500000    1.669357   -0.169357 (VIOLATED)
_33242_/Q                               1.501403    1.670746   -0.169343 (VIOLATED)
_25274_/A1                              1.500000    1.669055   -0.169055 (VIOLATED)
_25208_/A0                              1.500000    1.669049   -0.169049 (VIOLATED)
_25307_/A1                              1.500000    1.669048   -0.169048 (VIOLATED)
_25241_/A1                              1.500000    1.668999   -0.168999 (VIOLATED)
_25340_/A1                              1.500000    1.668776   -0.168776 (VIOLATED)
_19031_/A1                              1.500000    1.668540   -0.168541 (VIOLATED)
_25439_/A1                              1.500000    1.668355   -0.168355 (VIOLATED)
_25406_/A1                              1.500000    1.668270   -0.168270 (VIOLATED)
_25736_/A0                              1.500000    1.665726   -0.165726 (VIOLATED)
_25835_/A1                              1.500000    1.665313   -0.165313 (VIOLATED)
_25769_/A1                              1.500000    1.665035   -0.165035 (VIOLATED)
_25802_/A1                              1.500000    1.664915   -0.164915 (VIOLATED)
_25868_/A1                              1.500000    1.664880   -0.164880 (VIOLATED)
_25901_/A1                              1.500000    1.664315   -0.164315 (VIOLATED)
_25966_/A1                              1.500000    1.664296   -0.164296 (VIOLATED)
_25934_/A1                              1.500000    1.664169   -0.164169 (VIOLATED)
_25670_/A1                              1.500000    1.663808   -0.163808 (VIOLATED)
_18997_/A1                              1.500000    1.663542   -0.163542 (VIOLATED)
_25505_/A0                              1.500000    1.663136   -0.163136 (VIOLATED)
_25637_/A1                              1.500000    1.662593   -0.162593 (VIOLATED)
_25604_/A0                              1.500000    1.662564   -0.162564 (VIOLATED)
_25472_/A0                              1.500000    1.662535   -0.162535 (VIOLATED)
_25571_/A1                              1.500000    1.662312   -0.162312 (VIOLATED)
_25538_/A0                              1.500000    1.661988   -0.161989 (VIOLATED)
_27682_/A0                              1.500000    1.661577   -0.161577 (VIOLATED)
_28012_/A0                              1.500000    1.661557   -0.161557 (VIOLATED)
_24944_/A1                              1.500000    1.661523   -0.161523 (VIOLATED)
_27352_/A0                              1.500000    1.661519   -0.161519 (VIOLATED)
_15656_/A1                              1.500000    1.661502   -0.161502 (VIOLATED)
_14648_/A0                              1.500000    1.661498   -0.161498 (VIOLATED)
_15325_/A0                              1.500000    1.661491   -0.161491 (VIOLATED)
_14990_/A0                              1.500000    1.661384   -0.161384 (VIOLATED)
_24845_/A1                              1.500000    1.661061   -0.161061 (VIOLATED)
_18830_/A1                              1.500000    1.661040   -0.161040 (VIOLATED)
_16384_/A0                              1.500000    1.661032   -0.161032 (VIOLATED)
_24878_/A1                              1.500000    1.660989   -0.160989 (VIOLATED)
_15986_/A0                              1.500000    1.660798   -0.160798 (VIOLATED)
_17739_/A0                              1.500000    1.660567   -0.160567 (VIOLATED)
_17673_/A0                              1.500000    1.660485   -0.160485 (VIOLATED)
_16451_/A1                              1.500000    1.660420   -0.160420 (VIOLATED)
_17343_/A1                              1.500000    1.659822   -0.159822 (VIOLATED)
_16716_/A1                              1.500000    1.659104   -0.159104 (VIOLATED)
_17310_/A1                              1.500000    1.659001   -0.159001 (VIOLATED)
_17079_/A0                              1.500000    1.658439   -0.158439 (VIOLATED)
_17409_/A1                              1.500000    1.658424   -0.158424 (VIOLATED)
_24812_/A1                              1.500000    1.658407   -0.158407 (VIOLATED)
_17277_/A1                              1.500000    1.658377   -0.158377 (VIOLATED)
_19064_/A1                              1.500000    1.658058   -0.158058 (VIOLATED)
_17442_/A1                              1.500000    1.657434   -0.157434 (VIOLATED)
_17870_/A1                              1.500000    1.657201   -0.157201 (VIOLATED)
_17805_/A0                              1.500000    1.657194   -0.157194 (VIOLATED)
_16418_/A0                              1.500000    1.657161   -0.157161 (VIOLATED)
_17706_/A1                              1.500000    1.657156   -0.157156 (VIOLATED)
_18266_/A0                              1.500000    1.657070   -0.157070 (VIOLATED)
_18299_/A0                              1.500000    1.657058   -0.157058 (VIOLATED)
_18167_/A1                              1.500000    1.657037   -0.157038 (VIOLATED)
_24911_/A1                              1.500000    1.657021   -0.157021 (VIOLATED)
_18365_/A0                              1.500000    1.657019   -0.157019 (VIOLATED)
_18134_/A0                              1.500000    1.657016   -0.157016 (VIOLATED)
_17475_/A0                              1.500000    1.656993   -0.156993 (VIOLATED)
_17508_/A0                              1.500000    1.656987   -0.156988 (VIOLATED)
_18797_/A0                              1.500000    1.656620   -0.156620 (VIOLATED)
_25043_/A1                              1.500000    1.656302   -0.156303 (VIOLATED)
_17640_/A0                              1.500000    1.656119   -0.156119 (VIOLATED)
_17936_/A0                              1.500000    1.655038   -0.155038 (VIOLATED)
_17903_/A1                              1.500000    1.654737   -0.154737 (VIOLATED)
_17244_/A1                              1.500000    1.654415   -0.154416 (VIOLATED)
_17178_/A0                              1.500000    1.654071   -0.154071 (VIOLATED)
_17145_/A0                              1.500000    1.654065   -0.154065 (VIOLATED)
_17541_/A1                              1.500000    1.654056   -0.154056 (VIOLATED)
_17112_/A0                              1.500000    1.654028   -0.154028 (VIOLATED)
_16285_/A1                              1.500000    1.654022   -0.154022 (VIOLATED)
_18431_/A1                              1.500000    1.652661   -0.152662 (VIOLATED)
_18398_/A1                              1.500000    1.652111   -0.152111 (VIOLATED)
_18233_/A1                              1.500000    1.651721   -0.151721 (VIOLATED)
_16551_/A1                              1.500000    1.651414   -0.151414 (VIOLATED)
_16518_/A1                              1.500000    1.651408   -0.151408 (VIOLATED)
_16584_/A0                              1.500000    1.651399   -0.151399 (VIOLATED)
_19097_/A1                              1.500000    1.651368   -0.151368 (VIOLATED)
_14301_/A0                              1.500000    1.651258   -0.151258 (VIOLATED)
_24680_/A0                              1.500000    1.651258   -0.151258 (VIOLATED)
_24977_/A0                              1.500000    1.651256   -0.151256 (VIOLATED)
_18332_/A0                              1.500000    1.651228   -0.151228 (VIOLATED)
_16914_/A0                              1.500000    1.651217   -0.151217 (VIOLATED)
_26692_/A1                              1.500000    1.651196   -0.151196 (VIOLATED)
_17211_/A1                              1.500000    1.651138   -0.151138 (VIOLATED)
_17969_/A0                              1.500000    1.651110   -0.151110 (VIOLATED)
_16980_/A0                              1.500000    1.651092   -0.151092 (VIOLATED)
_26362_/A1                              1.500000    1.650961   -0.150961 (VIOLATED)
_28144_/A1                              1.500000    1.650946   -0.150946 (VIOLATED)
_28111_/A1                              1.500000    1.650920   -0.150920 (VIOLATED)
_28276_/A1                              1.500000    1.650911   -0.150911 (VIOLATED)
_28243_/A1                              1.500000    1.650906   -0.150906 (VIOLATED)
_16683_/A1                              1.500000    1.650903   -0.150903 (VIOLATED)
_26032_/A0                              1.500000    1.650858   -0.150858 (VIOLATED)
_18662_/A1                              1.500000    1.650844   -0.150844 (VIOLATED)
_28210_/A1                              1.500000    1.650828   -0.150828 (VIOLATED)
_28177_/A1                              1.500000    1.650790   -0.150790 (VIOLATED)
_28308_/A1                              1.500000    1.650742   -0.150742 (VIOLATED)
_17376_/A0                              1.500000    1.650723   -0.150724 (VIOLATED)
_27022_/A1                              1.500000    1.650678   -0.150678 (VIOLATED)
_25373_/A0                              1.500000    1.650667   -0.150667 (VIOLATED)
_16184_/A0                              1.500000    1.650570   -0.150570 (VIOLATED)
_14404_/A1                              1.500000    1.650563   -0.150563 (VIOLATED)
_14438_/A1                              1.500000    1.650559   -0.150559 (VIOLATED)
_25703_/A1                              1.500000    1.650559   -0.150559 (VIOLATED)
_14370_/A1                              1.500000    1.650547   -0.150547 (VIOLATED)
_14336_/A1                              1.500000    1.650516   -0.150516 (VIOLATED)
_14472_/A1                              1.500000    1.650402   -0.150402 (VIOLATED)
_14506_/A1                              1.500000    1.650108   -0.150108 (VIOLATED)
_14540_/A1                              1.500000    1.649812   -0.149812 (VIOLATED)
_14573_/A1                              1.500000    1.649632   -0.149632 (VIOLATED)
_16251_/A1                              1.500000    1.649239   -0.149239 (VIOLATED)
_17574_/A0                              1.500000    1.649230   -0.149230 (VIOLATED)
_17772_/A0                              1.500000    1.648962   -0.148963 (VIOLATED)
_16484_/A0                              1.500000    1.648171   -0.148171 (VIOLATED)
_16650_/A1                              1.500000    1.648094   -0.148094 (VIOLATED)
_16617_/A0                              1.500000    1.648023   -0.148023 (VIOLATED)
_17607_/A1                              1.500000    1.648020   -0.148020 (VIOLATED)
_16218_/A1                              1.500000    1.647731   -0.147731 (VIOLATED)
_16749_/A1                              1.500000    1.647691   -0.147692 (VIOLATED)
_16318_/A1                              1.500000    1.646961   -0.146961 (VIOLATED)
_18002_/A0                              1.500000    1.646814   -0.146814 (VIOLATED)
_14751_/A0                              1.500000    1.646790   -0.146790 (VIOLATED)
_16815_/A1                              1.500000    1.646695   -0.146695 (VIOLATED)
_14786_/A1                              1.500000    1.646643   -0.146643 (VIOLATED)
_14855_/A1                              1.500000    1.646381   -0.146381 (VIOLATED)
_16881_/A0                              1.500000    1.646166   -0.146166 (VIOLATED)
_14820_/A1                              1.500000    1.645927   -0.145928 (VIOLATED)
_14611_/A0                              1.500000    1.645876   -0.145876 (VIOLATED)
_18596_/A0                              1.500000    1.645696   -0.145696 (VIOLATED)
_14683_/A0                              1.500000    1.645372   -0.145372 (VIOLATED)
_14718_/A1                              1.500000    1.645170   -0.145170 (VIOLATED)
_17013_/A0                              1.500000    1.645142   -0.145142 (VIOLATED)
_15058_/A1                              1.500000    1.645070   -0.145070 (VIOLATED)
_15024_/A1                              1.500000    1.644881   -0.144881 (VIOLATED)
_17046_/A0                              1.500000    1.644665   -0.144665 (VIOLATED)
_16351_/A0                              1.500000    1.644607   -0.144607 (VIOLATED)
_16947_/A1                              1.500000    1.644398   -0.144398 (VIOLATED)
_18629_/A0                              1.500000    1.644259   -0.144259 (VIOLATED)
_14889_/A0                              1.500000    1.644258   -0.144258 (VIOLATED)
ANTENNA_120/DIODE                       1.500000    1.644257   -0.144257 (VIOLATED)
_14923_/A1                              1.500000    1.644031   -0.144031 (VIOLATED)
_16782_/A1                              1.500000    1.643990   -0.143990 (VIOLATED)
_15125_/A1                              1.500000    1.643988   -0.143988 (VIOLATED)
_15092_/A1                              1.500000    1.643983   -0.143983 (VIOLATED)
_18563_/A1                              1.500000    1.643975   -0.143975 (VIOLATED)
_16848_/A0                              1.500000    1.643720   -0.143720 (VIOLATED)
_14957_/A1                              1.500000    1.643447   -0.143447 (VIOLATED)
_18101_/A1                              1.500000    1.642915   -0.142916 (VIOLATED)
_18200_/A0                              1.500000    1.642637   -0.142637 (VIOLATED)
_18068_/A0                              1.500000    1.642309   -0.142309 (VIOLATED)
_18035_/A0                              1.500000    1.641912   -0.141912 (VIOLATED)
_15854_/A1                              1.500000    1.641805   -0.141805 (VIOLATED)
_15821_/A0                              1.500000    1.641357   -0.141357 (VIOLATED)
_16085_/A1                              1.500000    1.640969   -0.140969 (VIOLATED)
_15920_/A1                              1.500000    1.640875   -0.140875 (VIOLATED)
_15887_/A1                              1.500000    1.640609   -0.140609 (VIOLATED)
_18464_/A1                              1.500000    1.640353   -0.140353 (VIOLATED)
_15953_/A0                              1.500000    1.640144   -0.140144 (VIOLATED)
_16052_/A1                              1.500000    1.639458   -0.139458 (VIOLATED)
_16019_/A1                              1.500000    1.639022   -0.139022 (VIOLATED)
_15689_/A1                              1.500000    1.638797   -0.138797 (VIOLATED)
_15722_/A0                              1.500000    1.638793   -0.138793 (VIOLATED)
_15755_/A0                              1.500000    1.638776   -0.138776 (VIOLATED)
_15788_/A1                              1.500000    1.638749   -0.138749 (VIOLATED)
_16118_/A1                              1.500000    1.638705   -0.138705 (VIOLATED)
_17837_/A0                              1.500000    1.638630   -0.138630 (VIOLATED)
_16151_/A1                              1.500000    1.638301   -0.138301 (VIOLATED)
_15424_/A0                              1.500000    1.631075   -0.131075 (VIOLATED)
_15457_/A1                              1.500000    1.630940   -0.130940 (VIOLATED)
_15524_/A1                              1.500000    1.630469   -0.130469 (VIOLATED)
_15490_/A1                              1.500000    1.630280   -0.130280 (VIOLATED)
_15590_/A1                              1.500000    1.629908   -0.129908 (VIOLATED)
_15557_/A1                              1.500000    1.629908   -0.129908 (VIOLATED)
_18497_/A1                              1.500000    1.629895   -0.129895 (VIOLATED)
_15623_/A1                              1.500000    1.629874   -0.129874 (VIOLATED)
_15160_/A0                              1.500000    1.629425   -0.129425 (VIOLATED)
_15259_/A1                              1.500000    1.628946   -0.128946 (VIOLATED)
_15193_/A0                              1.500000    1.628943   -0.128943 (VIOLATED)
_15226_/A0                              1.500000    1.628486   -0.128486 (VIOLATED)
_15292_/A0                              1.500000    1.627417   -0.127417 (VIOLATED)
_18530_/A1                              1.500000    1.627407   -0.127407 (VIOLATED)
_15358_/A1                              1.500000    1.627391   -0.127391 (VIOLATED)
_15391_/A1                              1.500000    1.627111   -0.127111 (VIOLATED)
_26296_/A0                              1.500000    1.617275   -0.117275 (VIOLATED)
_26263_/A0                              1.500000    1.615794   -0.115794 (VIOLATED)
_27946_/A1                              1.500000    1.614940   -0.114940 (VIOLATED)
_26329_/A0                              1.500000    1.614522   -0.114522 (VIOLATED)
_27847_/A0                              1.500000    1.614495   -0.114495 (VIOLATED)
_27913_/A1                              1.500000    1.614305   -0.114305 (VIOLATED)
_27880_/A1                              1.500000    1.614066   -0.114066 (VIOLATED)
_18931_/A1                              1.500000    1.613842   -0.113842 (VIOLATED)
_18764_/A1                              1.500000    1.613586   -0.113586 (VIOLATED)
_27979_/A1                              1.500000    1.613246   -0.113246 (VIOLATED)
_28078_/A1                              1.500000    1.612910   -0.112910 (VIOLATED)
_28045_/A1                              1.500000    1.612909   -0.112909 (VIOLATED)
_26164_/A0                              1.500000    1.612130   -0.112130 (VIOLATED)
_26131_/A0                              1.500000    1.611366   -0.111366 (VIOLATED)
_26230_/A1                              1.500000    1.610481   -0.110481 (VIOLATED)
_27616_/A0                              1.500000    1.609798   -0.109799 (VIOLATED)
_27583_/A0                              1.500000    1.609795   -0.109795 (VIOLATED)
_27781_/A1                              1.500000    1.609786   -0.109786 (VIOLATED)
_18731_/A1                              1.500000    1.609778   -0.109778 (VIOLATED)
_27814_/A1                              1.500000    1.609775   -0.109776 (VIOLATED)
_27649_/A0                              1.500000    1.609759   -0.109759 (VIOLATED)
_27715_/A0                              1.500000    1.609714   -0.109714 (VIOLATED)
_26197_/A0                              1.500000    1.609182   -0.109182 (VIOLATED)
_27748_/A1                              1.500000    1.608999   -0.108999 (VIOLATED)
_27319_/A0                              1.500000    1.608619   -0.108619 (VIOLATED)
_18697_/A1                              1.500000    1.608172   -0.108172 (VIOLATED)
_27418_/A1                              1.500000    1.607695   -0.107695 (VIOLATED)
_27385_/A1                              1.500000    1.607691   -0.107691 (VIOLATED)
_27451_/A1                              1.500000    1.607262   -0.107262 (VIOLATED)
_26428_/A1                              1.500000    1.607103   -0.107103 (VIOLATED)
_27484_/A1                              1.500000    1.606953   -0.106953 (VIOLATED)
_25999_/A0                              1.500000    1.606572   -0.106572 (VIOLATED)
_18964_/A0                              1.500000    1.606569   -0.106569 (VIOLATED)
_26098_/A1                              1.500000    1.606566   -0.106566 (VIOLATED)
_26065_/A0                              1.500000    1.606556   -0.106556 (VIOLATED)
_27550_/A1                              1.500000    1.606490   -0.106490 (VIOLATED)
_26395_/A0                              1.500000    1.606354   -0.106354 (VIOLATED)
_27055_/A0                              1.500000    1.606273   -0.106273 (VIOLATED)
_26494_/A1                              1.500000    1.606058   -0.106058 (VIOLATED)
_27517_/A1                              1.500000    1.606045   -0.106045 (VIOLATED)
_26461_/A1                              1.500000    1.605826   -0.105826 (VIOLATED)
_27088_/A0                              1.500000    1.605821   -0.105821 (VIOLATED)
_27253_/A1                              1.500000    1.605335   -0.105335 (VIOLATED)
_27286_/A1                              1.500000    1.605333   -0.105333 (VIOLATED)
_27187_/A0                              1.500000    1.605329   -0.105329 (VIOLATED)
_27121_/A0                              1.500000    1.605325   -0.105326 (VIOLATED)
_27220_/A1                              1.500000    1.605314   -0.105314 (VIOLATED)
_27154_/A1                              1.500000    1.605119   -0.105119 (VIOLATED)
_26758_/A1                              1.500000    1.603174   -0.103174 (VIOLATED)
_26725_/A1                              1.500000    1.603174   -0.103174 (VIOLATED)
_26659_/A0                              1.500000    1.603170   -0.103170 (VIOLATED)
_18897_/A1                              1.500000    1.603163   -0.103163 (VIOLATED)
_26527_/A0                              1.500000    1.603149   -0.103149 (VIOLATED)
_26560_/A0                              1.500000    1.603136   -0.103136 (VIOLATED)
_26626_/A1                              1.500000    1.603115   -0.103115 (VIOLATED)
_26989_/A1                              1.500000    1.603112   -0.103112 (VIOLATED)
_26593_/A0                              1.500000    1.603112   -0.103112 (VIOLATED)
_18864_/A1                              1.500000    1.603112   -0.103112 (VIOLATED)
_26956_/A1                              1.500000    1.603086   -0.103087 (VIOLATED)
_26791_/A0                              1.500000    1.603081   -0.103081 (VIOLATED)
_26923_/A1                              1.500000    1.603070   -0.103070 (VIOLATED)
_26824_/A1                              1.500000    1.603038   -0.103038 (VIOLATED)
_26890_/A1                              1.500000    1.602903   -0.102903 (VIOLATED)
_26857_/A1                              1.500000    1.602775   -0.102775 (VIOLATED)
input29/X                               1.502104    1.601954   -0.099850 (VIOLATED)
_25995_/A                               1.500000    1.520721   -0.020721 (VIOLATED)
ANTENNA_8/DIODE                         1.500000    1.520721   -0.020721 (VIOLATED)
_18196_/A                               1.500000    1.520647   -0.020647 (VIOLATED)
ANTENNA_3/DIODE                         1.500000    1.520647   -0.020647 (VIOLATED)
_17174_/A                               1.500000    1.520608   -0.020608 (VIOLATED)
ANTENNA_7/DIODE                         1.500000    1.520516   -0.020516 (VIOLATED)
_25468_/B                               1.500000    1.520509   -0.020509 (VIOLATED)
_24775_/A                               1.500000    1.519614   -0.019614 (VIOLATED)
ANTENNA_6/DIODE                         1.500000    1.519613   -0.019613 (VIOLATED)
_18793_/A                               1.500000    1.519322   -0.019322 (VIOLATED)
ANTENNA_5/DIODE                         1.500000    1.519321   -0.019321 (VIOLATED)
ANTENNA_4/DIODE                         1.500000    1.519302   -0.019302 (VIOLATED)
_26523_/A                               1.500000    1.519112   -0.019112 (VIOLATED)
ANTENNA_9/DIODE                         1.500000    1.519111   -0.019111 (VIOLATED)
_17998_/A                               1.500000    1.519007   -0.019007 (VIOLATED)
ANTENNA_2/DIODE                         1.500000    1.519003   -0.019003 (VIOLATED)
_14606_/X                               1.499598    1.517115   -0.017517 (VIOLATED)
_27348_/A                               1.500000    1.517365   -0.017365 (VIOLATED)
_27051_/A                               1.500000    1.517237   -0.017237 (VIOLATED)
_27579_/A                               1.500000    1.517216   -0.017216 (VIOLATED)
_24676_/B                               1.500000    1.517160   -0.017160 (VIOLATED)
ANTENNA_190/DIODE                       1.500000    1.517150   -0.017150 (VIOLATED)
_15156_/A                               1.500000    1.517150   -0.017150 (VIOLATED)
_14607_/B                               1.500000    1.517136   -0.017136 (VIOLATED)

max capacitance

Pin                                        Limit         Cap       Slack
------------------------------------------------------------------------
output70/X                              1.017161    5.001536   -3.984375 (VIOLATED)
output71/X                              1.017161    5.001063   -3.983902 (VIOLATED)
output47/X                              1.017161    5.000633   -3.983472 (VIOLATED)
output63/X                              1.017161    5.000636   -3.983475 (VIOLATED)
output61/X                              1.017161    5.000594   -3.983433 (VIOLATED)
output66/X                              1.017161    5.000594   -3.983433 (VIOLATED)
output40/X                              1.017161    5.000589   -3.983428 (VIOLATED)
output54/X                              1.017161    5.000587   -3.983426 (VIOLATED)
output42/X                              1.017161    5.000578   -3.983417 (VIOLATED)
output58/X                              1.017161    5.000577   -3.983416 (VIOLATED)
output59/X                              1.017161    5.000580   -3.983419 (VIOLATED)
output49/X                              1.017161    5.000573   -3.983412 (VIOLATED)
output52/X                              1.017161    5.000574   -3.983413 (VIOLATED)
output67/X                              1.017161    5.000566   -3.983405 (VIOLATED)
output44/X                              1.017161    5.000558   -3.983398 (VIOLATED)
output41/X                              1.017161    5.000544   -3.983382 (VIOLATED)
output55/X                              1.017161    5.000544   -3.983383 (VIOLATED)
output60/X                              1.017161    5.000544   -3.983383 (VIOLATED)
output38/X                              1.017161    5.000536   -3.983375 (VIOLATED)
output39/X                              1.017161    5.000536   -3.983375 (VIOLATED)
output46/X                              1.017161    5.000538   -3.983377 (VIOLATED)
output57/X                              1.017161    5.000532   -3.983371 (VIOLATED)
output45/X                              1.017161    5.000520   -3.983359 (VIOLATED)
output51/X                              1.017161    5.000517   -3.983356 (VIOLATED)
output69/X                              1.017161    5.000512   -3.983351 (VIOLATED)
output53/X                              1.017161    5.000471   -3.983309 (VIOLATED)
output68/X                              1.017161    5.000471   -3.983309 (VIOLATED)
output64/X                              1.017161    5.000466   -3.983305 (VIOLATED)
output50/X                              1.017161    5.000454   -3.983294 (VIOLATED)
output43/X                              1.017161    5.000423   -3.983262 (VIOLATED)
output48/X                              1.017161    5.000417   -3.983256 (VIOLATED)
output56/X                              1.017161    5.000415   -3.983254 (VIOLATED)
output62/X                              1.017161    5.000417   -3.983256 (VIOLATED)
output65/X                              1.017161    5.000420   -3.983259 (VIOLATED)
input29/X                               1.017161    1.073782   -0.056621 (VIOLATED)
_33242_/Q                               0.348826    0.392512   -0.043686 (VIOLATED)
_14606_/X                               0.326853    0.332902   -0.006049 (VIOLATED)



===========================================================================
report_parasitic_annotation -report_unannotated
============================================================================
Found 524 unannotated drivers.
 clkload0/X
 clkload1/Y
 clkload10/Y
 clkload100/Y
 clkload101/Y
 clkload102/X
 clkload103/Y
 clkload104/Y
 clkload105/Y
 clkload106/Y
 clkload107/Y
 clkload108/Y
 clkload109/Y
 clkload11/X
 clkload110/Y
 clkload111/Y
 clkload112/Y
 clkload113/Y
 clkload114/Y
 clkload115/Y
 clkload116/X
 clkload117/Y
 clkload118/Y
 clkload119/Y
 clkload12/X
 clkload120/Y
 clkload121/Y
 clkload122/X
 clkload123/X
 clkload124/Y
 clkload125/Y
 clkload126/Y
 clkload127/Y
 clkload128/Y
 clkload129/X
 clkload13/Y
 clkload130/Y
 clkload131/Y
 clkload132/Y
 clkload133/Y
 clkload134/Y
 clkload135/Y
 clkload136/Y
 clkload137/Y
 clkload138/Y
 clkload139/Y
 clkload14/Y
 clkload140/Y
 clkload141/Y
 clkload142/Y
 clkload143/Y
 clkload144/X
 clkload145/Y
 clkload146/Y
 clkload147/Y
 clkload148/Y
 clkload149/Y
 clkload15/Y
 clkload150/Y
 clkload151/Y
 clkload152/Y
 clkload153/Y
 clkload154/Y
 clkload155/Y
 clkload156/Y
 clkload157/Y
 clkload158/Y
 clkload159/Y
 clkload16/X
 clkload160/X
 clkload161/Y
 clkload162/Y
 clkload163/Y
 clkload164/X
 clkload165/Y
 clkload166/Y
 clkload167/X
 clkload168/X
 clkload169/X
 clkload17/X
 clkload170/Y
 clkload171/Y
 clkload172/Y
 clkload173/Y
 clkload174/Y
 clkload175/X
 clkload176/Y
 clkload177/X
 clkload178/X
 clkload179/X
 clkload18/Y
 clkload180/Y
 clkload181/Y
 clkload182/Y
 clkload183/Y
 clkload184/Y
 clkload185/Y
 clkload186/Y
 clkload187/Y
 clkload188/Y
 clkload189/Y
 clkload19/Y
 clkload190/Y
 clkload191/Y
 clkload192/Y
 clkload193/Y
 clkload194/Y
 clkload195/Y
 clkload196/Y
 clkload197/X
 clkload198/Y
 clkload199/Y
 clkload2/X
 clkload20/Y
 clkload200/Y
 clkload201/Y
 clkload202/Y
 clkload203/Y
 clkload204/Y
 clkload205/Y
 clkload206/X
 clkload207/Y
 clkload208/Y
 clkload209/Y
 clkload21/X
 clkload210/Y
 clkload211/Y
 clkload212/Y
 clkload213/Y
 clkload214/Y
 clkload215/X
 clkload216/Y
 clkload217/Y
 clkload218/Y
 clkload219/X
 clkload22/Y
 clkload220/Y
 clkload221/Y
 clkload222/Y
 clkload223/Y
 clkload224/Y
 clkload225/X
 clkload226/Y
 clkload227/Y
 clkload228/Y
 clkload229/Y
 clkload23/Y
 clkload230/Y
 clkload231/Y
 clkload232/Y
 clkload233/Y
 clkload234/Y
 clkload235/Y
 clkload236/X
 clkload237/Y
 clkload238/X
 clkload239/Y
 clkload24/Y
 clkload240/Y
 clkload241/Y
 clkload242/Y
 clkload243/Y
 clkload244/Y
 clkload245/Y
 clkload246/Y
 clkload247/Y
 clkload248/Y
 clkload249/Y
 clkload25/Y
 clkload250/Y
 clkload251/Y
 clkload252/X
 clkload253/Y
 clkload254/Y
 clkload255/Y
 clkload256/Y
 clkload257/Y
 clkload258/Y
 clkload259/Y
 clkload26/X
 clkload260/X
 clkload261/Y
 clkload262/Y
 clkload263/Y
 clkload264/Y
 clkload265/Y
 clkload266/Y
 clkload267/Y
 clkload268/Y
 clkload269/Y
 clkload27/Y
 clkload270/Y
 clkload271/Y
 clkload272/Y
 clkload273/Y
 clkload274/Y
 clkload275/X
 clkload276/Y
 clkload277/Y
 clkload278/Y
 clkload279/Y
 clkload28/X
 clkload280/Y
 clkload281/Y
 clkload282/Y
 clkload283/Y
 clkload284/Y
 clkload285/Y
 clkload286/Y
 clkload287/X
 clkload288/Y
 clkload289/Y
 clkload29/Y
 clkload290/Y
 clkload291/Y
 clkload292/Y
 clkload293/Y
 clkload294/Y
 clkload295/Y
 clkload296/Y
 clkload297/Y
 clkload298/X
 clkload299/Y
 clkload3/Y
 clkload30/Y
 clkload300/Y
 clkload301/Y
 clkload302/Y
 clkload303/Y
 clkload304/Y
 clkload305/X
 clkload306/Y
 clkload307/Y
 clkload308/Y
 clkload309/Y
 clkload31/X
 clkload310/Y
 clkload311/Y
 clkload312/Y
 clkload313/Y
 clkload314/Y
 clkload315/Y
 clkload316/Y
 clkload317/Y
 clkload318/Y
 clkload319/Y
 clkload32/X
 clkload320/Y
 clkload321/X
 clkload322/X
 clkload323/Y
 clkload324/Y
 clkload325/Y
 clkload326/X
 clkload327/Y
 clkload328/Y
 clkload329/Y
 clkload33/Y
 clkload330/Y
 clkload331/Y
 clkload332/Y
 clkload333/X
 clkload334/Y
 clkload335/Y
 clkload336/Y
 clkload337/Y
 clkload338/Y
 clkload339/Y
 clkload34/X
 clkload340/Y
 clkload341/Y
 clkload342/Y
 clkload343/Y
 clkload344/Y
 clkload345/Y
 clkload346/Y
 clkload347/Y
 clkload348/Y
 clkload349/Y
 clkload35/X
 clkload350/Y
 clkload351/Y
 clkload352/Y
 clkload353/X
 clkload354/Y
 clkload355/Y
 clkload356/Y
 clkload357/Y
 clkload358/Y
 clkload359/Y
 clkload36/Y
 clkload360/Y
 clkload361/Y
 clkload362/Y
 clkload363/Y
 clkload364/X
 clkload365/X
 clkload366/Y
 clkload367/Y
 clkload368/X
 clkload369/Y
 clkload37/Y
 clkload370/Y
 clkload371/Y
 clkload372/X
 clkload373/Y
 clkload374/Y
 clkload375/X
 clkload376/Y
 clkload377/X
 clkload378/Y
 clkload379/X
 clkload38/Y
 clkload380/Y
 clkload381/Y
 clkload382/Y
 clkload383/Y
 clkload384/Y
 clkload385/Y
 clkload386/X
 clkload387/Y
 clkload388/Y
 clkload389/Y
 clkload39/Y
 clkload390/Y
 clkload391/Y
 clkload392/Y
 clkload393/X
 clkload394/Y
 clkload395/X
 clkload396/Y
 clkload397/Y
 clkload398/Y
 clkload399/Y
 clkload4/X
 clkload40/Y
 clkload400/Y
 clkload401/Y
 clkload402/X
 clkload403/Y
 clkload404/Y
 clkload405/Y
 clkload406/Y
 clkload407/Y
 clkload408/Y
 clkload409/Y
 clkload41/Y
 clkload410/X
 clkload411/Y
 clkload412/Y
 clkload413/Y
 clkload414/Y
 clkload415/Y
 clkload416/X
 clkload417/Y
 clkload418/Y
 clkload419/Y
 clkload42/Y
 clkload420/Y
 clkload421/Y
 clkload422/Y
 clkload423/Y
 clkload424/Y
 clkload425/Y
 clkload426/Y
 clkload427/Y
 clkload428/Y
 clkload429/X
 clkload43/Y
 clkload430/X
 clkload431/Y
 clkload432/Y
 clkload433/Y
 clkload434/Y
 clkload435/Y
 clkload436/Y
 clkload437/Y
 clkload438/X
 clkload439/Y
 clkload44/Y
 clkload440/Y
 clkload441/Y
 clkload442/Y
 clkload443/Y
 clkload444/Y
 clkload445/Y
 clkload446/Y
 clkload447/Y
 clkload448/Y
 clkload449/Y
 clkload45/Y
 clkload450/Y
 clkload451/Y
 clkload452/Y
 clkload453/Y
 clkload454/Y
 clkload455/Y
 clkload456/Y
 clkload457/Y
 clkload458/Y
 clkload459/Y
 clkload46/Y
 clkload460/Y
 clkload461/Y
 clkload462/Y
 clkload463/X
 clkload464/Y
 clkload465/Y
 clkload466/Y
 clkload467/Y
 clkload468/Y
 clkload469/Y
 clkload47/Y
 clkload470/Y
 clkload471/Y
 clkload472/X
 clkload473/Y
 clkload474/Y
 clkload475/Y
 clkload476/Y
 clkload477/Y
 clkload478/Y
 clkload479/X
 clkload48/Y
 clkload480/Y
 clkload481/Y
 clkload482/X
 clkload483/Y
 clkload484/Y
 clkload485/Y
 clkload486/Y
 clkload487/Y
 clkload488/Y
 clkload489/Y
 clkload49/Y
 clkload490/Y
 clkload491/Y
 clkload492/Y
 clkload493/Y
 clkload494/Y
 clkload495/Y
 clkload496/Y
 clkload497/Y
 clkload498/Y
 clkload499/Y
 clkload5/Y
 clkload50/Y
 clkload500/Y
 clkload501/Y
 clkload502/Y
 clkload503/Y
 clkload504/Y
 clkload505/Y
 clkload506/X
 clkload507/Y
 clkload508/Y
 clkload509/Y
 clkload51/Y
 clkload510/Y
 clkload511/Y
 clkload512/Y
 clkload513/Y
 clkload514/X
 clkload515/Y
 clkload516/Y
 clkload517/Y
 clkload518/Y
 clkload519/Y
 clkload52/X
 clkload520/Y
 clkload521/Y
 clkload522/Y
 clkload523/Y
 clkload53/Y
 clkload54/Y
 clkload55/Y
 clkload56/Y
 clkload57/Y
 clkload58/Y
 clkload59/Y
 clkload6/X
 clkload60/Y
 clkload61/Y
 clkload62/Y
 clkload63/Y
 clkload64/Y
 clkload65/Y
 clkload66/X
 clkload67/Y
 clkload68/Y
 clkload69/Y
 clkload7/X
 clkload70/Y
 clkload71/X
 clkload72/X
 clkload73/Y
 clkload74/Y
 clkload75/Y
 clkload76/Y
 clkload77/Y
 clkload78/Y
 clkload79/Y
 clkload8/Y
 clkload80/Y
 clkload81/Y
 clkload82/X
 clkload83/Y
 clkload84/Y
 clkload85/Y
 clkload86/Y
 clkload87/Y
 clkload88/Y
 clkload89/Y
 clkload9/Y
 clkload90/Y
 clkload91/Y
 clkload92/Y
 clkload93/Y
 clkload94/Y
 clkload95/Y
 clkload96/Y
 clkload97/Y
 clkload98/X
 clkload99/Y
Found 0 partially unannotated drivers.

===========================================================================
max slew violation count 366
max fanout violation count 0
max cap violation count 37
============================================================================

===========================================================================
check_setup -verbose -unconstrained_endpoints -multiple_clock -no_clock -no_input_delay -loops -generated_clocks
===========================================================================
