Clock: wclk
Sources: wclk 
Generated: no
Virtual: yes
Propagated: no
Period: 10.000000

===========================================================================
report_clock_properties
============================================================================
Clock                   Period          Waveform
----------------------------------------------------
wclk                 10.000000    0.000000  5.000000

===========================================================================
report_clock_latency
============================================================================
Clock wclk
rise -> rise
    min     max
0.000000 0.000000 source latency
1.822971         network latency _33463_/CLK
        2.200270 network latency _33702_/CLK
---------------
1.822971 2.200270 latency
        0.377298 skew

fall -> fall
    min     max
0.000000 0.000000 source latency
1.579760         network latency _33463_/CLK
        1.929761 network latency _33702_/CLK
---------------
1.579760 1.929761 latency
        0.350001 skew



===========================================================================
report_clock_min_period
============================================================================
wclk period_min = 9.07 fmax = 110.22
Clock: rclk
Sources: rclk 
Generated: no
Virtual: yes
Propagated: no
Period: 25.000000

===========================================================================
report_clock_properties
============================================================================
Clock                   Period          Waveform
----------------------------------------------------
rclk                 25.000000    0.000000 12.500000

===========================================================================
report_clock_latency
============================================================================
Clock rclk
rise -> rise
    min     max
0.000000 0.000000 source latency
0.846332         network latency _33245_/CLK
        0.864262 network latency _33038_/CLK
---------------
0.846332 0.864262 latency
        0.017930 skew

fall -> fall
    min     max
0.000000 0.000000 source latency
0.742953         network latency _33245_/CLK
        0.758080 network latency _33038_/CLK
---------------
0.742953 0.758080 latency
        0.015127 skew



===========================================================================
report_clock_min_period
============================================================================
rclk period_min = 12.52 fmax = 79.89
