
===========================================================================
 report_power
============================================================================
======================= nom_ss_100C_1v60 Corner ===================================

Group                    Internal    Switching      Leakage        Total
                            Power        Power        Power        Power (Watts)
------------------------------------------------------------------------
Sequential           4.359019e-02 1.321017e-02 1.283713e-04 5.692874e-02  64.2%
Combinational        2.660690e-02 5.043996e-03 9.762335e-05 3.174852e-02  35.8%
Clock                0.000000e+00 0.000000e+00 0.000000e+00 0.000000e+00   0.0%
Macro                0.000000e+00 0.000000e+00 0.000000e+00 0.000000e+00   0.0%
Pad                  0.000000e+00 0.000000e+00 0.000000e+00 0.000000e+00   0.0%
------------------------------------------------------------------------
Total                7.019710e-02 1.825396e-02 2.259869e-04 8.867704e-02 100.0%
                            79.2%        20.6%         0.3%

