[WARNING ORD-0039] .openroad ignored with -python
Unannotated report:
['report_parasitic_annotation -report_unannotated\n',
 '============================================================================\n',
 'Found 524 unannotated drivers.\n',
 ' clkload0/X\n',
 ' clkload1/Y\n',
 ' clkload10/Y\n',
 ' clkload100/Y\n',
 ' clkload101/Y\n',
 ' clkload102/X\n',
 ' clkload103/Y\n',
 ' clkload104/Y\n',
 ' clkload105/Y\n',
 ' clkload106/Y\n',
 ' clkload107/Y\n',
 ' clkload108/Y\n',
 ' clkload109/Y\n',
 ' clkload11/X\n',
 ' clkload110/Y\n',
 ' clkload111/Y\n',
 ' clkload112/Y\n',
 ' clkload113/Y\n',
 ' clkload114/Y\n',
 ' clkload115/Y\n',
 ' clkload116/X\n',
 ' clkload117/Y\n',
 ' clkload118/Y\n',
 ' clkload119/Y\n',
 ' clkload12/X\n',
 ' clkload120/Y\n',
 ' clkload121/Y\n',
 ' clkload122/X\n',
 ' clkload123/X\n',
 ' clkload124/Y\n',
 ' clkload125/Y\n',
 ' clkload126/Y\n',
 ' clkload127/Y\n',
 ' clkload128/Y\n',
 ' clkload129/X\n',
 ' clkload13/Y\n',
 ' clkload130/Y\n',
 ' clkload131/Y\n',
 ' clkload132/Y\n',
 ' clkload133/Y\n',
 ' clkload134/Y\n',
 ' clkload135/Y\n',
 ' clkload136/Y\n',
 ' clkload137/Y\n',
 ' clkload138/Y\n',
 ' clkload139/Y\n',
 ' clkload14/Y\n',
 ' clkload140/Y\n',
 ' clkload141/Y\n',
 ' clkload142/Y\n',
 ' clkload143/Y\n',
 ' clkload144/X\n',
 ' clkload145/Y\n',
 ' clkload146/Y\n',
 ' clkload147/Y\n',
 ' clkload148/Y\n',
 ' clkload149/Y\n',
 ' clkload15/Y\n',
 ' clkload150/Y\n',
 ' clkload151/Y\n',
 ' clkload152/Y\n',
 ' clkload153/Y\n',
 ' clkload154/Y\n',
 ' clkload155/Y\n',
 ' clkload156/Y\n',
 ' clkload157/Y\n',
 ' clkload158/Y\n',
 ' clkload159/Y\n',
 ' clkload16/X\n',
 ' clkload160/X\n',
 ' clkload161/Y\n',
 ' clkload162/Y\n',
 ' clkload163/Y\n',
 ' clkload164/X\n',
 ' clkload165/Y\n',
 ' clkload166/Y\n',
 ' clkload167/X\n',
 ' clkload168/X\n',
 ' clkload169/X\n',
 ' clkload17/X\n',
 ' clkload170/Y\n',
 ' clkload171/Y\n',
 ' clkload172/Y\n',
 ' clkload173/Y\n',
 ' clkload174/Y\n',
 ' clkload175/X\n',
 ' clkload176/Y\n',
 ' clkload177/X\n',
 ' clkload178/X\n',
 ' clkload179/X\n',
 ' clkload18/Y\n',
 ' clkload180/Y\n',
 ' clkload181/Y\n',
 ' clkload182/Y\n',
 ' clkload183/Y\n',
 ' clkload184/Y\n',
 ' clkload185/Y\n',
 ' clkload186/Y\n',
 ' clkload187/Y\n',
 ' clkload188/Y\n',
 ' clkload189/Y\n',
 ' clkload19/Y\n',
 ' clkload190/Y\n',
 ' clkload191/Y\n',
 ' clkload192/Y\n',
 ' clkload193/Y\n',
 ' clkload194/Y\n',
 ' clkload195/Y\n',
 ' clkload196/Y\n',
 ' clkload197/X\n',
 ' clkload198/Y\n',
 ' clkload199/Y\n',
 ' clkload2/X\n',
 ' clkload20/Y\n',
 ' clkload200/Y\n',
 ' clkload201/Y\n',
 ' clkload202/Y\n',
 ' clkload203/Y\n',
 ' clkload204/Y\n',
 ' clkload205/Y\n',
 ' clkload206/X\n',
 ' clkload207/Y\n',
 ' clkload208/Y\n',
 ' clkload209/Y\n',
 ' clkload21/X\n',
 ' clkload210/Y\n',
 ' clkload211/Y\n',
 ' clkload212/Y\n',
 ' clkload213/Y\n',
 ' clkload214/Y\n',
 ' clkload215/X\n',
 ' clkload216/Y\n',
 ' clkload217/Y\n',
 ' clkload218/Y\n',
 ' clkload219/X\n',
 ' clkload22/Y\n',
 ' clkload220/Y\n',
 ' clkload221/Y\n',
 ' clkload222/Y\n',
 ' clkload223/Y\n',
 ' clkload224/Y\n',
 ' clkload225/X\n',
 ' clkload226/Y\n',
 ' clkload227/Y\n',
 ' clkload228/Y\n',
 ' clkload229/Y\n',
 ' clkload23/Y\n',
 ' clkload230/Y\n',
 ' clkload231/Y\n',
 ' clkload232/Y\n',
 ' clkload233/Y\n',
 ' clkload234/Y\n',
 ' clkload235/Y\n',
 ' clkload236/X\n',
 ' clkload237/Y\n',
 ' clkload238/X\n',
 ' clkload239/Y\n',
 ' clkload24/Y\n',
 ' clkload240/Y\n',
 ' clkload241/Y\n',
 ' clkload242/Y\n',
 ' clkload243/Y\n',
 ' clkload244/Y\n',
 ' clkload245/Y\n',
 ' clkload246/Y\n',
 ' clkload247/Y\n',
 ' clkload248/Y\n',
 ' clkload249/Y\n',
 ' clkload25/Y\n',
 ' clkload250/Y\n',
 ' clkload251/Y\n',
 ' clkload252/X\n',
 ' clkload253/Y\n',
 ' clkload254/Y\n',
 ' clkload255/Y\n',
 ' clkload256/Y\n',
 ' clkload257/Y\n',
 ' clkload258/Y\n',
 ' clkload259/Y\n',
 ' clkload26/X\n',
 ' clkload260/X\n',
 ' clkload261/Y\n',
 ' clkload262/Y\n',
 ' clkload263/Y\n',
 ' clkload264/Y\n',
 ' clkload265/Y\n',
 ' clkload266/Y\n',
 ' clkload267/Y\n',
 ' clkload268/Y\n',
 ' clkload269/Y\n',
 ' clkload27/Y\n',
 ' clkload270/Y\n',
 ' clkload271/Y\n',
 ' clkload272/Y\n',
 ' clkload273/Y\n',
 ' clkload274/Y\n',
 ' clkload275/X\n',
 ' clkload276/Y\n',
 ' clkload277/Y\n',
 ' clkload278/Y\n',
 ' clkload279/Y\n',
 ' clkload28/X\n',
 ' clkload280/Y\n',
 ' clkload281/Y\n',
 ' clkload282/Y\n',
 ' clkload283/Y\n',
 ' clkload284/Y\n',
 ' clkload285/Y\n',
 ' clkload286/Y\n',
 ' clkload287/X\n',
 ' clkload288/Y\n',
 ' clkload289/Y\n',
 ' clkload29/Y\n',
 ' clkload290/Y\n',
 ' clkload291/Y\n',
 ' clkload292/Y\n',
 ' clkload293/Y\n',
 ' clkload294/Y\n',
 ' clkload295/Y\n',
 ' clkload296/Y\n',
 ' clkload297/Y\n',
 ' clkload298/X\n',
 ' clkload299/Y\n',
 ' clkload3/Y\n',
 ' clkload30/Y\n',
 ' clkload300/Y\n',
 ' clkload301/Y\n',
 ' clkload302/Y\n',
 ' clkload303/Y\n',
 ' clkload304/Y\n',
 ' clkload305/X\n',
 ' clkload306/Y\n',
 ' clkload307/Y\n',
 ' clkload308/Y\n',
 ' clkload309/Y\n',
 ' clkload31/X\n',
 ' clkload310/Y\n',
 ' clkload311/Y\n',
 ' clkload312/Y\n',
 ' clkload313/Y\n',
 ' clkload314/Y\n',
 ' clkload315/Y\n',
 ' clkload316/Y\n',
 ' clkload317/Y\n',
 ' clkload318/Y\n',
 ' clkload319/Y\n',
 ' clkload32/X\n',
 ' clkload320/Y\n',
 ' clkload321/X\n',
 ' clkload322/X\n',
 ' clkload323/Y\n',
 ' clkload324/Y\n',
 ' clkload325/Y\n',
 ' clkload326/X\n',
 ' clkload327/Y\n',
 ' clkload328/Y\n',
 ' clkload329/Y\n',
 ' clkload33/Y\n',
 ' clkload330/Y\n',
 ' clkload331/Y\n',
 ' clkload332/Y\n',
 ' clkload333/X\n',
 ' clkload334/Y\n',
 ' clkload335/Y\n',
 ' clkload336/Y\n',
 ' clkload337/Y\n',
 ' clkload338/Y\n',
 ' clkload339/Y\n',
 ' clkload34/X\n',
 ' clkload340/Y\n',
 ' clkload341/Y\n',
 ' clkload342/Y\n',
 ' clkload343/Y\n',
 ' clkload344/Y\n',
 ' clkload345/Y\n',
 ' clkload346/Y\n',
 ' clkload347/Y\n',
 ' clkload348/Y\n',
 ' clkload349/Y\n',
 ' clkload35/X\n',
 ' clkload350/Y\n',
 ' clkload351/Y\n',
 ' clkload352/Y\n',
 ' clkload353/X\n',
 ' clkload354/Y\n',
 ' clkload355/Y\n',
 ' clkload356/Y\n',
 ' clkload357/Y\n',
 ' clkload358/Y\n',
 ' clkload359/Y\n',
 ' clkload36/Y\n',
 ' clkload360/Y\n',
 ' clkload361/Y\n',
 ' clkload362/Y\n',
 ' clkload363/Y\n',
 ' clkload364/X\n',
 ' clkload365/X\n',
 ' clkload366/Y\n',
 ' clkload367/Y\n',
 ' clkload368/X\n',
 ' clkload369/Y\n',
 ' clkload37/Y\n',
 ' clkload370/Y\n',
 ' clkload371/Y\n',
 ' clkload372/X\n',
 ' clkload373/Y\n',
 ' clkload374/Y\n',
 ' clkload375/X\n',
 ' clkload376/Y\n',
 ' clkload377/X\n',
 ' clkload378/Y\n',
 ' clkload379/X\n',
 ' clkload38/Y\n',
 ' clkload380/Y\n',
 ' clkload381/Y\n',
 ' clkload382/Y\n',
 ' clkload383/Y\n',
 ' clkload384/Y\n',
 ' clkload385/Y\n',
 ' clkload386/X\n',
 ' clkload387/Y\n',
 ' clkload388/Y\n',
 ' clkload389/Y\n',
 ' clkload39/Y\n',
 ' clkload390/Y\n',
 ' clkload391/Y\n',
 ' clkload392/Y\n',
 ' clkload393/X\n',
 ' clkload394/Y\n',
 ' clkload395/X\n',
 ' clkload396/Y\n',
 ' clkload397/Y\n',
 ' clkload398/Y\n',
 ' clkload399/Y\n',
 ' clkload4/X\n',
 ' clkload40/Y\n',
 ' clkload400/Y\n',
 ' clkload401/Y\n',
 ' clkload402/X\n',
 ' clkload403/Y\n',
 ' clkload404/Y\n',
 ' clkload405/Y\n',
 ' clkload406/Y\n',
 ' clkload407/Y\n',
 ' clkload408/Y\n',
 ' clkload409/Y\n',
 ' clkload41/Y\n',
 ' clkload410/X\n',
 ' clkload411/Y\n',
 ' clkload412/Y\n',
 ' clkload413/Y\n',
 ' clkload414/Y\n',
 ' clkload415/Y\n',
 ' clkload416/X\n',
 ' clkload417/Y\n',
 ' clkload418/Y\n',
 ' clkload419/Y\n',
 ' clkload42/Y\n',
 ' clkload420/Y\n',
 ' clkload421/Y\n',
 ' clkload422/Y\n',
 ' clkload423/Y\n',
 ' clkload424/Y\n',
 ' clkload425/Y\n',
 ' clkload426/Y\n',
 ' clkload427/Y\n',
 ' clkload428/Y\n',
 ' clkload429/X\n',
 ' clkload43/Y\n',
 ' clkload430/X\n',
 ' clkload431/Y\n',
 ' clkload432/Y\n',
 ' clkload433/Y\n',
 ' clkload434/Y\n',
 ' clkload435/Y\n',
 ' clkload436/Y\n',
 ' clkload437/Y\n',
 ' clkload438/X\n',
 ' clkload439/Y\n',
 ' clkload44/Y\n',
 ' clkload440/Y\n',
 ' clkload441/Y\n',
 ' clkload442/Y\n',
 ' clkload443/Y\n',
 ' clkload444/Y\n',
 ' clkload445/Y\n',
 ' clkload446/Y\n',
 ' clkload447/Y\n',
 ' clkload448/Y\n',
 ' clkload449/Y\n',
 ' clkload45/Y\n',
 ' clkload450/Y\n',
 ' clkload451/Y\n',
 ' clkload452/Y\n',
 ' clkload453/Y\n',
 ' clkload454/Y\n',
 ' clkload455/Y\n',
 ' clkload456/Y\n',
 ' clkload457/Y\n',
 ' clkload458/Y\n',
 ' clkload459/Y\n',
 ' clkload46/Y\n',
 ' clkload460/Y\n',
 ' clkload461/Y\n',
 ' clkload462/Y\n',
 ' clkload463/X\n',
 ' clkload464/Y\n',
 ' clkload465/Y\n',
 ' clkload466/Y\n',
 ' clkload467/Y\n',
 ' clkload468/Y\n',
 ' clkload469/Y\n',
 ' clkload47/Y\n',
 ' clkload470/Y\n',
 ' clkload471/Y\n',
 ' clkload472/X\n',
 ' clkload473/Y\n',
 ' clkload474/Y\n',
 ' clkload475/Y\n',
 ' clkload476/Y\n',
 ' clkload477/Y\n',
 ' clkload478/Y\n',
 ' clkload479/X\n',
 ' clkload48/Y\n',
 ' clkload480/Y\n',
 ' clkload481/Y\n',
 ' clkload482/X\n',
 ' clkload483/Y\n',
 ' clkload484/Y\n',
 ' clkload485/Y\n',
 ' clkload486/Y\n',
 ' clkload487/Y\n',
 ' clkload488/Y\n',
 ' clkload489/Y\n',
 ' clkload49/Y\n',
 ' clkload490/Y\n',
 ' clkload491/Y\n',
 ' clkload492/Y\n',
 ' clkload493/Y\n',
 ' clkload494/Y\n',
 ' clkload495/Y\n',
 ' clkload496/Y\n',
 ' clkload497/Y\n',
 ' clkload498/Y\n',
 ' clkload499/Y\n',
 ' clkload5/Y\n',
 ' clkload50/Y\n',
 ' clkload500/Y\n',
 ' clkload501/Y\n',
 ' clkload502/Y\n',
 ' clkload503/Y\n',
 ' clkload504/Y\n',
 ' clkload505/Y\n',
 ' clkload506/X\n',
 ' clkload507/Y\n',
 ' clkload508/Y\n',
 ' clkload509/Y\n',
 ' clkload51/Y\n',
 ' clkload510/Y\n',
 ' clkload511/Y\n',
 ' clkload512/Y\n',
 ' clkload513/Y\n',
 ' clkload514/X\n',
 ' clkload515/Y\n',
 ' clkload516/Y\n',
 ' clkload517/Y\n',
 ' clkload518/Y\n',
 ' clkload519/Y\n',
 ' clkload52/X\n',
 ' clkload520/Y\n',
 ' clkload521/Y\n',
 ' clkload522/Y\n',
 ' clkload523/Y\n',
 ' clkload53/Y\n',
 ' clkload54/Y\n',
 ' clkload55/Y\n',
 ' clkload56/Y\n',
 ' clkload57/Y\n',
 ' clkload58/Y\n',
 ' clkload59/Y\n',
 ' clkload6/X\n',
 ' clkload60/Y\n',
 ' clkload61/Y\n',
 ' clkload62/Y\n',
 ' clkload63/Y\n',
 ' clkload64/Y\n',
 ' clkload65/Y\n',
 ' clkload66/X\n',
 ' clkload67/Y\n',
 ' clkload68/Y\n',
 ' clkload69/Y\n',
 ' clkload7/X\n',
 ' clkload70/Y\n',
 ' clkload71/X\n',
 ' clkload72/X\n',
 ' clkload73/Y\n',
 ' clkload74/Y\n',
 ' clkload75/Y\n',
 ' clkload76/Y\n',
 ' clkload77/Y\n',
 ' clkload78/Y\n',
 ' clkload79/Y\n',
 ' clkload8/Y\n',
 ' clkload80/Y\n',
 ' clkload81/Y\n',
 ' clkload82/X\n',
 ' clkload83/Y\n',
 ' clkload84/Y\n',
 ' clkload85/Y\n',
 ' clkload86/Y\n',
 ' clkload87/Y\n',
 ' clkload88/Y\n',
 ' clkload89/Y\n',
 ' clkload9/Y\n',
 ' clkload90/Y\n',
 ' clkload91/Y\n',
 ' clkload92/Y\n',
 ' clkload93/Y\n',
 ' clkload94/Y\n',
 ' clkload95/Y\n',
 ' clkload96/Y\n',
 ' clkload97/Y\n',
 ' clkload98/X\n',
 ' clkload99/Y\n',
 'Found 0 partially unannotated drivers.\n',
 '\n']
Reported nets:
['clkload0/X',
 'clkload1/Y',
 'clkload10/Y',
 'clkload100/Y',
 'clkload101/Y',
 'clkload102/X',
 'clkload103/Y',
 'clkload104/Y',
 'clkload105/Y',
 'clkload106/Y',
 'clkload107/Y',
 'clkload108/Y',
 'clkload109/Y',
 'clkload11/X',
 'clkload110/Y',
 'clkload111/Y',
 'clkload112/Y',
 'clkload113/Y',
 'clkload114/Y',
 'clkload115/Y',
 'clkload116/X',
 'clkload117/Y',
 'clkload118/Y',
 'clkload119/Y',
 'clkload12/X',
 'clkload120/Y',
 'clkload121/Y',
 'clkload122/X',
 'clkload123/X',
 'clkload124/Y',
 'clkload125/Y',
 'clkload126/Y',
 'clkload127/Y',
 'clkload128/Y',
 'clkload129/X',
 'clkload13/Y',
 'clkload130/Y',
 'clkload131/Y',
 'clkload132/Y',
 'clkload133/Y',
 'clkload134/Y',
 'clkload135/Y',
 'clkload136/Y',
 'clkload137/Y',
 'clkload138/Y',
 'clkload139/Y',
 'clkload14/Y',
 'clkload140/Y',
 'clkload141/Y',
 'clkload142/Y',
 'clkload143/Y',
 'clkload144/X',
 'clkload145/Y',
 'clkload146/Y',
 'clkload147/Y',
 'clkload148/Y',
 'clkload149/Y',
 'clkload15/Y',
 'clkload150/Y',
 'clkload151/Y',
 'clkload152/Y',
 'clkload153/Y',
 'clkload154/Y',
 'clkload155/Y',
 'clkload156/Y',
 'clkload157/Y',
 'clkload158/Y',
 'clkload159/Y',
 'clkload16/X',
 'clkload160/X',
 'clkload161/Y',
 'clkload162/Y',
 'clkload163/Y',
 'clkload164/X',
 'clkload165/Y',
 'clkload166/Y',
 'clkload167/X',
 'clkload168/X',
 'clkload169/X',
 'clkload17/X',
 'clkload170/Y',
 'clkload171/Y',
 'clkload172/Y',
 'clkload173/Y',
 'clkload174/Y',
 'clkload175/X',
 'clkload176/Y',
 'clkload177/X',
 'clkload178/X',
 'clkload179/X',
 'clkload18/Y',
 'clkload180/Y',
 'clkload181/Y',
 'clkload182/Y',
 'clkload183/Y',
 'clkload184/Y',
 'clkload185/Y',
 'clkload186/Y',
 'clkload187/Y',
 'clkload188/Y',
 'clkload189/Y',
 'clkload19/Y',
 'clkload190/Y',
 'clkload191/Y',
 'clkload192/Y',
 'clkload193/Y',
 'clkload194/Y',
 'clkload195/Y',
 'clkload196/Y',
 'clkload197/X',
 'clkload198/Y',
 'clkload199/Y',
 'clkload2/X',
 'clkload20/Y',
 'clkload200/Y',
 'clkload201/Y',
 'clkload202/Y',
 'clkload203/Y',
 'clkload204/Y',
 'clkload205/Y',
 'clkload206/X',
 'clkload207/Y',
 'clkload208/Y',
 'clkload209/Y',
 'clkload21/X',
 'clkload210/Y',
 'clkload211/Y',
 'clkload212/Y',
 'clkload213/Y',
 'clkload214/Y',
 'clkload215/X',
 'clkload216/Y',
 'clkload217/Y',
 'clkload218/Y',
 'clkload219/X',
 'clkload22/Y',
 'clkload220/Y',
 'clkload221/Y',
 'clkload222/Y',
 'clkload223/Y',
 'clkload224/Y',
 'clkload225/X',
 'clkload226/Y',
 'clkload227/Y',
 'clkload228/Y',
 'clkload229/Y',
 'clkload23/Y',
 'clkload230/Y',
 'clkload231/Y',
 'clkload232/Y',
 'clkload233/Y',
 'clkload234/Y',
 'clkload235/Y',
 'clkload236/X',
 'clkload237/Y',
 'clkload238/X',
 'clkload239/Y',
 'clkload24/Y',
 'clkload240/Y',
 'clkload241/Y',
 'clkload242/Y',
 'clkload243/Y',
 'clkload244/Y',
 'clkload245/Y',
 'clkload246/Y',
 'clkload247/Y',
 'clkload248/Y',
 'clkload249/Y',
 'clkload25/Y',
 'clkload250/Y',
 'clkload251/Y',
 'clkload252/X',
 'clkload253/Y',
 'clkload254/Y',
 'clkload255/Y',
 'clkload256/Y',
 'clkload257/Y',
 'clkload258/Y',
 'clkload259/Y',
 'clkload26/X',
 'clkload260/X',
 'clkload261/Y',
 'clkload262/Y',
 'clkload263/Y',
 'clkload264/Y',
 'clkload265/Y',
 'clkload266/Y',
 'clkload267/Y',
 'clkload268/Y',
 'clkload269/Y',
 'clkload27/Y',
 'clkload270/Y',
 'clkload271/Y',
 'clkload272/Y',
 'clkload273/Y',
 'clkload274/Y',
 'clkload275/X',
 'clkload276/Y',
 'clkload277/Y',
 'clkload278/Y',
 'clkload279/Y',
 'clkload28/X',
 'clkload280/Y',
 'clkload281/Y',
 'clkload282/Y',
 'clkload283/Y',
 'clkload284/Y',
 'clkload285/Y',
 'clkload286/Y',
 'clkload287/X',
 'clkload288/Y',
 'clkload289/Y',
 'clkload29/Y',
 'clkload290/Y',
 'clkload291/Y',
 'clkload292/Y',
 'clkload293/Y',
 'clkload294/Y',
 'clkload295/Y',
 'clkload296/Y',
 'clkload297/Y',
 'clkload298/X',
 'clkload299/Y',
 'clkload3/Y',
 'clkload30/Y',
 'clkload300/Y',
 'clkload301/Y',
 'clkload302/Y',
 'clkload303/Y',
 'clkload304/Y',
 'clkload305/X',
 'clkload306/Y',
 'clkload307/Y',
 'clkload308/Y',
 'clkload309/Y',
 'clkload31/X',
 'clkload310/Y',
 'clkload311/Y',
 'clkload312/Y',
 'clkload313/Y',
 'clkload314/Y',
 'clkload315/Y',
 'clkload316/Y',
 'clkload317/Y',
 'clkload318/Y',
 'clkload319/Y',
 'clkload32/X',
 'clkload320/Y',
 'clkload321/X',
 'clkload322/X',
 'clkload323/Y',
 'clkload324/Y',
 'clkload325/Y',
 'clkload326/X',
 'clkload327/Y',
 'clkload328/Y',
 'clkload329/Y',
 'clkload33/Y',
 'clkload330/Y',
 'clkload331/Y',
 'clkload332/Y',
 'clkload333/X',
 'clkload334/Y',
 'clkload335/Y',
 'clkload336/Y',
 'clkload337/Y',
 'clkload338/Y',
 'clkload339/Y',
 'clkload34/X',
 'clkload340/Y',
 'clkload341/Y',
 'clkload342/Y',
 'clkload343/Y',
 'clkload344/Y',
 'clkload345/Y',
 'clkload346/Y',
 'clkload347/Y',
 'clkload348/Y',
 'clkload349/Y',
 'clkload35/X',
 'clkload350/Y',
 'clkload351/Y',
 'clkload352/Y',
 'clkload353/X',
 'clkload354/Y',
 'clkload355/Y',
 'clkload356/Y',
 'clkload357/Y',
 'clkload358/Y',
 'clkload359/Y',
 'clkload36/Y',
 'clkload360/Y',
 'clkload361/Y',
 'clkload362/Y',
 'clkload363/Y',
 'clkload364/X',
 'clkload365/X',
 'clkload366/Y',
 'clkload367/Y',
 'clkload368/X',
 'clkload369/Y',
 'clkload37/Y',
 'clkload370/Y',
 'clkload371/Y',
 'clkload372/X',
 'clkload373/Y',
 'clkload374/Y',
 'clkload375/X',
 'clkload376/Y',
 'clkload377/X',
 'clkload378/Y',
 'clkload379/X',
 'clkload38/Y',
 'clkload380/Y',
 'clkload381/Y',
 'clkload382/Y',
 'clkload383/Y',
 'clkload384/Y',
 'clkload385/Y',
 'clkload386/X',
 'clkload387/Y',
 'clkload388/Y',
 'clkload389/Y',
 'clkload39/Y',
 'clkload390/Y',
 'clkload391/Y',
 'clkload392/Y',
 'clkload393/X',
 'clkload394/Y',
 'clkload395/X',
 'clkload396/Y',
 'clkload397/Y',
 'clkload398/Y',
 'clkload399/Y',
 'clkload4/X',
 'clkload40/Y',
 'clkload400/Y',
 'clkload401/Y',
 'clkload402/X',
 'clkload403/Y',
 'clkload404/Y',
 'clkload405/Y',
 'clkload406/Y',
 'clkload407/Y',
 'clkload408/Y',
 'clkload409/Y',
 'clkload41/Y',
 'clkload410/X',
 'clkload411/Y',
 'clkload412/Y',
 'clkload413/Y',
 'clkload414/Y',
 'clkload415/Y',
 'clkload416/X',
 'clkload417/Y',
 'clkload418/Y',
 'clkload419/Y',
 'clkload42/Y',
 'clkload420/Y',
 'clkload421/Y',
 'clkload422/Y',
 'clkload423/Y',
 'clkload424/Y',
 'clkload425/Y',
 'clkload426/Y',
 'clkload427/Y',
 'clkload428/Y',
 'clkload429/X',
 'clkload43/Y',
 'clkload430/X',
 'clkload431/Y',
 'clkload432/Y',
 'clkload433/Y',
 'clkload434/Y',
 'clkload435/Y',
 'clkload436/Y',
 'clkload437/Y',
 'clkload438/X',
 'clkload439/Y',
 'clkload44/Y',
 'clkload440/Y',
 'clkload441/Y',
 'clkload442/Y',
 'clkload443/Y',
 'clkload444/Y',
 'clkload445/Y',
 'clkload446/Y',
 'clkload447/Y',
 'clkload448/Y',
 'clkload449/Y',
 'clkload45/Y',
 'clkload450/Y',
 'clkload451/Y',
 'clkload452/Y',
 'clkload453/Y',
 'clkload454/Y',
 'clkload455/Y',
 'clkload456/Y',
 'clkload457/Y',
 'clkload458/Y',
 'clkload459/Y',
 'clkload46/Y',
 'clkload460/Y',
 'clkload461/Y',
 'clkload462/Y',
 'clkload463/X',
 'clkload464/Y',
 'clkload465/Y',
 'clkload466/Y',
 'clkload467/Y',
 'clkload468/Y',
 'clkload469/Y',
 'clkload47/Y',
 'clkload470/Y',
 'clkload471/Y',
 'clkload472/X',
 'clkload473/Y',
 'clkload474/Y',
 'clkload475/Y',
 'clkload476/Y',
 'clkload477/Y',
 'clkload478/Y',
 'clkload479/X',
 'clkload48/Y',
 'clkload480/Y',
 'clkload481/Y',
 'clkload482/X',
 'clkload483/Y',
 'clkload484/Y',
 'clkload485/Y',
 'clkload486/Y',
 'clkload487/Y',
 'clkload488/Y',
 'clkload489/Y',
 'clkload49/Y',
 'clkload490/Y',
 'clkload491/Y',
 'clkload492/Y',
 'clkload493/Y',
 'clkload494/Y',
 'clkload495/Y',
 'clkload496/Y',
 'clkload497/Y',
 'clkload498/Y',
 'clkload499/Y',
 'clkload5/Y',
 'clkload50/Y',
 'clkload500/Y',
 'clkload501/Y',
 'clkload502/Y',
 'clkload503/Y',
 'clkload504/Y',
 'clkload505/Y',
 'clkload506/X',
 'clkload507/Y',
 'clkload508/Y',
 'clkload509/Y',
 'clkload51/Y',
 'clkload510/Y',
 'clkload511/Y',
 'clkload512/Y',
 'clkload513/Y',
 'clkload514/X',
 'clkload515/Y',
 'clkload516/Y',
 'clkload517/Y',
 'clkload518/Y',
 'clkload519/Y',
 'clkload52/X',
 'clkload520/Y',
 'clkload521/Y',
 'clkload522/Y',
 'clkload523/Y',
 'clkload53/Y',
 'clkload54/Y',
 'clkload55/Y',
 'clkload56/Y',
 'clkload57/Y',
 'clkload58/Y',
 'clkload59/Y',
 'clkload6/X',
 'clkload60/Y',
 'clkload61/Y',
 'clkload62/Y',
 'clkload63/Y',
 'clkload64/Y',
 'clkload65/Y',
 'clkload66/X',
 'clkload67/Y',
 'clkload68/Y',
 'clkload69/Y',
 'clkload7/X',
 'clkload70/Y',
 'clkload71/X',
 'clkload72/X',
 'clkload73/Y',
 'clkload74/Y',
 'clkload75/Y',
 'clkload76/Y',
 'clkload77/Y',
 'clkload78/Y',
 'clkload79/Y',
 'clkload8/Y',
 'clkload80/Y',
 'clkload81/Y',
 'clkload82/X',
 'clkload83/Y',
 'clkload84/Y',
 'clkload85/Y',
 'clkload86/Y',
 'clkload87/Y',
 'clkload88/Y',
 'clkload89/Y',
 'clkload9/Y',
 'clkload90/Y',
 'clkload91/Y',
 'clkload92/Y',
 'clkload93/Y',
 'clkload94/Y',
 'clkload95/Y',
 'clkload96/Y',
 'clkload97/Y',
 'clkload98/X',
 'clkload99/Y']
Filtered nets:
[]
done
