Reading OpenROAD database at '/home/jaikrishn/Documents/hardware/true_port_BRAM/runs/RUN_2026-08-30_16-22-44/18-openroad-tapendcapinsertion/async_fifo.odb'…
Reading library file at '/home/jaikrishn/.volare/volare/sky130/versions/0fe599b2afb6708d281543108caf8310912f54af/sky130A/libs.ref/sky130_fd_sc_hd/lib/sky130_fd_sc_hd__tt_025C_1v80.lib'…
Reading design constraints file at '/home/jaikrishn/Documents/hardware/true_port_BRAM/constraints.sdc'…
[INFO] No information on clock propagation in input SDC file-- propagating all clocks.
[INFO] Setting global connections...
[INFO PDN-0001] Inserting grid: stdcell_grid
Setting global connections for newly added cells…
[INFO] Setting global connections...
Updating metrics…
Cell type report:                       Count       Area
  Fill cell                              1012    3798.64
  Tap cell                              27178   34005.11
  Inverter                                 15      56.30
  Sequential cell                        8280  176559.33
  Multi-Input combinational cell        14168  170046.84
  Total                                 50653  384466.23
Writing OpenROAD database to '/home/jaikrishn/Documents/hardware/true_port_BRAM/runs/RUN_2026-08-30_16-22-44/20-openroad-generatepdn/async_fifo.odb'…
Writing netlist to '/home/jaikrishn/Documents/hardware/true_port_BRAM/runs/RUN_2026-08-30_16-22-44/20-openroad-generatepdn/async_fifo.nl.v'…
Writing powered netlist to '/home/jaikrishn/Documents/hardware/true_port_BRAM/runs/RUN_2026-08-30_16-22-44/20-openroad-generatepdn/async_fifo.pnl.v'…
Writing layout to '/home/jaikrishn/Documents/hardware/true_port_BRAM/runs/RUN_2026-08-30_16-22-44/20-openroad-generatepdn/async_fifo.def'…
Writing timing constraints to '/home/jaikrishn/Documents/hardware/true_port_BRAM/runs/RUN_2026-08-30_16-22-44/20-openroad-generatepdn/async_fifo.sdc'…
[INFO PSM-0040] All shapes on net vccd1 are connected.
[INFO PSM-0040] All shapes on net vssd1 are connected.
