Clock: wclk
Sources: wclk 
Generated: no
Virtual: yes
Propagated: no
Period: 10.000000

===========================================================================
report_clock_properties
============================================================================
Clock                   Period          Waveform
----------------------------------------------------
wclk                 10.000000    0.000000  5.000000

===========================================================================
report_clock_latency
============================================================================
Clock wclk
rise -> rise
    min     max
0.000000 0.000000 source latency
1.969992         network latency _33463_/CLK
        2.365612 network latency _33702_/CLK
---------------
1.969992 2.365612 latency
        0.395620 skew

fall -> fall
    min     max
0.000000 0.000000 source latency
1.689668         network latency _33463_/CLK
        2.053775 network latency _32257_/CLK
---------------
1.689668 2.053775 latency
        0.364107 skew



===========================================================================
report_clock_min_period
============================================================================
wclk period_min = 9.42 fmax = 106.14
Clock: rclk
Sources: rclk 
Generated: no
Virtual: yes
Propagated: no
Period: 25.000000

===========================================================================
report_clock_properties
============================================================================
Clock                   Period          Waveform
----------------------------------------------------
rclk                 25.000000    0.000000 12.500000

===========================================================================
report_clock_latency
============================================================================
Clock rclk
rise -> rise
    min     max
0.000000 0.000000 source latency
0.918462         network latency _33245_/CLK
        0.943232 network latency _33038_/CLK
---------------
0.918462 0.943232 latency
        0.024770 skew

fall -> fall
    min     max
0.000000 0.000000 source latency
0.792507         network latency _33245_/CLK
        0.813423 network latency _33038_/CLK
---------------
0.792507 0.813423 latency
        0.020917 skew



===========================================================================
report_clock_min_period
============================================================================
rclk period_min = 13.14 fmax = 76.08
