
===========================================================================
 report_power
============================================================================
======================= max_ss_100C_1v60 Corner ===================================

Group                    Internal    Switching      Leakage        Total
                            Power        Power        Power        Power (Watts)
------------------------------------------------------------------------
Sequential           3.970265e-02 5.710248e-03 1.201570e-04 4.553306e-02  42.7%
Combinational        1.956103e-02 2.383703e-02 1.115675e-04 4.350963e-02  40.8%
Clock                7.462848e-03 1.001441e-02 1.254521e-05 1.748981e-02  16.4%
Macro                0.000000e+00 0.000000e+00 0.000000e+00 0.000000e+00   0.0%
Pad                  0.000000e+00 0.000000e+00 0.000000e+00 0.000000e+00   0.0%
------------------------------------------------------------------------
Total                6.672656e-02 3.956172e-02 2.442756e-04 1.065326e-01 100.0%
                            62.6%        37.1%         0.2%

