
===========================================================================
report_checks -unconstrained
===========================================================================
======================= max_tt_025C_1v80 Corner ===================================

Startpoint: wrst_n (input port clocked by wclk)
Endpoint: _33254_ (recovery check against rising-edge clock wclk)
Path Group: asynchronous
Path Type: max

Fanout         Cap        Slew       Delay        Time   Description
---------------------------------------------------------------------------------------------
                                  0.000000    0.000000   clock wclk (rise edge)
                                  0.000000    0.000000   clock network delay (propagated)
                                  2.000000    2.000000 ^ input external delay
     1    0.002968    0.015322    0.004052    2.004052 ^ wrst_n (in)
                                                         wrst_n (net)
                      0.015322    0.000000    2.004052 ^ hold1/A (sky130_fd_sc_hd__dlygate4sd3_1)
     1    0.010282    0.118407    0.581845    2.585897 ^ hold1/X (sky130_fd_sc_hd__dlygate4sd3_1)
                                                         net278 (net)
                      0.118409    0.000791    2.586689 ^ input37/A (sky130_fd_sc_hd__buf_12)
    28    0.250444    0.263821    0.191103    2.777792 ^ input37/X (sky130_fd_sc_hd__buf_12)
                                                         net37 (net)
                      0.419407    0.168204    2.945996 ^ _33254_/RESET_B (sky130_fd_sc_hd__dfrtp_2)
                                              2.945996   data arrival time

                                 10.000000   10.000000   clock wclk (rise edge)
                                  0.000000   10.000000   clock source latency
     2    0.133932    0.202165    0.148591   10.148592 ^ wclk (in)
                                                         wclk (net)
                      0.207410    0.000000   10.148592 ^ clkbuf_0_wclk/A (sky130_fd_sc_hd__clkbuf_16)
     4    0.111845    0.127279    0.241329   10.389920 ^ clkbuf_0_wclk/X (sky130_fd_sc_hd__clkbuf_16)
                                                         clknet_0_wclk (net)
                      0.129861    0.014238   10.404158 ^ clkbuf_2_0_0_wclk/A (sky130_fd_sc_hd__clkbuf_8)
     4    0.095144    0.170986    0.243897   10.648055 ^ clkbuf_2_0_0_wclk/X (sky130_fd_sc_hd__clkbuf_8)
                                                         clknet_2_0_0_wclk (net)
                      0.174144    0.018504   10.666559 ^ clkbuf_4_3_0_wclk/A (sky130_fd_sc_hd__clkbuf_8)
     4    0.084044    0.151804    0.250239   10.916799 ^ clkbuf_4_3_0_wclk/X (sky130_fd_sc_hd__clkbuf_8)
                                                         clknet_4_3_0_wclk (net)
                      0.152509    0.008368   10.925167 ^ clkbuf_6_13__f_wclk/A (sky130_fd_sc_hd__clkbuf_16)
     8    0.072370    0.090429    0.201574   11.126740 ^ clkbuf_6_13__f_wclk/X (sky130_fd_sc_hd__clkbuf_16)
                                                         clknet_6_13__leaf_wclk (net)
                      0.090836    0.004483   11.131224 ^ clkbuf_leaf_474_wclk/A (sky130_fd_sc_hd__clkbuf_8)
    11    0.053544    0.103261    0.189115   11.320339 ^ clkbuf_leaf_474_wclk/X (sky130_fd_sc_hd__clkbuf_8)
                                                         clknet_leaf_474_wclk (net)
                      0.103281    0.001434   11.321774 ^ _33254_/CLK (sky130_fd_sc_hd__dfrtp_2)
                                  0.000000   11.321774   clock reconvergence pessimism
                                  0.126460   11.448233   library recovery time
                                             11.448233   data required time
---------------------------------------------------------------------------------------------
                                             11.448233   data required time
                                             -2.945996   data arrival time
---------------------------------------------------------------------------------------------
                                              8.502237   slack (MET)


Startpoint: _33247_ (rising edge-triggered flip-flop clocked by rclk)
Endpoint: r_empty (output port clocked by rclk)
Path Group: rclk
Path Type: max

Fanout         Cap        Slew       Delay        Time   Description
---------------------------------------------------------------------------------------------
                                  0.000000    0.000000   clock rclk (rise edge)
                                  0.000000    0.000000   clock source latency
     1    0.079572    0.123618    0.093948    0.093948 ^ rclk (in)
                                                         rclk (net)
                      0.128462    0.000000    0.093948 ^ clkbuf_0_rclk/A (sky130_fd_sc_hd__clkbuf_16)
     8    0.161351    0.174479    0.249286    0.343235 ^ clkbuf_0_rclk/X (sky130_fd_sc_hd__clkbuf_16)
                                                         clknet_0_rclk (net)
                      0.177081    0.016984    0.360219 ^ clkbuf_3_5__f_rclk/A (sky130_fd_sc_hd__clkbuf_16)
    12    0.048839    0.068887    0.191928    0.552146 ^ clkbuf_3_5__f_rclk/X (sky130_fd_sc_hd__clkbuf_16)
                                                         clknet_3_5__leaf_rclk (net)
                      0.069241    0.003388    0.555535 ^ _33247_/CLK (sky130_fd_sc_hd__dfstp_4)
     4    0.110927    0.280982    0.790905    1.346440 ^ _33247_/Q (sky130_fd_sc_hd__dfstp_4)
                                                         net70 (net)
                      0.283633    0.021320    1.367760 ^ output70/A (sky130_fd_sc_hd__clkbuf_16)
     1    5.001749    5.059268    3.512613    4.880373 ^ output70/X (sky130_fd_sc_hd__clkbuf_16)
                                                         r_empty (net)
                      5.079126    0.259977    5.140349 ^ r_empty (out)
                                              5.140349   data arrival time

                                 25.000000   25.000000   clock rclk (rise edge)
                                  0.000000   25.000000   clock network delay (propagated)
                                  0.000000   25.000000   clock reconvergence pessimism
                                 -2.000000   22.999998   output external delay
                                             22.999998   data required time
---------------------------------------------------------------------------------------------
                                             22.999998   data required time
                                             -5.140349   data arrival time
---------------------------------------------------------------------------------------------
                                             17.859650   slack (MET)


Startpoint: _33246_ (rising edge-triggered flip-flop clocked by wclk)
Endpoint: w_full (output port clocked by wclk)
Path Group: wclk
Path Type: max

Fanout         Cap        Slew       Delay        Time   Description
---------------------------------------------------------------------------------------------
                                  0.000000    0.000000   clock wclk (rise edge)
                                  0.000000    0.000000   clock source latency
     2    0.133932    0.202165    0.148591    0.148591 ^ wclk (in)
                                                         wclk (net)
                      0.207410    0.000000    0.148591 ^ clkbuf_0_wclk/A (sky130_fd_sc_hd__clkbuf_16)
     4    0.111845    0.127279    0.241329    0.389920 ^ clkbuf_0_wclk/X (sky130_fd_sc_hd__clkbuf_16)
                                                         clknet_0_wclk (net)
                      0.130041    0.014724    0.404644 ^ clkbuf_2_1_0_wclk/A (sky130_fd_sc_hd__clkbuf_8)
     4    0.096664    0.173514    0.245556    0.650200 ^ clkbuf_2_1_0_wclk/X (sky130_fd_sc_hd__clkbuf_8)
                                                         clknet_2_1_0_wclk (net)
                      0.175979    0.016553    0.666752 ^ clkbuf_4_4_0_wclk/A (sky130_fd_sc_hd__clkbuf_8)
     4    0.083170    0.150356    0.249591    0.916343 ^ clkbuf_4_4_0_wclk/X (sky130_fd_sc_hd__clkbuf_8)
                                                         clknet_4_4_0_wclk (net)
                      0.151094    0.008521    0.924864 ^ clkbuf_6_18__f_wclk/A (sky130_fd_sc_hd__clkbuf_16)
    11    0.100803    0.117449    0.221504    1.146367 ^ clkbuf_6_18__f_wclk/X (sky130_fd_sc_hd__clkbuf_16)
                                                         clknet_6_18__leaf_wclk (net)
                      0.118079    0.006581    1.152948 ^ clkbuf_leaf_469_wclk/A (sky130_fd_sc_hd__clkbuf_8)
     9    0.040983    0.083437    0.184179    1.337128 ^ clkbuf_leaf_469_wclk/X (sky130_fd_sc_hd__clkbuf_8)
                                                         clknet_leaf_469_wclk (net)
                      0.083502    0.002104    1.339232 ^ _33246_/CLK (sky130_fd_sc_hd__dfrtp_4)
     4    0.112766    0.328748    0.617036    1.956268 ^ _33246_/Q (sky130_fd_sc_hd__dfrtp_4)
                                                         net71 (net)
                      0.338262    0.044250    2.000518 ^ output71/A (sky130_fd_sc_hd__clkbuf_16)
     1    5.001195    5.046603    3.524877    5.525394 ^ output71/X (sky130_fd_sc_hd__clkbuf_16)
                                                         w_full (net)
                      5.064272    0.245241    5.770635 ^ w_full (out)
                                              5.770635   data arrival time

                                 10.000000   10.000000   clock wclk (rise edge)
                                  0.000000   10.000000   clock network delay (propagated)
                                  0.000000   10.000000   clock reconvergence pessimism
                                 -2.000000    8.000000   output external delay
                                              8.000000   data required time
---------------------------------------------------------------------------------------------
                                              8.000000   data required time
                                             -5.770635   data arrival time
---------------------------------------------------------------------------------------------
                                              2.229365   slack (MET)




===========================================================================
report_checks --slack_max -0.01
============================================================================
======================= max_tt_025C_1v80 Corner ===================================

No paths found.


===========================================================================
 report_check_types -max_slew -max_cap -max_fanout -violators
============================================================================
======================= max_tt_025C_1v80 Corner ===================================

max slew

Pin                                        Limit        Slew       Slack
------------------------------------------------------------------------
output70/X                              1.508186    5.059268   -3.551081 (VIOLATED)
output60/X                              1.508186    5.054445   -3.546259 (VIOLATED)
output63/X                              1.508186    5.052540   -3.544354 (VIOLATED)
output61/X                              1.508186    5.052248   -3.544062 (VIOLATED)
output59/X                              1.508186    5.052119   -3.543933 (VIOLATED)
output41/X                              1.508186    5.051974   -3.543788 (VIOLATED)
output66/X                              1.508186    5.051899   -3.543713 (VIOLATED)
output54/X                              1.508186    5.051863   -3.543677 (VIOLATED)
output58/X                              1.508186    5.050513   -3.542327 (VIOLATED)
output38/X                              1.508186    5.050326   -3.542140 (VIOLATED)
output39/X                              1.508186    5.049295   -3.541109 (VIOLATED)
output47/X                              1.508186    5.048071   -3.539885 (VIOLATED)
output49/X                              1.508186    5.047431   -3.539245 (VIOLATED)
output40/X                              1.508186    5.047151   -3.538965 (VIOLATED)
output71/X                              1.508186    5.046603   -3.538417 (VIOLATED)
output44/X                              1.508186    5.046141   -3.537955 (VIOLATED)
output69/X                              1.508186    5.046109   -3.537922 (VIOLATED)
output53/X                              1.508186    5.046099   -3.537913 (VIOLATED)
output55/X                              1.508186    5.046018   -3.537832 (VIOLATED)
output64/X                              1.508186    5.045958   -3.537772 (VIOLATED)
output57/X                              1.508186    5.045703   -3.537518 (VIOLATED)
output50/X                              1.508186    5.045036   -3.536849 (VIOLATED)
output45/X                              1.508186    5.044866   -3.536680 (VIOLATED)
output52/X                              1.508186    5.044599   -3.536413 (VIOLATED)
output42/X                              1.508186    5.044487   -3.536300 (VIOLATED)
output65/X                              1.508186    5.044096   -3.535910 (VIOLATED)
output46/X                              1.508186    5.043652   -3.535465 (VIOLATED)
output48/X                              1.508186    5.043472   -3.535286 (VIOLATED)
output67/X                              1.508186    5.042659   -3.534473 (VIOLATED)
output51/X                              1.508186    5.042007   -3.533821 (VIOLATED)
output56/X                              1.508186    5.041540   -3.533354 (VIOLATED)
output68/X                              1.508186    5.041307   -3.533121 (VIOLATED)
output62/X                              1.508186    5.040437   -3.532251 (VIOLATED)
output43/X                              1.508186    5.040305   -3.532119 (VIOLATED)
_28114_/A1                              1.500000    1.774741   -0.274741 (VIOLATED)
_28147_/A1                              1.500000    1.774717   -0.274717 (VIOLATED)
_28213_/A1                              1.500000    1.774610   -0.274610 (VIOLATED)
_28246_/A1                              1.500000    1.774589   -0.274589 (VIOLATED)
_28279_/A1                              1.500000    1.774529   -0.274529 (VIOLATED)
_28180_/A1                              1.500000    1.774304   -0.274304 (VIOLATED)
_28311_/A1                              1.500000    1.774246   -0.274246 (VIOLATED)
_18665_/A1                              1.500000    1.774159   -0.274159 (VIOLATED)
_14339_/A1                              1.500000    1.772411   -0.272411 (VIOLATED)
_14475_/A1                              1.500000    1.772294   -0.272294 (VIOLATED)
_14407_/A1                              1.500000    1.772162   -0.272162 (VIOLATED)
_14441_/A1                              1.500000    1.772060   -0.272060 (VIOLATED)
_14373_/A1                              1.500000    1.772026   -0.272026 (VIOLATED)
_14509_/A1                              1.500000    1.769560   -0.269560 (VIOLATED)
_14543_/A1                              1.500000    1.768016   -0.268016 (VIOLATED)
_14576_/A1                              1.500000    1.767871   -0.267871 (VIOLATED)
_14789_/A1                              1.500000    1.754261   -0.254261 (VIOLATED)
_14858_/A1                              1.500000    1.751737   -0.251737 (VIOLATED)
_14754_/A0                              1.500000    1.745302   -0.245302 (VIOLATED)
_21109_/A1                              1.500000    1.745294   -0.245294 (VIOLATED)
_20759_/A1                              1.500000    1.745022   -0.245022 (VIOLATED)
_23372_/A1                              1.500000    1.744976   -0.244976 (VIOLATED)
_23895_/A1                              1.500000    1.744350   -0.244350 (VIOLATED)
_22676_/A1                              1.500000    1.742722   -0.242722 (VIOLATED)
_18599_/A0                              1.500000    1.742225   -0.242225 (VIOLATED)
_15027_/A1                              1.500000    1.741748   -0.241748 (VIOLATED)
_22501_/A1                              1.500000    1.741681   -0.241681 (VIOLATED)
_15061_/A1                              1.500000    1.741659   -0.241659 (VIOLATED)
_15095_/A1                              1.500000    1.738626   -0.238626 (VIOLATED)
_17039_/A0                              1.500000    1.738590   -0.238590 (VIOLATED)
_16808_/A1                              1.500000    1.738581   -0.238581 (VIOLATED)
_16377_/A0                              1.500000    1.738524   -0.238524 (VIOLATED)
_16874_/A0                              1.500000    1.738454   -0.238454 (VIOLATED)
_24068_/A1                              1.500000    1.738095   -0.238095 (VIOLATED)
_18061_/A0                              1.500000    1.737919   -0.237919 (VIOLATED)
_18094_/A0                              1.500000    1.737793   -0.237793 (VIOLATED)
_18127_/A1                              1.500000    1.737496   -0.237496 (VIOLATED)
ANTENNA_167/DIODE                       1.500000    1.736646   -0.236646 (VIOLATED)
_18226_/A0                              1.500000    1.736568   -0.236568 (VIOLATED)
_19542_/A1                              1.500000    1.736426   -0.236426 (VIOLATED)
_24416_/A1                              1.500000    1.735237   -0.235237 (VIOLATED)
_14823_/A1                              1.500000    1.732060   -0.232060 (VIOLATED)
_14614_/A0                              1.500000    1.731962   -0.231962 (VIOLATED)
_14686_/A0                              1.500000    1.731923   -0.231923 (VIOLATED)
_19888_/A1                              1.500000    1.731498   -0.231498 (VIOLATED)
_14721_/A1                              1.500000    1.731485   -0.231485 (VIOLATED)
_16344_/A1                              1.500000    1.731474   -0.231474 (VIOLATED)
_16244_/A1                              1.500000    1.730205   -0.230206 (VIOLATED)
_16277_/A1                              1.500000    1.728854   -0.228854 (VIOLATED)
_15128_/A1                              1.500000    1.728025   -0.228025 (VIOLATED)
_17600_/A0                              1.500000    1.727423   -0.227423 (VIOLATED)
_16510_/A0                              1.500000    1.726067   -0.226067 (VIOLATED)
_23197_/A1                              1.500000    1.725485   -0.225485 (VIOLATED)
_16643_/A0                              1.500000    1.724553   -0.224553 (VIOLATED)
_17633_/A1                              1.500000    1.724177   -0.224177 (VIOLATED)
_17798_/A0                              1.500000    1.724108   -0.224108 (VIOLATED)
_14926_/A1                              1.500000    1.723820   -0.223820 (VIOLATED)
_19715_/A1                              1.500000    1.721898   -0.221898 (VIOLATED)
_14892_/A0                              1.500000    1.719386   -0.219386 (VIOLATED)
_18566_/A1                              1.500000    1.719020   -0.219020 (VIOLATED)
_20061_/A1                              1.500000    1.718965   -0.218965 (VIOLATED)
_17138_/A0                              1.500000    1.715982   -0.215982 (VIOLATED)
_20236_/A1                              1.500000    1.714812   -0.214812 (VIOLATED)
_17567_/A1                              1.500000    1.713547   -0.213547 (VIOLATED)
_17270_/A1                              1.500000    1.713472   -0.213472 (VIOLATED)
_16311_/A1                              1.500000    1.711663   -0.211663 (VIOLATED)
_14960_/A1                              1.500000    1.710763   -0.210763 (VIOLATED)
_17171_/A0                              1.500000    1.710243   -0.210243 (VIOLATED)
_17929_/A1                              1.500000    1.710236   -0.210236 (VIOLATED)
_17204_/A0                              1.500000    1.710204   -0.210204 (VIOLATED)
_17962_/A0                              1.500000    1.710127   -0.210127 (VIOLATED)
ANTENNA_146/DIODE                       1.500000    1.709870   -0.209870 (VIOLATED)
_21978_/A1                              1.500000    1.708309   -0.208309 (VIOLATED)
_17105_/A0                              1.500000    1.703594   -0.203594 (VIOLATED)
_19090_/A1                              1.500000    1.702546   -0.202547 (VIOLATED)
_17303_/A1                              1.500000    1.699685   -0.199685 (VIOLATED)
_23547_/A1                              1.500000    1.697422   -0.197422 (VIOLATED)
_24838_/A1                              1.500000    1.696210   -0.196210 (VIOLATED)
_25109_/A1                              1.500000    1.694936   -0.194936 (VIOLATED)
_25175_/A1                              1.500000    1.694882   -0.194882 (VIOLATED)
_25076_/A0                              1.500000    1.694701   -0.194701 (VIOLATED)
_24779_/A0                              1.500000    1.694602   -0.194602 (VIOLATED)
_25142_/A1                              1.500000    1.694519   -0.194519 (VIOLATED)
_24713_/A0                              1.500000    1.694224   -0.194224 (VIOLATED)
_24746_/A0                              1.500000    1.693908   -0.193909 (VIOLATED)
_25010_/A1                              1.500000    1.693752   -0.193752 (VIOLATED)
_17336_/A1                              1.500000    1.693486   -0.193486 (VIOLATED)
_25274_/A1                              1.500000    1.692905   -0.192905 (VIOLATED)
_25208_/A0                              1.500000    1.692868   -0.192868 (VIOLATED)
_25307_/A1                              1.500000    1.692859   -0.192859 (VIOLATED)
_25241_/A1                              1.500000    1.692503   -0.192503 (VIOLATED)
_25340_/A1                              1.500000    1.691722   -0.191722 (VIOLATED)
_19031_/A1                              1.500000    1.689578   -0.189578 (VIOLATED)
_17435_/A1                              1.500000    1.689289   -0.189289 (VIOLATED)
_22328_/A1                              1.500000    1.689283   -0.189283 (VIOLATED)
_17369_/A1                              1.500000    1.689216   -0.189216 (VIOLATED)
_25439_/A1                              1.500000    1.688927   -0.188927 (VIOLATED)
_16742_/A1                              1.500000    1.688311   -0.188311 (VIOLATED)
_25406_/A1                              1.500000    1.687926   -0.187926 (VIOLATED)
_25736_/A0                              1.500000    1.678033   -0.178033 (VIOLATED)
_26567_/A0                              1.500000    1.677212   -0.177212 (VIOLATED)
_26534_/A0                              1.500000    1.677153   -0.177153 (VIOLATED)
_26600_/A0                              1.500000    1.677150   -0.177150 (VIOLATED)
_26633_/A1                              1.500000    1.676871   -0.176871 (VIOLATED)
_27425_/A1                              1.500000    1.676814   -0.176814 (VIOLATED)
_27326_/A0                              1.500000    1.676781   -0.176781 (VIOLATED)
_18704_/A1                              1.500000    1.676512   -0.176512 (VIOLATED)
_26666_/A0                              1.500000    1.676381   -0.176381 (VIOLATED)
_27458_/A1                              1.500000    1.676335   -0.176335 (VIOLATED)
_27491_/A1                              1.500000    1.675844   -0.175844 (VIOLATED)
_27557_/A1                              1.500000    1.675739   -0.175739 (VIOLATED)
_27392_/A1                              1.500000    1.675488   -0.175488 (VIOLATED)
_25835_/A1                              1.500000    1.675450   -0.175450 (VIOLATED)
_27524_/A1                              1.500000    1.675344   -0.175344 (VIOLATED)
_18904_/A1                              1.500000    1.675152   -0.175152 (VIOLATED)
_15857_/A1                              1.500000    1.674527   -0.174527 (VIOLATED)
_18871_/A1                              1.500000    1.674431   -0.174431 (VIOLATED)
_27260_/A1                              1.500000    1.674385   -0.174385 (VIOLATED)
_27194_/A0                              1.500000    1.674122   -0.174122 (VIOLATED)
_26996_/A1                              1.500000    1.673596   -0.173596 (VIOLATED)
_27227_/A1                              1.500000    1.673394   -0.173394 (VIOLATED)
_25769_/A1                              1.500000    1.673260   -0.173260 (VIOLATED)
_27293_/A1                              1.500000    1.673164   -0.173165 (VIOLATED)
_27128_/A0                              1.500000    1.673059   -0.173059 (VIOLATED)
_27062_/A0                              1.500000    1.673034   -0.173034 (VIOLATED)
_26930_/A1                              1.500000    1.672936   -0.172936 (VIOLATED)
_25802_/A1                              1.500000    1.672801   -0.172801 (VIOLATED)
_25868_/A1                              1.500000    1.672746   -0.172746 (VIOLATED)
_27095_/A0                              1.500000    1.671320   -0.171320 (VIOLATED)
_27161_/A1                              1.500000    1.671246   -0.171246 (VIOLATED)
_15824_/A0                              1.500000    1.670902   -0.170902 (VIOLATED)
_15725_/A0                              1.500000    1.670795   -0.170795 (VIOLATED)
_15692_/A1                              1.500000    1.670769   -0.170769 (VIOLATED)
ANTENNA_147/DIODE                       1.500000    1.670407   -0.170407 (VIOLATED)
_26732_/A1                              1.500000    1.670238   -0.170238 (VIOLATED)
_26765_/A1                              1.500000    1.670127   -0.170127 (VIOLATED)
_26798_/A0                              1.500000    1.669754   -0.169754 (VIOLATED)
_26831_/A1                              1.500000    1.669658   -0.169658 (VIOLATED)
_26963_/A1                              1.500000    1.669468   -0.169468 (VIOLATED)
_26897_/A1                              1.500000    1.668787   -0.168787 (VIOLATED)
_25966_/A1                              1.500000    1.667967   -0.167967 (VIOLATED)
_25901_/A1                              1.500000    1.667962   -0.167962 (VIOLATED)
_25934_/A1                              1.500000    1.667433   -0.167433 (VIOLATED)
_26864_/A1                              1.500000    1.667295   -0.167295 (VIOLATED)
_18938_/A1                              1.500000    1.666617   -0.166617 (VIOLATED)
_16022_/A1                              1.500000    1.666493   -0.166493 (VIOLATED)
_26303_/A0                              1.500000    1.666426   -0.166426 (VIOLATED)
_26270_/A0                              1.500000    1.666306   -0.166306 (VIOLATED)
_18467_/A1                              1.500000    1.666262   -0.166262 (VIOLATED)
_16055_/A1                              1.500000    1.666111   -0.166111 (VIOLATED)
_26402_/A0                              1.500000    1.666098   -0.166098 (VIOLATED)
_15956_/A0                              1.500000    1.666071   -0.166071 (VIOLATED)
_15758_/A0                              1.500000    1.665566   -0.165566 (VIOLATED)
_25597_/A1                              1.500000    1.665056   -0.165056 (VIOLATED)
_15791_/A1                              1.500000    1.664983   -0.164983 (VIOLATED)
_25670_/A1                              1.500000    1.664682   -0.164682 (VIOLATED)
_18997_/A1                              1.500000    1.662180   -0.162180 (VIOLATED)
_16088_/A1                              1.500000    1.661800   -0.161800 (VIOLATED)
_15890_/A1                              1.500000    1.661767   -0.161767 (VIOLATED)
_15923_/A1                              1.500000    1.661531   -0.161531 (VIOLATED)
_25564_/A0                              1.500000    1.661051   -0.161051 (VIOLATED)
_16856_/A0                              1.500000    1.660934   -0.160934 (VIOLATED)
_16790_/A1                              1.500000    1.660933   -0.160933 (VIOLATED)
_18043_/A0                              1.500000    1.660875   -0.160875 (VIOLATED)
_25505_/A0                              1.500000    1.660699   -0.160699 (VIOLATED)
_18109_/A1                              1.500000    1.660595   -0.160595 (VIOLATED)
_16359_/A0                              1.500000    1.660331   -0.160331 (VIOLATED)
_18208_/A0                              1.500000    1.659390   -0.159390 (VIOLATED)
_17021_/A0                              1.500000    1.659376   -0.159376 (VIOLATED)
_18076_/A0                              1.500000    1.659309   -0.159309 (VIOLATED)
_16226_/A1                              1.500000    1.657463   -0.157463 (VIOLATED)
_16326_/A1                              1.500000    1.657029   -0.157029 (VIOLATED)
_16259_/A1                              1.500000    1.656194   -0.156194 (VIOLATED)
_17582_/A0                              1.500000    1.656147   -0.156147 (VIOLATED)
_16154_/A1                              1.500000    1.656102   -0.156102 (VIOLATED)
_25637_/A1                              1.500000    1.655817   -0.155817 (VIOLATED)
_25604_/A0                              1.500000    1.655598   -0.155598 (VIOLATED)
_26468_/A1                              1.500000    1.655421   -0.155421 (VIOLATED)
_25472_/A0                              1.500000    1.655295   -0.155295 (VIOLATED)
_25571_/A1                              1.500000    1.654490   -0.154490 (VIOLATED)
_16492_/A0                              1.500000    1.654432   -0.154432 (VIOLATED)
_16625_/A0                              1.500000    1.654401   -0.154401 (VIOLATED)
_17615_/A1                              1.500000    1.653036   -0.153036 (VIOLATED)
_25531_/A0                              1.500000    1.652621   -0.152621 (VIOLATED)
_25538_/A0                              1.500000    1.651542   -0.151542 (VIOLATED)
_17780_/A0                              1.500000    1.651206   -0.151206 (VIOLATED)
_17840_/A0                              1.500000    1.650932   -0.150932 (VIOLATED)
_16121_/A1                              1.500000    1.650929   -0.150929 (VIOLATED)
_25663_/A1                              1.500000    1.650563   -0.150563 (VIOLATED)
_25630_/A0                              1.500000    1.650499   -0.150499 (VIOLATED)
_27682_/A0                              1.500000    1.648321   -0.148321 (VIOLATED)
_28012_/A0                              1.500000    1.648157   -0.148157 (VIOLATED)
_27352_/A0                              1.500000    1.647847   -0.147847 (VIOLATED)
_24944_/A1                              1.500000    1.647842   -0.147843 (VIOLATED)
_15656_/A1                              1.500000    1.647777   -0.147777 (VIOLATED)
_14648_/A0                              1.500000    1.647678   -0.147678 (VIOLATED)
_15325_/A0                              1.500000    1.647657   -0.147657 (VIOLATED)
_22498_/C1                              1.500000    1.647590   -0.147590 (VIOLATED)
_26435_/A1                              1.500000    1.647444   -0.147444 (VIOLATED)
_14990_/A0                              1.500000    1.647205   -0.147205 (VIOLATED)
_17120_/A0                              1.500000    1.645856   -0.145857 (VIOLATED)
_24845_/A1                              1.500000    1.645577   -0.145577 (VIOLATED)
_18830_/A1                              1.500000    1.645336   -0.145336 (VIOLATED)
_16384_/A0                              1.500000    1.645269   -0.145269 (VIOLATED)
_25498_/A0                              1.500000    1.645116   -0.145116 (VIOLATED)
_24878_/A1                              1.500000    1.644983   -0.144983 (VIOLATED)
_15986_/A0                              1.500000    1.643483   -0.143483 (VIOLATED)
_26336_/A0                              1.500000    1.643302   -0.143302 (VIOLATED)
_26501_/A1                              1.500000    1.643067   -0.143067 (VIOLATED)
_17739_/A0                              1.500000    1.641959   -0.141959 (VIOLATED)
_17673_/A0                              1.500000    1.641676   -0.141676 (VIOLATED)
_16451_/A1                              1.500000    1.641435   -0.141435 (VIOLATED)
_16293_/A1                              1.500000    1.641113   -0.141113 (VIOLATED)
_23194_/C1                              1.500000    1.640807   -0.140807 (VIOLATED)
_17343_/A1                              1.500000    1.639822   -0.139822 (VIOLATED)
_19023_/A1                              1.500000    1.639088   -0.139088 (VIOLATED)
_25960_/A1                              1.500000    1.639076   -0.139076 (VIOLATED)
_25696_/A1                              1.500000    1.638999   -0.138999 (VIOLATED)
_17549_/A1                              1.500000    1.638656   -0.138656 (VIOLATED)
_17911_/A1                              1.500000    1.635868   -0.135868 (VIOLATED)
_16716_/A1                              1.500000    1.635113   -0.135113 (VIOLATED)
_17310_/A1                              1.500000    1.634798   -0.134798 (VIOLATED)
_17153_/A0                              1.500000    1.633854   -0.133854 (VIOLATED)
_17186_/A0                              1.500000    1.633818   -0.133818 (VIOLATED)
_24065_/C1                              1.500000    1.633775   -0.133775 (VIOLATED)
_17252_/A1                              1.500000    1.633737   -0.133737 (VIOLATED)
_17944_/A0                              1.500000    1.633545   -0.133545 (VIOLATED)
_17409_/A1                              1.500000    1.632891   -0.132891 (VIOLATED)
_24812_/A1                              1.500000    1.632748   -0.132748 (VIOLATED)
_17079_/A0                              1.500000    1.632620   -0.132620 (VIOLATED)
_17277_/A1                              1.500000    1.632564   -0.132565 (VIOLATED)
_19539_/C1                              1.500000    1.632557   -0.132557 (VIOLATED)
_15172_/A0                              1.500000    1.632462   -0.132462 (VIOLATED)
_15205_/A0                              1.500000    1.632395   -0.132395 (VIOLATED)
_20411_/A1                              1.500000    1.632384   -0.132384 (VIOLATED)
_15238_/A0                              1.500000    1.632292   -0.132292 (VIOLATED)
_24243_/A1                              1.500000    1.632281   -0.132281 (VIOLATED)
_15271_/A1                              1.500000    1.632219   -0.132219 (VIOLATED)
_15370_/A1                              1.500000    1.631818   -0.131818 (VIOLATED)
_15304_/A0                              1.500000    1.631807   -0.131807 (VIOLATED)
_18542_/A1                              1.500000    1.631759   -0.131759 (VIOLATED)
_25927_/A1                              1.500000    1.631751   -0.131752 (VIOLATED)
_15436_/A0                              1.500000    1.631505   -0.131505 (VIOLATED)
_15403_/A1                              1.500000    1.631444   -0.131444 (VIOLATED)
_24413_/C1                              1.500000    1.631386   -0.131386 (VIOLATED)
_19064_/A1                              1.500000    1.631256   -0.131256 (VIOLATED)
_20409_/A1                              1.500000    1.631080   -0.131080 (VIOLATED)
_15536_/A1                              1.500000    1.630880   -0.130880 (VIOLATED)
_19885_/C1                              1.500000    1.630412   -0.130412 (VIOLATED)
_21457_/A1                              1.500000    1.630180   -0.130180 (VIOLATED)
_15502_/A1                              1.500000    1.630128   -0.130128 (VIOLATED)
_26006_/A0                              1.500000    1.630125   -0.130125 (VIOLATED)
_15635_/A1                              1.500000    1.630032   -0.130032 (VIOLATED)
_18509_/A1                              1.500000    1.629882   -0.129882 (VIOLATED)
_15602_/A1                              1.500000    1.629770   -0.129770 (VIOLATED)
_19712_/C1                              1.500000    1.629491   -0.129491 (VIOLATED)
_26105_/A1                              1.500000    1.629399   -0.129399 (VIOLATED)
_27859_/A0                              1.500000    1.629145   -0.129145 (VIOLATED)
_27892_/A1                              1.500000    1.629007   -0.129007 (VIOLATED)
_17442_/A1                              1.500000    1.628982   -0.128982 (VIOLATED)
_15469_/A1                              1.500000    1.628923   -0.128923 (VIOLATED)
_15569_/A1                              1.500000    1.628654   -0.128654 (VIOLATED)
_27958_/A1                              1.500000    1.627985   -0.127985 (VIOLATED)
_28057_/A1                              1.500000    1.627499   -0.127499 (VIOLATED)
_28090_/A1                              1.500000    1.627358   -0.127358 (VIOLATED)
_18776_/A1                              1.500000    1.627275   -0.127275 (VIOLATED)
_17870_/A1                              1.500000    1.627091   -0.127091 (VIOLATED)
_20058_/C1                              1.500000    1.627026   -0.127026 (VIOLATED)
_17805_/A0                              1.500000    1.626993   -0.126993 (VIOLATED)
_18266_/A0                              1.500000    1.626976   -0.126976 (VIOLATED)
_27991_/A1                              1.500000    1.626962   -0.126962 (VIOLATED)
_16418_/A0                              1.500000    1.626899   -0.126899 (VIOLATED)
_18299_/A0                              1.500000    1.626875   -0.126875 (VIOLATED)
_17706_/A1                              1.500000    1.626865   -0.126865 (VIOLATED)
_18167_/A1                              1.500000    1.626792   -0.126792 (VIOLATED)
_24911_/A1                              1.500000    1.626554   -0.126554 (VIOLATED)
_18365_/A0                              1.500000    1.626534   -0.126534 (VIOLATED)
_25992_/A1                              1.500000    1.626534   -0.126534 (VIOLATED)
_18134_/A0                              1.500000    1.626495   -0.126495 (VIOLATED)
_17475_/A0                              1.500000    1.626351   -0.126351 (VIOLATED)
_17508_/A0                              1.500000    1.626268   -0.126268 (VIOLATED)
_27925_/A1                              1.500000    1.626236   -0.126236 (VIOLATED)
_26004_/A0                              1.500000    1.625567   -0.125567 (VIOLATED)
_26136_/A0                              1.500000    1.625550   -0.125550 (VIOLATED)
_26169_/A0                              1.500000    1.625323   -0.125323 (VIOLATED)
_26202_/A0                              1.500000    1.625232   -0.125232 (VIOLATED)
_21975_/C1                              1.500000    1.624976   -0.124976 (VIOLATED)
_23722_/A1                              1.500000    1.624963   -0.124963 (VIOLATED)
_26235_/A1                              1.500000    1.624963   -0.124963 (VIOLATED)
_26103_/A1                              1.500000    1.624863   -0.124863 (VIOLATED)
_26070_/A0                              1.500000    1.624715   -0.124715 (VIOLATED)
_18969_/A0                              1.500000    1.623949   -0.123949 (VIOLATED)
_25894_/A1                              1.500000    1.623634   -0.123634 (VIOLATED)
_23024_/A1                              1.500000    1.623471   -0.123471 (VIOLATED)
_18797_/A0                              1.500000    1.623035   -0.123035 (VIOLATED)
_25043_/A1                              1.500000    1.621819   -0.121819 (VIOLATED)
_25828_/A1                              1.500000    1.621647   -0.121647 (VIOLATED)
_17640_/A0                              1.500000    1.621102   -0.121102 (VIOLATED)
_26072_/A0                              1.500000    1.620866   -0.120866 (VIOLATED)
_22851_/A1                              1.500000    1.620852   -0.120852 (VIOLATED)
_19072_/A1                              1.500000    1.620334   -0.120334 (VIOLATED)
_22326_/A1                              1.500000    1.620226   -0.120226 (VIOLATED)
_26168_/A0                              1.500000    1.620102   -0.120102 (VIOLATED)
_26135_/A0                              1.500000    1.620065   -0.120065 (VIOLATED)
_26201_/A0                              1.500000    1.619967   -0.119967 (VIOLATED)
_26234_/A1                              1.500000    1.619951   -0.119951 (VIOLATED)
_26895_/A1                              1.500000    1.619708   -0.119708 (VIOLATED)
_26003_/A0                              1.500000    1.619280   -0.119280 (VIOLATED)
_25861_/A1                              1.500000    1.619143   -0.119143 (VIOLATED)
_26102_/A1                              1.500000    1.619140   -0.119140 (VIOLATED)
_23545_/A1                              1.500000    1.618598   -0.118598 (VIOLATED)
_26862_/A1                              1.500000    1.618548   -0.118548 (VIOLATED)
_27456_/A1                              1.500000    1.618404   -0.118404 (VIOLATED)
_27522_/A1                              1.500000    1.618353   -0.118353 (VIOLATED)
_27258_/A1                              1.500000    1.618296   -0.118296 (VIOLATED)
_26069_/A0                              1.500000    1.618233   -0.118233 (VIOLATED)
_27225_/A1                              1.500000    1.618231   -0.118231 (VIOLATED)
_27555_/A1                              1.500000    1.618211   -0.118211 (VIOLATED)
_27192_/A0                              1.500000    1.617994   -0.117994 (VIOLATED)
_19369_/A1                              1.500000    1.617724   -0.117724 (VIOLATED)
_27159_/A1                              1.500000    1.617620   -0.117620 (VIOLATED)
_27093_/A0                              1.500000    1.617527   -0.117527 (VIOLATED)
_27126_/A0                              1.500000    1.617490   -0.117490 (VIOLATED)
_26796_/A0                              1.500000    1.617420   -0.117420 (VIOLATED)
_27060_/A0                              1.500000    1.617359   -0.117359 (VIOLATED)
_18968_/A0                              1.500000    1.617314   -0.117314 (VIOLATED)
_27291_/A1                              1.500000    1.617285   -0.117285 (VIOLATED)
_27489_/A1                              1.500000    1.617246   -0.117246 (VIOLATED)
_27390_/A1                              1.500000    1.616993   -0.116993 (VIOLATED)
_20234_/A1                              1.500000    1.616825   -0.116825 (VIOLATED)
_27423_/A1                              1.500000    1.616421   -0.116421 (VIOLATED)
_26300_/A0                              1.500000    1.616115   -0.116115 (VIOLATED)
_26267_/A0                              1.500000    1.615954   -0.115954 (VIOLATED)
_24820_/A1                              1.500000    1.615740   -0.115740 (VIOLATED)
_25795_/A1                              1.500000    1.615347   -0.115347 (VIOLATED)
_20756_/C1                              1.500000    1.614941   -0.114941 (VIOLATED)
_17936_/A0                              1.500000    1.614931   -0.114931 (VIOLATED)
_26829_/A1                              1.500000    1.614840   -0.114840 (VIOLATED)
_26204_/A0                              1.500000    1.614827   -0.114827 (VIOLATED)
_18971_/A0                              1.500000    1.614759   -0.114759 (VIOLATED)
_26237_/A1                              1.500000    1.614644   -0.114644 (VIOLATED)
_18935_/A1                              1.500000    1.614620   -0.114620 (VIOLATED)
_26465_/A1                              1.500000    1.613987   -0.113987 (VIOLATED)
_17903_/A1                              1.500000    1.613857   -0.113857 (VIOLATED)
_18702_/A1                              1.500000    1.613762   -0.113762 (VIOLATED)
_26333_/A0                              1.500000    1.613741   -0.113741 (VIOLATED)
_17351_/A1                              1.500000    1.613380   -0.113380 (VIOLATED)
_17417_/A1                              1.500000    1.613234   -0.113234 (VIOLATED)
_17285_/A1                              1.500000    1.613027   -0.113027 (VIOLATED)
_23892_/C1                              1.500000    1.612971   -0.112971 (VIOLATED)
_21630_/A1                              1.500000    1.612643   -0.112643 (VIOLATED)
_17244_/A1                              1.500000    1.612549   -0.112549 (VIOLATED)
_26171_/A0                              1.500000    1.612261   -0.112261 (VIOLATED)
_26138_/A0                              1.500000    1.612166   -0.112166 (VIOLATED)
_17087_/A0                              1.500000    1.612118   -0.112118 (VIOLATED)
_27324_/A0                              1.500000    1.612051   -0.112051 (VIOLATED)
_26498_/A1                              1.500000    1.612023   -0.112024 (VIOLATED)
_26928_/A1                              1.500000    1.611645   -0.111645 (VIOLATED)
_22674_/A1                              1.500000    1.611241   -0.111241 (VIOLATED)
_26432_/A1                              1.500000    1.610277   -0.110277 (VIOLATED)
_17178_/A0                              1.500000    1.608986   -0.108986 (VIOLATED)
_17145_/A0                              1.500000    1.608911   -0.108911 (VIOLATED)
_26961_/A1                              1.500000    1.608729   -0.108729 (VIOLATED)
_22153_/A1                              1.500000    1.608659   -0.108659 (VIOLATED)
_26399_/A0                              1.500000    1.608646   -0.108646 (VIOLATED)
_17541_/A1                              1.500000    1.608641   -0.108641 (VIOLATED)
_17112_/A0                              1.500000    1.608637   -0.108637 (VIOLATED)
_16285_/A1                              1.500000    1.608617   -0.108617 (VIOLATED)
_25762_/A0                              1.500000    1.608412   -0.108412 (VIOLATED)
_15427_/A0                              1.500000    1.608081   -0.108081 (VIOLATED)
_26499_/A1                              1.500000    1.607329   -0.107329 (VIOLATED)
_18869_/A1                              1.500000    1.607221   -0.107221 (VIOLATED)
_26466_/A1                              1.500000    1.607210   -0.107210 (VIOLATED)
_17318_/A1                              1.500000    1.607073   -0.107073 (VIOLATED)
_16724_/A1                              1.500000    1.606843   -0.106843 (VIOLATED)
_19201_/A1                              1.500000    1.606834   -0.106834 (VIOLATED)
_26994_/A1                              1.500000    1.606338   -0.106338 (VIOLATED)
_21107_/A1                              1.500000    1.604657   -0.104657 (VIOLATED)
_26664_/A0                              1.500000    1.603903   -0.103903 (VIOLATED)
_23370_/A1                              1.500000    1.603384   -0.103384 (VIOLATED)
_17053_/A0                              1.500000    1.603159   -0.103159 (VIOLATED)
_27562_/A1                              1.500000    1.603131   -0.103132 (VIOLATED)
_27463_/A1                              1.500000    1.602732   -0.102732 (VIOLATED)
_20934_/A1                              1.500000    1.602438   -0.102438 (VIOLATED)
_20586_/A1                              1.500000    1.601618   -0.101618 (VIOLATED)
_21805_/A1                              1.500000    1.601614   -0.101614 (VIOLATED)
_27529_/A1                              1.500000    1.601565   -0.101565 (VIOLATED)
_18431_/A1                              1.500000    1.599850   -0.099850 (VIOLATED)
_15560_/A1                              1.500000    1.599449   -0.099449 (VIOLATED)
_27496_/A1                              1.500000    1.598572   -0.098572 (VIOLATED)
_16954_/A1                              1.500000    1.597755   -0.097755 (VIOLATED)
_26762_/A1                              1.500000    1.597161   -0.097161 (VIOLATED)
_26861_/A1                              1.500000    1.597036   -0.097036 (VIOLATED)
_18901_/A1                              1.500000    1.597020   -0.097020 (VIOLATED)
_26993_/A1                              1.500000    1.596292   -0.096292 (VIOLATED)
_26894_/A1                              1.500000    1.596229   -0.096229 (VIOLATED)
_21282_/A1                              1.500000    1.596211   -0.096211 (VIOLATED)
_26795_/A0                              1.500000    1.596169   -0.096169 (VIOLATED)
_24241_/A1                              1.500000    1.596147   -0.096147 (VIOLATED)
_26828_/A1                              1.500000    1.596062   -0.096062 (VIOLATED)
_18868_/A1                              1.500000    1.595977   -0.095977 (VIOLATED)
_18398_/A1                              1.500000    1.595693   -0.095694 (VIOLATED)
_26960_/A1                              1.500000    1.595502   -0.095502 (VIOLATED)
_15626_/A1                              1.500000    1.594718   -0.094718 (VIOLATED)
_27298_/A1                              1.500000    1.594671   -0.094671 (VIOLATED)
_26927_/A1                              1.500000    1.594388   -0.094388 (VIOLATED)
_26564_/A0                              1.500000    1.593220   -0.093220 (VIOLATED)
_26531_/A0                              1.500000    1.592422   -0.092422 (VIOLATED)
_26630_/A1                              1.500000    1.592184   -0.092184 (VIOLATED)
_26763_/A1                              1.500000    1.592071   -0.092071 (VIOLATED)
_18233_/A1                              1.500000    1.592041   -0.092041 (VIOLATED)
_27199_/A0                              1.500000    1.591461   -0.091461 (VIOLATED)
_26730_/A1                              1.500000    1.590815   -0.090815 (VIOLATED)
_26597_/A0                              1.500000    1.589871   -0.089871 (VIOLATED)
_15593_/A1                              1.500000    1.589143   -0.089143 (VIOLATED)
_16551_/A1                              1.500000    1.589032   -0.089032 (VIOLATED)
_16518_/A1                              1.500000    1.588986   -0.088986 (VIOLATED)
_16584_/A0                              1.500000    1.588811   -0.088811 (VIOLATED)
_19097_/A1                              1.500000    1.588557   -0.088557 (VIOLATED)
_26663_/A0                              1.500000    1.588206   -0.088206 (VIOLATED)
_26683_/A0                              1.500000    1.586828   -0.086828 (VIOLATED)
_26815_/A0                              1.500000    1.586785   -0.086785 (VIOLATED)
_26848_/A1                              1.500000    1.586489   -0.086489 (VIOLATED)
_26914_/A1                              1.500000    1.586418   -0.086418 (VIOLATED)
_26881_/A1                              1.500000    1.586337   -0.086337 (VIOLATED)
_18888_/A1                              1.500000    1.586188   -0.086188 (VIOLATED)
_26980_/A1                              1.500000    1.586062   -0.086062 (VIOLATED)
_27013_/A1                              1.500000    1.586001   -0.086001 (VIOLATED)
_25513_/A0                              1.500000    1.585987   -0.085987 (VIOLATED)
_18921_/A1                              1.500000    1.585726   -0.085726 (VIOLATED)
_26782_/A1                              1.500000    1.585642   -0.085642 (VIOLATED)
_26749_/A1                              1.500000    1.585358   -0.085358 (VIOLATED)
_26584_/A0                              1.500000    1.585235   -0.085235 (VIOLATED)
_26947_/A1                              1.500000    1.585221   -0.085221 (VIOLATED)
_27232_/A1                              1.500000    1.585184   -0.085184 (VIOLATED)
_16888_/A0                              1.500000    1.585038   -0.085038 (VIOLATED)
_14301_/A0                              1.500000    1.584837   -0.084837 (VIOLATED)
_24977_/A0                              1.500000    1.584822   -0.084822 (VIOLATED)
_24680_/A0                              1.500000    1.584788   -0.084789 (VIOLATED)
_18332_/A0                              1.500000    1.584660   -0.084660 (VIOLATED)
_16914_/A0                              1.500000    1.584634   -0.084634 (VIOLATED)
_26551_/A0                              1.500000    1.584598   -0.084598 (VIOLATED)
_26692_/A1                              1.500000    1.584566   -0.084566 (VIOLATED)
_26617_/A0                              1.500000    1.584512   -0.084512 (VIOLATED)
_16683_/A1                              1.500000    1.584365   -0.084365 (VIOLATED)
_26650_/A1                              1.500000    1.584104   -0.084104 (VIOLATED)
_17211_/A1                              1.500000    1.584028   -0.084028 (VIOLATED)
_16756_/A1                              1.500000    1.583907   -0.083908 (VIOLATED)
_16657_/A1                              1.500000    1.583887   -0.083887 (VIOLATED)
_17969_/A0                              1.500000    1.583772   -0.083772 (VIOLATED)
_18009_/A0                              1.500000    1.583701   -0.083701 (VIOLATED)
_16980_/A0                              1.500000    1.583614   -0.083614 (VIOLATED)
_25612_/A0                              1.500000    1.583381   -0.083381 (VIOLATED)
_25465_/A1                              1.500000    1.583249   -0.083249 (VIOLATED)
_26362_/A1                              1.500000    1.582621   -0.082621 (VIOLATED)
_27067_/A0                              1.500000    1.582516   -0.082516 (VIOLATED)
_25645_/A1                              1.500000    1.582508   -0.082508 (VIOLATED)
_27133_/A0                              1.500000    1.582484   -0.082484 (VIOLATED)
_25546_/A0                              1.500000    1.582354   -0.082354 (VIOLATED)
_25579_/A1                              1.500000    1.582267   -0.082267 (VIOLATED)
_27265_/A1                              1.500000    1.582247   -0.082247 (VIOLATED)
_27166_/A1                              1.500000    1.582120   -0.082120 (VIOLATED)
_26729_/A1                              1.500000    1.582113   -0.082113 (VIOLATED)
_27100_/A0                              1.500000    1.581997   -0.081997 (VIOLATED)
_25480_/A0                              1.500000    1.581936   -0.081937 (VIOLATED)
_25678_/A1                              1.500000    1.581851   -0.081851 (VIOLATED)
_26032_/A0                              1.500000    1.581779   -0.081779 (VIOLATED)
_19005_/A1                              1.500000    1.581464   -0.081464 (VIOLATED)
_18636_/A0                              1.500000    1.581177   -0.081177 (VIOLATED)
_17376_/A0                              1.500000    1.580711   -0.080712 (VIOLATED)
_27022_/A1                              1.500000    1.580600   -0.080600 (VIOLATED)
_18500_/A1                              1.500000    1.580539   -0.080539 (VIOLATED)
_25373_/A0                              1.500000    1.580476   -0.080476 (VIOLATED)
_27397_/A1                              1.500000    1.580119   -0.080119 (VIOLATED)
_18902_/A1                              1.500000    1.580068   -0.080069 (VIOLATED)
_25942_/A1                              1.500000    1.579633   -0.079633 (VIOLATED)
_25974_/A1                              1.500000    1.579600   -0.079600 (VIOLATED)
_16184_/A0                              1.500000    1.579596   -0.079596 (VIOLATED)
_25703_/A1                              1.500000    1.579497   -0.079498 (VIOLATED)
_16251_/A1                              1.500000    1.578483   -0.078483 (VIOLATED)
_17574_/A0                              1.500000    1.578397   -0.078397 (VIOLATED)
_26433_/A1                              1.500000    1.578241   -0.078241 (VIOLATED)
_21803_/A1                              1.500000    1.577943   -0.077943 (VIOLATED)
_25909_/A1                              1.500000    1.577054   -0.077054 (VIOLATED)
_15163_/A0                              1.500000    1.576052   -0.076052 (VIOLATED)
_27430_/A1                              1.500000    1.575468   -0.075468 (VIOLATED)
_16822_/A1                              1.500000    1.575461   -0.075461 (VIOLATED)
_27508_/A1                              1.500000    1.574542   -0.074542 (VIOLATED)
_27574_/A1                              1.500000    1.574530   -0.074530 (VIOLATED)
_17772_/A0                              1.500000    1.574322   -0.074323 (VIOLATED)
_18721_/A1                              1.500000    1.573874   -0.073874 (VIOLATED)
_27805_/A1                              1.500000    1.573734   -0.073734 (VIOLATED)
_18755_/A1                              1.500000    1.573557   -0.073557 (VIOLATED)
_21455_/A1                              1.500000    1.573494   -0.073494 (VIOLATED)
_26400_/A0                              1.500000    1.573456   -0.073456 (VIOLATED)
_27673_/A0                              1.500000    1.573378   -0.073378 (VIOLATED)
_25432_/A1                              1.500000    1.573140   -0.073140 (VIOLATED)
_27475_/A1                              1.500000    1.572956   -0.072956 (VIOLATED)
_25843_/A1                              1.500000    1.572771   -0.072771 (VIOLATED)
_25876_/A1                              1.500000    1.572714   -0.072714 (VIOLATED)
_26334_/A0                              1.500000    1.572451   -0.072451 (VIOLATED)
_27607_/A0                              1.500000    1.572269   -0.072270 (VIOLATED)
_27541_/A1                              1.500000    1.572269   -0.072269 (VIOLATED)
_23720_/A1                              1.500000    1.572202   -0.072202 (VIOLATED)
_27640_/A0                              1.500000    1.571985   -0.071985 (VIOLATED)
_26532_/A0                              1.500000    1.571352   -0.071352 (VIOLATED)
_26268_/A0                              1.500000    1.571309   -0.071309 (VIOLATED)
_16484_/A0                              1.500000    1.571192   -0.071192 (VIOLATED)
_26565_/A0                              1.500000    1.571067   -0.071067 (VIOLATED)
_25366_/A1                              1.500000    1.570927   -0.070927 (VIOLATED)
_19057_/A1                              1.500000    1.570227   -0.070227 (VIOLATED)
_27772_/A1                              1.500000    1.568671   -0.068671 (VIOLATED)
_16650_/A1                              1.500000    1.568406   -0.068406 (VIOLATED)
_21279_/C1                              1.500000    1.568105   -0.068105 (VIOLATED)
_15460_/A1                              1.500000    1.567792   -0.067792 (VIOLATED)
_16617_/A0                              1.500000    1.567633   -0.067633 (VIOLATED)
_17607_/A1                              1.500000    1.567619   -0.067619 (VIOLATED)
_15527_/A1                              1.500000    1.567592   -0.067592 (VIOLATED)
_26598_/A0                              1.500000    1.567370   -0.067370 (VIOLATED)
_15493_/A1                              1.500000    1.567266   -0.067266 (VIOLATED)
_27331_/A0                              1.500000    1.567218   -0.067218 (VIOLATED)
_15229_/A0                              1.500000    1.566883   -0.066883 (VIOLATED)
_16749_/A1                              1.500000    1.566753   -0.066753 (VIOLATED)
_15262_/A1                              1.500000    1.566699   -0.066699 (VIOLATED)
_16218_/A1                              1.500000    1.566426   -0.066426 (VIOLATED)
_25810_/A1                              1.500000    1.565969   -0.065969 (VIOLATED)
_27838_/A1                              1.500000    1.565023   -0.065023 (VIOLATED)
_27112_/A0                              1.500000    1.564949   -0.064949 (VIOLATED)
_24588_/A1                              1.500000    1.564126   -0.064127 (VIOLATED)
_18709_/A1                              1.500000    1.563360   -0.063360 (VIOLATED)
_15196_/A0                              1.500000    1.563126   -0.063126 (VIOLATED)
_25333_/A1                              1.500000    1.563089   -0.063090 (VIOLATED)
_26631_/A1                              1.500000    1.562638   -0.062638 (VIOLATED)
_15295_/A0                              1.500000    1.561839   -0.061839 (VIOLATED)
_27739_/A0                              1.500000    1.561533   -0.061533 (VIOLATED)
_16786_/A1                              1.500000    1.560855   -0.060855 (VIOLATED)
_16852_/A0                              1.500000    1.560794   -0.060794 (VIOLATED)
_17017_/A0                              1.500000    1.560374   -0.060374 (VIOLATED)
_18072_/A0                              1.500000    1.560357   -0.060357 (VIOLATED)
_16355_/A0                              1.500000    1.560330   -0.060330 (VIOLATED)
_18039_/A0                              1.500000    1.560277   -0.060278 (VIOLATED)
_18105_/A1                              1.500000    1.560202   -0.060202 (VIOLATED)
_16318_/A1                              1.500000    1.560089   -0.060089 (VIOLATED)
_18002_/A0                              1.500000    1.559618   -0.059618 (VIOLATED)
_16815_/A1                              1.500000    1.559091   -0.059091 (VIOLATED)
_27079_/A0                              1.500000    1.558517   -0.058517 (VIOLATED)
_27178_/A1                              1.500000    1.558475   -0.058475 (VIOLATED)
_18204_/A0                              1.500000    1.558458   -0.058458 (VIOLATED)
_25744_/A0                              1.500000    1.558298   -0.058298 (VIOLATED)
_16322_/A1                              1.500000    1.557188   -0.057188 (VIOLATED)
_16222_/A1                              1.500000    1.557126   -0.057126 (VIOLATED)
_16488_/A0                              1.500000    1.556951   -0.056951 (VIOLATED)
_17611_/A1                              1.500000    1.556676   -0.056676 (VIOLATED)
_16255_/A1                              1.500000    1.556465   -0.056465 (VIOLATED)
_17578_/A0                              1.500000    1.556140   -0.056140 (VIOLATED)
_18936_/A1                              1.500000    1.555911   -0.055911 (VIOLATED)
_16690_/A1                              1.500000    1.555335   -0.055335 (VIOLATED)
_23021_/C1                              1.500000    1.555250   -0.055250 (VIOLATED)
_25300_/A1                              1.500000    1.555090   -0.055090 (VIOLATED)
_16621_/A0                              1.500000    1.554980   -0.054980 (VIOLATED)
_27145_/A0                              1.500000    1.554643   -0.054643 (VIOLATED)
_25777_/A1                              1.500000    1.553711   -0.053711 (VIOLATED)
_18240_/A1                              1.500000    1.553649   -0.053649 (VIOLATED)
_17776_/A0                              1.500000    1.553396   -0.053396 (VIOLATED)
_16881_/A0                              1.500000    1.553135   -0.053135 (VIOLATED)
_17013_/A0                              1.500000    1.552624   -0.052624 (VIOLATED)
_18533_/A1                              1.500000    1.552525   -0.052525 (VIOLATED)
_26301_/A0                              1.500000    1.551046   -0.051046 (VIOLATED)
_16351_/A0                              1.500000    1.550407   -0.050407 (VIOLATED)
_25447_/A1                              1.500000    1.550383   -0.050383 (VIOLATED)
_19366_/C1                              1.500000    1.549991   -0.049991 (VIOLATED)
_27277_/A1                              1.500000    1.548007   -0.048007 (VIOLATED)
_27310_/A1                              1.500000    1.547945   -0.047945 (VIOLATED)
_27455_/A1                              1.500000    1.546711   -0.046711 (VIOLATED)
_25414_/A1                              1.500000    1.546345   -0.046345 (VIOLATED)
_17545_/A1                              1.500000    1.545576   -0.045576 (VIOLATED)
_20932_/A1                              1.500000    1.545457   -0.045457 (VIOLATED)
_27488_/A1                              1.500000    1.545036   -0.045036 (VIOLATED)
_16782_/A1                              1.500000    1.544584   -0.044584 (VIOLATED)
_26181_/A0                              1.500000    1.544198   -0.044198 (VIOLATED)
_26148_/A0                              1.500000    1.544135   -0.044135 (VIOLATED)
_26214_/A0                              1.500000    1.544058   -0.044058 (VIOLATED)
_26247_/A1                              1.500000    1.543901   -0.043902 (VIOLATED)
_17248_/A1                              1.500000    1.543851   -0.043851 (VIOLATED)
_17907_/A1                              1.500000    1.543725   -0.043725 (VIOLATED)
_27521_/A1                              1.500000    1.543672   -0.043673 (VIOLATED)
_18981_/A0                              1.500000    1.543658   -0.043658 (VIOLATED)
_26115_/A1                              1.500000    1.543586   -0.043586 (VIOLATED)
_25267_/A1                              1.500000    1.543418   -0.043418 (VIOLATED)
_16848_/A0                              1.500000    1.543412   -0.043412 (VIOLATED)
_17046_/A0                              1.500000    1.543137   -0.043137 (VIOLATED)
_26082_/A0                              1.500000    1.542907   -0.042907 (VIOLATED)
_26016_/A0                              1.500000    1.542065   -0.042065 (VIOLATED)
_16947_/A1                              1.500000    1.542025   -0.042025 (VIOLATED)
_17940_/A0                              1.500000    1.541496   -0.041496 (VIOLATED)
_15394_/A1                              1.500000    1.541491   -0.041491 (VIOLATED)
_18629_/A0                              1.500000    1.541431   -0.041431 (VIOLATED)
ANTENNA_120/DIODE                       1.500000    1.541399   -0.041399 (VIOLATED)
_18438_/A1                              1.500000    1.540835   -0.040835 (VIOLATED)
_27244_/A1                              1.500000    1.540687   -0.040687 (VIOLATED)
_26280_/A0                              1.500000    1.540482   -0.040482 (VIOLATED)
_28258_/A1                              1.500000    1.540033   -0.040033 (VIOLATED)
_27904_/A1                              1.500000    1.540002   -0.040002 (VIOLATED)
_28323_/A1                              1.500000    1.539961   -0.039961 (VIOLATED)
_28291_/A1                              1.500000    1.539928   -0.039929 (VIOLATED)
_27871_/A0                              1.500000    1.539856   -0.039856 (VIOLATED)
_27970_/A1                              1.500000    1.539847   -0.039847 (VIOLATED)
_27554_/A1                              1.500000    1.539748   -0.039748 (VIOLATED)
_28192_/A1                              1.500000    1.539568   -0.039568 (VIOLATED)
_28003_/A1                              1.500000    1.539564   -0.039564 (VIOLATED)
_28102_/A1                              1.500000    1.539545   -0.039545 (VIOLATED)
_18677_/A1                              1.500000    1.539502   -0.039502 (VIOLATED)
_26313_/A0                              1.500000    1.539319   -0.039319 (VIOLATED)
_27937_/A1                              1.500000    1.539290   -0.039290 (VIOLATED)
_28126_/A1                              1.500000    1.539089   -0.039089 (VIOLATED)
_28069_/A1                              1.500000    1.539070   -0.039070 (VIOLATED)
_18788_/A1                              1.500000    1.539013   -0.039013 (VIOLATED)
_19039_/A1                              1.500000    1.538696   -0.038696 (VIOLATED)
_28159_/A1                              1.500000    1.538565   -0.038565 (VIOLATED)
_28225_/A1                              1.500000    1.538361   -0.038361 (VIOLATED)
_26346_/A0                              1.500000    1.538172   -0.038172 (VIOLATED)
_18948_/A1                              1.500000    1.537135   -0.037135 (VIOLATED)
_14385_/A1                              1.500000    1.536918   -0.036918 (VIOLATED)
_14351_/A1                              1.500000    1.536911   -0.036911 (VIOLATED)
_14419_/A1                              1.500000    1.536874   -0.036874 (VIOLATED)
_14453_/A1                              1.500000    1.536729   -0.036729 (VIOLATED)
_18101_/A1                              1.500000    1.536628   -0.036628 (VIOLATED)
_14555_/A1                              1.500000    1.536625   -0.036625 (VIOLATED)
_26478_/A1                              1.500000    1.535771   -0.035771 (VIOLATED)
_16289_/A1                              1.500000    1.535401   -0.035401 (VIOLATED)
_14588_/A1                              1.500000    1.535275   -0.035275 (VIOLATED)
_27211_/A0                              1.500000    1.535216   -0.035216 (VIOLATED)
_25315_/A1                              1.500000    1.534867   -0.034867 (VIOLATED)
_14521_/A1                              1.500000    1.534627   -0.034627 (VIOLATED)
_15361_/A1                              1.500000    1.534289   -0.034289 (VIOLATED)
_27059_/A0                              1.500000    1.534200   -0.034200 (VIOLATED)
_26511_/A1                              1.500000    1.534150   -0.034150 (VIOLATED)
_26412_/A0                              1.500000    1.534086   -0.034086 (VIOLATED)
_14487_/A1                              1.500000    1.533952   -0.033952 (VIOLATED)
_26445_/A1                              1.500000    1.533664   -0.033664 (VIOLATED)
_18200_/A0                              1.500000    1.532065   -0.032065 (VIOLATED)
_19198_/C1                              1.500000    1.531392   -0.031392 (VIOLATED)
_17116_/A0                              1.500000    1.531028   -0.031028 (VIOLATED)
_18068_/A0                              1.500000    1.530692   -0.030692 (VIOLATED)
_27442_/A1                              1.500000    1.530626   -0.030626 (VIOLATED)
_25234_/A0                              1.500000    1.528956   -0.028956 (VIOLATED)
_26737_/A1                              1.500000    1.528625   -0.028625 (VIOLATED)
_21627_/C1                              1.500000    1.526928   -0.026928 (VIOLATED)
_26610_/A0                              1.500000    1.526053   -0.026053 (VIOLATED)
_17149_/A0                              1.500000    1.526051   -0.026051 (VIOLATED)
_26544_/A0                              1.500000    1.526049   -0.026049 (VIOLATED)
_26577_/A0                              1.500000    1.525791   -0.025791 (VIOLATED)
_26643_/A1                              1.500000    1.525519   -0.025519 (VIOLATED)
_18035_/A0                              1.500000    1.525409   -0.025409 (VIOLATED)
_27409_/A1                              1.500000    1.525210   -0.025210 (VIOLATED)
_27158_/A1                              1.500000    1.524909   -0.024909 (VIOLATED)
_28144_/A1                              1.500000    1.524902   -0.024902 (VIOLATED)
_27092_/A0                              1.500000    1.524811   -0.024811 (VIOLATED)
_28111_/A1                              1.500000    1.524702   -0.024702 (VIOLATED)
_27191_/A0                              1.500000    1.524696   -0.024696 (VIOLATED)
_25135_/A1                              1.500000    1.524619   -0.024619 (VIOLATED)
_28276_/A1                              1.500000    1.524618   -0.024618 (VIOLATED)
_28243_/A1                              1.500000    1.524582   -0.024582 (VIOLATED)
_25201_/A1                              1.500000    1.524503   -0.024503 (VIOLATED)
_18405_/A1                              1.500000    1.524309   -0.024309 (VIOLATED)
_25168_/A1                              1.500000    1.524296   -0.024296 (VIOLATED)
_18662_/A1                              1.500000    1.524195   -0.024195 (VIOLATED)
_25102_/A0                              1.500000    1.524092   -0.024092 (VIOLATED)
_28210_/A1                              1.500000    1.524066   -0.024067 (VIOLATED)
_28177_/A1                              1.500000    1.523920   -0.023920 (VIOLATED)
_24805_/A0                              1.500000    1.523843   -0.023843 (VIOLATED)
_25348_/A1                              1.500000    1.523841   -0.023841 (VIOLATED)
_25282_/A1                              1.500000    1.523646   -0.023646 (VIOLATED)
_24739_/A0                              1.500000    1.523404   -0.023404 (VIOLATED)
_24772_/A0                              1.500000    1.523394   -0.023394 (VIOLATED)
_28308_/A1                              1.500000    1.523103   -0.023104 (VIOLATED)
_27125_/A0                              1.500000    1.522972   -0.022972 (VIOLATED)
_25036_/A1                              1.500000    1.522783   -0.022783 (VIOLATED)
_22849_/A1                              1.500000    1.522325   -0.022325 (VIOLATED)
_14404_/A1                              1.500000    1.522146   -0.022146 (VIOLATED)
_26841_/A1                              1.500000    1.522126   -0.022127 (VIOLATED)
_14438_/A1                              1.500000    1.522117   -0.022117 (VIOLATED)
_27367_/A0                              1.500000    1.522078   -0.022078 (VIOLATED)
_14370_/A1                              1.500000    1.522033   -0.022033 (VIOLATED)
_14336_/A1                              1.500000    1.521907   -0.021907 (VIOLATED)
_25249_/A1                              1.500000    1.521702   -0.021702 (VIOLATED)
_26671_/A0                              1.500000    1.521653   -0.021653 (VIOLATED)
_26907_/A1                              1.500000    1.521644   -0.021644 (VIOLATED)
_26874_/A1                              1.500000    1.521533   -0.021533 (VIOLATED)
_24959_/A1                              1.500000    1.521081   -0.021081 (VIOLATED)
_14472_/A1                              1.500000    1.520854   -0.020854 (VIOLATED)
_17182_/A0                              1.500000    1.520811   -0.020811 (VIOLATED)
_15340_/A0                              1.500000    1.520310   -0.020310 (VIOLATED)
_27343_/A0                              1.500000    1.519830   -0.019830 (VIOLATED)
_15005_/A0                              1.500000    1.519001   -0.019001 (VIOLATED)
_26808_/A0                              1.500000    1.518997   -0.018997 (VIOLATED)
_15671_/A1                              1.500000    1.518976   -0.018976 (VIOLATED)
_14663_/A0                              1.500000    1.518584   -0.018584 (VIOLATED)
_27697_/A0                              1.500000    1.518539   -0.018539 (VIOLATED)
_14506_/A1                              1.500000    1.518459   -0.018459 (VIOLATED)
_28027_/A0                              1.500000    1.517543   -0.017543 (VIOLATED)
_14540_/A1                              1.500000    1.515934   -0.015934 (VIOLATED)
_18909_/A1                              1.500000    1.514625   -0.014625 (VIOLATED)
_26973_/A1                              1.500000    1.514471   -0.014471 (VIOLATED)
_26940_/A1                              1.500000    1.514305   -0.014305 (VIOLATED)
_18881_/A1                              1.500000    1.513870   -0.013870 (VIOLATED)
_27006_/A1                              1.500000    1.513783   -0.013783 (VIOLATED)
_14573_/A1                              1.500000    1.513773   -0.013773 (VIOLATED)
_27290_/A1                              1.500000    1.513567   -0.013567 (VIOLATED)
_20584_/A1                              1.500000    1.512273   -0.012273 (VIOLATED)
_16525_/A1                              1.500000    1.511031   -0.011031 (VIOLATED)
_17314_/A1                              1.500000    1.510506   -0.010506 (VIOLATED)
_16720_/A1                              1.500000    1.510408   -0.010408 (VIOLATED)
_18914_/A1                              1.500000    1.510039   -0.010039 (VIOLATED)
_17083_/A0                              1.500000    1.509938   -0.009938 (VIOLATED)
_25216_/A0                              1.500000    1.509702   -0.009702 (VIOLATED)
_26676_/A0                              1.500000    1.509652   -0.009652 (VIOLATED)
_19068_/A1                              1.500000    1.509576   -0.009576 (VIOLATED)
_18007_/A0                              1.500000    1.509108   -0.009108 (VIOLATED)
_17051_/A0                              1.500000    1.509023   -0.009023 (VIOLATED)
_18634_/A0                              1.500000    1.508933   -0.008934 (VIOLATED)
_26539_/A0                              1.500000    1.508828   -0.008828 (VIOLATED)
_27257_/A1                              1.500000    1.508089   -0.008089 (VIOLATED)
_26968_/A1                              1.500000    1.507580   -0.007580 (VIOLATED)
_16886_/A0                              1.500000    1.507488   -0.007488 (VIOLATED)
_26770_/A1                              1.500000    1.507402   -0.007402 (VIOLATED)
_18876_/A1                              1.500000    1.506978   -0.006978 (VIOLATED)
_17281_/A1                              1.500000    1.506782   -0.006782 (VIOLATED)
_28002_/A1                              1.500000    1.506750   -0.006750 (VIOLATED)
_27870_/A0                              1.500000    1.506580   -0.006580 (VIOLATED)
_27001_/A1                              1.500000    1.506388   -0.006388 (VIOLATED)
_27903_/A1                              1.500000    1.506206   -0.006206 (VIOLATED)
_28101_/A1                              1.500000    1.506170   -0.006170 (VIOLATED)
_26935_/A1                              1.500000    1.506095   -0.006095 (VIOLATED)
_18787_/A1                              1.500000    1.506028   -0.006028 (VIOLATED)
_26775_/A1                              1.500000    1.505976   -0.005976 (VIOLATED)
_26869_/A1                              1.500000    1.505888   -0.005888 (VIOLATED)
_16820_/A1                              1.500000    1.505597   -0.005597 (VIOLATED)
_27969_/A1                              1.500000    1.505428   -0.005428 (VIOLATED)
_26506_/A1                              1.500000    1.505330   -0.005330 (VIOLATED)
_26473_/A1                              1.500000    1.505289   -0.005290 (VIOLATED)
_27936_/A1                              1.500000    1.505244   -0.005244 (VIOLATED)
_26742_/A1                              1.500000    1.505139   -0.005139 (VIOLATED)
_18754_/A1                              1.500000    1.505134   -0.005135 (VIOLATED)
_26902_/A1                              1.500000    1.505087   -0.005087 (VIOLATED)
_26803_/A0                              1.500000    1.504681   -0.004681 (VIOLATED)
_28068_/A1                              1.500000    1.504427   -0.004427 (VIOLATED)
_27771_/A1                              1.500000    1.503169   -0.003169 (VIOLATED)
_27639_/A0                              1.500000    1.503049   -0.003049 (VIOLATED)
_27804_/A1                              1.500000    1.503009   -0.003009 (VIOLATED)
_27606_/A0                              1.500000    1.502911   -0.002911 (VIOLATED)
_27837_/A1                              1.500000    1.502850   -0.002850 (VIOLATED)
_27672_/A0                              1.500000    1.502280   -0.002280 (VIOLATED)
_27224_/A1                              1.500000    1.502188   -0.002188 (VIOLATED)
_26638_/A1                              1.500000    1.502043   -0.002043 (VIOLATED)
_27738_/A0                              1.500000    1.501751   -0.001751 (VIOLATED)
_14751_/A0                              1.500000    1.501612   -0.001612 (VIOLATED)
_14786_/A1                              1.500000    1.501022   -0.001022 (VIOLATED)

max capacitance

Pin                                        Limit         Cap       Slack
------------------------------------------------------------------------
output70/X                              1.531687    5.001749   -3.470062 (VIOLATED)
output71/X                              1.531687    5.001195   -3.469509 (VIOLATED)
output47/X                              1.531687    5.000724   -3.469037 (VIOLATED)
output63/X                              1.531687    5.000725   -3.469038 (VIOLATED)
output61/X                              1.531687    5.000679   -3.468992 (VIOLATED)
output66/X                              1.531687    5.000679   -3.468992 (VIOLATED)
output58/X                              1.531687    5.000671   -3.468984 (VIOLATED)
output54/X                              1.531687    5.000668   -3.468980 (VIOLATED)
output59/X                              1.531687    5.000669   -3.468981 (VIOLATED)
output40/X                              1.531687    5.000658   -3.468970 (VIOLATED)
output49/X                              1.531687    5.000660   -3.468973 (VIOLATED)
output42/X                              1.531687    5.000654   -3.468967 (VIOLATED)
output52/X                              1.531687    5.000647   -3.468960 (VIOLATED)
output44/X                              1.531687    5.000637   -3.468950 (VIOLATED)
output41/X                              1.531687    5.000631   -3.468944 (VIOLATED)
output60/X                              1.531687    5.000632   -3.468945 (VIOLATED)
output67/X                              1.531687    5.000635   -3.468947 (VIOLATED)
output38/X                              1.531687    5.000620   -3.468933 (VIOLATED)
output39/X                              1.531687    5.000620   -3.468933 (VIOLATED)
output55/X                              1.531687    5.000614   -3.468927 (VIOLATED)
output46/X                              1.531687    5.000603   -3.468916 (VIOLATED)
output57/X                              1.531687    5.000594   -3.468907 (VIOLATED)
output45/X                              1.531687    5.000583   -3.468896 (VIOLATED)
output51/X                              1.531687    5.000580   -3.468893 (VIOLATED)
output69/X                              1.531687    5.000572   -3.468885 (VIOLATED)
output53/X                              1.531687    5.000534   -3.468846 (VIOLATED)
output68/X                              1.531687    5.000534   -3.468847 (VIOLATED)
output64/X                              1.531687    5.000525   -3.468838 (VIOLATED)
output50/X                              1.531687    5.000504   -3.468816 (VIOLATED)
output43/X                              1.531687    5.000472   -3.468784 (VIOLATED)
output48/X                              1.531687    5.000466   -3.468779 (VIOLATED)
output62/X                              1.531687    5.000467   -3.468780 (VIOLATED)
output65/X                              1.531687    5.000467   -3.468780 (VIOLATED)
output56/X                              1.531687    5.000459   -3.468772 (VIOLATED)



===========================================================================
report_parasitic_annotation -report_unannotated
============================================================================
Found 524 unannotated drivers.
 clkload0/X
 clkload1/Y
 clkload10/Y
 clkload100/Y
 clkload101/Y
 clkload102/X
 clkload103/Y
 clkload104/Y
 clkload105/Y
 clkload106/Y
 clkload107/Y
 clkload108/Y
 clkload109/Y
 clkload11/X
 clkload110/Y
 clkload111/Y
 clkload112/Y
 clkload113/Y
 clkload114/Y
 clkload115/Y
 clkload116/X
 clkload117/Y
 clkload118/Y
 clkload119/Y
 clkload12/X
 clkload120/Y
 clkload121/Y
 clkload122/X
 clkload123/X
 clkload124/Y
 clkload125/Y
 clkload126/Y
 clkload127/Y
 clkload128/Y
 clkload129/X
 clkload13/Y
 clkload130/Y
 clkload131/Y
 clkload132/Y
 clkload133/Y
 clkload134/Y
 clkload135/Y
 clkload136/Y
 clkload137/Y
 clkload138/Y
 clkload139/Y
 clkload14/Y
 clkload140/Y
 clkload141/Y
 clkload142/Y
 clkload143/Y
 clkload144/X
 clkload145/Y
 clkload146/Y
 clkload147/Y
 clkload148/Y
 clkload149/Y
 clkload15/Y
 clkload150/Y
 clkload151/Y
 clkload152/Y
 clkload153/Y
 clkload154/Y
 clkload155/Y
 clkload156/Y
 clkload157/Y
 clkload158/Y
 clkload159/Y
 clkload16/X
 clkload160/X
 clkload161/Y
 clkload162/Y
 clkload163/Y
 clkload164/X
 clkload165/Y
 clkload166/Y
 clkload167/X
 clkload168/X
 clkload169/X
 clkload17/X
 clkload170/Y
 clkload171/Y
 clkload172/Y
 clkload173/Y
 clkload174/Y
 clkload175/X
 clkload176/Y
 clkload177/X
 clkload178/X
 clkload179/X
 clkload18/Y
 clkload180/Y
 clkload181/Y
 clkload182/Y
 clkload183/Y
 clkload184/Y
 clkload185/Y
 clkload186/Y
 clkload187/Y
 clkload188/Y
 clkload189/Y
 clkload19/Y
 clkload190/Y
 clkload191/Y
 clkload192/Y
 clkload193/Y
 clkload194/Y
 clkload195/Y
 clkload196/Y
 clkload197/X
 clkload198/Y
 clkload199/Y
 clkload2/X
 clkload20/Y
 clkload200/Y
 clkload201/Y
 clkload202/Y
 clkload203/Y
 clkload204/Y
 clkload205/Y
 clkload206/X
 clkload207/Y
 clkload208/Y
 clkload209/Y
 clkload21/X
 clkload210/Y
 clkload211/Y
 clkload212/Y
 clkload213/Y
 clkload214/Y
 clkload215/X
 clkload216/Y
 clkload217/Y
 clkload218/Y
 clkload219/X
 clkload22/Y
 clkload220/Y
 clkload221/Y
 clkload222/Y
 clkload223/Y
 clkload224/Y
 clkload225/X
 clkload226/Y
 clkload227/Y
 clkload228/Y
 clkload229/Y
 clkload23/Y
 clkload230/Y
 clkload231/Y
 clkload232/Y
 clkload233/Y
 clkload234/Y
 clkload235/Y
 clkload236/X
 clkload237/Y
 clkload238/X
 clkload239/Y
 clkload24/Y
 clkload240/Y
 clkload241/Y
 clkload242/Y
 clkload243/Y
 clkload244/Y
 clkload245/Y
 clkload246/Y
 clkload247/Y
 clkload248/Y
 clkload249/Y
 clkload25/Y
 clkload250/Y
 clkload251/Y
 clkload252/X
 clkload253/Y
 clkload254/Y
 clkload255/Y
 clkload256/Y
 clkload257/Y
 clkload258/Y
 clkload259/Y
 clkload26/X
 clkload260/X
 clkload261/Y
 clkload262/Y
 clkload263/Y
 clkload264/Y
 clkload265/Y
 clkload266/Y
 clkload267/Y
 clkload268/Y
 clkload269/Y
 clkload27/Y
 clkload270/Y
 clkload271/Y
 clkload272/Y
 clkload273/Y
 clkload274/Y
 clkload275/X
 clkload276/Y
 clkload277/Y
 clkload278/Y
 clkload279/Y
 clkload28/X
 clkload280/Y
 clkload281/Y
 clkload282/Y
 clkload283/Y
 clkload284/Y
 clkload285/Y
 clkload286/Y
 clkload287/X
 clkload288/Y
 clkload289/Y
 clkload29/Y
 clkload290/Y
 clkload291/Y
 clkload292/Y
 clkload293/Y
 clkload294/Y
 clkload295/Y
 clkload296/Y
 clkload297/Y
 clkload298/X
 clkload299/Y
 clkload3/Y
 clkload30/Y
 clkload300/Y
 clkload301/Y
 clkload302/Y
 clkload303/Y
 clkload304/Y
 clkload305/X
 clkload306/Y
 clkload307/Y
 clkload308/Y
 clkload309/Y
 clkload31/X
 clkload310/Y
 clkload311/Y
 clkload312/Y
 clkload313/Y
 clkload314/Y
 clkload315/Y
 clkload316/Y
 clkload317/Y
 clkload318/Y
 clkload319/Y
 clkload32/X
 clkload320/Y
 clkload321/X
 clkload322/X
 clkload323/Y
 clkload324/Y
 clkload325/Y
 clkload326/X
 clkload327/Y
 clkload328/Y
 clkload329/Y
 clkload33/Y
 clkload330/Y
 clkload331/Y
 clkload332/Y
 clkload333/X
 clkload334/Y
 clkload335/Y
 clkload336/Y
 clkload337/Y
 clkload338/Y
 clkload339/Y
 clkload34/X
 clkload340/Y
 clkload341/Y
 clkload342/Y
 clkload343/Y
 clkload344/Y
 clkload345/Y
 clkload346/Y
 clkload347/Y
 clkload348/Y
 clkload349/Y
 clkload35/X
 clkload350/Y
 clkload351/Y
 clkload352/Y
 clkload353/X
 clkload354/Y
 clkload355/Y
 clkload356/Y
 clkload357/Y
 clkload358/Y
 clkload359/Y
 clkload36/Y
 clkload360/Y
 clkload361/Y
 clkload362/Y
 clkload363/Y
 clkload364/X
 clkload365/X
 clkload366/Y
 clkload367/Y
 clkload368/X
 clkload369/Y
 clkload37/Y
 clkload370/Y
 clkload371/Y
 clkload372/X
 clkload373/Y
 clkload374/Y
 clkload375/X
 clkload376/Y
 clkload377/X
 clkload378/Y
 clkload379/X
 clkload38/Y
 clkload380/Y
 clkload381/Y
 clkload382/Y
 clkload383/Y
 clkload384/Y
 clkload385/Y
 clkload386/X
 clkload387/Y
 clkload388/Y
 clkload389/Y
 clkload39/Y
 clkload390/Y
 clkload391/Y
 clkload392/Y
 clkload393/X
 clkload394/Y
 clkload395/X
 clkload396/Y
 clkload397/Y
 clkload398/Y
 clkload399/Y
 clkload4/X
 clkload40/Y
 clkload400/Y
 clkload401/Y
 clkload402/X
 clkload403/Y
 clkload404/Y
 clkload405/Y
 clkload406/Y
 clkload407/Y
 clkload408/Y
 clkload409/Y
 clkload41/Y
 clkload410/X
 clkload411/Y
 clkload412/Y
 clkload413/Y
 clkload414/Y
 clkload415/Y
 clkload416/X
 clkload417/Y
 clkload418/Y
 clkload419/Y
 clkload42/Y
 clkload420/Y
 clkload421/Y
 clkload422/Y
 clkload423/Y
 clkload424/Y
 clkload425/Y
 clkload426/Y
 clkload427/Y
 clkload428/Y
 clkload429/X
 clkload43/Y
 clkload430/X
 clkload431/Y
 clkload432/Y
 clkload433/Y
 clkload434/Y
 clkload435/Y
 clkload436/Y
 clkload437/Y
 clkload438/X
 clkload439/Y
 clkload44/Y
 clkload440/Y
 clkload441/Y
 clkload442/Y
 clkload443/Y
 clkload444/Y
 clkload445/Y
 clkload446/Y
 clkload447/Y
 clkload448/Y
 clkload449/Y
 clkload45/Y
 clkload450/Y
 clkload451/Y
 clkload452/Y
 clkload453/Y
 clkload454/Y
 clkload455/Y
 clkload456/Y
 clkload457/Y
 clkload458/Y
 clkload459/Y
 clkload46/Y
 clkload460/Y
 clkload461/Y
 clkload462/Y
 clkload463/X
 clkload464/Y
 clkload465/Y
 clkload466/Y
 clkload467/Y
 clkload468/Y
 clkload469/Y
 clkload47/Y
 clkload470/Y
 clkload471/Y
 clkload472/X
 clkload473/Y
 clkload474/Y
 clkload475/Y
 clkload476/Y
 clkload477/Y
 clkload478/Y
 clkload479/X
 clkload48/Y
 clkload480/Y
 clkload481/Y
 clkload482/X
 clkload483/Y
 clkload484/Y
 clkload485/Y
 clkload486/Y
 clkload487/Y
 clkload488/Y
 clkload489/Y
 clkload49/Y
 clkload490/Y
 clkload491/Y
 clkload492/Y
 clkload493/Y
 clkload494/Y
 clkload495/Y
 clkload496/Y
 clkload497/Y
 clkload498/Y
 clkload499/Y
 clkload5/Y
 clkload50/Y
 clkload500/Y
 clkload501/Y
 clkload502/Y
 clkload503/Y
 clkload504/Y
 clkload505/Y
 clkload506/X
 clkload507/Y
 clkload508/Y
 clkload509/Y
 clkload51/Y
 clkload510/Y
 clkload511/Y
 clkload512/Y
 clkload513/Y
 clkload514/X
 clkload515/Y
 clkload516/Y
 clkload517/Y
 clkload518/Y
 clkload519/Y
 clkload52/X
 clkload520/Y
 clkload521/Y
 clkload522/Y
 clkload523/Y
 clkload53/Y
 clkload54/Y
 clkload55/Y
 clkload56/Y
 clkload57/Y
 clkload58/Y
 clkload59/Y
 clkload6/X
 clkload60/Y
 clkload61/Y
 clkload62/Y
 clkload63/Y
 clkload64/Y
 clkload65/Y
 clkload66/X
 clkload67/Y
 clkload68/Y
 clkload69/Y
 clkload7/X
 clkload70/Y
 clkload71/X
 clkload72/X
 clkload73/Y
 clkload74/Y
 clkload75/Y
 clkload76/Y
 clkload77/Y
 clkload78/Y
 clkload79/Y
 clkload8/Y
 clkload80/Y
 clkload81/Y
 clkload82/X
 clkload83/Y
 clkload84/Y
 clkload85/Y
 clkload86/Y
 clkload87/Y
 clkload88/Y
 clkload89/Y
 clkload9/Y
 clkload90/Y
 clkload91/Y
 clkload92/Y
 clkload93/Y
 clkload94/Y
 clkload95/Y
 clkload96/Y
 clkload97/Y
 clkload98/X
 clkload99/Y
Found 0 partially unannotated drivers.

===========================================================================
max slew violation count 792
max fanout violation count 0
max cap violation count 34
============================================================================

===========================================================================
check_setup -verbose -unconstrained_endpoints -multiple_clock -no_clock -no_input_delay -loops -generated_clocks
===========================================================================
