Clock: wclk
Sources: wclk 
Generated: no
Virtual: yes
Propagated: no
Period: 10.000000

===========================================================================
report_clock_properties
============================================================================
Clock                   Period          Waveform
----------------------------------------------------
wclk                 10.000000    0.000000  5.000000

===========================================================================
report_clock_latency
============================================================================
Clock wclk
rise -> rise
    min     max
0.000000 0.000000 source latency
1.154676         network latency _33463_/CLK
        1.387015 network latency _33702_/CLK
---------------
1.154676 1.387015 latency
        0.232339 skew

fall -> fall
    min     max
0.000000 0.000000 source latency
0.978343         network latency _33463_/CLK
        1.190404 network latency _33702_/CLK
---------------
0.978343 1.190404 latency
        0.212061 skew



===========================================================================
report_clock_min_period
============================================================================
wclk period_min = 4.70 fmax = 212.54
Clock: rclk
Sources: rclk 
Generated: no
Virtual: yes
Propagated: no
Period: 25.000000

===========================================================================
report_clock_properties
============================================================================
Clock                   Period          Waveform
----------------------------------------------------
rclk                 25.000000    0.000000 12.500000

===========================================================================
report_clock_latency
============================================================================
Clock rclk
rise -> rise
    min     max
0.000000 0.000000 source latency
0.542771         network latency _33245_/CLK
        0.558581 network latency _33038_/CLK
---------------
0.542771 0.558581 latency
        0.015809 skew

fall -> fall
    min     max
0.000000 0.000000 source latency
0.461700         network latency _33245_/CLK
        0.474235 network latency _33038_/CLK
---------------
0.461700 0.474235 latency
        0.012535 skew



===========================================================================
report_clock_min_period
============================================================================
rclk period_min = 6.73 fmax = 148.66
