Reading timing models for corner nom_tt_025C_1v80…
Reading timing library for the 'nom_tt_025C_1v80' corner at '/home/jaikrishn/.volare/volare/sky130/versions/0fe599b2afb6708d281543108caf8310912f54af/sky130A/libs.ref/sky130_fd_sc_hd/lib/sky130_fd_sc_hd__tt_025C_1v80.lib'…
Reading timing models for corner nom_ff_n40C_1v95…
Reading timing library for the 'nom_ff_n40C_1v95' corner at '/home/jaikrishn/.volare/volare/sky130/versions/0fe599b2afb6708d281543108caf8310912f54af/sky130A/libs.ref/sky130_fd_sc_hd/lib/sky130_fd_sc_hd__ff_n40C_1v95.lib'…
Reading timing models for corner nom_ss_100C_1v60…
Reading timing library for the 'nom_ss_100C_1v60' corner at '/home/jaikrishn/.volare/volare/sky130/versions/0fe599b2afb6708d281543108caf8310912f54af/sky130A/libs.ref/sky130_fd_sc_hd/lib/sky130_fd_sc_hd__ss_100C_1v60.lib'…
Reading OpenROAD database at '/home/jaikrishn/Documents/hardware/true_port_BRAM/runs/RUN_2026-08-30_16-22-44/27-openroad-globalplacement/async_fifo.odb'…
Reading design constraints file at '/home/jaikrishn/Documents/hardware/true_port_BRAM/constraints.sdc'…
[INFO] No information on clock propagation in input SDC file-- propagating all clocks.
[INFO] Setting RC values…
[INFO RSZ-0027] Inserted 37 input buffers.
[INFO RSZ-0028] Inserted 34 output buffers.
[INFO RSZ-0058] Using max wire length 6335um.
Iteration | Resized | Buffers | Nets repaired | Remaining
---------------------------------------------------------
        0 |       0 |       0 |             0 |     22573
      100 |      76 |       0 |             0 |     22473
      200 |      76 |       0 |             0 |     22373
      300 |      76 |       0 |             0 |     22273
      400 |      76 |       0 |             0 |     22173
      500 |      76 |       0 |             0 |     22073
      600 |      76 |       0 |             0 |     21973
      700 |      76 |       0 |             0 |     21873
      800 |      76 |       0 |             0 |     21773
      900 |      76 |       0 |             0 |     21673
     1000 |      76 |       0 |             0 |     21573
     1100 |      76 |       0 |             0 |     21473
     1200 |      76 |       0 |             0 |     21373
     1300 |      76 |       0 |             0 |     21273
     1400 |      76 |       0 |             0 |     21173
     1500 |      76 |       0 |             0 |     21073
     1600 |     131 |       0 |             0 |     20973
     1700 |     131 |       0 |             0 |     20873
     1800 |     131 |       0 |             0 |     20773
     1900 |     131 |       0 |             0 |     20673
     2000 |     131 |       0 |             0 |     20573
     2100 |     131 |       0 |             0 |     20473
     2200 |     131 |       0 |             0 |     20373
     2300 |     131 |       0 |             0 |     20273
     2400 |     131 |       0 |             0 |     20173
     2500 |     131 |       0 |             0 |     20073
     2600 |     131 |       0 |             0 |     19973
     2700 |     131 |       0 |             0 |     19873
     2800 |     131 |       0 |             0 |     19773
     2900 |     131 |       0 |             0 |     19673
     3000 |     131 |       0 |             0 |     19573
     3100 |     131 |       0 |             0 |     19473
     3200 |     131 |       0 |             0 |     19373
     3300 |     131 |       0 |             0 |     19273
     3400 |     147 |       0 |             0 |     19173
     3500 |     148 |       0 |             0 |     19073
     3600 |     150 |       0 |             0 |     18973
     3700 |     155 |       0 |             0 |     18873
     3800 |     157 |       0 |             0 |     18773
     3900 |     160 |       0 |             0 |     18673
     4000 |     164 |       0 |             0 |     18573
     4100 |     166 |       0 |             0 |     18473
     4200 |     167 |       0 |             0 |     18373
     4300 |     171 |       0 |             0 |     18273
     4400 |     173 |       0 |             0 |     18173
     4500 |     176 |       0 |             0 |     18073
     4600 |     178 |       0 |             0 |     17973
     4700 |     182 |       0 |             0 |     17873
     4800 |     185 |       0 |             0 |     17773
     4900 |     187 |       0 |             0 |     17673
     5000 |     189 |       0 |             0 |     17573
     5100 |     189 |       0 |             0 |     17473
     5200 |     190 |       0 |             0 |     17373
     5300 |     238 |       0 |             0 |     17273
     5400 |     284 |       0 |             0 |     17173
     5500 |     288 |       0 |             0 |     17073
     5600 |     294 |       0 |             0 |     16973
     5700 |     297 |       0 |             0 |     16873
     5800 |     300 |       0 |             0 |     16773
     5900 |     307 |       0 |             0 |     16673
     6000 |     309 |       0 |             0 |     16573
     6100 |     314 |       0 |             0 |     16473
     6200 |     315 |       0 |             0 |     16373
     6300 |     319 |       0 |             0 |     16273
     6400 |     324 |       0 |             0 |     16173
     6500 |     325 |       0 |             0 |     16073
     6600 |     327 |       0 |             0 |     15973
     6700 |     327 |       0 |             0 |     15873
     6800 |     327 |       0 |             0 |     15773
     6900 |     329 |       0 |             0 |     15673
     7000 |     333 |       0 |             0 |     15573
     7100 |     335 |       0 |             0 |     15473
     7200 |     336 |       0 |             0 |     15373
     7300 |     337 |       0 |             0 |     15273
     7400 |     338 |       0 |             0 |     15173
     7500 |     338 |       0 |             0 |     15073
     7600 |     353 |       0 |             0 |     14973
     7700 |     363 |       0 |             0 |     14873
     7800 |     386 |       0 |             0 |     14773
     7900 |     408 |       0 |             0 |     14673
     8000 |     482 |       0 |            11 |     14573
     8100 |     555 |       0 |            25 |     14473
     8200 |     591 |       0 |            30 |     14373
     8300 |     595 |       0 |            30 |     14273
     8400 |     603 |       0 |            30 |     14173
     8500 |     621 |       0 |            30 |     14073
     8600 |     625 |       0 |            30 |     13973
     8700 |     629 |       0 |            30 |     13873
     8800 |     636 |       0 |            30 |     13773
     8900 |     656 |       6 |            36 |     13673
     9000 |     673 |       6 |            37 |     13573
     9100 |     767 |       6 |            40 |     13473
     9200 |     862 |       6 |            40 |     13373
     9300 |     958 |       6 |            40 |     13273
     9400 |    1050 |       6 |            40 |     13173
     9500 |    1146 |       6 |            40 |     13073
     9600 |    1237 |       6 |            40 |     12973
     9700 |    1331 |       6 |            40 |     12873
     9800 |    1421 |      10 |            67 |     12773
     9900 |    1503 |      10 |            90 |     12673
    10000 |    1586 |      10 |           111 |     12573
    10100 |    1669 |      10 |           136 |     12473
    10200 |    1750 |      10 |           161 |     12373
    10300 |    1832 |      10 |           183 |     12273
    10400 |    1915 |      10 |           208 |     12173
    10500 |    1999 |      10 |           233 |     12073
    10600 |    2080 |      10 |           255 |     11973
    10700 |    2164 |      10 |           280 |     11873
    10800 |    2246 |      10 |           304 |     11773
    10900 |    2327 |      10 |           331 |     11673
    11000 |    2410 |      10 |           352 |     11573
    11100 |    2491 |      10 |           377 |     11473
    11200 |    2573 |      10 |           402 |     11373
    11300 |    2655 |      10 |           425 |     11273
    11400 |    2740 |      10 |           449 |     11173
    11500 |    2822 |      10 |           471 |     11073
    11600 |    2901 |      10 |           489 |     10973
    11700 |    2979 |      12 |           547 |     10873
    11800 |    3043 |      12 |           647 |     10773
    11900 |    3107 |      12 |           747 |     10673
    12000 |    3171 |      12 |           847 |     10573
    12100 |    3233 |      12 |           947 |     10473
    12200 |    3295 |      12 |          1047 |     10373
    12300 |    3361 |      12 |          1147 |     10273
    12400 |    3423 |      12 |          1247 |     10173
    12500 |    3485 |      12 |          1347 |     10073
    12600 |    3547 |      12 |          1447 |      9973
    12700 |    3611 |      12 |          1547 |      9873
    12800 |    3675 |      12 |          1647 |      9773
    12900 |    3738 |      12 |          1747 |      9673
    13000 |    3801 |      12 |          1847 |      9573
    13100 |    3863 |      12 |          1947 |      9473
    13200 |    3925 |      12 |          2047 |      9373
    13300 |    3989 |      12 |          2147 |      9273
    13400 |    4053 |      12 |          2247 |      9173
    13500 |    4114 |      12 |          2347 |      9073
    13600 |    4177 |      12 |          2447 |      8973
    13700 |    4241 |      12 |          2547 |      8873
    13800 |    4305 |      12 |          2647 |      8773
    13900 |    4371 |      12 |          2747 |      8673
    14000 |    4431 |      12 |          2847 |      8573
    14100 |    4493 |      12 |          2947 |      8473
    14200 |    4575 |      31 |          3026 |      8373
    14300 |    4675 |      31 |          3044 |      8273
    14400 |    4775 |      31 |          3044 |      8173
    14500 |    4875 |      31 |          3044 |      8073
    14600 |    4975 |      31 |          3044 |      7973
    14700 |    5075 |      31 |          3044 |      7873
    14800 |    5175 |      31 |          3044 |      7773
    14900 |    5275 |      31 |          3044 |      7673
    15000 |    5375 |      31 |          3044 |      7573
    15100 |    5475 |      31 |          3044 |      7473
    15200 |    5575 |      31 |          3044 |      7373
    15300 |    5675 |      31 |          3044 |      7273
    15400 |    5775 |      31 |          3044 |      7173
    15500 |    5875 |      31 |          3044 |      7073
    15600 |    5975 |      31 |          3044 |      6973
    15700 |    6075 |      31 |          3044 |      6873
    15800 |    6175 |      31 |          3044 |      6773
    15900 |    6275 |      31 |          3044 |      6673
    16000 |    6375 |      31 |          3044 |      6573
    16100 |    6475 |      31 |          3044 |      6473
    16200 |    6575 |      31 |          3044 |      6373
    16300 |    6675 |      31 |          3044 |      6273
    16400 |    6775 |      31 |          3044 |      6173
    16500 |    6875 |      31 |          3044 |      6073
    16600 |    6975 |      31 |          3044 |      5973
    16700 |    7075 |      31 |          3044 |      5873
    16800 |    7175 |      31 |          3044 |      5773
    16900 |    7275 |      31 |          3044 |      5673
    17000 |    7375 |      31 |          3044 |      5573
    17100 |    7475 |      31 |          3044 |      5473
    17200 |    7575 |      31 |          3044 |      5373
    17300 |    7675 |      31 |          3044 |      5273
    17400 |    7775 |      31 |          3044 |      5173
    17500 |    7875 |      31 |          3044 |      5073
    17600 |    7974 |     161 |          3051 |      4973
    17700 |    8074 |     161 |          3051 |      4873
    17800 |    8171 |     161 |          3051 |      4773
    17900 |    8266 |     161 |          3051 |      4673
    18000 |    8366 |     161 |          3051 |      4573
    18100 |    8466 |     161 |          3051 |      4473
    18200 |    8566 |     161 |          3051 |      4373
    18300 |    8666 |     161 |          3051 |      4273
    18400 |    8766 |     161 |          3051 |      4173
    18500 |    8866 |     161 |          3051 |      4073
    18600 |    8966 |     161 |          3051 |      3973
    18700 |    9066 |     161 |          3051 |      3873
    18800 |    9166 |     161 |          3051 |      3773
    18900 |    9266 |     161 |          3051 |      3673
    19000 |    9366 |     161 |          3051 |      3573
    19100 |    9466 |     161 |          3051 |      3473
    19200 |    9566 |     161 |          3051 |      3373
    19300 |    9666 |     161 |          3051 |      3273
    19400 |    9766 |     161 |          3051 |      3173
    19500 |    9866 |     161 |          3051 |      3073
    19600 |    9966 |     161 |          3051 |      2973
    19700 |   10066 |     161 |          3051 |      2873
    19800 |   10166 |     161 |          3051 |      2773
    19900 |   10266 |     161 |          3051 |      2673
    20000 |   10366 |     161 |          3051 |      2573
    20100 |   10466 |     161 |          3051 |      2473
    20200 |   10566 |     161 |          3051 |      2373
    20300 |   10666 |     161 |          3051 |      2273
    20400 |   10766 |     161 |          3051 |      2173
    20500 |   10866 |     161 |          3051 |      2073
    20600 |   10966 |     161 |          3051 |      1973
    20700 |   11066 |     161 |          3051 |      1873
    20800 |   11166 |     161 |          3051 |      1773
    20900 |   11266 |     161 |          3051 |      1673
    21000 |   11366 |     161 |          3051 |      1573
    21100 |   11466 |     161 |          3051 |      1473
    21200 |   11566 |     161 |          3051 |      1373
    21300 |   11666 |     161 |          3051 |      1273
    21400 |   11766 |     161 |          3051 |      1173
    21500 |   11866 |     161 |          3051 |      1073
    21600 |   11966 |     161 |          3051 |       973
    21700 |   12066 |     161 |          3051 |       873
    21800 |   12166 |     161 |          3051 |       773
    21900 |   12266 |     161 |          3051 |       673
    22000 |   12366 |     161 |          3051 |       573
    22100 |   12466 |     161 |          3051 |       473
    22200 |   12566 |     161 |          3051 |       373
    22300 |   12666 |     161 |          3051 |       273
    22400 |   12766 |     161 |          3051 |       173
    22500 |   12867 |     164 |          3053 |        73
    final |   12915 |     206 |          3082 |         0
---------------------------------------------------------
[INFO RSZ-0034] Found 3082 slew violations.
[INFO RSZ-0036] Found 78 capacitance violations.
[INFO RSZ-0038] Inserted 206 buffers in 3082 nets.
[INFO RSZ-0039] Resized 12915 instances.
Placement Analysis
---------------------------------
total displacement      53280.0 u
average displacement        1.0 u
max displacement           15.9 u
original HPWL          528706.8 u
legalized HPWL         583983.4 u
delta HPWL                   10 %

[INFO DPL-0020] Mirrored 5107 instances
[INFO DPL-0021] HPWL before          583983.4 u
[INFO DPL-0022] HPWL after           566708.2 u
[INFO DPL-0023] HPWL delta               -3.0 %
[INFO] Setting RC values…
Setting global connections for newly added cells…
[INFO] Setting global connections...
Updating metrics…
Cell type report:                       Count       Area
  Fill cell                              1012    3798.64
  Tap cell                              27178   34005.11
  Timing Repair Buffer                    277    5913.17
  Inverter                                 15     186.43
  Sequential cell                        8280  166365.81
  Multi-Input combinational cell        14168  175887.44
  Total                                 50930  386156.60
Writing OpenROAD database to '/home/jaikrishn/Documents/hardware/true_port_BRAM/runs/RUN_2026-08-30_16-22-44/31-openroad-repairdesignpostgpl/async_fifo.odb'…
Writing netlist to '/home/jaikrishn/Documents/hardware/true_port_BRAM/runs/RUN_2026-08-30_16-22-44/31-openroad-repairdesignpostgpl/async_fifo.nl.v'…
Writing powered netlist to '/home/jaikrishn/Documents/hardware/true_port_BRAM/runs/RUN_2026-08-30_16-22-44/31-openroad-repairdesignpostgpl/async_fifo.pnl.v'…
Writing layout to '/home/jaikrishn/Documents/hardware/true_port_BRAM/runs/RUN_2026-08-30_16-22-44/31-openroad-repairdesignpostgpl/async_fifo.def'…
Writing timing constraints to '/home/jaikrishn/Documents/hardware/true_port_BRAM/runs/RUN_2026-08-30_16-22-44/31-openroad-repairdesignpostgpl/async_fifo.sdc'…
