Clock: wclk
Sources: wclk 
Generated: no
Virtual: no
Propagated: no
Period: 10.000000

===========================================================================
report_clock_properties
============================================================================
Clock                   Period          Waveform
----------------------------------------------------
wclk                 10.000000    0.000000  5.000000

===========================================================================
report_clock_latency
============================================================================
Clock wclk
rise -> rise
    min     max
0.000000 0.000000 source latency
15.214511         network latency _28330_/CLK
        15.214511 network latency _28330_/CLK
---------------
15.214511 15.214511 latency
        0.000000 skew

fall -> fall
    min     max
0.000000 0.000000 source latency
6.130110         network latency _28330_/CLK
        6.130110 network latency _28330_/CLK
---------------
6.130110 6.130110 latency
        0.000000 skew



===========================================================================
report_clock_min_period
============================================================================
wclk period_min = 22.00 fmax = 45.46
Clock: rclk
Sources: rclk 
Generated: no
Virtual: no
Propagated: no
Period: 25.000000

===========================================================================
report_clock_properties
============================================================================
Clock                   Period          Waveform
----------------------------------------------------
rclk                 25.000000    0.000000 12.500000

===========================================================================
report_clock_latency
============================================================================
Clock rclk
rise -> rise
    min     max
0.000000 0.000000 source latency
0.116506         network latency _31601_/CLK
        0.116506 network latency _31601_/CLK
---------------
0.116506 0.116506 latency
        0.000000 skew

fall -> fall
    min     max
0.000000 0.000000 source latency
0.045498         network latency _31601_/CLK
        0.045498 network latency _31601_/CLK
---------------
0.045498 0.045498 latency
        0.000000 skew



===========================================================================
report_clock_min_period
============================================================================
rclk period_min = 51.82 fmax = 19.30
