Reading OpenROAD database at '/home/jaikrishn/Documents/hardware/true_port_BRAM/runs/RUN_2026-08-30_16-22-44/23-openroad-globalplacementskipio/async_fifo.odb'…
Reading library file at '/home/jaikrishn/.volare/volare/sky130/versions/0fe599b2afb6708d281543108caf8310912f54af/sky130A/libs.ref/sky130_fd_sc_hd/lib/sky130_fd_sc_hd__tt_025C_1v80.lib'…
Reading design constraints file at '/home/jaikrishn/Documents/hardware/true_port_BRAM/constraints.sdc'…
[INFO] No information on clock propagation in input SDC file-- propagating all clocks.
[INFO] place_pins args: -min_distance 3
Found 0 macro blocks.
[INFO PPL-0010] Tentative 0 to set up sections.
[INFO PPL-0001] Number of slots           1694
[INFO PPL-0002] Number of I/O             73
[INFO PPL-0003] Number of I/O w/sink      73
[INFO PPL-0004] Number of I/O w/o sink    0
[INFO PPL-0005] Slots per section         200
[INFO PPL-0006] Slots increase factor     0.01
[INFO PPL-0008] Successfully assigned pins to sections.
[INFO PPL-0012] I/O nets HPWL: 82601.12 um.
Setting global connections for newly added cells…
[INFO] Setting global connections...
Updating metrics…
Cell type report:                       Count       Area
  Fill cell                              1012    3798.64
  Tap cell                              27178   34005.11
  Inverter                                 15      56.30
  Sequential cell                        8280  176559.33
  Multi-Input combinational cell        14168  170046.84
  Total                                 50653  384466.23
Writing OpenROAD database to '/home/jaikrishn/Documents/hardware/true_port_BRAM/runs/RUN_2026-08-30_16-22-44/24-openroad-ioplacement/async_fifo.odb'…
Writing netlist to '/home/jaikrishn/Documents/hardware/true_port_BRAM/runs/RUN_2026-08-30_16-22-44/24-openroad-ioplacement/async_fifo.nl.v'…
Writing powered netlist to '/home/jaikrishn/Documents/hardware/true_port_BRAM/runs/RUN_2026-08-30_16-22-44/24-openroad-ioplacement/async_fifo.pnl.v'…
Writing layout to '/home/jaikrishn/Documents/hardware/true_port_BRAM/runs/RUN_2026-08-30_16-22-44/24-openroad-ioplacement/async_fifo.def'…
Writing timing constraints to '/home/jaikrishn/Documents/hardware/true_port_BRAM/runs/RUN_2026-08-30_16-22-44/24-openroad-ioplacement/async_fifo.sdc'…
