┏━━━━━━━━━━━━━━━━━━━━━━┳━━━━━━━━━━┳━━━━━━━━━━┳━━━━━━━━━━┳━━━━━━━━━━┳━━━━━━━━━━┳━━━━━━━━━━━┳━━━━━━━━━━┳━━━━━━━━━━━┳━━━━━━━━━━┳━━━━━━━━━━━┳━━━━━━━━━━┳━━━━━━━━━━━┓
┃                      ┃ Hold     ┃ Reg to   ┃          ┃          ┃ of which ┃ Setup     ┃ Reg to   ┃           ┃ Setup    ┃ of which  ┃          ┃           ┃
┃                      ┃ Worst    ┃ Reg      ┃          ┃ Hold Vio ┃ reg to   ┃ Worst     ┃ Reg      ┃           ┃ Vio      ┃ reg to    ┃ Max Cap  ┃ Max Slew  ┃
┃ Corner/Group         ┃ Slack    ┃ Paths    ┃ Hold TNS ┃ Count    ┃ reg      ┃ Slack     ┃ Paths    ┃ Setup TNS ┃ Count    ┃ reg       ┃ Violati… ┃ Violatio… ┃
┡━━━━━━━━━━━━━━━━━━━━━━╇━━━━━━━━━━╇━━━━━━━━━━╇━━━━━━━━━━╇━━━━━━━━━━╇━━━━━━━━━━╇━━━━━━━━━━━╇━━━━━━━━━━╇━━━━━━━━━━━╇━━━━━━━━━━╇━━━━━━━━━━━╇━━━━━━━━━━╇━━━━━━━━━━━┩
│ Overall              │ 0.2142   │ 0.2142   │ 0.0000   │ 0        │ 0        │ -56.9000  │ -56.9000 │ -210769.… │ 24768    │ 24732     │ 200      │ 17238     │
│ nom_tt_025C_1v80     │ 0.3484   │ 0.3484   │ 0.0000   │ 0        │ 0        │ -26.8216  │ -26.8216 │ -82145.4… │ 8245     │ 8244      │ 44       │ 8221      │
│ nom_ss_100C_1v60     │ 0.7184   │ 0.7184   │ 0.0000   │ 0        │ 0        │ -56.9000  │ -56.9000 │ -210769.… │ 8278     │ 8244      │ 200      │ 17238     │
│ nom_ff_n40C_1v95     │ 0.2142   │ 0.2142   │ 0.0000   │ 0        │ 0        │ -10.6280  │ -10.6280 │ -22720.7… │ 8245     │ 8244      │ 43       │ 8512      │
└──────────────────────┴──────────┴──────────┴──────────┴──────────┴──────────┴───────────┴──────────┴───────────┴──────────┴───────────┴──────────┴───────────┘
