
===========================================================================
report_checks -unconstrained
===========================================================================
======================= nom_tt_025C_1v80 Corner ===================================

Startpoint: wrst_n (input port clocked by wclk)
Endpoint: _33255_ (recovery check against rising-edge clock wclk)
Path Group: asynchronous
Path Type: max

Fanout         Cap        Slew       Delay        Time   Description
---------------------------------------------------------------------------------------------
                                  0.000000    0.000000   clock wclk (rise edge)
                                  0.000000    0.000000   clock network delay (propagated)
                                  2.000000    2.000000 ^ input external delay
     1    0.003487    0.016008    0.004690    2.004690 ^ wrst_n (in)
                                                         wrst_n (net)
                      0.016008    0.000000    2.004690 ^ hold1/A (sky130_fd_sc_hd__dlygate4sd3_1)
     1    0.010626    0.121507    0.584680    2.589370 ^ hold1/X (sky130_fd_sc_hd__dlygate4sd3_1)
                                                         net278 (net)
                      0.121507    0.000390    2.589760 ^ input37/A (sky130_fd_sc_hd__buf_12)
    28    0.186887    0.208399    0.185225    2.774985 ^ input37/X (sky130_fd_sc_hd__buf_12)
                                                         net37 (net)
                      0.287311    0.100993    2.875977 ^ _33255_/RESET_B (sky130_fd_sc_hd__dfrtp_4)
                                              2.875977   data arrival time

                                 10.000000   10.000000   clock wclk (rise edge)
                                  0.000000   10.000000   clock source latency
     2    0.081189    0.125542    0.090900   10.090900 ^ wclk (in)
                                                         wclk (net)
                      0.127350    0.000000   10.090900 ^ clkbuf_0_wclk/A (sky130_fd_sc_hd__clkbuf_16)
     4    0.060296    0.078669    0.184889   10.275788 ^ clkbuf_0_wclk/X (sky130_fd_sc_hd__clkbuf_16)
                                                         clknet_0_wclk (net)
                      0.079253    0.005296   10.281085 ^ clkbuf_2_1_0_wclk/A (sky130_fd_sc_hd__clkbuf_8)
     4    0.055118    0.106457    0.183976   10.465060 ^ clkbuf_2_1_0_wclk/X (sky130_fd_sc_hd__clkbuf_8)
                                                         clknet_2_1_0_wclk (net)
                      0.107239    0.007329   10.472389 ^ clkbuf_4_6_0_wclk/A (sky130_fd_sc_hd__clkbuf_8)
     4    0.057152    0.109027    0.199161   10.671550 ^ clkbuf_4_6_0_wclk/X (sky130_fd_sc_hd__clkbuf_8)
                                                         clknet_4_6_0_wclk (net)
                      0.109200    0.003013   10.674562 ^ clkbuf_6_24__f_wclk/A (sky130_fd_sc_hd__clkbuf_16)
     8    0.064206    0.081911    0.182992   10.857555 ^ clkbuf_6_24__f_wclk/X (sky130_fd_sc_hd__clkbuf_16)
                                                         clknet_6_24__leaf_wclk (net)
                      0.081933    0.001315   10.858871 ^ clkbuf_leaf_475_wclk/A (sky130_fd_sc_hd__clkbuf_8)
     9    0.045261    0.090121    0.176298   11.035169 ^ clkbuf_leaf_475_wclk/X (sky130_fd_sc_hd__clkbuf_8)
                                                         clknet_leaf_475_wclk (net)
                      0.090138    0.001240   11.036408 ^ _33255_/CLK (sky130_fd_sc_hd__dfrtp_4)
                                  0.000000   11.036408   clock reconvergence pessimism
                                  0.153247   11.189655   library recovery time
                                             11.189655   data required time
---------------------------------------------------------------------------------------------
                                             11.189655   data required time
                                             -2.875977   data arrival time
---------------------------------------------------------------------------------------------
                                              8.313679   slack (MET)


Startpoint: _33247_ (rising edge-triggered flip-flop clocked by rclk)
Endpoint: r_empty (output port clocked by rclk)
Path Group: rclk
Path Type: max

Fanout         Cap        Slew       Delay        Time   Description
---------------------------------------------------------------------------------------------
                                  0.000000    0.000000   clock rclk (rise edge)
                                  0.000000    0.000000   clock source latency
     1    0.042481    0.070131    0.051598    0.051598 ^ rclk (in)
                                                         rclk (net)
                      0.071695    0.000000    0.051598 ^ clkbuf_0_rclk/A (sky130_fd_sc_hd__clkbuf_16)
     8    0.110452    0.124379    0.200729    0.252326 ^ clkbuf_0_rclk/X (sky130_fd_sc_hd__clkbuf_16)
                                                         clknet_0_rclk (net)
                      0.125120    0.007639    0.259965 ^ clkbuf_3_5__f_rclk/A (sky130_fd_sc_hd__clkbuf_16)
    12    0.038013    0.058111    0.169040    0.429006 ^ clkbuf_3_5__f_rclk/X (sky130_fd_sc_hd__clkbuf_16)
                                                         clknet_3_5__leaf_rclk (net)
                      0.058190    0.001789    0.430795 ^ _33247_/CLK (sky130_fd_sc_hd__dfstp_4)
     4    0.070369    0.186781    0.727392    1.158187 ^ _33247_/Q (sky130_fd_sc_hd__dfstp_4)
                                                         net70 (net)
                      0.187261    0.008240    1.166426 ^ output70/A (sky130_fd_sc_hd__clkbuf_16)
     1    5.001560    4.983434    3.527729    4.694155 ^ output70/X (sky130_fd_sc_hd__clkbuf_16)
                                                         r_empty (net)
                      4.990412    0.154761    4.848916 ^ r_empty (out)
                                              4.848916   data arrival time

                                 25.000000   25.000000   clock rclk (rise edge)
                                  0.000000   25.000000   clock network delay (propagated)
                                  0.000000   25.000000   clock reconvergence pessimism
                                 -2.000000   22.999998   output external delay
                                             22.999998   data required time
---------------------------------------------------------------------------------------------
                                             22.999998   data required time
                                             -4.848916   data arrival time
---------------------------------------------------------------------------------------------
                                             18.151083   slack (MET)


Startpoint: _33246_ (rising edge-triggered flip-flop clocked by wclk)
Endpoint: w_full (output port clocked by wclk)
Path Group: wclk
Path Type: max

Fanout         Cap        Slew       Delay        Time   Description
---------------------------------------------------------------------------------------------
                                  0.000000    0.000000   clock wclk (rise edge)
                                  0.000000    0.000000   clock source latency
     2    0.081189    0.125542    0.090900    0.090900 ^ wclk (in)
                                                         wclk (net)
                      0.127350    0.000000    0.090900 ^ clkbuf_0_wclk/A (sky130_fd_sc_hd__clkbuf_16)
     4    0.060296    0.078669    0.184888    0.275788 ^ clkbuf_0_wclk/X (sky130_fd_sc_hd__clkbuf_16)
                                                         clknet_0_wclk (net)
                      0.079253    0.005296    0.281084 ^ clkbuf_2_1_0_wclk/A (sky130_fd_sc_hd__clkbuf_8)
     4    0.055118    0.106457    0.183976    0.465060 ^ clkbuf_2_1_0_wclk/X (sky130_fd_sc_hd__clkbuf_8)
                                                         clknet_2_1_0_wclk (net)
                      0.107223    0.007253    0.472314 ^ clkbuf_4_4_0_wclk/A (sky130_fd_sc_hd__clkbuf_8)
     4    0.057412    0.109964    0.199080    0.671393 ^ clkbuf_4_4_0_wclk/X (sky130_fd_sc_hd__clkbuf_8)
                                                         clknet_4_4_0_wclk (net)
                      0.110225    0.003883    0.675276 ^ clkbuf_6_18__f_wclk/A (sky130_fd_sc_hd__clkbuf_16)
    11    0.073488    0.090591    0.189791    0.865067 ^ clkbuf_6_18__f_wclk/X (sky130_fd_sc_hd__clkbuf_16)
                                                         clknet_6_18__leaf_wclk (net)
                      0.090708    0.002871    0.867937 ^ clkbuf_leaf_469_wclk/A (sky130_fd_sc_hd__clkbuf_8)
     9    0.036761    0.076777    0.169393    1.037331 ^ clkbuf_leaf_469_wclk/X (sky130_fd_sc_hd__clkbuf_8)
                                                         clknet_leaf_469_wclk (net)
                      0.076787    0.000925    1.038256 ^ _33246_/CLK (sky130_fd_sc_hd__dfrtp_4)
     4    0.071825    0.218001    0.547665    1.585920 ^ _33246_/Q (sky130_fd_sc_hd__dfrtp_4)
                                                         net71 (net)
                      0.222074    0.023546    1.609466 ^ output71/A (sky130_fd_sc_hd__clkbuf_16)
     1    5.001751    4.990285    3.529619    5.139085 ^ output71/X (sky130_fd_sc_hd__clkbuf_16)
                                                         w_full (net)
                      4.998230    0.164995    5.304080 ^ w_full (out)
                                              5.304080   data arrival time

                                 10.000000   10.000000   clock wclk (rise edge)
                                  0.000000   10.000000   clock network delay (propagated)
                                  0.000000   10.000000   clock reconvergence pessimism
                                 -2.000000    8.000000   output external delay
                                              8.000000   data required time
---------------------------------------------------------------------------------------------
                                              8.000000   data required time
                                             -5.304080   data arrival time
---------------------------------------------------------------------------------------------
                                              2.695920   slack (MET)




===========================================================================
report_checks --slack_max -0.01
============================================================================
======================= nom_tt_025C_1v80 Corner ===================================

No paths found.


===========================================================================
 report_check_types -max_slew -max_cap -max_fanout -violators
============================================================================
======================= nom_tt_025C_1v80 Corner ===================================

max slew

Pin                                        Limit        Slew       Slack
------------------------------------------------------------------------
output71/X                              1.508186    4.990285   -3.482099 (VIOLATED)
output63/X                              1.508186    4.987397   -3.479211 (VIOLATED)
output49/X                              1.508186    4.986483   -3.478297 (VIOLATED)
output58/X                              1.508186    4.983774   -3.475588 (VIOLATED)
output70/X                              1.508186    4.983434   -3.475248 (VIOLATED)
output38/X                              1.508186    4.981341   -3.473155 (VIOLATED)
output41/X                              1.508186    4.981112   -3.472926 (VIOLATED)
output66/X                              1.508186    4.980440   -3.472254 (VIOLATED)
output54/X                              1.508186    4.980095   -3.471909 (VIOLATED)
output51/X                              1.508186    4.978997   -3.470811 (VIOLATED)
output48/X                              1.508186    4.978502   -3.470316 (VIOLATED)
output61/X                              1.508186    4.977488   -3.469301 (VIOLATED)
output69/X                              1.508186    4.977130   -3.468944 (VIOLATED)
output62/X                              1.508186    4.976849   -3.468663 (VIOLATED)
output59/X                              1.508186    4.976245   -3.468059 (VIOLATED)
output45/X                              1.508186    4.975873   -3.467687 (VIOLATED)
output57/X                              1.508186    4.974737   -3.466551 (VIOLATED)
output60/X                              1.508186    4.974393   -3.466207 (VIOLATED)
output44/X                              1.508186    4.973984   -3.465798 (VIOLATED)
output46/X                              1.508186    4.973513   -3.465327 (VIOLATED)
output39/X                              1.508186    4.973276   -3.465090 (VIOLATED)
output50/X                              1.508186    4.972717   -3.464531 (VIOLATED)
output43/X                              1.508186    4.972225   -3.464039 (VIOLATED)
output65/X                              1.508186    4.972162   -3.463976 (VIOLATED)
output68/X                              1.508186    4.970905   -3.462719 (VIOLATED)
output42/X                              1.508186    4.970834   -3.462648 (VIOLATED)
output64/X                              1.508186    4.970149   -3.461962 (VIOLATED)
output56/X                              1.508186    4.969958   -3.461772 (VIOLATED)
output52/X                              1.508186    4.969631   -3.461445 (VIOLATED)
output53/X                              1.508186    4.968647   -3.460460 (VIOLATED)
output55/X                              1.508186    4.968624   -3.460438 (VIOLATED)
output47/X                              1.508186    4.968229   -3.460042 (VIOLATED)
output67/X                              1.508186    4.968113   -3.459927 (VIOLATED)
output40/X                              1.508186    4.967793   -3.459607 (VIOLATED)

max capacitance

Pin                                        Limit         Cap       Slack
------------------------------------------------------------------------
output49/X                              1.531687    5.002112   -3.470425 (VIOLATED)
output58/X                              1.531687    5.002113   -3.470426 (VIOLATED)
output63/X                              1.531687    5.002112   -3.470425 (VIOLATED)
output61/X                              1.531687    5.001968   -3.470281 (VIOLATED)
output66/X                              1.531687    5.001967   -3.470280 (VIOLATED)
output71/X                              1.531687    5.001751   -3.470065 (VIOLATED)
output38/X                              1.531687    5.001719   -3.470032 (VIOLATED)
output48/X                              1.531687    5.001651   -3.469964 (VIOLATED)
output41/X                              1.531687    5.001588   -3.469901 (VIOLATED)
output59/X                              1.531687    5.001587   -3.469900 (VIOLATED)
output50/X                              1.531687    5.001584   -3.469896 (VIOLATED)
output70/X                              1.531687    5.001560   -3.469873 (VIOLATED)
output51/X                              1.531687    5.001520   -3.469832 (VIOLATED)
output54/X                              1.531687    5.001516   -3.469829 (VIOLATED)
output57/X                              1.531687    5.001519   -3.469832 (VIOLATED)
output62/X                              1.531687    5.001515   -3.469828 (VIOLATED)
output65/X                              1.531687    5.001473   -3.469786 (VIOLATED)
output46/X                              1.531687    5.001451   -3.469764 (VIOLATED)
output69/X                              1.531687    5.001452   -3.469765 (VIOLATED)
output60/X                              1.531687    5.001447   -3.469760 (VIOLATED)
output40/X                              1.531687    5.001409   -3.469722 (VIOLATED)
output53/X                              1.531687    5.001410   -3.469722 (VIOLATED)
output43/X                              1.531687    5.001405   -3.469718 (VIOLATED)
output45/X                              1.531687    5.001383   -3.469696 (VIOLATED)
output55/X                              1.531687    5.001383   -3.469696 (VIOLATED)
output42/X                              1.531687    5.001342   -3.469655 (VIOLATED)
output52/X                              1.531687    5.001342   -3.469655 (VIOLATED)
output64/X                              1.531687    5.001341   -3.469654 (VIOLATED)
output67/X                              1.531687    5.001343   -3.469656 (VIOLATED)
output44/X                              1.531687    5.001337   -3.469650 (VIOLATED)
output56/X                              1.531687    5.001337   -3.469650 (VIOLATED)
output39/X                              1.531687    5.001315   -3.469628 (VIOLATED)
output68/X                              1.531687    5.001273   -3.469586 (VIOLATED)
output47/X                              1.531687    5.001205   -3.469518 (VIOLATED)



===========================================================================
report_parasitic_annotation -report_unannotated
============================================================================
Found 524 unannotated drivers.
 clkload0/X
 clkload1/Y
 clkload10/Y
 clkload100/Y
 clkload101/Y
 clkload102/X
 clkload103/Y
 clkload104/Y
 clkload105/Y
 clkload106/Y
 clkload107/Y
 clkload108/Y
 clkload109/Y
 clkload11/X
 clkload110/Y
 clkload111/Y
 clkload112/Y
 clkload113/Y
 clkload114/Y
 clkload115/Y
 clkload116/X
 clkload117/Y
 clkload118/Y
 clkload119/Y
 clkload12/X
 clkload120/Y
 clkload121/Y
 clkload122/X
 clkload123/X
 clkload124/Y
 clkload125/Y
 clkload126/Y
 clkload127/Y
 clkload128/Y
 clkload129/X
 clkload13/Y
 clkload130/Y
 clkload131/Y
 clkload132/Y
 clkload133/Y
 clkload134/Y
 clkload135/Y
 clkload136/Y
 clkload137/Y
 clkload138/Y
 clkload139/Y
 clkload14/Y
 clkload140/Y
 clkload141/Y
 clkload142/Y
 clkload143/Y
 clkload144/X
 clkload145/Y
 clkload146/Y
 clkload147/Y
 clkload148/Y
 clkload149/Y
 clkload15/Y
 clkload150/Y
 clkload151/Y
 clkload152/Y
 clkload153/Y
 clkload154/Y
 clkload155/Y
 clkload156/Y
 clkload157/Y
 clkload158/Y
 clkload159/Y
 clkload16/X
 clkload160/X
 clkload161/Y
 clkload162/Y
 clkload163/Y
 clkload164/X
 clkload165/Y
 clkload166/Y
 clkload167/X
 clkload168/X
 clkload169/X
 clkload17/X
 clkload170/Y
 clkload171/Y
 clkload172/Y
 clkload173/Y
 clkload174/Y
 clkload175/X
 clkload176/Y
 clkload177/X
 clkload178/X
 clkload179/X
 clkload18/Y
 clkload180/Y
 clkload181/Y
 clkload182/Y
 clkload183/Y
 clkload184/Y
 clkload185/Y
 clkload186/Y
 clkload187/Y
 clkload188/Y
 clkload189/Y
 clkload19/Y
 clkload190/Y
 clkload191/Y
 clkload192/Y
 clkload193/Y
 clkload194/Y
 clkload195/Y
 clkload196/Y
 clkload197/X
 clkload198/Y
 clkload199/Y
 clkload2/X
 clkload20/Y
 clkload200/Y
 clkload201/Y
 clkload202/Y
 clkload203/Y
 clkload204/Y
 clkload205/Y
 clkload206/X
 clkload207/Y
 clkload208/Y
 clkload209/Y
 clkload21/X
 clkload210/Y
 clkload211/Y
 clkload212/Y
 clkload213/Y
 clkload214/Y
 clkload215/X
 clkload216/Y
 clkload217/Y
 clkload218/Y
 clkload219/X
 clkload22/Y
 clkload220/Y
 clkload221/Y
 clkload222/Y
 clkload223/Y
 clkload224/Y
 clkload225/X
 clkload226/Y
 clkload227/Y
 clkload228/Y
 clkload229/Y
 clkload23/Y
 clkload230/Y
 clkload231/Y
 clkload232/Y
 clkload233/Y
 clkload234/Y
 clkload235/Y
 clkload236/X
 clkload237/Y
 clkload238/X
 clkload239/Y
 clkload24/Y
 clkload240/Y
 clkload241/Y
 clkload242/Y
 clkload243/Y
 clkload244/Y
 clkload245/Y
 clkload246/Y
 clkload247/Y
 clkload248/Y
 clkload249/Y
 clkload25/Y
 clkload250/Y
 clkload251/Y
 clkload252/X
 clkload253/Y
 clkload254/Y
 clkload255/Y
 clkload256/Y
 clkload257/Y
 clkload258/Y
 clkload259/Y
 clkload26/X
 clkload260/X
 clkload261/Y
 clkload262/Y
 clkload263/Y
 clkload264/Y
 clkload265/Y
 clkload266/Y
 clkload267/Y
 clkload268/Y
 clkload269/Y
 clkload27/Y
 clkload270/Y
 clkload271/Y
 clkload272/Y
 clkload273/Y
 clkload274/Y
 clkload275/X
 clkload276/Y
 clkload277/Y
 clkload278/Y
 clkload279/Y
 clkload28/X
 clkload280/Y
 clkload281/Y
 clkload282/Y
 clkload283/Y
 clkload284/Y
 clkload285/Y
 clkload286/Y
 clkload287/X
 clkload288/Y
 clkload289/Y
 clkload29/Y
 clkload290/Y
 clkload291/Y
 clkload292/Y
 clkload293/Y
 clkload294/Y
 clkload295/Y
 clkload296/Y
 clkload297/Y
 clkload298/X
 clkload299/Y
 clkload3/Y
 clkload30/Y
 clkload300/Y
 clkload301/Y
 clkload302/Y
 clkload303/Y
 clkload304/Y
 clkload305/X
 clkload306/Y
 clkload307/Y
 clkload308/Y
 clkload309/Y
 clkload31/X
 clkload310/Y
 clkload311/Y
 clkload312/Y
 clkload313/Y
 clkload314/Y
 clkload315/Y
 clkload316/Y
 clkload317/Y
 clkload318/Y
 clkload319/Y
 clkload32/X
 clkload320/Y
 clkload321/X
 clkload322/X
 clkload323/Y
 clkload324/Y
 clkload325/Y
 clkload326/X
 clkload327/Y
 clkload328/Y
 clkload329/Y
 clkload33/Y
 clkload330/Y
 clkload331/Y
 clkload332/Y
 clkload333/X
 clkload334/Y
 clkload335/Y
 clkload336/Y
 clkload337/Y
 clkload338/Y
 clkload339/Y
 clkload34/X
 clkload340/Y
 clkload341/Y
 clkload342/Y
 clkload343/Y
 clkload344/Y
 clkload345/Y
 clkload346/Y
 clkload347/Y
 clkload348/Y
 clkload349/Y
 clkload35/X
 clkload350/Y
 clkload351/Y
 clkload352/Y
 clkload353/X
 clkload354/Y
 clkload355/Y
 clkload356/Y
 clkload357/Y
 clkload358/Y
 clkload359/Y
 clkload36/Y
 clkload360/Y
 clkload361/Y
 clkload362/Y
 clkload363/Y
 clkload364/X
 clkload365/X
 clkload366/Y
 clkload367/Y
 clkload368/X
 clkload369/Y
 clkload37/Y
 clkload370/Y
 clkload371/Y
 clkload372/X
 clkload373/Y
 clkload374/Y
 clkload375/X
 clkload376/Y
 clkload377/X
 clkload378/Y
 clkload379/X
 clkload38/Y
 clkload380/Y
 clkload381/Y
 clkload382/Y
 clkload383/Y
 clkload384/Y
 clkload385/Y
 clkload386/X
 clkload387/Y
 clkload388/Y
 clkload389/Y
 clkload39/Y
 clkload390/Y
 clkload391/Y
 clkload392/Y
 clkload393/X
 clkload394/Y
 clkload395/X
 clkload396/Y
 clkload397/Y
 clkload398/Y
 clkload399/Y
 clkload4/X
 clkload40/Y
 clkload400/Y
 clkload401/Y
 clkload402/X
 clkload403/Y
 clkload404/Y
 clkload405/Y
 clkload406/Y
 clkload407/Y
 clkload408/Y
 clkload409/Y
 clkload41/Y
 clkload410/X
 clkload411/Y
 clkload412/Y
 clkload413/Y
 clkload414/Y
 clkload415/Y
 clkload416/X
 clkload417/Y
 clkload418/Y
 clkload419/Y
 clkload42/Y
 clkload420/Y
 clkload421/Y
 clkload422/Y
 clkload423/Y
 clkload424/Y
 clkload425/Y
 clkload426/Y
 clkload427/Y
 clkload428/Y
 clkload429/X
 clkload43/Y
 clkload430/X
 clkload431/Y
 clkload432/Y
 clkload433/Y
 clkload434/Y
 clkload435/Y
 clkload436/Y
 clkload437/Y
 clkload438/X
 clkload439/Y
 clkload44/Y
 clkload440/Y
 clkload441/Y
 clkload442/Y
 clkload443/Y
 clkload444/Y
 clkload445/Y
 clkload446/Y
 clkload447/Y
 clkload448/Y
 clkload449/Y
 clkload45/Y
 clkload450/Y
 clkload451/Y
 clkload452/Y
 clkload453/Y
 clkload454/Y
 clkload455/Y
 clkload456/Y
 clkload457/Y
 clkload458/Y
 clkload459/Y
 clkload46/Y
 clkload460/Y
 clkload461/Y
 clkload462/Y
 clkload463/X
 clkload464/Y
 clkload465/Y
 clkload466/Y
 clkload467/Y
 clkload468/Y
 clkload469/Y
 clkload47/Y
 clkload470/Y
 clkload471/Y
 clkload472/X
 clkload473/Y
 clkload474/Y
 clkload475/Y
 clkload476/Y
 clkload477/Y
 clkload478/Y
 clkload479/X
 clkload48/Y
 clkload480/Y
 clkload481/Y
 clkload482/X
 clkload483/Y
 clkload484/Y
 clkload485/Y
 clkload486/Y
 clkload487/Y
 clkload488/Y
 clkload489/Y
 clkload49/Y
 clkload490/Y
 clkload491/Y
 clkload492/Y
 clkload493/Y
 clkload494/Y
 clkload495/Y
 clkload496/Y
 clkload497/Y
 clkload498/Y
 clkload499/Y
 clkload5/Y
 clkload50/Y
 clkload500/Y
 clkload501/Y
 clkload502/Y
 clkload503/Y
 clkload504/Y
 clkload505/Y
 clkload506/X
 clkload507/Y
 clkload508/Y
 clkload509/Y
 clkload51/Y
 clkload510/Y
 clkload511/Y
 clkload512/Y
 clkload513/Y
 clkload514/X
 clkload515/Y
 clkload516/Y
 clkload517/Y
 clkload518/Y
 clkload519/Y
 clkload52/X
 clkload520/Y
 clkload521/Y
 clkload522/Y
 clkload523/Y
 clkload53/Y
 clkload54/Y
 clkload55/Y
 clkload56/Y
 clkload57/Y
 clkload58/Y
 clkload59/Y
 clkload6/X
 clkload60/Y
 clkload61/Y
 clkload62/Y
 clkload63/Y
 clkload64/Y
 clkload65/Y
 clkload66/X
 clkload67/Y
 clkload68/Y
 clkload69/Y
 clkload7/X
 clkload70/Y
 clkload71/X
 clkload72/X
 clkload73/Y
 clkload74/Y
 clkload75/Y
 clkload76/Y
 clkload77/Y
 clkload78/Y
 clkload79/Y
 clkload8/Y
 clkload80/Y
 clkload81/Y
 clkload82/X
 clkload83/Y
 clkload84/Y
 clkload85/Y
 clkload86/Y
 clkload87/Y
 clkload88/Y
 clkload89/Y
 clkload9/Y
 clkload90/Y
 clkload91/Y
 clkload92/Y
 clkload93/Y
 clkload94/Y
 clkload95/Y
 clkload96/Y
 clkload97/Y
 clkload98/X
 clkload99/Y
Found 0 partially unannotated drivers.

===========================================================================
max slew violation count 34
Writing metric design__max_slew_violation__count__corner:nom_tt_025C_1v80: 34
max fanout violation count 0
Writing metric design__max_fanout_violation__count__corner:nom_tt_025C_1v80: 0
max cap violation count 34
Writing metric design__max_cap_violation__count__corner:nom_tt_025C_1v80: 34
============================================================================

===========================================================================
check_setup -verbose -unconstrained_endpoints -multiple_clock -no_clock -no_input_delay -loops -generated_clocks
===========================================================================
