Clock: wclk
Sources: wclk 
Generated: no
Virtual: yes
Propagated: no
Period: 10.000000

===========================================================================
report_clock_properties
============================================================================
Clock                   Period          Waveform
----------------------------------------------------
wclk                 10.000000    0.000000  5.000000

===========================================================================
report_clock_latency
============================================================================
Clock wclk
rise -> rise
    min     max
0.000000 0.000000 source latency
0.868961         network latency _33463_/CLK
        1.079000 network latency _33795_/CLK
---------------
0.868961 1.079000 latency
        0.210039 skew

fall -> fall
    min     max
0.000000 0.000000 source latency
0.782466         network latency _33463_/CLK
        0.976791 network latency _33795_/CLK
---------------
0.782466 0.976791 latency
        0.194325 skew



===========================================================================
report_clock_min_period
============================================================================
wclk period_min = 4.18 fmax = 239.03
Clock: rclk
Sources: rclk 
Generated: no
Virtual: yes
Propagated: no
Period: 25.000000

===========================================================================
report_clock_properties
============================================================================
Clock                   Period          Waveform
----------------------------------------------------
rclk                 25.000000    0.000000 12.500000

===========================================================================
report_clock_latency
============================================================================
Clock rclk
rise -> rise
    min     max
0.000000 0.000000 source latency
0.424098         network latency _33025_/CLK
        0.431136 network latency _31603_/CLK
---------------
0.424098 0.431136 latency
        0.007038 skew

fall -> fall
    min     max
0.000000 0.000000 source latency
0.386610         network latency _33025_/CLK
        0.392790 network latency _31603_/CLK
---------------
0.386610 0.392790 latency
        0.006180 skew



===========================================================================
report_clock_min_period
============================================================================
rclk period_min = 5.99 fmax = 166.97
