
===========================================================================
 report_power
============================================================================
======================= nom_tt_025C_1v80 Corner ===================================

Group                    Internal    Switching      Leakage        Total
                            Power        Power        Power        Power (Watts)
------------------------------------------------------------------------
Sequential           5.028120e-02 6.906286e-03 6.949271e-08 5.718756e-02  44.6%
Combinational        2.435030e-02 2.611966e-02 8.751477e-08 5.047005e-02  39.4%
Clock                9.139655e-03 1.136153e-02 1.136956e-08 2.050120e-02  16.0%
Macro                0.000000e+00 0.000000e+00 0.000000e+00 0.000000e+00   0.0%
Pad                  0.000000e+00 0.000000e+00 0.000000e+00 0.000000e+00   0.0%
------------------------------------------------------------------------
Total                8.377130e-02 4.438751e-02 1.683731e-07 1.281590e-01 100.0%
                            65.4%        34.6%         0.0%
Writing metric power__internal__total: 0.08377129584550858
Writing metric power__switching__total: 0.04438750818371773
Writing metric power__leakage__total: 1.6837310568007524e-7
Writing metric power__total: 0.12815897166728973

